PF3.0 Windows MSVC Build & Test	Set up job	ï»¿2025-12-11T18:20:07.0080275Z Current runner version: '2.329.0'
PF3.0 Windows MSVC Build & Test	Set up job	2025-12-11T18:20:07.0135278Z ##[group]Runner Image Provisioner
PF3.0 Windows MSVC Build & Test	Set up job	2025-12-11T18:20:07.0136067Z Hosted Compute Agent
PF3.0 Windows MSVC Build & Test	Set up job	2025-12-11T18:20:07.0136613Z Version: 20251124.448
PF3.0 Windows MSVC Build & Test	Set up job	2025-12-11T18:20:07.0137148Z Commit: fda5086b43ec66ade217e5fcd18146c879571177
PF3.0 Windows MSVC Build & Test	Set up job	2025-12-11T18:20:07.0137786Z Build Date: 2025-11-24T21:16:26Z
PF3.0 Windows MSVC Build & Test	Set up job	2025-12-11T18:20:07.0138285Z ##[endgroup]
PF3.0 Windows MSVC Build & Test	Set up job	2025-12-11T18:20:07.0138790Z ##[group]Operating System
PF3.0 Windows MSVC Build & Test	Set up job	2025-12-11T18:20:07.0139282Z Microsoft Windows Server 2022
PF3.0 Windows MSVC Build & Test	Set up job	2025-12-11T18:20:07.0139824Z 10.0.20348
PF3.0 Windows MSVC Build & Test	Set up job	2025-12-11T18:20:07.0140258Z Datacenter
PF3.0 Windows MSVC Build & Test	Set up job	2025-12-11T18:20:07.0140693Z ##[endgroup]
PF3.0 Windows MSVC Build & Test	Set up job	2025-12-11T18:20:07.0141082Z ##[group]Runner Image
PF3.0 Windows MSVC Build & Test	Set up job	2025-12-11T18:20:07.0141543Z Image: windows-2022
PF3.0 Windows MSVC Build & Test	Set up job	2025-12-11T18:20:07.0142060Z Version: 20251125.125.1
PF3.0 Windows MSVC Build & Test	Set up job	2025-12-11T18:20:07.0142977Z Included Software: https://github.com/actions/runner-images/blob/win22/20251125.125/images/windows/Windows2022-Readme.md
PF3.0 Windows MSVC Build & Test	Set up job	2025-12-11T18:20:07.0144267Z Image Release: https://github.com/actions/runner-images/releases/tag/win22%2F20251125.125
PF3.0 Windows MSVC Build & Test	Set up job	2025-12-11T18:20:07.0145750Z ##[endgroup]
PF3.0 Windows MSVC Build & Test	Set up job	2025-12-11T18:20:07.0146743Z ##[group]GITHUB_TOKEN Permissions
PF3.0 Windows MSVC Build & Test	Set up job	2025-12-11T18:20:07.0148877Z Contents: read
PF3.0 Windows MSVC Build & Test	Set up job	2025-12-11T18:20:07.0149336Z Metadata: read
PF3.0 Windows MSVC Build & Test	Set up job	2025-12-11T18:20:07.0149803Z Packages: read
PF3.0 Windows MSVC Build & Test	Set up job	2025-12-11T18:20:07.0150195Z ##[endgroup]
PF3.0 Windows MSVC Build & Test	Set up job	2025-12-11T18:20:07.0152174Z Secret source: Actions
PF3.0 Windows MSVC Build & Test	Set up job	2025-12-11T18:20:07.0152852Z Prepare workflow directory
PF3.0 Windows MSVC Build & Test	Set up job	2025-12-11T18:20:07.0528981Z Prepare all required actions
PF3.0 Windows MSVC Build & Test	Set up job	2025-12-11T18:20:07.0572440Z Getting action download info
PF3.0 Windows MSVC Build & Test	Set up job	2025-12-11T18:20:07.3240218Z Download action repository 'actions/checkout@v4' (SHA:34e114876b0b11c390a56381ad16ebd13914f8d5)
PF3.0 Windows MSVC Build & Test	Set up job	2025-12-11T18:20:07.7766940Z Download action repository 'actions/upload-artifact@v4' (SHA:ea165f8d65b6e75b540449e92b4886f43607fa02)
PF3.0 Windows MSVC Build & Test	Set up job	2025-12-11T18:20:08.0772856Z Complete job name: PF3.0 Windows MSVC Build & Test
PF3.0 Windows MSVC Build & Test	Run actions/checkout@v4	ï»¿2025-12-11T18:20:08.2563168Z ##[group]Run actions/checkout@v4
PF3.0 Windows MSVC Build & Test	Run actions/checkout@v4	2025-12-11T18:20:08.2564454Z with:
PF3.0 Windows MSVC Build & Test	Run actions/checkout@v4	2025-12-11T18:20:08.2564931Z   repository: Raizo-TCS/archive_r
PF3.0 Windows MSVC Build & Test	Run actions/checkout@v4	2025-12-11T18:20:08.2565839Z   token: ***
PF3.0 Windows MSVC Build & Test	Run actions/checkout@v4	2025-12-11T18:20:08.2566275Z   ssh-strict: true
PF3.0 Windows MSVC Build & Test	Run actions/checkout@v4	2025-12-11T18:20:08.2566705Z   ssh-user: git
PF3.0 Windows MSVC Build & Test	Run actions/checkout@v4	2025-12-11T18:20:08.2567164Z   persist-credentials: true
PF3.0 Windows MSVC Build & Test	Run actions/checkout@v4	2025-12-11T18:20:08.2567687Z   clean: true
PF3.0 Windows MSVC Build & Test	Run actions/checkout@v4	2025-12-11T18:20:08.2568158Z   sparse-checkout-cone-mode: true
PF3.0 Windows MSVC Build & Test	Run actions/checkout@v4	2025-12-11T18:20:08.2568707Z   fetch-depth: 1
PF3.0 Windows MSVC Build & Test	Run actions/checkout@v4	2025-12-11T18:20:08.2569140Z   fetch-tags: false
PF3.0 Windows MSVC Build & Test	Run actions/checkout@v4	2025-12-11T18:20:08.2569583Z   show-progress: true
PF3.0 Windows MSVC Build & Test	Run actions/checkout@v4	2025-12-11T18:20:08.2570041Z   lfs: false
PF3.0 Windows MSVC Build & Test	Run actions/checkout@v4	2025-12-11T18:20:08.2570454Z   submodules: false
PF3.0 Windows MSVC Build & Test	Run actions/checkout@v4	2025-12-11T18:20:08.2570933Z   set-safe-directory: true
PF3.0 Windows MSVC Build & Test	Run actions/checkout@v4	2025-12-11T18:20:08.2571599Z env:
PF3.0 Windows MSVC Build & Test	Run actions/checkout@v4	2025-12-11T18:20:08.2571964Z   MACOSX_DEPLOYMENT_TARGET: 11.0
PF3.0 Windows MSVC Build & Test	Run actions/checkout@v4	2025-12-11T18:20:08.2572394Z ##[endgroup]
PF3.0 Windows MSVC Build & Test	Run actions/checkout@v4	2025-12-11T18:20:08.4367468Z Syncing repository: Raizo-TCS/archive_r
PF3.0 Windows MSVC Build & Test	Run actions/checkout@v4	2025-12-11T18:20:08.4369327Z ##[group]Getting Git version info
PF3.0 Windows MSVC Build & Test	Run actions/checkout@v4	2025-12-11T18:20:08.4370036Z Working directory is 'D:\a\archive_r\archive_r'
PF3.0 Windows MSVC Build & Test	Run actions/checkout@v4	2025-12-11T18:20:08.5589908Z [command]"C:\Program Files\Git\bin\git.exe" version
PF3.0 Windows MSVC Build & Test	Run actions/checkout@v4	2025-12-11T18:20:08.9709552Z git version 2.52.0.windows.1
PF3.0 Windows MSVC Build & Test	Run actions/checkout@v4	2025-12-11T18:20:08.9756643Z ##[endgroup]
PF3.0 Windows MSVC Build & Test	Run actions/checkout@v4	2025-12-11T18:20:08.9777000Z Temporarily overriding HOME='D:\a\_temp\a54252ef-eada-4647-b672-d90fbe55e998' before making global git config changes
PF3.0 Windows MSVC Build & Test	Run actions/checkout@v4	2025-12-11T18:20:08.9778876Z Adding repository directory to the temporary git global config as a safe directory
PF3.0 Windows MSVC Build & Test	Run actions/checkout@v4	2025-12-11T18:20:08.9788553Z [command]"C:\Program Files\Git\bin\git.exe" config --global --add safe.directory D:\a\archive_r\archive_r
PF3.0 Windows MSVC Build & Test	Run actions/checkout@v4	2025-12-11T18:20:09.0461666Z Deleting the contents of 'D:\a\archive_r\archive_r'
PF3.0 Windows MSVC Build & Test	Run actions/checkout@v4	2025-12-11T18:20:09.0468466Z ##[group]Initializing the repository
PF3.0 Windows MSVC Build & Test	Run actions/checkout@v4	2025-12-11T18:20:09.0480120Z [command]"C:\Program Files\Git\bin\git.exe" init D:\a\archive_r\archive_r
PF3.0 Windows MSVC Build & Test	Run actions/checkout@v4	2025-12-11T18:20:09.1483956Z Initialized empty Git repository in D:/a/archive_r/archive_r/.git/
PF3.0 Windows MSVC Build & Test	Run actions/checkout@v4	2025-12-11T18:20:09.1521079Z [command]"C:\Program Files\Git\bin\git.exe" remote add origin https://github.com/Raizo-TCS/archive_r
PF3.0 Windows MSVC Build & Test	Run actions/checkout@v4	2025-12-11T18:20:09.2033127Z ##[endgroup]
PF3.0 Windows MSVC Build & Test	Run actions/checkout@v4	2025-12-11T18:20:09.2035725Z ##[group]Disabling automatic garbage collection
PF3.0 Windows MSVC Build & Test	Run actions/checkout@v4	2025-12-11T18:20:09.2044076Z [command]"C:\Program Files\Git\bin\git.exe" config --local gc.auto 0
PF3.0 Windows MSVC Build & Test	Run actions/checkout@v4	2025-12-11T18:20:09.2279426Z ##[endgroup]
PF3.0 Windows MSVC Build & Test	Run actions/checkout@v4	2025-12-11T18:20:09.2280972Z ##[group]Setting up auth
PF3.0 Windows MSVC Build & Test	Run actions/checkout@v4	2025-12-11T18:20:09.2293366Z [command]"C:\Program Files\Git\bin\git.exe" config --local --name-only --get-regexp core\.sshCommand
PF3.0 Windows MSVC Build & Test	Run actions/checkout@v4	2025-12-11T18:20:09.2548475Z [command]"C:\Program Files\Git\bin\git.exe" submodule foreach --recursive "sh -c \"git config --local --name-only --get-regexp 'core\.sshCommand' && git config --local --unset-all 'core.sshCommand' || :\""
PF3.0 Windows MSVC Build & Test	Run actions/checkout@v4	2025-12-11T18:20:10.7548328Z [command]"C:\Program Files\Git\bin\git.exe" config --local --name-only --get-regexp http\.https\:\/\/github\.com\/\.extraheader
PF3.0 Windows MSVC Build & Test	Run actions/checkout@v4	2025-12-11T18:20:10.7791134Z [command]"C:\Program Files\Git\bin\git.exe" submodule foreach --recursive "sh -c \"git config --local --name-only --get-regexp 'http\.https\:\/\/github\.com\/\.extraheader' && git config --local --unset-all 'http.https://github.com/.extraheader' || :\""
PF3.0 Windows MSVC Build & Test	Run actions/checkout@v4	2025-12-11T18:20:11.2445242Z [command]"C:\Program Files\Git\bin\git.exe" config --local --name-only --get-regexp ^includeIf\.gitdir:
PF3.0 Windows MSVC Build & Test	Run actions/checkout@v4	2025-12-11T18:20:11.2688483Z [command]"C:\Program Files\Git\bin\git.exe" submodule foreach --recursive "git config --local --show-origin --name-only --get-regexp remote.origin.url"
PF3.0 Windows MSVC Build & Test	Run actions/checkout@v4	2025-12-11T18:20:11.6982476Z [command]"C:\Program Files\Git\bin\git.exe" config --local http.https://github.com/.extraheader "AUTHORIZATION: basic ***"
PF3.0 Windows MSVC Build & Test	Run actions/checkout@v4	2025-12-11T18:20:11.7236280Z ##[endgroup]
PF3.0 Windows MSVC Build & Test	Run actions/checkout@v4	2025-12-11T18:20:11.7236778Z ##[group]Fetching the repository
PF3.0 Windows MSVC Build & Test	Run actions/checkout@v4	2025-12-11T18:20:11.7250823Z [command]"C:\Program Files\Git\bin\git.exe" -c protocol.version=2 fetch --no-tags --prune --no-recurse-submodules --depth=1 origin +bba04b2e5179b1a928148f8c590818f2e6cebce3:refs/remotes/origin/feature/containerize-linux-arm64-ci
PF3.0 Windows MSVC Build & Test	Run actions/checkout@v4	2025-12-11T18:20:14.7919827Z From https://github.com/Raizo-TCS/archive_r
PF3.0 Windows MSVC Build & Test	Run actions/checkout@v4	2025-12-11T18:20:14.7921308Z  * [new ref]         bba04b2e5179b1a928148f8c590818f2e6cebce3 -> origin/feature/containerize-linux-arm64-ci
PF3.0 Windows MSVC Build & Test	Run actions/checkout@v4	2025-12-11T18:20:14.8217656Z ##[endgroup]
PF3.0 Windows MSVC Build & Test	Run actions/checkout@v4	2025-12-11T18:20:14.8218293Z ##[group]Determining the checkout info
PF3.0 Windows MSVC Build & Test	Run actions/checkout@v4	2025-12-11T18:20:14.8220246Z ##[endgroup]
PF3.0 Windows MSVC Build & Test	Run actions/checkout@v4	2025-12-11T18:20:14.8234814Z [command]"C:\Program Files\Git\bin\git.exe" sparse-checkout disable
PF3.0 Windows MSVC Build & Test	Run actions/checkout@v4	2025-12-11T18:20:14.8613830Z [command]"C:\Program Files\Git\bin\git.exe" config --local --unset-all extensions.worktreeConfig
PF3.0 Windows MSVC Build & Test	Run actions/checkout@v4	2025-12-11T18:20:14.8873742Z ##[group]Checking out the ref
PF3.0 Windows MSVC Build & Test	Run actions/checkout@v4	2025-12-11T18:20:14.8884591Z [command]"C:\Program Files\Git\bin\git.exe" checkout --progress --force -B feature/containerize-linux-arm64-ci refs/remotes/origin/feature/containerize-linux-arm64-ci
PF3.0 Windows MSVC Build & Test	Run actions/checkout@v4	2025-12-11T18:20:14.9819593Z branch 'feature/containerize-linux-arm64-ci' set up to track 'origin/feature/containerize-linux-arm64-ci'.
PF3.0 Windows MSVC Build & Test	Run actions/checkout@v4	2025-12-11T18:20:14.9827096Z Switched to a new branch 'feature/containerize-linux-arm64-ci'
PF3.0 Windows MSVC Build & Test	Run actions/checkout@v4	2025-12-11T18:20:14.9860189Z ##[endgroup]
PF3.0 Windows MSVC Build & Test	Run actions/checkout@v4	2025-12-11T18:20:15.0186359Z [command]"C:\Program Files\Git\bin\git.exe" log -1 --format=%H
PF3.0 Windows MSVC Build & Test	Run actions/checkout@v4	2025-12-11T18:20:15.0406561Z bba04b2e5179b1a928148f8c590818f2e6cebce3
PF3.0 Windows MSVC Build & Test	Prepare CI Container	ï»¿2025-12-11T18:20:15.0770133Z ##[group]Run $ImageName = "ghcr.io/Raizo-TCS/archive_r/ci-windows-msvc:latest"
PF3.0 Windows MSVC Build & Test	Prepare CI Container	2025-12-11T18:20:15.0770835Z [36;1m$ImageName = "ghcr.io/Raizo-TCS/archive_r/ci-windows-msvc:latest"[0m
PF3.0 Windows MSVC Build & Test	Prepare CI Container	2025-12-11T18:20:15.0771193Z [36;1m$ImageName = $ImageName.ToLower()[0m
PF3.0 Windows MSVC Build & Test	Prepare CI Container	2025-12-11T18:20:15.0771423Z [36;1mtry {[0m
PF3.0 Windows MSVC Build & Test	Prepare CI Container	2025-12-11T18:20:15.0771615Z [36;1m  docker pull $ImageName[0m
PF3.0 Windows MSVC Build & Test	Prepare CI Container	2025-12-11T18:20:15.0771977Z [36;1m  "CI_IMAGE=$ImageName" | Out-File -FilePath $env:GITHUB_ENV -Encoding utf8 -Append[0m
PF3.0 Windows MSVC Build & Test	Prepare CI Container	2025-12-11T18:20:15.0772328Z [36;1m} catch {[0m
PF3.0 Windows MSVC Build & Test	Prepare CI Container	2025-12-11T18:20:15.0772582Z [36;1m  Write-Host "Image not found, building locally..."[0m
PF3.0 Windows MSVC Build & Test	Prepare CI Container	2025-12-11T18:20:15.0773072Z [36;1m  docker build -t ci-windows-msvc:local -f .github/docker/ci-windows-msvc.Dockerfile .[0m
PF3.0 Windows MSVC Build & Test	Prepare CI Container	2025-12-11T18:20:15.0773607Z [36;1m  "CI_IMAGE=ci-windows-msvc:local" | Out-File -FilePath $env:GITHUB_ENV -Encoding utf8 -Append[0m
PF3.0 Windows MSVC Build & Test	Prepare CI Container	2025-12-11T18:20:15.0774824Z [36;1m}[0m
PF3.0 Windows MSVC Build & Test	Prepare CI Container	2025-12-11T18:20:15.0945377Z shell: C:\Program Files\PowerShell\7\pwsh.EXE -command ". '{0}'"
PF3.0 Windows MSVC Build & Test	Prepare CI Container	2025-12-11T18:20:15.0945918Z env:
PF3.0 Windows MSVC Build & Test	Prepare CI Container	2025-12-11T18:20:15.0946126Z   MACOSX_DEPLOYMENT_TARGET: 11.0
PF3.0 Windows MSVC Build & Test	Prepare CI Container	2025-12-11T18:20:15.0946366Z ##[endgroup]
PF3.0 Windows MSVC Build & Test	Prepare CI Container	2025-12-11T18:20:23.6298792Z latest: Pulling from raizo-tcs/archive_r/ci-windows-msvc
PF3.0 Windows MSVC Build & Test	Prepare CI Container	2025-12-11T18:20:23.7448436Z 3cc21a1b7548: Already exists
PF3.0 Windows MSVC Build & Test	Prepare CI Container	2025-12-11T18:20:23.7836117Z 3a26269efcb0: Already exists
PF3.0 Windows MSVC Build & Test	Prepare CI Container	2025-12-11T18:20:23.8012321Z e7a8c0c5cfc8: Pulling fs layer
PF3.0 Windows MSVC Build & Test	Prepare CI Container	2025-12-11T18:20:23.8023918Z f31cbfd3b658: Pulling fs layer
PF3.0 Windows MSVC Build & Test	Prepare CI Container	2025-12-11T18:20:23.8027426Z b2ee802a2055: Pulling fs layer
PF3.0 Windows MSVC Build & Test	Prepare CI Container	2025-12-11T18:20:23.8027849Z a744f398c3f5: Pulling fs layer
PF3.0 Windows MSVC Build & Test	Prepare CI Container	2025-12-11T18:20:23.8028367Z e67ccbde7955: Pulling fs layer
PF3.0 Windows MSVC Build & Test	Prepare CI Container	2025-12-11T18:20:23.8028938Z 8448b1f6501a: Pulling fs layer
PF3.0 Windows MSVC Build & Test	Prepare CI Container	2025-12-11T18:20:23.8029554Z b17803df941c: Pulling fs layer
PF3.0 Windows MSVC Build & Test	Prepare CI Container	2025-12-11T18:20:23.8029894Z 2a15c11be53d: Pulling fs layer
PF3.0 Windows MSVC Build & Test	Prepare CI Container	2025-12-11T18:20:23.8030675Z ee703a96ec2f: Pulling fs layer
PF3.0 Windows MSVC Build & Test	Prepare CI Container	2025-12-11T18:20:23.8031127Z 6f953ffba620: Pulling fs layer
PF3.0 Windows MSVC Build & Test	Prepare CI Container	2025-12-11T18:20:23.8031425Z fb921e20cdec: Pulling fs layer
PF3.0 Windows MSVC Build & Test	Prepare CI Container	2025-12-11T18:20:23.8031839Z b03da68f6655: Pulling fs layer
PF3.0 Windows MSVC Build & Test	Prepare CI Container	2025-12-11T18:20:23.8032130Z bbdba20dee48: Pulling fs layer
PF3.0 Windows MSVC Build & Test	Prepare CI Container	2025-12-11T18:20:23.8032393Z a744f398c3f5: Waiting
PF3.0 Windows MSVC Build & Test	Prepare CI Container	2025-12-11T18:20:23.8032639Z e67ccbde7955: Waiting
PF3.0 Windows MSVC Build & Test	Prepare CI Container	2025-12-11T18:20:23.8032870Z 8448b1f6501a: Waiting
PF3.0 Windows MSVC Build & Test	Prepare CI Container	2025-12-11T18:20:23.8033124Z b17803df941c: Waiting
PF3.0 Windows MSVC Build & Test	Prepare CI Container	2025-12-11T18:20:23.8033384Z 2a15c11be53d: Waiting
PF3.0 Windows MSVC Build & Test	Prepare CI Container	2025-12-11T18:20:23.8033622Z ee703a96ec2f: Waiting
PF3.0 Windows MSVC Build & Test	Prepare CI Container	2025-12-11T18:20:23.8033861Z 6f953ffba620: Waiting
PF3.0 Windows MSVC Build & Test	Prepare CI Container	2025-12-11T18:20:23.8034098Z fb921e20cdec: Waiting
PF3.0 Windows MSVC Build & Test	Prepare CI Container	2025-12-11T18:20:23.8034350Z b03da68f6655: Waiting
PF3.0 Windows MSVC Build & Test	Prepare CI Container	2025-12-11T18:20:23.8034611Z bbdba20dee48: Waiting
PF3.0 Windows MSVC Build & Test	Prepare CI Container	2025-12-11T18:20:23.9304829Z e7a8c0c5cfc8: Verifying Checksum
PF3.0 Windows MSVC Build & Test	Prepare CI Container	2025-12-11T18:20:23.9305351Z e7a8c0c5cfc8: Download complete
PF3.0 Windows MSVC Build & Test	Prepare CI Container	2025-12-11T18:20:24.1629537Z f31cbfd3b658: Verifying Checksum
PF3.0 Windows MSVC Build & Test	Prepare CI Container	2025-12-11T18:20:24.1630220Z f31cbfd3b658: Download complete
PF3.0 Windows MSVC Build & Test	Prepare CI Container	2025-12-11T18:20:24.2993079Z e67ccbde7955: Verifying Checksum
PF3.0 Windows MSVC Build & Test	Prepare CI Container	2025-12-11T18:20:24.2994736Z e67ccbde7955: Download complete
PF3.0 Windows MSVC Build & Test	Prepare CI Container	2025-12-11T18:20:24.4178168Z 8448b1f6501a: Verifying Checksum
PF3.0 Windows MSVC Build & Test	Prepare CI Container	2025-12-11T18:20:24.4179255Z 8448b1f6501a: Download complete
PF3.0 Windows MSVC Build & Test	Prepare CI Container	2025-12-11T18:20:24.4783922Z e7a8c0c5cfc8: Pull complete
PF3.0 Windows MSVC Build & Test	Prepare CI Container	2025-12-11T18:20:25.5464748Z b17803df941c: Verifying Checksum
PF3.0 Windows MSVC Build & Test	Prepare CI Container	2025-12-11T18:20:25.5465610Z b17803df941c: Download complete
PF3.0 Windows MSVC Build & Test	Prepare CI Container	2025-12-11T18:20:29.9355522Z f31cbfd3b658: Pull complete
PF3.0 Windows MSVC Build & Test	Prepare CI Container	2025-12-11T18:20:31.6463557Z b2ee802a2055: Download complete
PF3.0 Windows MSVC Build & Test	Prepare CI Container	2025-12-11T18:20:31.7674544Z ee703a96ec2f: Verifying Checksum
PF3.0 Windows MSVC Build & Test	Prepare CI Container	2025-12-11T18:20:31.7674876Z ee703a96ec2f: Download complete
PF3.0 Windows MSVC Build & Test	Prepare CI Container	2025-12-11T18:20:31.8983619Z 6f953ffba620: Verifying Checksum
PF3.0 Windows MSVC Build & Test	Prepare CI Container	2025-12-11T18:20:31.8987663Z 6f953ffba620: Download complete
PF3.0 Windows MSVC Build & Test	Prepare CI Container	2025-12-11T18:20:32.0651210Z fb921e20cdec: Verifying Checksum
PF3.0 Windows MSVC Build & Test	Prepare CI Container	2025-12-11T18:20:32.0654424Z fb921e20cdec: Download complete
PF3.0 Windows MSVC Build & Test	Prepare CI Container	2025-12-11T18:20:32.2156063Z b03da68f6655: Verifying Checksum
PF3.0 Windows MSVC Build & Test	Prepare CI Container	2025-12-11T18:20:32.2156545Z b03da68f6655: Download complete
PF3.0 Windows MSVC Build & Test	Prepare CI Container	2025-12-11T18:20:32.3567593Z bbdba20dee48: Verifying Checksum
PF3.0 Windows MSVC Build & Test	Prepare CI Container	2025-12-11T18:20:32.3572694Z bbdba20dee48: Download complete
PF3.0 Windows MSVC Build & Test	Prepare CI Container	2025-12-11T18:20:38.6620416Z 2a15c11be53d: Verifying Checksum
PF3.0 Windows MSVC Build & Test	Prepare CI Container	2025-12-11T18:20:38.6622774Z 2a15c11be53d: Download complete
PF3.0 Windows MSVC Build & Test	Prepare CI Container	2025-12-11T18:21:04.8953511Z a744f398c3f5: Verifying Checksum
PF3.0 Windows MSVC Build & Test	Prepare CI Container	2025-12-11T18:21:04.8953971Z a744f398c3f5: Download complete
PF3.0 Windows MSVC Build & Test	Prepare CI Container	2025-12-11T18:22:50.7852296Z b2ee802a2055: Pull complete
PF3.0 Windows MSVC Build & Test	Prepare CI Container	2025-12-11T18:26:36.1782881Z a744f398c3f5: Pull complete
PF3.0 Windows MSVC Build & Test	Prepare CI Container	2025-12-11T18:26:36.5054304Z e67ccbde7955: Pull complete
PF3.0 Windows MSVC Build & Test	Prepare CI Container	2025-12-11T18:26:36.8648320Z 8448b1f6501a: Pull complete
PF3.0 Windows MSVC Build & Test	Prepare CI Container	2025-12-11T18:27:18.5501051Z b17803df941c: Pull complete
PF3.0 Windows MSVC Build & Test	Prepare CI Container	2025-12-11T18:28:54.2352079Z 2a15c11be53d: Pull complete
PF3.0 Windows MSVC Build & Test	Prepare CI Container	2025-12-11T18:28:54.6181511Z ee703a96ec2f: Pull complete
PF3.0 Windows MSVC Build & Test	Prepare CI Container	2025-12-11T18:28:54.9316203Z 6f953ffba620: Pull complete
PF3.0 Windows MSVC Build & Test	Prepare CI Container	2025-12-11T18:28:56.5142108Z fb921e20cdec: Pull complete
PF3.0 Windows MSVC Build & Test	Prepare CI Container	2025-12-11T18:28:56.8396642Z b03da68f6655: Pull complete
PF3.0 Windows MSVC Build & Test	Prepare CI Container	2025-12-11T18:28:57.3998153Z bbdba20dee48: Pull complete
PF3.0 Windows MSVC Build & Test	Prepare CI Container	2025-12-11T18:28:58.3698154Z Digest: sha256:60f1e1d91af2b53668f25696605d935e613425da70ad7756d46c62b4bf86e903
PF3.0 Windows MSVC Build & Test	Prepare CI Container	2025-12-11T18:28:58.7234233Z Status: Downloaded newer image for ghcr.io/raizo-tcs/archive_r/ci-windows-msvc:latest
PF3.0 Windows MSVC Build & Test	Prepare CI Container	2025-12-11T18:28:58.7260847Z ghcr.io/raizo-tcs/archive_r/ci-windows-msvc:latest
PF3.0 Windows MSVC Build & Test	Build & Test (MSVC Container)	ï»¿2025-12-11T18:29:00.4772172Z ##[group]Run # Run build and test inside the container
PF3.0 Windows MSVC Build & Test	Build & Test (MSVC Container)	2025-12-11T18:29:00.4772817Z [36;1m# Run build and test inside the container[0m
PF3.0 Windows MSVC Build & Test	Build & Test (MSVC Container)	2025-12-11T18:29:00.4773181Z [36;1m# We map the workspace to C:\io[0m
PF3.0 Windows MSVC Build & Test	Build & Test (MSVC Container)	2025-12-11T18:29:00.4773474Z [36;1mdocker run --rm `[0m
PF3.0 Windows MSVC Build & Test	Build & Test (MSVC Container)	2025-12-11T18:29:00.4773793Z [36;1m  -v "D:\a\archive_r\archive_r:C:\io" `[0m
PF3.0 Windows MSVC Build & Test	Build & Test (MSVC Container)	2025-12-11T18:29:00.4774096Z [36;1m  -w "C:\io" `[0m
PF3.0 Windows MSVC Build & Test	Build & Test (MSVC Container)	2025-12-11T18:29:00.4774350Z [36;1m  $env:CI_IMAGE `[0m
PF3.0 Windows MSVC Build & Test	Build & Test (MSVC Container)	2025-12-11T18:29:00.4774867Z [36;1m  powershell -Command ".\build-on-msvc.ps1 -PackageMode full; if ($LastExitCode -eq 0) { .\test-on-msvc.ps1 }"[0m
PF3.0 Windows MSVC Build & Test	Build & Test (MSVC Container)	2025-12-11T18:29:00.4814571Z shell: C:\Program Files\PowerShell\7\pwsh.EXE -command ". '{0}'"
PF3.0 Windows MSVC Build & Test	Build & Test (MSVC Container)	2025-12-11T18:29:00.4814954Z env:
PF3.0 Windows MSVC Build & Test	Build & Test (MSVC Container)	2025-12-11T18:29:00.4815158Z   MACOSX_DEPLOYMENT_TARGET: 11.0
PF3.0 Windows MSVC Build & Test	Build & Test (MSVC Container)	2025-12-11T18:29:00.4815510Z   CI_IMAGE: ghcr.io/raizo-tcs/archive_r/ci-windows-msvc:latest
PF3.0 Windows MSVC Build & Test	Build & Test (MSVC Container)	2025-12-11T18:29:00.4815833Z ##[endgroup]
PF3.0 Windows MSVC Build & Test	Build & Test (MSVC Container)	2025-12-11T18:29:18.9832570Z [0;34mâ–¶[0m archive_r Build Starting...
PF3.0 Windows MSVC Build & Test	Build & Test (MSVC Container)	2025-12-11T18:29:18.9862730Z [0;34mâ–¶[0m Cleaning core build artifacts...
PF3.0 Windows MSVC Build & Test	Build & Test (MSVC Container)	2025-12-11T18:29:19.0074881Z [0;32mâœ“[0m Core build directory cleaned
PF3.0 Windows MSVC Build & Test	Build & Test (MSVC Container)	2025-12-11T18:29:19.0075589Z [0;34mâ–¶[0m Cleaning Ruby binding artifacts...
PF3.0 Windows MSVC Build & Test	Build & Test (MSVC Container)	2025-12-11T18:29:19.1276350Z [0;34mâ–¶[0m Cleaning Python binding artifacts...
PF3.0 Windows MSVC Build & Test	Build & Test (MSVC Container)	2025-12-11T18:29:19.2305894Z [0;32mâœ“[0m Binding artifacts cleaned
PF3.0 Windows MSVC Build & Test	Build & Test (MSVC Container)	2025-12-11T18:29:19.2595389Z [0;34mâ–¶[0m Configuring with CMake...
PF3.0 Windows MSVC Build & Test	Build & Test (MSVC Container)	2025-12-11T18:29:19.2602707Z [0;34mâ–¶[0m Using external CMAKE_GENERATOR: Visual Studio 17 2022
PF3.0 Windows MSVC Build & Test	Build & Test (MSVC Container)	2025-12-11T18:29:19.3891799Z -- Building for: Visual Studio 17 2022
PF3.0 Windows MSVC Build & Test	Build & Test (MSVC Container)	2025-12-11T18:29:19.3935923Z -- Selecting Windows SDK version 10.0.26100.0 to target Windows 10.0.20348.
PF3.0 Windows MSVC Build & Test	Build & Test (MSVC Container)	2025-12-11T18:29:25.0134406Z -- The CXX compiler identification is MSVC 19.44.35222.0
PF3.0 Windows MSVC Build & Test	Build & Test (MSVC Container)	2025-12-11T18:29:25.0927017Z -- Detecting CXX compiler ABI info
PF3.0 Windows MSVC Build & Test	Build & Test (MSVC Container)	2025-12-11T18:29:27.4686003Z -- Detecting CXX compiler ABI info - done
PF3.0 Windows MSVC Build & Test	Build & Test (MSVC Container)	2025-12-11T18:29:27.4841850Z -- Check for working CXX compiler: C:/Program Files (x86)/Microsoft Visual Studio/2022/BuildTools/VC/Tools/MSVC/14.44.35207/bin/Hostx64/x64/cl.exe - skipped
PF3.0 Windows MSVC Build & Test	Build & Test (MSVC Container)	2025-12-11T18:29:27.4857758Z -- Detecting CXX compile features
PF3.0 Windows MSVC Build & Test	Build & Test (MSVC Container)	2025-12-11T18:29:27.4880839Z -- Detecting CXX compile features - done
PF3.0 Windows MSVC Build & Test	Build & Test (MSVC Container)	2025-12-11T18:29:27.5171777Z -- Found LibArchive: C:/vcpkg/installed/x64-windows-release/lib/archive.lib (found version "3.8.4")
PF3.0 Windows MSVC Build & Test	Build & Test (MSVC Container)	2025-12-11T18:29:27.5447892Z -- Configuring done (8.2s)
PF3.0 Windows MSVC Build & Test	Build & Test (MSVC Container)	2025-12-11T18:29:27.7767054Z -- Generating done (0.2s)
PF3.0 Windows MSVC Build & Test	Build & Test (MSVC Container)	2025-12-11T18:29:27.7768220Z CMake Warning:
PF3.0 Windows MSVC Build & Test	Build & Test (MSVC Container)	2025-12-11T18:29:27.7768923Z   Manually-specified variables were not used by the project:
PF3.0 Windows MSVC Build & Test	Build & Test (MSVC Container)	2025-12-11T18:29:27.7769403Z 
PF3.0 Windows MSVC Build & Test	Build & Test (MSVC Container)	2025-12-11T18:29:27.7769535Z     CMAKE_BUILD_TYPE
PF3.0 Windows MSVC Build & Test	Build & Test (MSVC Container)	2025-12-11T18:29:27.7769776Z 
PF3.0 Windows MSVC Build & Test	Build & Test (MSVC Container)	2025-12-11T18:29:27.7769782Z 
PF3.0 Windows MSVC Build & Test	Build & Test (MSVC Container)	2025-12-11T18:29:27.7784042Z -- Build files have been written to: C:/io/build
PF3.0 Windows MSVC Build & Test	Build & Test (MSVC Container)	2025-12-11T18:29:27.8017130Z [0;34mâ–¶[0m Building core library...
PF3.0 Windows MSVC Build & Test	Build & Test (MSVC Container)	2025-12-11T18:29:27.9764732Z MSBuild version 17.14.23+b0019275e for .NET Framework
PF3.0 Windows MSVC Build & Test	Build & Test (MSVC Container)	2025-12-11T18:29:28.4467213Z 
PF3.0 Windows MSVC Build & Test	Build & Test (MSVC Container)	2025-12-11T18:29:29.7972560Z   1>Checking Build System
PF3.0 Windows MSVC Build & Test	Build & Test (MSVC Container)	2025-12-11T18:29:30.3250346Z   Building Custom Rule C:/io/CMakeLists.txt
PF3.0 Windows MSVC Build & Test	Build & Test (MSVC Container)	2025-12-11T18:29:32.0818300Z   archive_type.cc
PF3.0 Windows MSVC Build & Test	Build & Test (MSVC Container)	2025-12-11T18:29:32.9766646Z   data_stream.cc
PF3.0 Windows MSVC Build & Test	Build & Test (MSVC Container)	2025-12-11T18:29:33.5064027Z   archive_stack_orchestrator.cc
PF3.0 Windows MSVC Build & Test	Build & Test (MSVC Container)	2025-12-11T18:29:34.9363974Z   archive_stack_cursor.cc
PF3.0 Windows MSVC Build & Test	Build & Test (MSVC Container)	2025-12-11T18:29:36.2867446Z   multi_volume_manager.cc
PF3.0 Windows MSVC Build & Test	Build & Test (MSVC Container)	2025-12-11T18:29:37.2066614Z   multi_volume_stream_base.cc
PF3.0 Windows MSVC Build & Test	Build & Test (MSVC Container)	2025-12-11T18:29:37.6856017Z   system_file_stream.cc
PF3.0 Windows MSVC Build & Test	Build & Test (MSVC Container)	2025-12-11T18:29:38.5632876Z C:\io\src\system_file_stream.cc(90,23): warning C4996: 'fopen': This function or variable may be unsafe. Consider using fopen_s instead. To disable deprecation, use _CRT_SECURE_NO_WARNINGS. See online help for details. [C:\io\build\archive_r_core.vcxproj]
PF3.0 Windows MSVC Build & Test	Build & Test (MSVC Container)	2025-12-11T18:29:38.7539613Z   path_hierarchy.cc
PF3.0 Windows MSVC Build & Test	Build & Test (MSVC Container)	2025-12-11T18:29:39.1771266Z   path_hierarchy_utils.cc
PF3.0 Windows MSVC Build & Test	Build & Test (MSVC Container)	2025-12-11T18:29:40.1224403Z   traverser.cc
PF3.0 Windows MSVC Build & Test	Build & Test (MSVC Container)	2025-12-11T18:29:41.5159721Z   entry.cc
PF3.0 Windows MSVC Build & Test	Build & Test (MSVC Container)	2025-12-11T18:29:43.1519048Z   entry_fault.cc
PF3.0 Windows MSVC Build & Test	Build & Test (MSVC Container)	2025-12-11T18:29:43.6139230Z   entry_fault_error.cc
PF3.0 Windows MSVC Build & Test	Build & Test (MSVC Container)	2025-12-11T18:29:43.9745064Z C:\io\src\entry_fault_error.cc(35,25): warning C4996: 'strerror': This function or variable may be unsafe. Consider using strerror_s instead. To disable deprecation, use _CRT_SECURE_NO_WARNINGS. See online help for details. [C:\io\build\archive_r_core.vcxproj]
PF3.0 Windows MSVC Build & Test	Build & Test (MSVC Container)	2025-12-11T18:29:44.0492111Z   Generating Code...
PF3.0 Windows MSVC Build & Test	Build & Test (MSVC Container)	2025-12-11T18:29:48.9197773Z   Auto build dll exports
PF3.0 Windows MSVC Build & Test	Build & Test (MSVC Container)	2025-12-11T18:29:49.2108869Z      Creating library C:/io/build/Release/archive_r_core.lib and object C:/io/build/Release/archive_r_core.exp
PF3.0 Windows MSVC Build & Test	Build & Test (MSVC Container)	2025-12-11T18:29:49.3370588Z   archive_r_core.vcxproj -> C:\io\build\Release\archive_r_core.dll
PF3.0 Windows MSVC Build & Test	Build & Test (MSVC Container)	2025-12-11T18:29:49.6648815Z   Building Custom Rule C:/io/CMakeLists.txt
PF3.0 Windows MSVC Build & Test	Build & Test (MSVC Container)	2025-12-11T18:29:49.7725660Z   Building Custom Rule C:/io/CMakeLists.txt
PF3.0 Windows MSVC Build & Test	Build & Test (MSVC Container)	2025-12-11T18:29:49.7727322Z   Building Custom Rule C:/io/CMakeLists.txt
PF3.0 Windows MSVC Build & Test	Build & Test (MSVC Container)	2025-12-11T18:29:49.7728111Z   Building Custom Rule C:/io/CMakeLists.txt
PF3.0 Windows MSVC Build & Test	Build & Test (MSVC Container)	2025-12-11T18:29:49.7728756Z   Building Custom Rule C:/io/CMakeLists.txt
PF3.0 Windows MSVC Build & Test	Build & Test (MSVC Container)	2025-12-11T18:29:49.7729349Z   Building Custom Rule C:/io/CMakeLists.txt
PF3.0 Windows MSVC Build & Test	Build & Test (MSVC Container)	2025-12-11T18:29:49.7870127Z   Building Custom Rule C:/io/CMakeLists.txt
PF3.0 Windows MSVC Build & Test	Build & Test (MSVC Container)	2025-12-11T18:29:49.8700055Z   Building Custom Rule C:/io/CMakeLists.txt
PF3.0 Windows MSVC Build & Test	Build & Test (MSVC Container)	2025-12-11T18:29:49.9379063Z   Building Custom Rule C:/io/CMakeLists.txt
PF3.0 Windows MSVC Build & Test	Build & Test (MSVC Container)	2025-12-11T18:29:50.0065244Z   Building Custom Rule C:/io/CMakeLists.txt
PF3.0 Windows MSVC Build & Test	Build & Test (MSVC Container)	2025-12-11T18:29:50.0782790Z   Building Custom Rule C:/io/CMakeLists.txt
PF3.0 Windows MSVC Build & Test	Build & Test (MSVC Container)	2025-12-11T18:29:50.1465124Z   Building Custom Rule C:/io/CMakeLists.txt
PF3.0 Windows MSVC Build & Test	Build & Test (MSVC Container)	2025-12-11T18:29:50.2159717Z   Building Custom Rule C:/io/CMakeLists.txt
PF3.0 Windows MSVC Build & Test	Build & Test (MSVC Container)	2025-12-11T18:29:50.2906351Z   Building Custom Rule C:/io/CMakeLists.txt
PF3.0 Windows MSVC Build & Test	Build & Test (MSVC Container)	2025-12-11T18:29:50.3611532Z   Building Custom Rule C:/io/CMakeLists.txt
PF3.0 Windows MSVC Build & Test	Build & Test (MSVC Container)	2025-12-11T18:29:50.4311170Z   Building Custom Rule C:/io/CMakeLists.txt
PF3.0 Windows MSVC Build & Test	Build & Test (MSVC Container)	2025-12-11T18:29:50.5002024Z   Building Custom Rule C:/io/CMakeLists.txt
PF3.0 Windows MSVC Build & Test	Build & Test (MSVC Container)	2025-12-11T18:29:50.5692764Z   Building Custom Rule C:/io/CMakeLists.txt
PF3.0 Windows MSVC Build & Test	Build & Test (MSVC Container)	2025-12-11T18:29:50.6384622Z   Building Custom Rule C:/io/CMakeLists.txt
PF3.0 Windows MSVC Build & Test	Build & Test (MSVC Container)	2025-12-11T18:29:50.7062143Z   Building Custom Rule C:/io/CMakeLists.txt
PF3.0 Windows MSVC Build & Test	Build & Test (MSVC Container)	2025-12-11T18:29:50.7740910Z   Building Custom Rule C:/io/CMakeLists.txt
PF3.0 Windows MSVC Build & Test	Build & Test (MSVC Container)	2025-12-11T18:29:50.8436662Z   Building Custom Rule C:/io/CMakeLists.txt
PF3.0 Windows MSVC Build & Test	Build & Test (MSVC Container)	2025-12-11T18:29:50.9160746Z   Building Custom Rule C:/io/CMakeLists.txt
PF3.0 Windows MSVC Build & Test	Build & Test (MSVC Container)	2025-12-11T18:29:50.9830797Z   Building Custom Rule C:/io/CMakeLists.txt
PF3.0 Windows MSVC Build & Test	Build & Test (MSVC Container)	2025-12-11T18:29:51.0481538Z   Building Custom Rule C:/io/CMakeLists.txt
PF3.0 Windows MSVC Build & Test	Build & Test (MSVC Container)	2025-12-11T18:29:51.1159202Z   Building Custom Rule C:/io/CMakeLists.txt
PF3.0 Windows MSVC Build & Test	Build & Test (MSVC Container)	2025-12-11T18:29:51.1886788Z   Building Custom Rule C:/io/CMakeLists.txt
PF3.0 Windows MSVC Build & Test	Build & Test (MSVC Container)	2025-12-11T18:29:55.7173490Z   test_threaded_traverser.cc
PF3.0 Windows MSVC Build & Test	Build & Test (MSVC Container)	2025-12-11T18:29:55.7249105Z   test_custom_root_stream.cc
PF3.0 Windows MSVC Build & Test	Build & Test (MSVC Container)	2025-12-11T18:29:55.7251659Z   find_and_traverse.cc
PF3.0 Windows MSVC Build & Test	Build & Test (MSVC Container)	2025-12-11T18:29:55.7252668Z   test_data_source_reader_read.cc
PF3.0 Windows MSVC Build & Test	Build & Test (MSVC Container)	2025-12-11T18:29:55.7293790Z   test_stress_ultimate_verification.cc
PF3.0 Windows MSVC Build & Test	Build & Test (MSVC Container)	2025-12-11T18:29:55.7296377Z C:\io\test\test_stress_ultimate_verification.cc(118,17): warning C4267: 'initializing': conversion from 'size_t' to 'int', possible loss of data [C:\io\build\test_stress_ultimate_verification.vcxproj]
PF3.0 Windows MSVC Build & Test	Build & Test (MSVC Container)	2025-12-11T18:29:55.7299798Z C:\io\test\test_stress_ultimate_verification.cc(283,51): warning C4267: '=': conversion from 'size_t' to 'int', possible loss of data [C:\io\build\test_stress_ultimate_verification.vcxproj]
PF3.0 Windows MSVC Build & Test	Build & Test (MSVC Container)	2025-12-11T18:29:55.7310768Z C:\Program Files (x86)\Microsoft Visual Studio\2022\BuildTools\VC\Tools\MSVC\14.44.35207\include\utility(274,54): warning C4267: 'initializing': conversion from 'size_t' to '_Ty2', possible loss of data [C:\io\build\test_stress_ultimate_verification.vcxproj]
PF3.0 Windows MSVC Build & Test	Build & Test (MSVC Container)	2025-12-11T18:29:55.7420159Z C:\Program Files (x86)\Microsoft Visual Studio\2022\BuildTools\VC\Tools\MSVC\14.44.35207\include\utility(274,54): warning C4267:         with [C:\io\build\test_stress_ultimate_verification.vcxproj]
PF3.0 Windows MSVC Build & Test	Build & Test (MSVC Container)	2025-12-11T18:29:55.7439454Z C:\Program Files (x86)\Microsoft Visual Studio\2022\BuildTools\VC\Tools\MSVC\14.44.35207\include\utility(274,54): warning C4267:         [ [C:\io\build\test_stress_ultimate_verification.vcxproj]
PF3.0 Windows MSVC Build & Test	Build & Test (MSVC Container)	2025-12-11T18:29:55.7489562Z C:\Program Files (x86)\Microsoft Visual Studio\2022\BuildTools\VC\Tools\MSVC\14.44.35207\include\utility(274,54): warning C4267:             _Ty2=int [C:\io\build\test_stress_ultimate_verification.vcxproj]
PF3.0 Windows MSVC Build & Test	Build & Test (MSVC Container)	2025-12-11T18:29:55.7497180Z C:\Program Files (x86)\Microsoft Visual Studio\2022\BuildTools\VC\Tools\MSVC\14.44.35207\include\utility(274,54): warning C4267:         ] [C:\io\build\test_stress_ultimate_verification.vcxproj]
PF3.0 Windows MSVC Build & Test	Build & Test (MSVC Container)	2025-12-11T18:29:55.7498633Z   (compiling source file '../test/test_stress_ultimate_verification.cc')
PF3.0 Windows MSVC Build & Test	Build & Test (MSVC Container)	2025-12-11T18:29:55.7499613Z       C:\Program Files (x86)\Microsoft Visual Studio\2022\BuildTools\VC\Tools\MSVC\14.44.35207\include\utility(274,54):
PF3.0 Windows MSVC Build & Test	Build & Test (MSVC Container)	2025-12-11T18:29:55.7500554Z       the template instantiation context (the oldest one first) is
PF3.0 Windows MSVC Build & Test	Build & Test (MSVC Container)	2025-12-11T18:29:55.7501166Z           C:\io\test\test_stress_ultimate_verification.cc(311,35):
PF3.0 Windows MSVC Build & Test	Build & Test (MSVC Container)	2025-12-11T18:29:55.7509681Z           see reference to function template instantiation 'std::pair<std::string,int>::pair<const std::basic_string<char,std::char_traits<char>,std::allocator<char>>&,unsigned __int64,0>(_Other1,_Other2 &&) noexcept(false)' being compiled
PF3.0 Windows MSVC Build & Test	Build & Test (MSVC Container)	2025-12-11T18:29:55.7511130Z           with
PF3.0 Windows MSVC Build & Test	Build & Test (MSVC Container)	2025-12-11T18:29:55.7511381Z           [
PF3.0 Windows MSVC Build & Test	Build & Test (MSVC Container)	2025-12-11T18:29:55.7511910Z               _Other1=const std::basic_string<char,std::char_traits<char>,std::allocator<char>> &,
PF3.0 Windows MSVC Build & Test	Build & Test (MSVC Container)	2025-12-11T18:29:55.7512547Z               _Other2=unsigned __int64
PF3.0 Windows MSVC Build & Test	Build & Test (MSVC Container)	2025-12-11T18:29:55.7512902Z           ]
PF3.0 Windows MSVC Build & Test	Build & Test (MSVC Container)	2025-12-11T18:29:55.7513268Z               C:\io\test\test_stress_ultimate_verification.cc(311,34):
PF3.0 Windows MSVC Build & Test	Build & Test (MSVC Container)	2025-12-11T18:29:55.7513947Z               see the first reference to 'std::pair<std::string,int>::pair' in 'main'
PF3.0 Windows MSVC Build & Test	Build & Test (MSVC Container)	2025-12-11T18:29:55.7514742Z   
PF3.0 Windows MSVC Build & Test	Build & Test (MSVC Container)	2025-12-11T18:29:55.7521492Z   test_stress_multi_volume_source.cc
PF3.0 Windows MSVC Build & Test	Build & Test (MSVC Container)	2025-12-11T18:29:55.8024373Z   test_custom_root_stream.vcxproj -> C:\io\build\Release\test_custom_root_stream.exe
PF3.0 Windows MSVC Build & Test	Build & Test (MSVC Container)	2025-12-11T18:29:56.9214392Z   test_threaded_traverser.vcxproj -> C:\io\build\Release\test_threaded_traverser.exe
PF3.0 Windows MSVC Build & Test	Build & Test (MSVC Container)	2025-12-11T18:29:56.9218598Z   find_and_traverse.vcxproj -> C:\io\build\Release\find_and_traverse.exe
PF3.0 Windows MSVC Build & Test	Build & Test (MSVC Container)	2025-12-11T18:29:56.9221492Z   test_data_source_reader_read.vcxproj -> C:\io\build\Release\test_data_source_reader_read.exe
PF3.0 Windows MSVC Build & Test	Build & Test (MSVC Container)	2025-12-11T18:29:56.9363074Z   test_skip_descent.cc
PF3.0 Windows MSVC Build & Test	Build & Test (MSVC Container)	2025-12-11T18:29:56.9755462Z   test_simple_count.cc
PF3.0 Windows MSVC Build & Test	Build & Test (MSVC Container)	2025-12-11T18:30:00.0428824Z   test_stress_ultimate_verification.vcxproj -> C:\io\build\Release\test_stress_ultimate_verification.exe
PF3.0 Windows MSVC Build & Test	Build & Test (MSVC Container)	2025-12-11T18:30:00.3167278Z   test_simple_count.vcxproj -> C:\io\build\Release\test_simple_count.exe
PF3.0 Windows MSVC Build & Test	Build & Test (MSVC Container)	2025-12-11T18:30:00.4830639Z   test_skip_descent.vcxproj -> C:\io\build\Release\test_skip_descent.exe
PF3.0 Windows MSVC Build & Test	Build & Test (MSVC Container)	2025-12-11T18:30:00.6529561Z   test_stress_multi_volume_source.vcxproj -> C:\io\build\Release\test_stress_multi_volume_source.exe
PF3.0 Windows MSVC Build & Test	Build & Test (MSVC Container)	2025-12-11T18:30:06.3480100Z   test_root_file_multi_volume.cc
PF3.0 Windows MSVC Build & Test	Build & Test (MSVC Container)	2025-12-11T18:30:06.7723772Z   test_performance_no_descend.cc
PF3.0 Windows MSVC Build & Test	Build & Test (MSVC Container)	2025-12-11T18:30:06.7725668Z   test_multi_volume_traversal_regression.cc
PF3.0 Windows MSVC Build & Test	Build & Test (MSVC Container)	2025-12-11T18:30:06.7727329Z   test_multi_volume_retry.cc
PF3.0 Windows MSVC Build & Test	Build & Test (MSVC Container)	2025-12-11T18:30:06.7728152Z   test_multi_volume_ordering.cc
PF3.0 Windows MSVC Build & Test	Build & Test (MSVC Container)	2025-12-11T18:30:06.7730816Z C:\io\test\test_multi_volume_retry.cc(59,18): warning C4566: character represented by universal-character-name '\u2713' cannot be represented in the current code page (1252) [C:\io\build\test_multi_volume_retry.vcxproj]
PF3.0 Windows MSVC Build & Test	Build & Test (MSVC Container)	2025-12-11T18:30:06.7732721Z   test_multi_volume_iterator.cc
PF3.0 Windows MSVC Build & Test	Build & Test (MSVC Container)	2025-12-11T18:30:06.7733620Z   test_root_file_multi_volume.vcxproj -> C:\io\build\Release\test_root_file_multi_volume.exe
PF3.0 Windows MSVC Build & Test	Build & Test (MSVC Container)	2025-12-11T18:30:06.8936351Z   test_performance_compare.vcxproj -> C:\io\build\Release\test_performance_compare.exe
PF3.0 Windows MSVC Build & Test	Build & Test (MSVC Container)	2025-12-11T18:30:07.0634145Z   test_multi_volume_ordering.vcxproj -> C:\io\build\Release\test_multi_volume_ordering.exe
PF3.0 Windows MSVC Build & Test	Build & Test (MSVC Container)	2025-12-11T18:30:07.2476991Z   test_multi_volume_retry.vcxproj -> C:\io\build\Release\test_multi_volume_retry.exe
PF3.0 Windows MSVC Build & Test	Build & Test (MSVC Container)	2025-12-11T18:30:07.4188356Z   test_multi_volume_iterator.vcxproj -> C:\io\build\Release\test_multi_volume_iterator.exe
PF3.0 Windows MSVC Build & Test	Build & Test (MSVC Container)	2025-12-11T18:30:07.5856363Z   test_multi_volume_traversal_regression.vcxproj -> C:\io\build\Release\test_multi_volume_traversal_regression.exe
PF3.0 Windows MSVC Build & Test	Build & Test (MSVC Container)	2025-12-11T18:30:13.0289981Z   test_multi_volume_input.cc
PF3.0 Windows MSVC Build & Test	Build & Test (MSVC Container)	2025-12-11T18:30:13.0333933Z   test_multi_volume_functionality.cc
PF3.0 Windows MSVC Build & Test	Build & Test (MSVC Container)	2025-12-11T18:30:13.0346998Z   test_multi_volume_entry_persistence.cc
PF3.0 Windows MSVC Build & Test	Build & Test (MSVC Container)	2025-12-11T18:30:13.1633865Z   test_multi_volume_debug.cc
PF3.0 Windows MSVC Build & Test	Build & Test (MSVC Container)	2025-12-11T18:30:13.1873688Z   test_multi_root_traversal.cc
PF3.0 Windows MSVC Build & Test	Build & Test (MSVC Container)	2025-12-11T18:30:13.1959661Z   test_metadata_options.cc
PF3.0 Windows MSVC Build & Test	Build & Test (MSVC Container)	2025-12-11T18:30:13.1965122Z   test_multi_volume_entry_persistence.vcxproj -> C:\io\build\Release\test_multi_volume_entry_persistence.exe
PF3.0 Windows MSVC Build & Test	Build & Test (MSVC Container)	2025-12-11T18:30:13.2938311Z   test_multi_volume_input.vcxproj -> C:\io\build\Release\test_multi_volume_input.exe
PF3.0 Windows MSVC Build & Test	Build & Test (MSVC Container)	2025-12-11T18:30:13.4948903Z   test_metadata_options.vcxproj -> C:\io\build\Release\test_metadata_options.exe
PF3.0 Windows MSVC Build & Test	Build & Test (MSVC Container)	2025-12-11T18:30:13.6849320Z   test_multi_volume_debug.vcxproj -> C:\io\build\Release\test_multi_volume_debug.exe
PF3.0 Windows MSVC Build & Test	Build & Test (MSVC Container)	2025-12-11T18:30:13.8622813Z   test_multi_root_traversal.vcxproj -> C:\io\build\Release\test_multi_root_traversal.exe
PF3.0 Windows MSVC Build & Test	Build & Test (MSVC Container)	2025-12-11T18:30:14.0333973Z   test_multi_volume_functionality.vcxproj -> C:\io\build\Release\test_multi_volume_functionality.exe
PF3.0 Windows MSVC Build & Test	Build & Test (MSVC Container)	2025-12-11T18:30:14.0922213Z   test_metadata_filesystem.cc
PF3.0 Windows MSVC Build & Test	Build & Test (MSVC Container)	2025-12-11T18:30:14.1038685Z   test_iterator.cc
PF3.0 Windows MSVC Build & Test	Build & Test (MSVC Container)	2025-12-11T18:30:14.1120009Z   test_error_handling_step0.cc
PF3.0 Windows MSVC Build & Test	Build & Test (MSVC Container)	2025-12-11T18:30:15.9332714Z   test_entry_read.cc
PF3.0 Windows MSVC Build & Test	Build & Test (MSVC Container)	2025-12-11T18:30:16.9942884Z   test_metadata_filesystem.vcxproj -> C:\io\build\Release\test_metadata_filesystem.exe
PF3.0 Windows MSVC Build & Test	Build & Test (MSVC Container)	2025-12-11T18:30:17.1933371Z   test_error_handling_step0.vcxproj -> C:\io\build\Release\test_error_handling_step0.exe
PF3.0 Windows MSVC Build & Test	Build & Test (MSVC Container)	2025-12-11T18:30:17.4658806Z   test_iterator.vcxproj -> C:\io\build\Release\test_iterator.exe
PF3.0 Windows MSVC Build & Test	Build & Test (MSVC Container)	2025-12-11T18:30:17.5895730Z   test_directory_navigation.cc
PF3.0 Windows MSVC Build & Test	Build & Test (MSVC Container)	2025-12-11T18:30:18.4546676Z   test_directory_container.cc
PF3.0 Windows MSVC Build & Test	Build & Test (MSVC Container)	2025-12-11T18:30:18.4850661Z   test_descent.cc
PF3.0 Windows MSVC Build & Test	Build & Test (MSVC Container)	2025-12-11T18:30:18.6035862Z   test_entry_read.vcxproj -> C:\io\build\Release\test_entry_read.exe
PF3.0 Windows MSVC Build & Test	Build & Test (MSVC Container)	2025-12-11T18:30:21.1238502Z   test_descent.vcxproj -> C:\io\build\Release\test_descent.exe
PF3.0 Windows MSVC Build & Test	Build & Test (MSVC Container)	2025-12-11T18:30:21.2907230Z   test_directory_navigation.vcxproj -> C:\io\build\Release\test_directory_navigation.exe
PF3.0 Windows MSVC Build & Test	Build & Test (MSVC Container)	2025-12-11T18:30:21.7412754Z   test_directory_container.vcxproj -> C:\io\build\Release\test_directory_container.exe
PF3.0 Windows MSVC Build & Test	Build & Test (MSVC Container)	2025-12-11T18:30:21.8209544Z   Building Custom Rule C:/io/CMakeLists.txt
PF3.0 Windows MSVC Build & Test	Build & Test (MSVC Container)	2025-12-11T18:30:21.9894394Z 
PF3.0 Windows MSVC Build & Test	Build & Test (MSVC Container)	2025-12-11T18:30:21.9895247Z [0;32mâœ“[0m Core build completed
PF3.0 Windows MSVC Build & Test	Build & Test (MSVC Container)	2025-12-11T18:30:21.9895801Z [0;32mâœ“[0m   Library: /c/io/build/Release/archive_r_core.lib
PF3.0 Windows MSVC Build & Test	Build & Test (MSVC Container)	2025-12-11T18:30:21.9896315Z [0;32mâœ“[0m   Example: /c/io/build/Release/find_and_traverse.exe
PF3.0 Windows MSVC Build & Test	Build & Test (MSVC Container)	2025-12-11T18:30:21.9896588Z 
PF3.0 Windows MSVC Build & Test	Build & Test (MSVC Container)	2025-12-11T18:30:21.9908844Z [0;34mâ–¶[0m Building Ruby binding...
PF3.0 Windows MSVC Build & Test	Build & Test (MSVC Container)	2025-12-11T18:30:23.1554187Z Using archive_r core from C:/io
PF3.0 Windows MSVC Build & Test	Build & Test (MSVC Container)	2025-12-11T18:30:23.1625865Z *** extconf.rb failed ***
PF3.0 Windows MSVC Build & Test	Build & Test (MSVC Container)	2025-12-11T18:30:23.1626610Z Could not create Makefile due to some reason, probably lack of necessary
PF3.0 Windows MSVC Build & Test	Build & Test (MSVC Container)	2025-12-11T18:30:23.1627764Z libraries and/or headers.  Check the mkmf.log file for more details.  You may
PF3.0 Windows MSVC Build & Test	Build & Test (MSVC Container)	2025-12-11T18:30:23.1628398Z need configuration options.
PF3.0 Windows MSVC Build & Test	Build & Test (MSVC Container)	2025-12-11T18:30:23.1628575Z 
PF3.0 Windows MSVC Build & Test	Build & Test (MSVC Container)	2025-12-11T18:30:23.1628668Z Provided configuration options:
PF3.0 Windows MSVC Build & Test	Build & Test (MSVC Container)	2025-12-11T18:30:23.1628930Z 	--with-opt-dir
PF3.0 Windows MSVC Build & Test	Build & Test (MSVC Container)	2025-12-11T18:30:23.1629104Z 	--without-opt-dir
PF3.0 Windows MSVC Build & Test	Build & Test (MSVC Container)	2025-12-11T18:30:23.1629292Z 	--with-opt-include=${opt-dir}/include
PF3.0 Windows MSVC Build & Test	Build & Test (MSVC Container)	2025-12-11T18:30:23.1629531Z 	--without-opt-include
PF3.0 Windows MSVC Build & Test	Build & Test (MSVC Container)	2025-12-11T18:30:23.1629983Z 	--with-opt-lib=${opt-dir}/lib
PF3.0 Windows MSVC Build & Test	Build & Test (MSVC Container)	2025-12-11T18:30:23.1630189Z 	--without-opt-lib
PF3.0 Windows MSVC Build & Test	Build & Test (MSVC Container)	2025-12-11T18:30:23.1630344Z 	--with-make-prog
PF3.0 Windows MSVC Build & Test	Build & Test (MSVC Container)	2025-12-11T18:30:23.1630518Z 	--without-make-prog
PF3.0 Windows MSVC Build & Test	Build & Test (MSVC Container)	2025-12-11T18:30:23.1630731Z 	--srcdir=.
PF3.0 Windows MSVC Build & Test	Build & Test (MSVC Container)	2025-12-11T18:30:23.1630963Z 	--curdir
PF3.0 Windows MSVC Build & Test	Build & Test (MSVC Container)	2025-12-11T18:30:23.1631141Z 	--ruby=C:/tools/ruby34/bin/$(RUBY_BASE_NAME)
PF3.0 Windows MSVC Build & Test	Build & Test (MSVC Container)	2025-12-11T18:30:23.1631390Z 	--with-archive-dir
PF3.0 Windows MSVC Build & Test	Build & Test (MSVC Container)	2025-12-11T18:30:23.1631558Z 	--without-archive-dir
PF3.0 Windows MSVC Build & Test	Build & Test (MSVC Container)	2025-12-11T18:30:23.1631970Z 	--with-archive-include=${archive-dir}/include
PF3.0 Windows MSVC Build & Test	Build & Test (MSVC Container)	2025-12-11T18:30:23.1632427Z 	--with-archive-lib=${archive-dir}/lib
PF3.0 Windows MSVC Build & Test	Build & Test (MSVC Container)	2025-12-11T18:30:23.1632957Z 	--with-archivelib
PF3.0 Windows MSVC Build & Test	Build & Test (MSVC Container)	2025-12-11T18:30:23.1633192Z 	--without-archivelib
PF3.0 Windows MSVC Build & Test	Build & Test (MSVC Container)	2025-12-11T18:30:23.1633702Z C:/tools/ruby34/lib/ruby/3.4.0/mkmf.rb:528:in 'MakeMakefile#try_do': The compiler failed to generate an executable file. (RuntimeError)
PF3.0 Windows MSVC Build & Test	Build & Test (MSVC Container)	2025-12-11T18:30:23.1634301Z You have to install development tools first.
PF3.0 Windows MSVC Build & Test	Build & Test (MSVC Container)	2025-12-11T18:30:23.1634496Z 
PF3.0 Windows MSVC Build & Test	Build & Test (MSVC Container)	2025-12-11T18:30:23.1634688Z 	from C:/tools/ruby34/lib/ruby/3.4.0/mkmf.rb:621:in 'MakeMakefile#try_link0'
PF3.0 Windows MSVC Build & Test	Build & Test (MSVC Container)	2025-12-11T18:30:23.1635195Z 	from C:/tools/ruby34/lib/ruby/3.4.0/mkmf.rb:639:in 'MakeMakefile#try_link'
PF3.0 Windows MSVC Build & Test	Build & Test (MSVC Container)	2025-12-11T18:30:23.1635642Z 	from C:/tools/ruby34/lib/ruby/3.4.0/mkmf.rb:888:in 'MakeMakefile#try_func'
PF3.0 Windows MSVC Build & Test	Build & Test (MSVC Container)	2025-12-11T18:30:23.1636154Z 	from C:/tools/ruby34/lib/ruby/3.4.0/mkmf.rb:1147:in 'block in MakeMakefile#have_library'
PF3.0 Windows MSVC Build & Test	Build & Test (MSVC Container)	2025-12-11T18:30:23.1636705Z 	from C:/tools/ruby34/lib/ruby/3.4.0/mkmf.rb:1070:in 'block in MakeMakefile#checking_for'
PF3.0 Windows MSVC Build & Test	Build & Test (MSVC Container)	2025-12-11T18:30:23.1637337Z 	from C:/tools/ruby34/lib/ruby/3.4.0/mkmf.rb:370:in 'block (2 levels) in MakeMakefile::Logging.postpone'
PF3.0 Windows MSVC Build & Test	Build & Test (MSVC Container)	2025-12-11T18:30:23.1638368Z 	from C:/tools/ruby34/lib/ruby/3.4.0/mkmf.rb:340:in 'MakeMakefile::Logging.open'
PF3.0 Windows MSVC Build & Test	Build & Test (MSVC Container)	2025-12-11T18:30:23.1639732Z 	from C:/tools/ruby34/lib/ruby/3.4.0/mkmf.rb:370:in 'block in MakeMakefile::Logging.postpone'
PF3.0 Windows MSVC Build & Test	Build & Test (MSVC Container)	2025-12-11T18:30:23.1644701Z 	from C:/tools/ruby34/lib/ruby/3.4.0/mkmf.rb:340:in 'MakeMakefile::Logging.open'
PF3.0 Windows MSVC Build & Test	Build & Test (MSVC Container)	2025-12-11T18:30:23.1645813Z 	from C:/tools/ruby34/lib/ruby/3.4.0/mkmf.rb:366:in 'MakeMakefile::Logging.postpone'
PF3.0 Windows MSVC Build & Test	Build & Test (MSVC Container)	2025-12-11T18:30:23.1646734Z 	from C:/tools/ruby34/lib/ruby/3.4.0/mkmf.rb:1069:in 'MakeMakefile#checking_for'
PF3.0 Windows MSVC Build & Test	Build & Test (MSVC Container)	2025-12-11T18:30:23.1647826Z 	from C:/tools/ruby34/lib/ruby/3.4.0/mkmf.rb:1142:in 'MakeMakefile#have_library'
PF3.0 Windows MSVC Build & Test	Build & Test (MSVC Container)	2025-12-11T18:30:23.1648729Z 	from extconf.rb:91:in '<main>'
PF3.0 Windows MSVC Build & Test	Build & Test (MSVC Container)	2025-12-11T18:30:23.1806346Z ./build.sh: line 490: make: command not found
PF3.0 Windows MSVC Build & Test	Build & Test (MSVC Container)	2025-12-11T18:30:23.1821143Z checking for -larchive... [0;31mâœ—[0m Ruby binding build failed
PF3.0 Windows MSVC Build & Test	Build & Test (MSVC Container)	2025-12-11T18:30:23.1822094Z [1;33mâš [0m Ruby binding build had issues
PF3.0 Windows MSVC Build & Test	Build & Test (MSVC Container)	2025-12-11T18:30:23.1822756Z [0;34mâ–¶[0m Packaging Ruby gem...
PF3.0 Windows MSVC Build & Test	Build & Test (MSVC Container)	2025-12-11T18:30:23.1852108Z [0;34mâ–¶[0m Embedding archive_r core sources for Ruby gem...
PF3.0 Windows MSVC Build & Test	Build & Test (MSVC Container)	2025-12-11T18:30:24.5922305Z WARNING:  You have specified the uri:
PF3.0 Windows MSVC Build & Test	Build & Test (MSVC Container)	2025-12-11T18:30:24.5922843Z   https://github.com/raizo-tcs/archive_r
PF3.0 Windows MSVC Build & Test	Build & Test (MSVC Container)	2025-12-11T18:30:24.5923171Z for all of the following keys:
PF3.0 Windows MSVC Build & Test	Build & Test (MSVC Container)	2025-12-11T18:30:24.5923397Z   homepage_uri
PF3.0 Windows MSVC Build & Test	Build & Test (MSVC Container)	2025-12-11T18:30:24.5923631Z   source_code_uri
PF3.0 Windows MSVC Build & Test	Build & Test (MSVC Container)	2025-12-11T18:30:24.5923847Z Only the first one will be shown on rubygems.org
PF3.0 Windows MSVC Build & Test	Build & Test (MSVC Container)	2025-12-11T18:30:24.5924280Z WARNING:  See https://guides.rubygems.org/specification-reference/ for help
PF3.0 Windows MSVC Build & Test	Build & Test (MSVC Container)	2025-12-11T18:30:24.6262489Z   Successfully built RubyGem
PF3.0 Windows MSVC Build & Test	Build & Test (MSVC Container)	2025-12-11T18:30:24.6262862Z   Name: archive_r_ruby
PF3.0 Windows MSVC Build & Test	Build & Test (MSVC Container)	2025-12-11T18:30:24.6263076Z   Version: 0.1.6
PF3.0 Windows MSVC Build & Test	Build & Test (MSVC Container)	2025-12-11T18:30:24.6263298Z   File: archive_r_ruby-0.1.6.gem
PF3.0 Windows MSVC Build & Test	Build & Test (MSVC Container)	2025-12-11T18:30:24.7213297Z [0;32mâœ“[0m Ruby gem packaged: /c/io/build/bindings/ruby/archive_r_ruby-0.1.6.gem
PF3.0 Windows MSVC Build & Test	Build & Test (MSVC Container)	2025-12-11T18:30:24.7214412Z [0;34mâ–¶[0m Building Python binding...
PF3.0 Windows MSVC Build & Test	Build & Test (MSVC Container)	2025-12-11T18:30:31.7675414Z DEBUG: system_name=windows, os.name=nt, sys.platform=win32
PF3.0 Windows MSVC Build & Test	Build & Test (MSVC Container)	2025-12-11T18:30:31.7676508Z Using pre-built shared archive_r library: C:\io\build\Release\archive_r_core.dll
PF3.0 Windows MSVC Build & Test	Build & Test (MSVC Container)	2025-12-11T18:30:31.7678882Z running build_ext
PF3.0 Windows MSVC Build & Test	Build & Test (MSVC Container)	2025-12-11T18:30:32.0908149Z building 'archive_r' extension
PF3.0 Windows MSVC Build & Test	Build & Test (MSVC Container)	2025-12-11T18:30:37.8087178Z creating build\temp.win-amd64-cpython-314\Release\src
PF3.0 Windows MSVC Build & Test	Build & Test (MSVC Container)	2025-12-11T18:30:37.8100682Z "C:\Program Files (x86)\Microsoft Visual Studio\2022\BuildTools\VC\Tools\MSVC\14.44.35207\bin\HostX86\x64\cl.exe" /c /nologo /O2 /W3 /GL /DNDEBUG /MD -DARCHIVE_R_VERSION=\"0.1.6\" -IC:\Python314\Lib\site-packages\pybind11\include -IC:\io\include -IC:\io\src -IC:\vcpkg\installed\x64-windows-release\include -IC:\Python314\include -IC:\Python314\Include "-IC:\Program Files (x86)\Microsoft Visual Studio\2022\BuildTools\VC\Tools\MSVC\14.44.35207\include" "-IC:\Program Files (x86)\Microsoft Visual Studio\2022\BuildTools\VC\Auxiliary\VS\include" "-IC:\Program Files (x86)\Windows Kits\10\include\10.0.26100.0\ucrt" "-IC:\Program Files (x86)\Windows Kits\10\\include\10.0.26100.0\\um" "-IC:\Program Files (x86)\Windows Kits\10\\include\10.0.26100.0\\shared" "-IC:\Program Files (x86)\Windows Kits\10\\include\10.0.26100.0\\winrt" "-IC:\Program Files (x86)\Windows Kits\10\\include\10.0.26100.0\\cppwinrt" /EHsc /Tpsrc/archive_r_py.cc /Fobuild\temp.win-amd64-cpython-314\Release\src\archive_r_py.obj /std:c++17 /EHsc /DNOMINMAX
PF3.0 Windows MSVC Build & Test	Build & Test (MSVC Container)	2025-12-11T18:30:37.9098510Z archive_r_py.cc
PF3.0 Windows MSVC Build & Test	Build & Test (MSVC Container)	2025-12-11T18:30:42.5109600Z creating C:\io\bindings\python\build\lib.win-amd64-cpython-314
PF3.0 Windows MSVC Build & Test	Build & Test (MSVC Container)	2025-12-11T18:30:42.5116382Z "C:\Program Files (x86)\Microsoft Visual Studio\2022\BuildTools\VC\Tools\MSVC\14.44.35207\bin\HostX86\x64\link.exe" /nologo /INCREMENTAL:NO /LTCG /DLL /MANIFEST:EMBED,ID=2 /MANIFESTUAC:NO /LIBPATH:C:\vcpkg\installed\x64-windows-release\lib /LIBPATH:C:\io\build\Release /LIBPATH:C:\io\bindings\python\.libs /LIBPATH:C:\Python314\libs /LIBPATH:C:\Python314 /LIBPATH:C:\Python314\PCbuild\amd64 "/LIBPATH:C:\Program Files (x86)\Microsoft Visual Studio\2022\BuildTools\VC\Tools\MSVC\14.44.35207\lib\x64" "/LIBPATH:C:\Program Files (x86)\Windows Kits\10\lib\10.0.26100.0\ucrt\x64" "/LIBPATH:C:\Program Files (x86)\Windows Kits\10\\lib\10.0.26100.0\\um\x64" archive.lib archive_r_core.lib /EXPORT:PyInit_archive_r build\temp.win-amd64-cpython-314\Release\src\archive_r_py.obj /OUT:build\lib.win-amd64-cpython-314\archive_r.cp314-win_amd64.pyd /IMPLIB:build\temp.win-amd64-cpython-314\Release\src\archive_r.cp314-win_amd64.lib
PF3.0 Windows MSVC Build & Test	Build & Test (MSVC Container)	2025-12-11T18:30:42.6268424Z    Creating library build\temp.win-amd64-cpython-314\Release\src\archive_r.cp314-win_amd64.lib and object build\temp.win-amd64-cpython-314\Release\src\archive_r.cp314-win_amd64.exp
PF3.0 Windows MSVC Build & Test	Build & Test (MSVC Container)	2025-12-11T18:30:42.6372275Z Generating code
PF3.0 Windows MSVC Build & Test	Build & Test (MSVC Container)	2025-12-11T18:30:46.8958353Z Finished generating code
PF3.0 Windows MSVC Build & Test	Build & Test (MSVC Container)	2025-12-11T18:30:47.0918883Z copying build\lib.win-amd64-cpython-314\archive_r.cp314-win_amd64.pyd -> 
PF3.0 Windows MSVC Build & Test	Build & Test (MSVC Container)	2025-12-11T18:30:47.1748115Z [0;32mâœ“[0m Python binding built successfully
PF3.0 Windows MSVC Build & Test	Build & Test (MSVC Container)	2025-12-11T18:30:47.1749274Z [0;32mâœ“[0m   Extension: /c/io/bindings/python/*.{so,pyd}
PF3.0 Windows MSVC Build & Test	Build & Test (MSVC Container)	2025-12-11T18:30:47.1756184Z [0;34mâ–¶[0m Packaging Python binding (wheel + sdist)...
PF3.0 Windows MSVC Build & Test	Build & Test (MSVC Container)	2025-12-11T18:30:47.8779744Z Requirement already satisfied: pip in c:\python314\lib\site-packages (25.3)
PF3.0 Windows MSVC Build & Test	Build & Test (MSVC Container)	2025-12-11T18:30:48.1560855Z Requirement already satisfied: setuptools in c:\python314\lib\site-packages (80.9.0)
PF3.0 Windows MSVC Build & Test	Build & Test (MSVC Container)	2025-12-11T18:30:48.2814032Z Requirement already satisfied: wheel in c:\python314\lib\site-packages (0.45.1)
PF3.0 Windows MSVC Build & Test	Build & Test (MSVC Container)	2025-12-11T18:30:48.3397276Z Collecting build
PF3.0 Windows MSVC Build & Test	Build & Test (MSVC Container)	2025-12-11T18:30:48.5995694Z   Downloading build-1.3.0-py3-none-any.whl.metadata (5.6 kB)
PF3.0 Windows MSVC Build & Test	Build & Test (MSVC Container)	2025-12-11T18:30:48.6800233Z Collecting twine
PF3.0 Windows MSVC Build & Test	Build & Test (MSVC Container)	2025-12-11T18:30:48.7020456Z   Downloading twine-6.2.0-py3-none-any.whl.metadata (3.6 kB)
PF3.0 Windows MSVC Build & Test	Build & Test (MSVC Container)	2025-12-11T18:30:48.7930460Z Collecting packaging>=19.1 (from build)
PF3.0 Windows MSVC Build & Test	Build & Test (MSVC Container)	2025-12-11T18:30:48.8146000Z   Downloading packaging-25.0-py3-none-any.whl.metadata (3.3 kB)
PF3.0 Windows MSVC Build & Test	Build & Test (MSVC Container)	2025-12-11T18:30:48.8720660Z Collecting pyproject_hooks (from build)
PF3.0 Windows MSVC Build & Test	Build & Test (MSVC Container)	2025-12-11T18:30:48.8932008Z   Downloading pyproject_hooks-1.2.0-py3-none-any.whl.metadata (1.3 kB)
PF3.0 Windows MSVC Build & Test	Build & Test (MSVC Container)	2025-12-11T18:30:48.9529778Z Collecting colorama (from build)
PF3.0 Windows MSVC Build & Test	Build & Test (MSVC Container)	2025-12-11T18:30:48.9739991Z   Downloading colorama-0.4.6-py2.py3-none-any.whl.metadata (17 kB)
PF3.0 Windows MSVC Build & Test	Build & Test (MSVC Container)	2025-12-11T18:30:49.0669247Z Collecting readme-renderer>=35.0 (from twine)
PF3.0 Windows MSVC Build & Test	Build & Test (MSVC Container)	2025-12-11T18:30:49.0881341Z   Downloading readme_renderer-44.0-py3-none-any.whl.metadata (2.8 kB)
PF3.0 Windows MSVC Build & Test	Build & Test (MSVC Container)	2025-12-11T18:30:49.1754315Z Collecting requests>=2.20 (from twine)
PF3.0 Windows MSVC Build & Test	Build & Test (MSVC Container)	2025-12-11T18:30:49.1965489Z   Downloading requests-2.32.5-py3-none-any.whl.metadata (4.9 kB)
PF3.0 Windows MSVC Build & Test	Build & Test (MSVC Container)	2025-12-11T18:30:49.2590321Z Collecting requests-toolbelt!=0.9.0,>=0.8.0 (from twine)
PF3.0 Windows MSVC Build & Test	Build & Test (MSVC Container)	2025-12-11T18:30:49.2811304Z   Downloading requests_toolbelt-1.0.0-py2.py3-none-any.whl.metadata (14 kB)
PF3.0 Windows MSVC Build & Test	Build & Test (MSVC Container)	2025-12-11T18:30:49.3631588Z Collecting urllib3>=1.26.0 (from twine)
PF3.0 Windows MSVC Build & Test	Build & Test (MSVC Container)	2025-12-11T18:30:49.3840832Z   Downloading urllib3-2.6.2-py3-none-any.whl.metadata (6.6 kB)
PF3.0 Windows MSVC Build & Test	Build & Test (MSVC Container)	2025-12-11T18:30:49.4958057Z Collecting keyring>=21.2.0 (from twine)
PF3.0 Windows MSVC Build & Test	Build & Test (MSVC Container)	2025-12-11T18:30:49.5180522Z   Downloading keyring-25.7.0-py3-none-any.whl.metadata (21 kB)
PF3.0 Windows MSVC Build & Test	Build & Test (MSVC Container)	2025-12-11T18:30:49.5890965Z Collecting rfc3986>=1.4.0 (from twine)
PF3.0 Windows MSVC Build & Test	Build & Test (MSVC Container)	2025-12-11T18:30:49.6101184Z   Downloading rfc3986-2.0.0-py2.py3-none-any.whl.metadata (6.6 kB)
PF3.0 Windows MSVC Build & Test	Build & Test (MSVC Container)	2025-12-11T18:30:49.7024519Z Collecting rich>=12.0.0 (from twine)
PF3.0 Windows MSVC Build & Test	Build & Test (MSVC Container)	2025-12-11T18:30:49.7242875Z   Downloading rich-14.2.0-py3-none-any.whl.metadata (18 kB)
PF3.0 Windows MSVC Build & Test	Build & Test (MSVC Container)	2025-12-11T18:30:49.7914141Z Collecting id (from twine)
PF3.0 Windows MSVC Build & Test	Build & Test (MSVC Container)	2025-12-11T18:30:49.8125976Z   Downloading id-1.5.0-py3-none-any.whl.metadata (5.2 kB)
PF3.0 Windows MSVC Build & Test	Build & Test (MSVC Container)	2025-12-11T18:30:49.8712379Z Collecting pywin32-ctypes>=0.2.0 (from keyring>=21.2.0->twine)
PF3.0 Windows MSVC Build & Test	Build & Test (MSVC Container)	2025-12-11T18:30:49.8928632Z   Downloading pywin32_ctypes-0.2.3-py3-none-any.whl.metadata (3.9 kB)
PF3.0 Windows MSVC Build & Test	Build & Test (MSVC Container)	2025-12-11T18:30:49.9629110Z Collecting jaraco.classes (from keyring>=21.2.0->twine)
PF3.0 Windows MSVC Build & Test	Build & Test (MSVC Container)	2025-12-11T18:30:49.9849953Z   Downloading jaraco.classes-3.4.0-py3-none-any.whl.metadata (2.6 kB)
PF3.0 Windows MSVC Build & Test	Build & Test (MSVC Container)	2025-12-11T18:30:50.0554415Z Collecting jaraco.functools (from keyring>=21.2.0->twine)
PF3.0 Windows MSVC Build & Test	Build & Test (MSVC Container)	2025-12-11T18:30:50.0770865Z   Downloading jaraco_functools-4.3.0-py3-none-any.whl.metadata (2.9 kB)
PF3.0 Windows MSVC Build & Test	Build & Test (MSVC Container)	2025-12-11T18:30:50.1366895Z Collecting jaraco.context (from keyring>=21.2.0->twine)
PF3.0 Windows MSVC Build & Test	Build & Test (MSVC Container)	2025-12-11T18:30:50.1572698Z   Downloading jaraco.context-6.0.1-py3-none-any.whl.metadata (4.1 kB)
PF3.0 Windows MSVC Build & Test	Build & Test (MSVC Container)	2025-12-11T18:30:50.2460541Z Collecting nh3>=0.2.14 (from readme-renderer>=35.0->twine)
PF3.0 Windows MSVC Build & Test	Build & Test (MSVC Container)	2025-12-11T18:30:50.2672627Z   Downloading nh3-0.3.2-cp38-abi3-win_amd64.whl.metadata (2.0 kB)
PF3.0 Windows MSVC Build & Test	Build & Test (MSVC Container)	2025-12-11T18:30:50.3372778Z Collecting docutils>=0.21.2 (from readme-renderer>=35.0->twine)
PF3.0 Windows MSVC Build & Test	Build & Test (MSVC Container)	2025-12-11T18:30:50.3589594Z   Downloading docutils-0.22.3-py3-none-any.whl.metadata (15 kB)
PF3.0 Windows MSVC Build & Test	Build & Test (MSVC Container)	2025-12-11T18:30:50.4313586Z Collecting Pygments>=2.5.1 (from readme-renderer>=35.0->twine)
PF3.0 Windows MSVC Build & Test	Build & Test (MSVC Container)	2025-12-11T18:30:50.4529252Z   Downloading pygments-2.19.2-py3-none-any.whl.metadata (2.5 kB)
PF3.0 Windows MSVC Build & Test	Build & Test (MSVC Container)	2025-12-11T18:30:50.5869417Z Collecting charset_normalizer<4,>=2 (from requests>=2.20->twine)
PF3.0 Windows MSVC Build & Test	Build & Test (MSVC Container)	2025-12-11T18:30:50.6080652Z   Downloading charset_normalizer-3.4.4-cp314-cp314-win_amd64.whl.metadata (38 kB)
PF3.0 Windows MSVC Build & Test	Build & Test (MSVC Container)	2025-12-11T18:30:50.6800143Z Collecting idna<4,>=2.5 (from requests>=2.20->twine)
PF3.0 Windows MSVC Build & Test	Build & Test (MSVC Container)	2025-12-11T18:30:50.7013356Z   Downloading idna-3.11-py3-none-any.whl.metadata (8.4 kB)
PF3.0 Windows MSVC Build & Test	Build & Test (MSVC Container)	2025-12-11T18:30:50.7745283Z Collecting certifi>=2017.4.17 (from requests>=2.20->twine)
PF3.0 Windows MSVC Build & Test	Build & Test (MSVC Container)	2025-12-11T18:30:50.7955423Z   Downloading certifi-2025.11.12-py3-none-any.whl.metadata (2.5 kB)
PF3.0 Windows MSVC Build & Test	Build & Test (MSVC Container)	2025-12-11T18:30:50.8704518Z Collecting markdown-it-py>=2.2.0 (from rich>=12.0.0->twine)
PF3.0 Windows MSVC Build & Test	Build & Test (MSVC Container)	2025-12-11T18:30:50.8913863Z   Downloading markdown_it_py-4.0.0-py3-none-any.whl.metadata (7.3 kB)
PF3.0 Windows MSVC Build & Test	Build & Test (MSVC Container)	2025-12-11T18:30:50.9538350Z Collecting mdurl~=0.1 (from markdown-it-py>=2.2.0->rich>=12.0.0->twine)
PF3.0 Windows MSVC Build & Test	Build & Test (MSVC Container)	2025-12-11T18:30:50.9759839Z   Downloading mdurl-0.1.2-py3-none-any.whl.metadata (1.6 kB)
PF3.0 Windows MSVC Build & Test	Build & Test (MSVC Container)	2025-12-11T18:30:51.0402842Z Collecting more-itertools (from jaraco.classes->keyring>=21.2.0->twine)
PF3.0 Windows MSVC Build & Test	Build & Test (MSVC Container)	2025-12-11T18:30:51.0619013Z   Downloading more_itertools-10.8.0-py3-none-any.whl.metadata (39 kB)
PF3.0 Windows MSVC Build & Test	Build & Test (MSVC Container)	2025-12-11T18:30:51.1262785Z Downloading build-1.3.0-py3-none-any.whl (23 kB)
PF3.0 Windows MSVC Build & Test	Build & Test (MSVC Container)	2025-12-11T18:30:51.1723482Z Downloading twine-6.2.0-py3-none-any.whl (42 kB)
PF3.0 Windows MSVC Build & Test	Build & Test (MSVC Container)	2025-12-11T18:30:51.2249129Z Downloading keyring-25.7.0-py3-none-any.whl (39 kB)
PF3.0 Windows MSVC Build & Test	Build & Test (MSVC Container)	2025-12-11T18:30:51.2722665Z Downloading packaging-25.0-py3-none-any.whl (66 kB)
PF3.0 Windows MSVC Build & Test	Build & Test (MSVC Container)	2025-12-11T18:30:51.3338728Z Downloading pywin32_ctypes-0.2.3-py3-none-any.whl (30 kB)
PF3.0 Windows MSVC Build & Test	Build & Test (MSVC Container)	2025-12-11T18:30:51.3752651Z Downloading readme_renderer-44.0-py3-none-any.whl (13 kB)
PF3.0 Windows MSVC Build & Test	Build & Test (MSVC Container)	2025-12-11T18:30:51.4197049Z Downloading docutils-0.22.3-py3-none-any.whl (633 kB)
PF3.0 Windows MSVC Build & Test	Build & Test (MSVC Container)	2025-12-11T18:30:51.4949437Z    ---------------------------------------- 633.0/633.0 kB 7.2 MB/s  0:00:00
PF3.0 Windows MSVC Build & Test	Build & Test (MSVC Container)	2025-12-11T18:30:51.5165078Z Downloading nh3-0.3.2-cp38-abi3-win_amd64.whl (596 kB)
PF3.0 Windows MSVC Build & Test	Build & Test (MSVC Container)	2025-12-11T18:30:51.5590033Z    ---------------------------------------- 596.4/596.4 kB 8.7 MB/s  0:00:00
PF3.0 Windows MSVC Build & Test	Build & Test (MSVC Container)	2025-12-11T18:30:51.5826525Z Downloading pygments-2.19.2-py3-none-any.whl (1.2 MB)
PF3.0 Windows MSVC Build & Test	Build & Test (MSVC Container)	2025-12-11T18:30:51.6471445Z    ---------------------------------------- 1.2/1.2 MB 16.2 MB/s  0:00:00
PF3.0 Windows MSVC Build & Test	Build & Test (MSVC Container)	2025-12-11T18:30:51.6685732Z Downloading requests-2.32.5-py3-none-any.whl (64 kB)
PF3.0 Windows MSVC Build & Test	Build & Test (MSVC Container)	2025-12-11T18:30:51.7153340Z Downloading charset_normalizer-3.4.4-cp314-cp314-win_amd64.whl (107 kB)
PF3.0 Windows MSVC Build & Test	Build & Test (MSVC Container)	2025-12-11T18:30:51.7686803Z Downloading idna-3.11-py3-none-any.whl (71 kB)
PF3.0 Windows MSVC Build & Test	Build & Test (MSVC Container)	2025-12-11T18:30:51.8138113Z Downloading urllib3-2.6.2-py3-none-any.whl (131 kB)
PF3.0 Windows MSVC Build & Test	Build & Test (MSVC Container)	2025-12-11T18:30:51.8713310Z Downloading certifi-2025.11.12-py3-none-any.whl (159 kB)
PF3.0 Windows MSVC Build & Test	Build & Test (MSVC Container)	2025-12-11T18:30:51.9170363Z Downloading requests_toolbelt-1.0.0-py2.py3-none-any.whl (54 kB)
PF3.0 Windows MSVC Build & Test	Build & Test (MSVC Container)	2025-12-11T18:30:51.9676313Z Downloading rfc3986-2.0.0-py2.py3-none-any.whl (31 kB)
PF3.0 Windows MSVC Build & Test	Build & Test (MSVC Container)	2025-12-11T18:30:52.0142980Z Downloading rich-14.2.0-py3-none-any.whl (243 kB)
PF3.0 Windows MSVC Build & Test	Build & Test (MSVC Container)	2025-12-11T18:30:52.0578449Z Downloading markdown_it_py-4.0.0-py3-none-any.whl (87 kB)
PF3.0 Windows MSVC Build & Test	Build & Test (MSVC Container)	2025-12-11T18:30:52.1162079Z Downloading mdurl-0.1.2-py3-none-any.whl (10.0 kB)
PF3.0 Windows MSVC Build & Test	Build & Test (MSVC Container)	2025-12-11T18:30:52.1666531Z Downloading colorama-0.4.6-py2.py3-none-any.whl (25 kB)
PF3.0 Windows MSVC Build & Test	Build & Test (MSVC Container)	2025-12-11T18:30:52.2124762Z Downloading id-1.5.0-py3-none-any.whl (13 kB)
PF3.0 Windows MSVC Build & Test	Build & Test (MSVC Container)	2025-12-11T18:30:52.2612227Z Downloading jaraco.classes-3.4.0-py3-none-any.whl (6.8 kB)
PF3.0 Windows MSVC Build & Test	Build & Test (MSVC Container)	2025-12-11T18:30:52.3126849Z Downloading jaraco.context-6.0.1-py3-none-any.whl (6.8 kB)
PF3.0 Windows MSVC Build & Test	Build & Test (MSVC Container)	2025-12-11T18:30:52.3660753Z Downloading jaraco_functools-4.3.0-py3-none-any.whl (10 kB)
PF3.0 Windows MSVC Build & Test	Build & Test (MSVC Container)	2025-12-11T18:30:52.4159887Z Downloading more_itertools-10.8.0-py3-none-any.whl (69 kB)
PF3.0 Windows MSVC Build & Test	Build & Test (MSVC Container)	2025-12-11T18:30:52.4620247Z Downloading pyproject_hooks-1.2.0-py3-none-any.whl (10 kB)
PF3.0 Windows MSVC Build & Test	Build & Test (MSVC Container)	2025-12-11T18:30:52.6102803Z Installing collected packages: urllib3, rfc3986, pywin32-ctypes, pyproject_hooks, Pygments, packaging, nh3, more-itertools, mdurl, jaraco.context, idna, docutils, colorama, charset_normalizer, certifi, requests, readme-renderer, markdown-it-py, jaraco.functools, jaraco.classes, build, rich, requests-toolbelt, keyring, id, twine
PF3.0 Windows MSVC Build & Test	Build & Test (MSVC Container)	2025-12-11T18:30:56.7361637Z 
PF3.0 Windows MSVC Build & Test	Build & Test (MSVC Container)	2025-12-11T18:30:56.7404737Z Successfully installed Pygments-2.19.2 build-1.3.0 certifi-2025.11.12 charset_normalizer-3.4.4 colorama-0.4.6 docutils-0.22.3 id-1.5.0 idna-3.11 jaraco.classes-3.4.0 jaraco.context-6.0.1 jaraco.functools-4.3.0 keyring-25.7.0 markdown-it-py-4.0.0 mdurl-0.1.2 more-itertools-10.8.0 nh3-0.3.2 packaging-25.0 pyproject_hooks-1.2.0 pywin32-ctypes-0.2.3 readme-renderer-44.0 requests-2.32.5 requests-toolbelt-1.0.0 rfc3986-2.0.0 rich-14.2.0 twine-6.2.0 urllib3-2.6.2
PF3.0 Windows MSVC Build & Test	Build & Test (MSVC Container)	2025-12-11T18:30:57.2025398Z * Creating isolated environment: venv+pip...
PF3.0 Windows MSVC Build & Test	Build & Test (MSVC Container)	2025-12-11T18:30:57.2331361Z * Installing packages in isolated environment:
PF3.0 Windows MSVC Build & Test	Build & Test (MSVC Container)	2025-12-11T18:30:57.2331972Z   - pybind11>=2.6.0
PF3.0 Windows MSVC Build & Test	Build & Test (MSVC Container)	2025-12-11T18:30:57.2332206Z   - setuptools>=68
PF3.0 Windows MSVC Build & Test	Build & Test (MSVC Container)	2025-12-11T18:30:57.2332449Z   - wheel
PF3.0 Windows MSVC Build & Test	Build & Test (MSVC Container)	2025-12-11T18:30:59.7809569Z * Getting build dependencies for sdist...
PF3.0 Windows MSVC Build & Test	Build & Test (MSVC Container)	2025-12-11T18:31:00.3346570Z DEBUG: system_name=windows, os.name=nt, sys.platform=win32
PF3.0 Windows MSVC Build & Test	Build & Test (MSVC Container)	2025-12-11T18:31:00.3347313Z Using pre-built shared archive_r library: C:\io\build\Release\archive_r_core.dll
PF3.0 Windows MSVC Build & Test	Build & Test (MSVC Container)	2025-12-11T18:31:00.3757052Z running egg_info
PF3.0 Windows MSVC Build & Test	Build & Test (MSVC Container)	2025-12-11T18:31:00.3803098Z creating archive_r_python.egg-info
PF3.0 Windows MSVC Build & Test	Build & Test (MSVC Container)	2025-12-11T18:31:00.3807114Z writing archive_r_python.egg-info\PKG-INFO
PF3.0 Windows MSVC Build & Test	Build & Test (MSVC Container)	2025-12-11T18:31:00.3820614Z writing dependency_links to archive_r_python.egg-info\dependency_links.txt
PF3.0 Windows MSVC Build & Test	Build & Test (MSVC Container)	2025-12-11T18:31:00.3827372Z writing top-level names to archive_r_python.egg-info\top_level.txt
PF3.0 Windows MSVC Build & Test	Build & Test (MSVC Container)	2025-12-11T18:31:00.3830808Z writing manifest file 'archive_r_python.egg-info\SOURCES.txt'
PF3.0 Windows MSVC Build & Test	Build & Test (MSVC Container)	2025-12-11T18:31:00.3928950Z reading manifest file 'archive_r_python.egg-info\SOURCES.txt'
PF3.0 Windows MSVC Build & Test	Build & Test (MSVC Container)	2025-12-11T18:31:00.3940799Z reading manifest template 'MANIFEST.in'
PF3.0 Windows MSVC Build & Test	Build & Test (MSVC Container)	2025-12-11T18:31:00.3962883Z warning: no files found matching '*.h' under directory 'src'
PF3.0 Windows MSVC Build & Test	Build & Test (MSVC Container)	2025-12-11T18:31:00.4031272Z adding license file 'LICENSE.txt'
PF3.0 Windows MSVC Build & Test	Build & Test (MSVC Container)	2025-12-11T18:31:00.4066001Z writing manifest file 'archive_r_python.egg-info\SOURCES.txt'
PF3.0 Windows MSVC Build & Test	Build & Test (MSVC Container)	2025-12-11T18:31:00.4423105Z * Building sdist...
PF3.0 Windows MSVC Build & Test	Build & Test (MSVC Container)	2025-12-11T18:31:00.7404885Z DEBUG: system_name=windows, os.name=nt, sys.platform=win32
PF3.0 Windows MSVC Build & Test	Build & Test (MSVC Container)	2025-12-11T18:31:00.7407118Z Using pre-built shared archive_r library: C:\io\build\Release\archive_r_core.dll
PF3.0 Windows MSVC Build & Test	Build & Test (MSVC Container)	2025-12-11T18:31:00.7463811Z running sdist
PF3.0 Windows MSVC Build & Test	Build & Test (MSVC Container)	2025-12-11T18:31:00.7466825Z running egg_info
PF3.0 Windows MSVC Build & Test	Build & Test (MSVC Container)	2025-12-11T18:31:00.7599097Z writing archive_r_python.egg-info\PKG-INFO
PF3.0 Windows MSVC Build & Test	Build & Test (MSVC Container)	2025-12-11T18:31:00.7613652Z writing dependency_links to archive_r_python.egg-info\dependency_links.txt
PF3.0 Windows MSVC Build & Test	Build & Test (MSVC Container)	2025-12-11T18:31:00.7619775Z writing top-level names to archive_r_python.egg-info\top_level.txt
PF3.0 Windows MSVC Build & Test	Build & Test (MSVC Container)	2025-12-11T18:31:00.7720388Z reading manifest file 'archive_r_python.egg-info\SOURCES.txt'
PF3.0 Windows MSVC Build & Test	Build & Test (MSVC Container)	2025-12-11T18:31:00.7764317Z reading manifest template 'MANIFEST.in'
PF3.0 Windows MSVC Build & Test	Build & Test (MSVC Container)	2025-12-11T18:31:00.7786870Z warning: no files found matching '*.h' under directory 'src'
PF3.0 Windows MSVC Build & Test	Build & Test (MSVC Container)	2025-12-11T18:31:00.7859602Z adding license file 'LICENSE.txt'
PF3.0 Windows MSVC Build & Test	Build & Test (MSVC Container)	2025-12-11T18:31:00.7898932Z writing manifest file 'archive_r_python.egg-info\SOURCES.txt'
PF3.0 Windows MSVC Build & Test	Build & Test (MSVC Container)	2025-12-11T18:31:00.7904399Z running check
PF3.0 Windows MSVC Build & Test	Build & Test (MSVC Container)	2025-12-11T18:31:00.7973220Z creating archive_r_python-0.1.6
PF3.0 Windows MSVC Build & Test	Build & Test (MSVC Container)	2025-12-11T18:31:00.7980194Z creating archive_r_python-0.1.6\_vendor\archive_r\include\archive_r
PF3.0 Windows MSVC Build & Test	Build & Test (MSVC Container)	2025-12-11T18:31:00.7987927Z creating archive_r_python-0.1.6\_vendor\archive_r\src
PF3.0 Windows MSVC Build & Test	Build & Test (MSVC Container)	2025-12-11T18:31:00.7990103Z creating archive_r_python-0.1.6\archive_r_python.egg-info
PF3.0 Windows MSVC Build & Test	Build & Test (MSVC Container)	2025-12-11T18:31:00.7994196Z creating archive_r_python-0.1.6\examples
PF3.0 Windows MSVC Build & Test	Build & Test (MSVC Container)	2025-12-11T18:31:00.7996250Z creating archive_r_python-0.1.6\src
PF3.0 Windows MSVC Build & Test	Build & Test (MSVC Container)	2025-12-11T18:31:00.7998775Z creating archive_r_python-0.1.6\test
PF3.0 Windows MSVC Build & Test	Build & Test (MSVC Container)	2025-12-11T18:31:00.8001813Z creating archive_r_python-0.1.6\tools
PF3.0 Windows MSVC Build & Test	Build & Test (MSVC Container)	2025-12-11T18:31:00.8004080Z copying files to archive_r_python-0.1.6...
PF3.0 Windows MSVC Build & Test	Build & Test (MSVC Container)	2025-12-11T18:31:00.8007915Z copying LICENSE.txt -> archive_r_python-0.1.6
PF3.0 Windows MSVC Build & Test	Build & Test (MSVC Container)	2025-12-11T18:31:00.8021122Z copying MANIFEST.in -> archive_r_python-0.1.6
PF3.0 Windows MSVC Build & Test	Build & Test (MSVC Container)	2025-12-11T18:31:00.8030163Z copying README.md -> archive_r_python-0.1.6
PF3.0 Windows MSVC Build & Test	Build & Test (MSVC Container)	2025-12-11T18:31:00.8038891Z copying VERSION -> archive_r_python-0.1.6
PF3.0 Windows MSVC Build & Test	Build & Test (MSVC Container)	2025-12-11T18:31:00.8046997Z copying pyproject.toml -> archive_r_python-0.1.6
PF3.0 Windows MSVC Build & Test	Build & Test (MSVC Container)	2025-12-11T18:31:00.8055129Z copying setup.cfg -> archive_r_python-0.1.6
PF3.0 Windows MSVC Build & Test	Build & Test (MSVC Container)	2025-12-11T18:31:00.8063394Z copying setup.py -> archive_r_python-0.1.6
PF3.0 Windows MSVC Build & Test	Build & Test (MSVC Container)	2025-12-11T18:31:00.8103315Z copying _vendor\archive_r\include\archive_r\data_stream.h -> archive_r_python-0.1.6\_vendor\archive_r\include\archive_r
PF3.0 Windows MSVC Build & Test	Build & Test (MSVC Container)	2025-12-11T18:31:00.8111579Z copying _vendor\archive_r\include\archive_r\entry.h -> archive_r_python-0.1.6\_vendor\archive_r\include\archive_r
PF3.0 Windows MSVC Build & Test	Build & Test (MSVC Container)	2025-12-11T18:31:00.8122304Z copying _vendor\archive_r\include\archive_r\entry_fault.h -> archive_r_python-0.1.6\_vendor\archive_r\include\archive_r
PF3.0 Windows MSVC Build & Test	Build & Test (MSVC Container)	2025-12-11T18:31:00.8130859Z copying _vendor\archive_r\include\archive_r\entry_metadata.h -> archive_r_python-0.1.6\_vendor\archive_r\include\archive_r
PF3.0 Windows MSVC Build & Test	Build & Test (MSVC Container)	2025-12-11T18:31:00.8139956Z copying _vendor\archive_r\include\archive_r\multi_volume_stream_base.h -> archive_r_python-0.1.6\_vendor\archive_r\include\archive_r
PF3.0 Windows MSVC Build & Test	Build & Test (MSVC Container)	2025-12-11T18:31:00.8147785Z copying _vendor\archive_r\include\archive_r\path_hierarchy.h -> archive_r_python-0.1.6\_vendor\archive_r\include\archive_r
PF3.0 Windows MSVC Build & Test	Build & Test (MSVC Container)	2025-12-11T18:31:00.8157860Z copying _vendor\archive_r\include\archive_r\path_hierarchy_utils.h -> archive_r_python-0.1.6\_vendor\archive_r\include\archive_r
PF3.0 Windows MSVC Build & Test	Build & Test (MSVC Container)	2025-12-11T18:31:00.8165958Z copying _vendor\archive_r\include\archive_r\platform_compat.h -> archive_r_python-0.1.6\_vendor\archive_r\include\archive_r
PF3.0 Windows MSVC Build & Test	Build & Test (MSVC Container)	2025-12-11T18:31:00.8174000Z copying _vendor\archive_r\include\archive_r\traverser.h -> archive_r_python-0.1.6\_vendor\archive_r\include\archive_r
PF3.0 Windows MSVC Build & Test	Build & Test (MSVC Container)	2025-12-11T18:31:00.8183180Z copying _vendor\archive_r\src\archive_stack_cursor.cc -> archive_r_python-0.1.6\_vendor\archive_r\src
PF3.0 Windows MSVC Build & Test	Build & Test (MSVC Container)	2025-12-11T18:31:00.8196701Z copying _vendor\archive_r\src\archive_stack_cursor.h -> archive_r_python-0.1.6\_vendor\archive_r\src
PF3.0 Windows MSVC Build & Test	Build & Test (MSVC Container)	2025-12-11T18:31:00.8206312Z copying _vendor\archive_r\src\archive_stack_orchestrator.cc -> archive_r_python-0.1.6\_vendor\archive_r\src
PF3.0 Windows MSVC Build & Test	Build & Test (MSVC Container)	2025-12-11T18:31:00.8214542Z copying _vendor\archive_r\src\archive_stack_orchestrator.h -> archive_r_python-0.1.6\_vendor\archive_r\src
PF3.0 Windows MSVC Build & Test	Build & Test (MSVC Container)	2025-12-11T18:31:00.8223628Z copying _vendor\archive_r\src\archive_type.cc -> archive_r_python-0.1.6\_vendor\archive_r\src
PF3.0 Windows MSVC Build & Test	Build & Test (MSVC Container)	2025-12-11T18:31:00.8232161Z copying _vendor\archive_r\src\archive_type.h -> archive_r_python-0.1.6\_vendor\archive_r\src
PF3.0 Windows MSVC Build & Test	Build & Test (MSVC Container)	2025-12-11T18:31:00.8242584Z copying _vendor\archive_r\src\data_stream.cc -> archive_r_python-0.1.6\_vendor\archive_r\src
PF3.0 Windows MSVC Build & Test	Build & Test (MSVC Container)	2025-12-11T18:31:00.8250521Z copying _vendor\archive_r\src\entry.cc -> archive_r_python-0.1.6\_vendor\archive_r\src
PF3.0 Windows MSVC Build & Test	Build & Test (MSVC Container)	2025-12-11T18:31:00.8259697Z copying _vendor\archive_r\src\entry_fault.cc -> archive_r_python-0.1.6\_vendor\archive_r\src
PF3.0 Windows MSVC Build & Test	Build & Test (MSVC Container)	2025-12-11T18:31:00.8267734Z copying _vendor\archive_r\src\entry_fault_error.cc -> archive_r_python-0.1.6\_vendor\archive_r\src
PF3.0 Windows MSVC Build & Test	Build & Test (MSVC Container)	2025-12-11T18:31:00.8276022Z copying _vendor\archive_r\src\entry_fault_error.h -> archive_r_python-0.1.6\_vendor\archive_r\src
PF3.0 Windows MSVC Build & Test	Build & Test (MSVC Container)	2025-12-11T18:31:00.8284055Z copying _vendor\archive_r\src\entry_impl.h -> archive_r_python-0.1.6\_vendor\archive_r\src
PF3.0 Windows MSVC Build & Test	Build & Test (MSVC Container)	2025-12-11T18:31:00.8293184Z copying _vendor\archive_r\src\multi_volume_manager.cc -> archive_r_python-0.1.6\_vendor\archive_r\src
PF3.0 Windows MSVC Build & Test	Build & Test (MSVC Container)	2025-12-11T18:31:00.8301316Z copying _vendor\archive_r\src\multi_volume_manager.h -> archive_r_python-0.1.6\_vendor\archive_r\src
PF3.0 Windows MSVC Build & Test	Build & Test (MSVC Container)	2025-12-11T18:31:00.8309254Z copying _vendor\archive_r\src\multi_volume_stream_base.cc -> archive_r_python-0.1.6\_vendor\archive_r\src
PF3.0 Windows MSVC Build & Test	Build & Test (MSVC Container)	2025-12-11T18:31:00.8317416Z copying _vendor\archive_r\src\path_hierarchy.cc -> archive_r_python-0.1.6\_vendor\archive_r\src
PF3.0 Windows MSVC Build & Test	Build & Test (MSVC Container)	2025-12-11T18:31:00.8325523Z copying _vendor\archive_r\src\path_hierarchy_utils.cc -> archive_r_python-0.1.6\_vendor\archive_r\src
PF3.0 Windows MSVC Build & Test	Build & Test (MSVC Container)	2025-12-11T18:31:00.8332964Z copying _vendor\archive_r\src\simple_profiler.h -> archive_r_python-0.1.6\_vendor\archive_r\src
PF3.0 Windows MSVC Build & Test	Build & Test (MSVC Container)	2025-12-11T18:31:00.8340328Z copying _vendor\archive_r\src\system_file_stream.cc -> archive_r_python-0.1.6\_vendor\archive_r\src
PF3.0 Windows MSVC Build & Test	Build & Test (MSVC Container)	2025-12-11T18:31:00.8347890Z copying _vendor\archive_r\src\system_file_stream.h -> archive_r_python-0.1.6\_vendor\archive_r\src
PF3.0 Windows MSVC Build & Test	Build & Test (MSVC Container)	2025-12-11T18:31:00.8356064Z copying _vendor\archive_r\src\traverser.cc -> archive_r_python-0.1.6\_vendor\archive_r\src
PF3.0 Windows MSVC Build & Test	Build & Test (MSVC Container)	2025-12-11T18:31:00.8364374Z copying archive_r_python.egg-info\PKG-INFO -> archive_r_python-0.1.6\archive_r_python.egg-info
PF3.0 Windows MSVC Build & Test	Build & Test (MSVC Container)	2025-12-11T18:31:00.8372316Z copying archive_r_python.egg-info\SOURCES.txt -> archive_r_python-0.1.6\archive_r_python.egg-info
PF3.0 Windows MSVC Build & Test	Build & Test (MSVC Container)	2025-12-11T18:31:00.8379840Z copying archive_r_python.egg-info\dependency_links.txt -> archive_r_python-0.1.6\archive_r_python.egg-info
PF3.0 Windows MSVC Build & Test	Build & Test (MSVC Container)	2025-12-11T18:31:00.8387047Z copying archive_r_python.egg-info\not-zip-safe -> archive_r_python-0.1.6\archive_r_python.egg-info
PF3.0 Windows MSVC Build & Test	Build & Test (MSVC Container)	2025-12-11T18:31:00.8394523Z copying archive_r_python.egg-info\top_level.txt -> archive_r_python-0.1.6\archive_r_python.egg-info
PF3.0 Windows MSVC Build & Test	Build & Test (MSVC Container)	2025-12-11T18:31:00.8402381Z copying examples\traverse_archive.py -> archive_r_python-0.1.6\examples
PF3.0 Windows MSVC Build & Test	Build & Test (MSVC Container)	2025-12-11T18:31:00.8413445Z copying src\archive_r_py.cc -> archive_r_python-0.1.6\src
PF3.0 Windows MSVC Build & Test	Build & Test (MSVC Container)	2025-12-11T18:31:00.8422425Z copying test\test_traverser.py -> archive_r_python-0.1.6\test
PF3.0 Windows MSVC Build & Test	Build & Test (MSVC Container)	2025-12-11T18:31:00.8433394Z copying tools\build-deps-macos.sh -> archive_r_python-0.1.6\tools
PF3.0 Windows MSVC Build & Test	Build & Test (MSVC Container)	2025-12-11T18:31:00.8446542Z copying tools\build-deps-manylinux.sh -> archive_r_python-0.1.6\tools
PF3.0 Windows MSVC Build & Test	Build & Test (MSVC Container)	2025-12-11T18:31:00.8458438Z copying archive_r_python.egg-info\SOURCES.txt -> archive_r_python-0.1.6\archive_r_python.egg-info
PF3.0 Windows MSVC Build & Test	Build & Test (MSVC Container)	2025-12-11T18:31:00.8482611Z Writing archive_r_python-0.1.6\setup.cfg
PF3.0 Windows MSVC Build & Test	Build & Test (MSVC Container)	2025-12-11T18:31:00.8488855Z Creating tar archive
PF3.0 Windows MSVC Build & Test	Build & Test (MSVC Container)	2025-12-11T18:31:00.8753915Z removing 'archive_r_python-0.1.6' (and everything under it)
PF3.0 Windows MSVC Build & Test	Build & Test (MSVC Container)	2025-12-11T18:31:01.0462706Z * Creating isolated environment: venv+pip...
PF3.0 Windows MSVC Build & Test	Build & Test (MSVC Container)	2025-12-11T18:31:01.0556705Z * Installing packages in isolated environment:
PF3.0 Windows MSVC Build & Test	Build & Test (MSVC Container)	2025-12-11T18:31:01.0557764Z   - pybind11>=2.6.0
PF3.0 Windows MSVC Build & Test	Build & Test (MSVC Container)	2025-12-11T18:31:01.0558077Z   - setuptools>=68
PF3.0 Windows MSVC Build & Test	Build & Test (MSVC Container)	2025-12-11T18:31:01.0558286Z   - wheel
PF3.0 Windows MSVC Build & Test	Build & Test (MSVC Container)	2025-12-11T18:31:03.0201767Z * Getting build dependencies for wheel...
PF3.0 Windows MSVC Build & Test	Build & Test (MSVC Container)	2025-12-11T18:31:03.5648077Z DEBUG: system_name=windows, os.name=nt, sys.platform=win32
PF3.0 Windows MSVC Build & Test	Build & Test (MSVC Container)	2025-12-11T18:31:03.5648647Z Using pre-built shared archive_r library: C:\io\build\Release\archive_r_core.dll
PF3.0 Windows MSVC Build & Test	Build & Test (MSVC Container)	2025-12-11T18:31:03.6057310Z running egg_info
PF3.0 Windows MSVC Build & Test	Build & Test (MSVC Container)	2025-12-11T18:31:03.6116018Z writing archive_r_python.egg-info\PKG-INFO
PF3.0 Windows MSVC Build & Test	Build & Test (MSVC Container)	2025-12-11T18:31:03.6132746Z writing dependency_links to archive_r_python.egg-info\dependency_links.txt
PF3.0 Windows MSVC Build & Test	Build & Test (MSVC Container)	2025-12-11T18:31:03.6137842Z writing top-level names to archive_r_python.egg-info\top_level.txt
PF3.0 Windows MSVC Build & Test	Build & Test (MSVC Container)	2025-12-11T18:31:03.6251100Z reading manifest file 'archive_r_python.egg-info\SOURCES.txt'
PF3.0 Windows MSVC Build & Test	Build & Test (MSVC Container)	2025-12-11T18:31:03.6294508Z reading manifest template 'MANIFEST.in'
PF3.0 Windows MSVC Build & Test	Build & Test (MSVC Container)	2025-12-11T18:31:03.6333707Z warning: no files found matching '*.h' under directory 'src'
PF3.0 Windows MSVC Build & Test	Build & Test (MSVC Container)	2025-12-11T18:31:03.6417916Z adding license file 'LICENSE.txt'
PF3.0 Windows MSVC Build & Test	Build & Test (MSVC Container)	2025-12-11T18:31:03.6439881Z writing manifest file 'archive_r_python.egg-info\SOURCES.txt'
PF3.0 Windows MSVC Build & Test	Build & Test (MSVC Container)	2025-12-11T18:31:03.6864344Z * Building wheel...
PF3.0 Windows MSVC Build & Test	Build & Test (MSVC Container)	2025-12-11T18:31:03.9907152Z DEBUG: system_name=windows, os.name=nt, sys.platform=win32
PF3.0 Windows MSVC Build & Test	Build & Test (MSVC Container)	2025-12-11T18:31:03.9907735Z Using pre-built shared archive_r library: C:\io\build\Release\archive_r_core.dll
PF3.0 Windows MSVC Build & Test	Build & Test (MSVC Container)	2025-12-11T18:31:04.0242736Z running bdist_wheel
PF3.0 Windows MSVC Build & Test	Build & Test (MSVC Container)	2025-12-11T18:31:04.0404870Z running build
PF3.0 Windows MSVC Build & Test	Build & Test (MSVC Container)	2025-12-11T18:31:04.0405246Z running build_ext
PF3.0 Windows MSVC Build & Test	Build & Test (MSVC Container)	2025-12-11T18:31:04.0875342Z building 'archive_r' extension
PF3.0 Windows MSVC Build & Test	Build & Test (MSVC Container)	2025-12-11T18:31:07.7820348Z creating build\temp.win-amd64-cpython-314\Release\src
PF3.0 Windows MSVC Build & Test	Build & Test (MSVC Container)	2025-12-11T18:31:07.7835407Z "C:\Program Files (x86)\Microsoft Visual Studio\2022\BuildTools\VC\Tools\MSVC\14.44.35207\bin\HostX86\x64\cl.exe" /c /nologo /O2 /W3 /GL /DNDEBUG /MD -DARCHIVE_R_VERSION=\"0.1.6\" -IC:\Users\ContainerAdministrator\AppData\Local\Temp\build-env-op3vpfnj\Lib\site-packages\pybind11\include -IC:\io\include -IC:\io\src -IC:\vcpkg\installed\x64-windows-release\include -IC:\Users\ContainerAdministrator\AppData\Local\Temp\build-env-op3vpfnj\include -IC:\Python314\include -IC:\Python314\Include "-IC:\Program Files (x86)\Microsoft Visual Studio\2022\BuildTools\VC\Tools\MSVC\14.44.35207\include" "-IC:\Program Files (x86)\Microsoft Visual Studio\2022\BuildTools\VC\Auxiliary\VS\include" "-IC:\Program Files (x86)\Windows Kits\10\include\10.0.26100.0\ucrt" "-IC:\Program Files (x86)\Windows Kits\10\\include\10.0.26100.0\\um" "-IC:\Program Files (x86)\Windows Kits\10\\include\10.0.26100.0\\shared" "-IC:\Program Files (x86)\Windows Kits\10\\include\10.0.26100.0\\winrt" "-IC:\Program Files (x86)\Windows Kits\10\\include\10.0.26100.0\\cppwinrt" /EHsc /Tpsrc/archive_r_py.cc /Fobuild\temp.win-amd64-cpython-314\Release\src\archive_r_py.obj /std:c++17 /EHsc /DNOMINMAX
PF3.0 Windows MSVC Build & Test	Build & Test (MSVC Container)	2025-12-11T18:31:07.8024957Z archive_r_py.cc
PF3.0 Windows MSVC Build & Test	Build & Test (MSVC Container)	2025-12-11T18:31:12.2551997Z creating C:\io\bindings\python\build\lib.win-amd64-cpython-314
PF3.0 Windows MSVC Build & Test	Build & Test (MSVC Container)	2025-12-11T18:31:12.2558876Z "C:\Program Files (x86)\Microsoft Visual Studio\2022\BuildTools\VC\Tools\MSVC\14.44.35207\bin\HostX86\x64\link.exe" /nologo /INCREMENTAL:NO /LTCG /DLL /MANIFEST:EMBED,ID=2 /MANIFESTUAC:NO /LIBPATH:C:\vcpkg\installed\x64-windows-release\lib /LIBPATH:C:\io\build\Release /LIBPATH:C:\io\bindings\python\.libs /LIBPATH:C:\Users\ContainerAdministrator\AppData\Local\Temp\build-env-op3vpfnj\libs /LIBPATH:C:\Python314\libs /LIBPATH:C:\Python314 /LIBPATH:C:\Users\ContainerAdministrator\AppData\Local\Temp\build-env-op3vpfnj\PCbuild\amd64 "/LIBPATH:C:\Program Files (x86)\Microsoft Visual Studio\2022\BuildTools\VC\Tools\MSVC\14.44.35207\lib\x64" "/LIBPATH:C:\Program Files (x86)\Windows Kits\10\lib\10.0.26100.0\ucrt\x64" "/LIBPATH:C:\Program Files (x86)\Windows Kits\10\\lib\10.0.26100.0\\um\x64" archive.lib archive_r_core.lib /EXPORT:PyInit_archive_r build\temp.win-amd64-cpython-314\Release\src\archive_r_py.obj /OUT:build\lib.win-amd64-cpython-314\archive_r.cp314-win_amd64.pyd /IMPLIB:build\temp.win-amd64-cpython-314\Release\src\archive_r.cp314-win_amd64.lib
PF3.0 Windows MSVC Build & Test	Build & Test (MSVC Container)	2025-12-11T18:31:12.3523105Z    Creating library build\temp.win-amd64-cpython-314\Release\src\archive_r.cp314-win_amd64.lib and object build\temp.win-amd64-cpython-314\Release\src\archive_r.cp314-win_amd64.exp
PF3.0 Windows MSVC Build & Test	Build & Test (MSVC Container)	2025-12-11T18:31:12.3580292Z Generating code
PF3.0 Windows MSVC Build & Test	Build & Test (MSVC Container)	2025-12-11T18:31:16.6048595Z Finished generating code
PF3.0 Windows MSVC Build & Test	Build & Test (MSVC Container)	2025-12-11T18:31:16.8014935Z installing to build\bdist.win-amd64\wheel
PF3.0 Windows MSVC Build & Test	Build & Test (MSVC Container)	2025-12-11T18:31:16.8015850Z running install
PF3.0 Windows MSVC Build & Test	Build & Test (MSVC Container)	2025-12-11T18:31:16.8026621Z running install_lib
PF3.0 Windows MSVC Build & Test	Build & Test (MSVC Container)	2025-12-11T18:31:16.8116578Z creating build\bdist.win-amd64\wheel
PF3.0 Windows MSVC Build & Test	Build & Test (MSVC Container)	2025-12-11T18:31:16.8122998Z copying build\lib.win-amd64-cpython-314\archive_r.cp314-win_amd64.pyd -> build\bdist.win-amd64\wheel\.
PF3.0 Windows MSVC Build & Test	Build & Test (MSVC Container)	2025-12-11T18:31:16.8135536Z running install_data
PF3.0 Windows MSVC Build & Test	Build & Test (MSVC Container)	2025-12-11T18:31:16.8188870Z creating build\bdist.win-amd64\wheel\archive_r_python-0.1.6.data\data
PF3.0 Windows MSVC Build & Test	Build & Test (MSVC Container)	2025-12-11T18:31:16.8195142Z creating build\bdist.win-amd64\wheel\archive_r_python-0.1.6.data\data\.libs
PF3.0 Windows MSVC Build & Test	Build & Test (MSVC Container)	2025-12-11T18:31:16.8202607Z copying C:\io\bindings\python\.libs\archive.dll -> build\bdist.win-amd64\wheel\archive_r_python-0.1.6.data\data\.libs
PF3.0 Windows MSVC Build & Test	Build & Test (MSVC Container)	2025-12-11T18:31:16.8220752Z copying C:\io\bindings\python\.libs\bz2.dll -> build\bdist.win-amd64\wheel\archive_r_python-0.1.6.data\data\.libs
PF3.0 Windows MSVC Build & Test	Build & Test (MSVC Container)	2025-12-11T18:31:16.8232818Z copying C:\io\bindings\python\.libs\legacy.dll -> build\bdist.win-amd64\wheel\archive_r_python-0.1.6.data\data\.libs
PF3.0 Windows MSVC Build & Test	Build & Test (MSVC Container)	2025-12-11T18:31:16.8245271Z copying C:\io\bindings\python\.libs\libcrypto-3-x64.dll -> build\bdist.win-amd64\wheel\archive_r_python-0.1.6.data\data\.libs
PF3.0 Windows MSVC Build & Test	Build & Test (MSVC Container)	2025-12-11T18:31:16.8289913Z copying C:\io\bindings\python\.libs\liblzma.dll -> build\bdist.win-amd64\wheel\archive_r_python-0.1.6.data\data\.libs
PF3.0 Windows MSVC Build & Test	Build & Test (MSVC Container)	2025-12-11T18:31:16.8299708Z copying C:\io\bindings\python\.libs\libssl-3-x64.dll -> build\bdist.win-amd64\wheel\archive_r_python-0.1.6.data\data\.libs
PF3.0 Windows MSVC Build & Test	Build & Test (MSVC Container)	2025-12-11T18:31:16.8319364Z copying C:\io\bindings\python\.libs\lz4.dll -> build\bdist.win-amd64\wheel\archive_r_python-0.1.6.data\data\.libs
PF3.0 Windows MSVC Build & Test	Build & Test (MSVC Container)	2025-12-11T18:31:16.8332028Z copying C:\io\bindings\python\.libs\zlib1.dll -> build\bdist.win-amd64\wheel\archive_r_python-0.1.6.data\data\.libs
PF3.0 Windows MSVC Build & Test	Build & Test (MSVC Container)	2025-12-11T18:31:16.8344875Z copying C:\io\bindings\python\.libs\zstd.dll -> build\bdist.win-amd64\wheel\archive_r_python-0.1.6.data\data\.libs
PF3.0 Windows MSVC Build & Test	Build & Test (MSVC Container)	2025-12-11T18:31:16.8357751Z copying C:\io\bindings\python\.libs\archive_r_core.dll -> build\bdist.win-amd64\wheel\archive_r_python-0.1.6.data\data\.libs
PF3.0 Windows MSVC Build & Test	Build & Test (MSVC Container)	2025-12-11T18:31:16.8370728Z running install_egg_info
PF3.0 Windows MSVC Build & Test	Build & Test (MSVC Container)	2025-12-11T18:31:16.8490896Z running egg_info
PF3.0 Windows MSVC Build & Test	Build & Test (MSVC Container)	2025-12-11T18:31:16.8534137Z writing archive_r_python.egg-info\PKG-INFO
PF3.0 Windows MSVC Build & Test	Build & Test (MSVC Container)	2025-12-11T18:31:16.8547135Z writing dependency_links to archive_r_python.egg-info\dependency_links.txt
PF3.0 Windows MSVC Build & Test	Build & Test (MSVC Container)	2025-12-11T18:31:16.8554605Z writing top-level names to archive_r_python.egg-info\top_level.txt
PF3.0 Windows MSVC Build & Test	Build & Test (MSVC Container)	2025-12-11T18:31:16.8653589Z reading manifest file 'archive_r_python.egg-info\SOURCES.txt'
PF3.0 Windows MSVC Build & Test	Build & Test (MSVC Container)	2025-12-11T18:31:16.8698651Z reading manifest template 'MANIFEST.in'
PF3.0 Windows MSVC Build & Test	Build & Test (MSVC Container)	2025-12-11T18:31:16.8721025Z warning: no files found matching '*.h' under directory 'src'
PF3.0 Windows MSVC Build & Test	Build & Test (MSVC Container)	2025-12-11T18:31:16.8819188Z adding license file 'LICENSE.txt'
PF3.0 Windows MSVC Build & Test	Build & Test (MSVC Container)	2025-12-11T18:31:16.8864711Z writing manifest file 'archive_r_python.egg-info\SOURCES.txt'
PF3.0 Windows MSVC Build & Test	Build & Test (MSVC Container)	2025-12-11T18:31:16.8871298Z Copying archive_r_python.egg-info to build\bdist.win-amd64\wheel\.\archive_r_python-0.1.6-py3.14.egg-info
PF3.0 Windows MSVC Build & Test	Build & Test (MSVC Container)	2025-12-11T18:31:16.8936203Z running install_scripts
PF3.0 Windows MSVC Build & Test	Build & Test (MSVC Container)	2025-12-11T18:31:16.8995786Z creating build\bdist.win-amd64\wheel\archive_r_python-0.1.6.dist-info\WHEEL
PF3.0 Windows MSVC Build & Test	Build & Test (MSVC Container)	2025-12-11T18:31:16.9003870Z creating 'C:\io\build\bindings\python\dist\.tmp-cq99ouof\archive_r_python-0.1.6-cp314-cp314-win_amd64.whl' and adding 'build\bdist.win-amd64\wheel' to it
PF3.0 Windows MSVC Build & Test	Build & Test (MSVC Container)	2025-12-11T18:31:16.9085702Z adding 'archive_r.cp314-win_amd64.pyd'
PF3.0 Windows MSVC Build & Test	Build & Test (MSVC Container)	2025-12-11T18:31:16.9327468Z adding 'archive_r_python-0.1.6.data/data/.libs/archive.dll'
PF3.0 Windows MSVC Build & Test	Build & Test (MSVC Container)	2025-12-11T18:31:16.9491453Z adding 'archive_r_python-0.1.6.data/data/.libs/archive_r_core.dll'
PF3.0 Windows MSVC Build & Test	Build & Test (MSVC Container)	2025-12-11T18:31:16.9528837Z adding 'archive_r_python-0.1.6.data/data/.libs/bz2.dll'
PF3.0 Windows MSVC Build & Test	Build & Test (MSVC Container)	2025-12-11T18:31:16.9563043Z adding 'archive_r_python-0.1.6.data/data/.libs/legacy.dll'
PF3.0 Windows MSVC Build & Test	Build & Test (MSVC Container)	2025-12-11T18:31:17.0698753Z adding 'archive_r_python-0.1.6.data/data/.libs/libcrypto-3-x64.dll'
PF3.0 Windows MSVC Build & Test	Build & Test (MSVC Container)	2025-12-11T18:31:17.0788018Z adding 'archive_r_python-0.1.6.data/data/.libs/liblzma.dll'
PF3.0 Windows MSVC Build & Test	Build & Test (MSVC Container)	2025-12-11T18:31:17.1040501Z adding 'archive_r_python-0.1.6.data/data/.libs/libssl-3-x64.dll'
PF3.0 Windows MSVC Build & Test	Build & Test (MSVC Container)	2025-12-11T18:31:17.1085290Z adding 'archive_r_python-0.1.6.data/data/.libs/lz4.dll'
PF3.0 Windows MSVC Build & Test	Build & Test (MSVC Container)	2025-12-11T18:31:17.1118996Z adding 'archive_r_python-0.1.6.data/data/.libs/zlib1.dll'
PF3.0 Windows MSVC Build & Test	Build & Test (MSVC Container)	2025-12-11T18:31:17.1274385Z adding 'archive_r_python-0.1.6.data/data/.libs/zstd.dll'
PF3.0 Windows MSVC Build & Test	Build & Test (MSVC Container)	2025-12-11T18:31:17.1289996Z adding 'archive_r_python-0.1.6.dist-info/licenses/LICENSE.txt'
PF3.0 Windows MSVC Build & Test	Build & Test (MSVC Container)	2025-12-11T18:31:17.1297271Z adding 'archive_r_python-0.1.6.dist-info/METADATA'
PF3.0 Windows MSVC Build & Test	Build & Test (MSVC Container)	2025-12-11T18:31:17.1303516Z adding 'archive_r_python-0.1.6.dist-info/WHEEL'
PF3.0 Windows MSVC Build & Test	Build & Test (MSVC Container)	2025-12-11T18:31:17.1307029Z adding 'archive_r_python-0.1.6.dist-info/top_level.txt'
PF3.0 Windows MSVC Build & Test	Build & Test (MSVC Container)	2025-12-11T18:31:17.1310507Z adding 'archive_r_python-0.1.6.dist-info/RECORD'
PF3.0 Windows MSVC Build & Test	Build & Test (MSVC Container)	2025-12-11T18:31:17.1313340Z removing build\bdist.win-amd64\wheel
PF3.0 Windows MSVC Build & Test	Build & Test (MSVC Container)	2025-12-11T18:31:17.3125794Z Successfully built archive_r_python-0.1.6.tar.gz and archive_r_python-0.1.6-cp314-cp314-win_amd64.whl
PF3.0 Windows MSVC Build & Test	Build & Test (MSVC Container)	2025-12-11T18:31:17.3754957Z [0;34mâ–¶[0m Running twine check on built artifacts...
PF3.0 Windows MSVC Build & Test	Build & Test (MSVC Container)	2025-12-11T18:31:17.8067226Z Checking 
PF3.0 Windows MSVC Build & Test	Build & Test (MSVC Container)	2025-12-11T18:31:17.8068034Z C:/io/build/bindings/python/dist/archive_r_python-0.1.6-cp314-cp314-win_amd64.w
PF3.0 Windows MSVC Build & Test	Build & Test (MSVC Container)	2025-12-11T18:31:17.8212150Z hl: PASSED
PF3.0 Windows MSVC Build & Test	Build & Test (MSVC Container)	2025-12-11T18:31:17.8301637Z Checking C:/io/build/bindings/python/dist/archive_r_python-0.1.6.tar.gz: PASSED
PF3.0 Windows MSVC Build & Test	Build & Test (MSVC Container)	2025-12-11T18:31:17.8789013Z [0;34mâ–¶[0m Verifying Python wheel inside temporary virtual environment...
PF3.0 Windows MSVC Build & Test	Build & Test (MSVC Container)	2025-12-11T18:31:22.5501008Z Requirement already satisfied: pip in c:\io\build\bindings\python\package_test_env\lib\site-packages (25.2)
PF3.0 Windows MSVC Build & Test	Build & Test (MSVC Container)	2025-12-11T18:31:22.6424585Z Collecting pip
PF3.0 Windows MSVC Build & Test	Build & Test (MSVC Container)	2025-12-11T18:31:22.6447896Z   Using cached pip-25.3-py3-none-any.whl.metadata (4.7 kB)
PF3.0 Windows MSVC Build & Test	Build & Test (MSVC Container)	2025-12-11T18:31:22.6522727Z Using cached pip-25.3-py3-none-any.whl (1.8 MB)
PF3.0 Windows MSVC Build & Test	Build & Test (MSVC Container)	2025-12-11T18:31:22.7029276Z Installing collected packages: pip
PF3.0 Windows MSVC Build & Test	Build & Test (MSVC Container)	2025-12-11T18:31:22.7029819Z   Attempting uninstall: pip
PF3.0 Windows MSVC Build & Test	Build & Test (MSVC Container)	2025-12-11T18:31:22.7079332Z     Found existing installation: pip 25.2
PF3.0 Windows MSVC Build & Test	Build & Test (MSVC Container)	2025-12-11T18:31:22.8585670Z     Uninstalling pip-25.2:
PF3.0 Windows MSVC Build & Test	Build & Test (MSVC Container)	2025-12-11T18:31:22.8893924Z       Successfully uninstalled pip-25.2
PF3.0 Windows MSVC Build & Test	Build & Test (MSVC Container)	2025-12-11T18:31:24.3446106Z Successfully installed pip-25.3
PF3.0 Windows MSVC Build & Test	Build & Test (MSVC Container)	2025-12-11T18:31:25.2820670Z Processing c:\io\build\bindings\python\dist\archive_r_python-0.1.6-cp314-cp314-win_amd64.whl
PF3.0 Windows MSVC Build & Test	Build & Test (MSVC Container)	2025-12-11T18:31:25.3284689Z Installing collected packages: archive-r-python
PF3.0 Windows MSVC Build & Test	Build & Test (MSVC Container)	2025-12-11T18:31:25.3770170Z Successfully installed archive-r-python-0.1.6
PF3.0 Windows MSVC Build & Test	Build & Test (MSVC Container)	2025-12-11T18:31:25.5608228Z Traceback (most recent call last):
PF3.0 Windows MSVC Build & Test	Build & Test (MSVC Container)	2025-12-11T18:31:25.5609534Z   File "C:\io\bindings\python\test\test_traverser.py", line 67, in <module>
PF3.0 Windows MSVC Build & Test	Build & Test (MSVC Container)	2025-12-11T18:31:25.5610037Z     import archive_r
PF3.0 Windows MSVC Build & Test	Build & Test (MSVC Container)	2025-12-11T18:31:25.5610460Z ImportError: DLL load failed while importing archive_r: The specified module could not be found.
PF3.0 Windows MSVC Build & Test	Build & Test (MSVC Container)	2025-12-11T18:31:25.5752431Z [0;32mâœ“[0m Python wheel installation verified (/c/io/build/bindings/python/package_test_env)
PF3.0 Windows MSVC Build & Test	Build & Test (MSVC Container)	2025-12-11T18:31:25.5755206Z [0;32mâœ“[0m Python packages built and verified: /c/io/build/bindings/python/dist
PF3.0 Windows MSVC Build & Test	Build & Test (MSVC Container)	2025-12-11T18:31:25.5756153Z 
PF3.0 Windows MSVC Build & Test	Build & Test (MSVC Container)	2025-12-11T18:31:25.5757880Z [0;32mâœ“[0m Build process completed!
PF3.0 Windows MSVC Build & Test	Build & Test (MSVC Container)	2025-12-11T18:31:25.9758013Z -eq : The term '-eq' is not recognized as the name of a cmdlet, function, 
PF3.0 Windows MSVC Build & Test	Build & Test (MSVC Container)	2025-12-11T18:31:25.9762200Z script file, or operable program. Check the spelling of the name, or if a path 
PF3.0 Windows MSVC Build & Test	Build & Test (MSVC Container)	2025-12-11T18:31:25.9764006Z was included, verify that the path is correct and try again.
PF3.0 Windows MSVC Build & Test	Build & Test (MSVC Container)	2025-12-11T18:31:25.9764600Z At line:1 char:45
PF3.0 Windows MSVC Build & Test	Build & Test (MSVC Container)	2025-12-11T18:31:25.9765084Z + .\build-on-msvc.ps1 -PackageMode full; if ( -eq 0) { .\test-on-msvc.p ...
PF3.0 Windows MSVC Build & Test	Build & Test (MSVC Container)	2025-12-11T18:31:25.9765573Z +                                             ~~~
PF3.0 Windows MSVC Build & Test	Build & Test (MSVC Container)	2025-12-11T18:31:25.9766242Z     + CategoryInfo          : ObjectNotFound: (-eq:String) [], CommandNotFound 
PF3.0 Windows MSVC Build & Test	Build & Test (MSVC Container)	2025-12-11T18:31:25.9766778Z    Exception
PF3.0 Windows MSVC Build & Test	Build & Test (MSVC Container)	2025-12-11T18:31:25.9767275Z     + FullyQualifiedErrorId : CommandNotFoundException
PF3.0 Windows MSVC Build & Test	Build & Test (MSVC Container)	2025-12-11T18:31:25.9767559Z  
PF3.0 Windows MSVC Build & Test	Build & Test (MSVC Container)	2025-12-11T18:31:27.7733961Z ##[error]Process completed with exit code 1.
PF3.0 Windows MSVC Build & Test	Upload PF3 artifacts	ï»¿2025-12-11T18:31:27.7975227Z ##[group]Run actions/upload-artifact@v4
PF3.0 Windows MSVC Build & Test	Upload PF3 artifacts	2025-12-11T18:31:27.7975637Z with:
PF3.0 Windows MSVC Build & Test	Upload PF3 artifacts	2025-12-11T18:31:27.7975916Z   name: archive-r-pf3-bba04b2e5179b1a928148f8c590818f2e6cebce3
PF3.0 Windows MSVC Build & Test	Upload PF3 artifacts	2025-12-11T18:31:27.7976434Z   path: build/bindings/python/dist/**/*
PF3.0 Windows MSVC Build & Test	Upload PF3 artifacts	build/bindings/ruby/**/*.gem
PF3.0 Windows MSVC Build & Test	Upload PF3 artifacts	build/logs/**/*.log
PF3.0 Windows MSVC Build & Test	Upload PF3 artifacts	
PF3.0 Windows MSVC Build & Test	Upload PF3 artifacts	2025-12-11T18:31:27.7976845Z   if-no-files-found: ignore
PF3.0 Windows MSVC Build & Test	Upload PF3 artifacts	2025-12-11T18:31:27.7977099Z   retention-days: 7
PF3.0 Windows MSVC Build & Test	Upload PF3 artifacts	2025-12-11T18:31:27.7977310Z   compression-level: 6
PF3.0 Windows MSVC Build & Test	Upload PF3 artifacts	2025-12-11T18:31:27.7977555Z   overwrite: false
PF3.0 Windows MSVC Build & Test	Upload PF3 artifacts	2025-12-11T18:31:27.7977757Z   include-hidden-files: false
PF3.0 Windows MSVC Build & Test	Upload PF3 artifacts	2025-12-11T18:31:27.7977997Z env:
PF3.0 Windows MSVC Build & Test	Upload PF3 artifacts	2025-12-11T18:31:27.7978207Z   MACOSX_DEPLOYMENT_TARGET: 11.0
PF3.0 Windows MSVC Build & Test	Upload PF3 artifacts	2025-12-11T18:31:27.7978509Z   CI_IMAGE: ghcr.io/raizo-tcs/archive_r/ci-windows-msvc:latest
PF3.0 Windows MSVC Build & Test	Upload PF3 artifacts	2025-12-11T18:31:27.7978838Z ##[endgroup]
PF3.0 Windows MSVC Build & Test	Upload PF3 artifacts	2025-12-11T18:31:28.5709779Z Multiple search paths detected. Calculating the least common ancestor of all paths
PF3.0 Windows MSVC Build & Test	Upload PF3 artifacts	2025-12-11T18:31:28.5716506Z The least common ancestor is D:\a\archive_r\archive_r\build. This will be the root directory of the artifact
PF3.0 Windows MSVC Build & Test	Upload PF3 artifacts	2025-12-11T18:31:28.5717388Z With the provided path, there will be 3 files uploaded
PF3.0 Windows MSVC Build & Test	Upload PF3 artifacts	2025-12-11T18:31:28.5725890Z Artifact name is valid!
PF3.0 Windows MSVC Build & Test	Upload PF3 artifacts	2025-12-11T18:31:28.5729482Z Root directory input is valid!
PF3.0 Windows MSVC Build & Test	Upload PF3 artifacts	2025-12-11T18:31:28.8245101Z Beginning upload of artifact content to blob storage
PF3.0 Windows MSVC Build & Test	Upload PF3 artifacts	2025-12-11T18:31:29.4197444Z Uploaded bytes 3904333
PF3.0 Windows MSVC Build & Test	Upload PF3 artifacts	2025-12-11T18:31:29.4614018Z Finished uploading artifact content to blob storage!
PF3.0 Windows MSVC Build & Test	Upload PF3 artifacts	2025-12-11T18:31:29.4621888Z SHA256 digest of uploaded artifact zip is 934a57e61654dbc0b6a9d5affb0531f6cfa750ef2b9bb554a5ef6320196c440d
PF3.0 Windows MSVC Build & Test	Upload PF3 artifacts	2025-12-11T18:31:29.4624421Z Finalizing artifact upload
PF3.0 Windows MSVC Build & Test	Upload PF3 artifacts	2025-12-11T18:31:29.5798803Z Artifact archive-r-pf3-bba04b2e5179b1a928148f8c590818f2e6cebce3.zip successfully finalized. Artifact ID 4841477237
PF3.0 Windows MSVC Build & Test	Upload PF3 artifacts	2025-12-11T18:31:29.5800546Z Artifact archive-r-pf3-bba04b2e5179b1a928148f8c590818f2e6cebce3 has been successfully uploaded! Final size is 3904333 bytes. Artifact ID is 4841477237
PF3.0 Windows MSVC Build & Test	Upload PF3 artifacts	2025-12-11T18:31:29.5810353Z Artifact download URL: https://github.com/Raizo-TCS/archive_r/actions/runs/20143117134/artifacts/4841477237
PF3.0 Windows MSVC Build & Test	Post Run actions/checkout@v4	ï»¿2025-12-11T18:31:29.6153819Z Post job cleanup.
PF3.0 Windows MSVC Build & Test	Post Run actions/checkout@v4	2025-12-11T18:31:29.8696182Z [command]"C:\Program Files\Git\bin\git.exe" version
PF3.0 Windows MSVC Build & Test	Post Run actions/checkout@v4	2025-12-11T18:31:29.9678142Z git version 2.52.0.windows.1
PF3.0 Windows MSVC Build & Test	Post Run actions/checkout@v4	2025-12-11T18:31:29.9763365Z Temporarily overriding HOME='D:\a\_temp\f4098265-ff8e-44d4-87a9-376c8f640ca7' before making global git config changes
PF3.0 Windows MSVC Build & Test	Post Run actions/checkout@v4	2025-12-11T18:31:29.9764944Z Adding repository directory to the temporary git global config as a safe directory
PF3.0 Windows MSVC Build & Test	Post Run actions/checkout@v4	2025-12-11T18:31:29.9776267Z [command]"C:\Program Files\Git\bin\git.exe" config --global --add safe.directory D:\a\archive_r\archive_r
PF3.0 Windows MSVC Build & Test	Post Run actions/checkout@v4	2025-12-11T18:31:30.0121507Z [command]"C:\Program Files\Git\bin\git.exe" config --local --name-only --get-regexp core\.sshCommand
PF3.0 Windows MSVC Build & Test	Post Run actions/checkout@v4	2025-12-11T18:31:30.0401283Z [command]"C:\Program Files\Git\bin\git.exe" submodule foreach --recursive "sh -c \"git config --local --name-only --get-regexp 'core\.sshCommand' && git config --local --unset-all 'core.sshCommand' || :\""
PF3.0 Windows MSVC Build & Test	Post Run actions/checkout@v4	2025-12-11T18:31:30.6892913Z [command]"C:\Program Files\Git\bin\git.exe" config --local --name-only --get-regexp http\.https\:\/\/github\.com\/\.extraheader
PF3.0 Windows MSVC Build & Test	Post Run actions/checkout@v4	2025-12-11T18:31:30.7100094Z http.https://github.com/.extraheader
PF3.0 Windows MSVC Build & Test	Post Run actions/checkout@v4	2025-12-11T18:31:30.7140382Z [command]"C:\Program Files\Git\bin\git.exe" config --local --unset-all http.https://github.com/.extraheader
PF3.0 Windows MSVC Build & Test	Post Run actions/checkout@v4	2025-12-11T18:31:30.7394563Z [command]"C:\Program Files\Git\bin\git.exe" submodule foreach --recursive "sh -c \"git config --local --name-only --get-regexp 'http\.https\:\/\/github\.com\/\.extraheader' && git config --local --unset-all 'http.https://github.com/.extraheader' || :\""
PF3.0 Windows MSVC Build & Test	Post Run actions/checkout@v4	2025-12-11T18:31:31.1842385Z [command]"C:\Program Files\Git\bin\git.exe" config --local --name-only --get-regexp ^includeIf\.gitdir:
PF3.0 Windows MSVC Build & Test	Post Run actions/checkout@v4	2025-12-11T18:31:31.2087494Z [command]"C:\Program Files\Git\bin\git.exe" submodule foreach --recursive "git config --local --show-origin --name-only --get-regexp remote.origin.url"
PF3.0 Windows MSVC Build & Test	Complete job	ï»¿2025-12-11T18:31:31.6737568Z Cleaning up orphan processes
