PF3.0 Windows MSVC Build & Test	Set up job	ï»¿2025-12-11T15:47:46.2135800Z Current runner version: '2.329.0'
PF3.0 Windows MSVC Build & Test	Set up job	2025-12-11T15:47:46.2187356Z ##[group]Runner Image Provisioner
PF3.0 Windows MSVC Build & Test	Set up job	2025-12-11T15:47:46.2188121Z Hosted Compute Agent
PF3.0 Windows MSVC Build & Test	Set up job	2025-12-11T15:47:46.2188578Z Version: 20251124.448
PF3.0 Windows MSVC Build & Test	Set up job	2025-12-11T15:47:46.2189121Z Commit: fda5086b43ec66ade217e5fcd18146c879571177
PF3.0 Windows MSVC Build & Test	Set up job	2025-12-11T15:47:46.2189717Z Build Date: 2025-11-24T21:16:26Z
PF3.0 Windows MSVC Build & Test	Set up job	2025-12-11T15:47:46.2190239Z ##[endgroup]
PF3.0 Windows MSVC Build & Test	Set up job	2025-12-11T15:47:46.2190653Z ##[group]Operating System
PF3.0 Windows MSVC Build & Test	Set up job	2025-12-11T15:47:46.2191185Z Microsoft Windows Server 2022
PF3.0 Windows MSVC Build & Test	Set up job	2025-12-11T15:47:46.2191661Z 10.0.20348
PF3.0 Windows MSVC Build & Test	Set up job	2025-12-11T15:47:46.2192050Z Datacenter
PF3.0 Windows MSVC Build & Test	Set up job	2025-12-11T15:47:46.2192465Z ##[endgroup]
PF3.0 Windows MSVC Build & Test	Set up job	2025-12-11T15:47:46.2192858Z ##[group]Runner Image
PF3.0 Windows MSVC Build & Test	Set up job	2025-12-11T15:47:46.2193301Z Image: windows-2022
PF3.0 Windows MSVC Build & Test	Set up job	2025-12-11T15:47:46.2193725Z Version: 20251125.125.1
PF3.0 Windows MSVC Build & Test	Set up job	2025-12-11T15:47:46.2194653Z Included Software: https://github.com/actions/runner-images/blob/win22/20251125.125/images/windows/Windows2022-Readme.md
PF3.0 Windows MSVC Build & Test	Set up job	2025-12-11T15:47:46.2195880Z Image Release: https://github.com/actions/runner-images/releases/tag/win22%2F20251125.125
PF3.0 Windows MSVC Build & Test	Set up job	2025-12-11T15:47:46.2197096Z ##[endgroup]
PF3.0 Windows MSVC Build & Test	Set up job	2025-12-11T15:47:46.2198062Z ##[group]GITHUB_TOKEN Permissions
PF3.0 Windows MSVC Build & Test	Set up job	2025-12-11T15:47:46.2199741Z Contents: read
PF3.0 Windows MSVC Build & Test	Set up job	2025-12-11T15:47:46.2200241Z Metadata: read
PF3.0 Windows MSVC Build & Test	Set up job	2025-12-11T15:47:46.2200656Z Packages: read
PF3.0 Windows MSVC Build & Test	Set up job	2025-12-11T15:47:46.2201096Z ##[endgroup]
PF3.0 Windows MSVC Build & Test	Set up job	2025-12-11T15:47:46.2203121Z Secret source: Actions
PF3.0 Windows MSVC Build & Test	Set up job	2025-12-11T15:47:46.2203835Z Prepare workflow directory
PF3.0 Windows MSVC Build & Test	Set up job	2025-12-11T15:47:46.2569540Z Prepare all required actions
PF3.0 Windows MSVC Build & Test	Set up job	2025-12-11T15:47:46.2605901Z Getting action download info
PF3.0 Windows MSVC Build & Test	Set up job	2025-12-11T15:47:46.8111305Z Download action repository 'actions/checkout@v4' (SHA:34e114876b0b11c390a56381ad16ebd13914f8d5)
PF3.0 Windows MSVC Build & Test	Set up job	2025-12-11T15:47:47.4099981Z Download action repository 'actions/setup-python@v5' (SHA:a26af69be951a213d495a4c3e4e4022e16d87065)
PF3.0 Windows MSVC Build & Test	Set up job	2025-12-11T15:47:47.5492633Z Download action repository 'ruby/setup-ruby@v1' (SHA:d697be2f83c6234b20877c3b5eac7a7f342f0d0c)
PF3.0 Windows MSVC Build & Test	Set up job	2025-12-11T15:47:48.0878763Z Download action repository 'actions/upload-artifact@v4' (SHA:ea165f8d65b6e75b540449e92b4886f43607fa02)
PF3.0 Windows MSVC Build & Test	Set up job	2025-12-11T15:47:48.4127180Z Complete job name: PF3.0 Windows MSVC Build & Test
PF3.0 Windows MSVC Build & Test	Run actions/checkout@v4	ï»¿2025-12-11T15:47:48.5898494Z ##[group]Run actions/checkout@v4
PF3.0 Windows MSVC Build & Test	Run actions/checkout@v4	2025-12-11T15:47:48.5900182Z with:
PF3.0 Windows MSVC Build & Test	Run actions/checkout@v4	2025-12-11T15:47:48.5901057Z   repository: Raizo-TCS/archive_r
PF3.0 Windows MSVC Build & Test	Run actions/checkout@v4	2025-12-11T15:47:48.5902480Z   token: ***
PF3.0 Windows MSVC Build & Test	Run actions/checkout@v4	2025-12-11T15:47:48.5903328Z   ssh-strict: true
PF3.0 Windows MSVC Build & Test	Run actions/checkout@v4	2025-12-11T15:47:48.5904234Z   ssh-user: git
PF3.0 Windows MSVC Build & Test	Run actions/checkout@v4	2025-12-11T15:47:48.5905140Z   persist-credentials: true
PF3.0 Windows MSVC Build & Test	Run actions/checkout@v4	2025-12-11T15:47:48.5906158Z   clean: true
PF3.0 Windows MSVC Build & Test	Run actions/checkout@v4	2025-12-11T15:47:48.5907079Z   sparse-checkout-cone-mode: true
PF3.0 Windows MSVC Build & Test	Run actions/checkout@v4	2025-12-11T15:47:48.5908187Z   fetch-depth: 1
PF3.0 Windows MSVC Build & Test	Run actions/checkout@v4	2025-12-11T15:47:48.5908922Z   fetch-tags: false
PF3.0 Windows MSVC Build & Test	Run actions/checkout@v4	2025-12-11T15:47:48.5909650Z   show-progress: true
PF3.0 Windows MSVC Build & Test	Run actions/checkout@v4	2025-12-11T15:47:48.5910388Z   lfs: false
PF3.0 Windows MSVC Build & Test	Run actions/checkout@v4	2025-12-11T15:47:48.5911046Z   submodules: false
PF3.0 Windows MSVC Build & Test	Run actions/checkout@v4	2025-12-11T15:47:48.5911796Z   set-safe-directory: true
PF3.0 Windows MSVC Build & Test	Run actions/checkout@v4	2025-12-11T15:47:48.5912772Z env:
PF3.0 Windows MSVC Build & Test	Run actions/checkout@v4	2025-12-11T15:47:48.5913450Z   MACOSX_DEPLOYMENT_TARGET: 11.0
PF3.0 Windows MSVC Build & Test	Run actions/checkout@v4	2025-12-11T15:47:48.5914297Z ##[endgroup]
PF3.0 Windows MSVC Build & Test	Run actions/checkout@v4	2025-12-11T15:47:48.7510183Z Syncing repository: Raizo-TCS/archive_r
PF3.0 Windows MSVC Build & Test	Run actions/checkout@v4	2025-12-11T15:47:48.7512600Z ##[group]Getting Git version info
PF3.0 Windows MSVC Build & Test	Run actions/checkout@v4	2025-12-11T15:47:48.7513741Z Working directory is 'D:\a\archive_r\archive_r'
PF3.0 Windows MSVC Build & Test	Run actions/checkout@v4	2025-12-11T15:47:48.8528563Z [command]"C:\Program Files\Git\bin\git.exe" version
PF3.0 Windows MSVC Build & Test	Run actions/checkout@v4	2025-12-11T15:47:49.2948963Z git version 2.52.0.windows.1
PF3.0 Windows MSVC Build & Test	Run actions/checkout@v4	2025-12-11T15:47:49.2996650Z ##[endgroup]
PF3.0 Windows MSVC Build & Test	Run actions/checkout@v4	2025-12-11T15:47:49.3017585Z Temporarily overriding HOME='D:\a\_temp\d09690ad-fe9b-416b-9d9c-0ad43e1e33a1' before making global git config changes
PF3.0 Windows MSVC Build & Test	Run actions/checkout@v4	2025-12-11T15:47:49.3019948Z Adding repository directory to the temporary git global config as a safe directory
PF3.0 Windows MSVC Build & Test	Run actions/checkout@v4	2025-12-11T15:47:49.3029308Z [command]"C:\Program Files\Git\bin\git.exe" config --global --add safe.directory D:\a\archive_r\archive_r
PF3.0 Windows MSVC Build & Test	Run actions/checkout@v4	2025-12-11T15:47:49.3648870Z Deleting the contents of 'D:\a\archive_r\archive_r'
PF3.0 Windows MSVC Build & Test	Run actions/checkout@v4	2025-12-11T15:47:49.3654815Z ##[group]Initializing the repository
PF3.0 Windows MSVC Build & Test	Run actions/checkout@v4	2025-12-11T15:47:49.3664375Z [command]"C:\Program Files\Git\bin\git.exe" init D:\a\archive_r\archive_r
PF3.0 Windows MSVC Build & Test	Run actions/checkout@v4	2025-12-11T15:47:49.4741841Z Initialized empty Git repository in D:/a/archive_r/archive_r/.git/
PF3.0 Windows MSVC Build & Test	Run actions/checkout@v4	2025-12-11T15:47:49.4777550Z [command]"C:\Program Files\Git\bin\git.exe" remote add origin https://github.com/Raizo-TCS/archive_r
PF3.0 Windows MSVC Build & Test	Run actions/checkout@v4	2025-12-11T15:47:49.5290623Z ##[endgroup]
PF3.0 Windows MSVC Build & Test	Run actions/checkout@v4	2025-12-11T15:47:49.5292333Z ##[group]Disabling automatic garbage collection
PF3.0 Windows MSVC Build & Test	Run actions/checkout@v4	2025-12-11T15:47:49.5302369Z [command]"C:\Program Files\Git\bin\git.exe" config --local gc.auto 0
PF3.0 Windows MSVC Build & Test	Run actions/checkout@v4	2025-12-11T15:47:49.5518345Z ##[endgroup]
PF3.0 Windows MSVC Build & Test	Run actions/checkout@v4	2025-12-11T15:47:49.5519580Z ##[group]Setting up auth
PF3.0 Windows MSVC Build & Test	Run actions/checkout@v4	2025-12-11T15:47:49.5536709Z [command]"C:\Program Files\Git\bin\git.exe" config --local --name-only --get-regexp core\.sshCommand
PF3.0 Windows MSVC Build & Test	Run actions/checkout@v4	2025-12-11T15:47:49.5758069Z [command]"C:\Program Files\Git\bin\git.exe" submodule foreach --recursive "sh -c \"git config --local --name-only --get-regexp 'core\.sshCommand' && git config --local --unset-all 'core.sshCommand' || :\""
PF3.0 Windows MSVC Build & Test	Run actions/checkout@v4	2025-12-11T15:47:51.1328327Z [command]"C:\Program Files\Git\bin\git.exe" config --local --name-only --get-regexp http\.https\:\/\/github\.com\/\.extraheader
PF3.0 Windows MSVC Build & Test	Run actions/checkout@v4	2025-12-11T15:47:51.1552821Z [command]"C:\Program Files\Git\bin\git.exe" submodule foreach --recursive "sh -c \"git config --local --name-only --get-regexp 'http\.https\:\/\/github\.com\/\.extraheader' && git config --local --unset-all 'http.https://github.com/.extraheader' || :\""
PF3.0 Windows MSVC Build & Test	Run actions/checkout@v4	2025-12-11T15:47:51.5815552Z [command]"C:\Program Files\Git\bin\git.exe" config --local --name-only --get-regexp ^includeIf\.gitdir:
PF3.0 Windows MSVC Build & Test	Run actions/checkout@v4	2025-12-11T15:47:51.6056296Z [command]"C:\Program Files\Git\bin\git.exe" submodule foreach --recursive "git config --local --show-origin --name-only --get-regexp remote.origin.url"
PF3.0 Windows MSVC Build & Test	Run actions/checkout@v4	2025-12-11T15:47:52.0283501Z [command]"C:\Program Files\Git\bin\git.exe" config --local http.https://github.com/.extraheader "AUTHORIZATION: basic ***"
PF3.0 Windows MSVC Build & Test	Run actions/checkout@v4	2025-12-11T15:47:52.0529825Z ##[endgroup]
PF3.0 Windows MSVC Build & Test	Run actions/checkout@v4	2025-12-11T15:47:52.0530967Z ##[group]Fetching the repository
PF3.0 Windows MSVC Build & Test	Run actions/checkout@v4	2025-12-11T15:47:52.0545494Z [command]"C:\Program Files\Git\bin\git.exe" -c protocol.version=2 fetch --no-tags --prune --no-recurse-submodules --depth=1 origin +d7618c604d20e021295b73e4d936bdebf522de9c:refs/remotes/pull/4/merge
PF3.0 Windows MSVC Build & Test	Run actions/checkout@v4	2025-12-11T15:47:53.2333987Z From https://github.com/Raizo-TCS/archive_r
PF3.0 Windows MSVC Build & Test	Run actions/checkout@v4	2025-12-11T15:47:53.2334796Z  * [new ref]         d7618c604d20e021295b73e4d936bdebf522de9c -> pull/4/merge
PF3.0 Windows MSVC Build & Test	Run actions/checkout@v4	2025-12-11T15:47:53.2619299Z ##[endgroup]
PF3.0 Windows MSVC Build & Test	Run actions/checkout@v4	2025-12-11T15:47:53.2619744Z ##[group]Determining the checkout info
PF3.0 Windows MSVC Build & Test	Run actions/checkout@v4	2025-12-11T15:47:53.2621903Z ##[endgroup]
PF3.0 Windows MSVC Build & Test	Run actions/checkout@v4	2025-12-11T15:47:53.2631550Z [command]"C:\Program Files\Git\bin\git.exe" sparse-checkout disable
PF3.0 Windows MSVC Build & Test	Run actions/checkout@v4	2025-12-11T15:47:53.2999154Z [command]"C:\Program Files\Git\bin\git.exe" config --local --unset-all extensions.worktreeConfig
PF3.0 Windows MSVC Build & Test	Run actions/checkout@v4	2025-12-11T15:47:53.3228354Z ##[group]Checking out the ref
PF3.0 Windows MSVC Build & Test	Run actions/checkout@v4	2025-12-11T15:47:53.3237790Z [command]"C:\Program Files\Git\bin\git.exe" checkout --progress --force refs/remotes/pull/4/merge
PF3.0 Windows MSVC Build & Test	Run actions/checkout@v4	2025-12-11T15:47:53.4109731Z Note: switching to 'refs/remotes/pull/4/merge'.
PF3.0 Windows MSVC Build & Test	Run actions/checkout@v4	2025-12-11T15:47:53.4110241Z 
PF3.0 Windows MSVC Build & Test	Run actions/checkout@v4	2025-12-11T15:47:53.4110803Z You are in 'detached HEAD' state. You can look around, make experimental
PF3.0 Windows MSVC Build & Test	Run actions/checkout@v4	2025-12-11T15:47:53.4111889Z changes and commit them, and you can discard any commits you make in this
PF3.0 Windows MSVC Build & Test	Run actions/checkout@v4	2025-12-11T15:47:53.4112768Z state without impacting any branches by switching back to a branch.
PF3.0 Windows MSVC Build & Test	Run actions/checkout@v4	2025-12-11T15:47:53.4113268Z 
PF3.0 Windows MSVC Build & Test	Run actions/checkout@v4	2025-12-11T15:47:53.4113588Z If you want to create a new branch to retain commits you create, you may
PF3.0 Windows MSVC Build & Test	Run actions/checkout@v4	2025-12-11T15:47:53.4114418Z do so (now or later) by using -c with the switch command. Example:
PF3.0 Windows MSVC Build & Test	Run actions/checkout@v4	2025-12-11T15:47:53.4114892Z 
PF3.0 Windows MSVC Build & Test	Run actions/checkout@v4	2025-12-11T15:47:53.4115075Z   git switch -c <new-branch-name>
PF3.0 Windows MSVC Build & Test	Run actions/checkout@v4	2025-12-11T15:47:53.4115344Z 
PF3.0 Windows MSVC Build & Test	Run actions/checkout@v4	2025-12-11T15:47:53.4115522Z Or undo this operation with:
PF3.0 Windows MSVC Build & Test	Run actions/checkout@v4	2025-12-11T15:47:53.4115870Z 
PF3.0 Windows MSVC Build & Test	Run actions/checkout@v4	2025-12-11T15:47:53.4116025Z   git switch -
PF3.0 Windows MSVC Build & Test	Run actions/checkout@v4	2025-12-11T15:47:53.4116219Z 
PF3.0 Windows MSVC Build & Test	Run actions/checkout@v4	2025-12-11T15:47:53.4116579Z Turn off this advice by setting config variable advice.detachedHead to false
PF3.0 Windows MSVC Build & Test	Run actions/checkout@v4	2025-12-11T15:47:53.4117115Z 
PF3.0 Windows MSVC Build & Test	Run actions/checkout@v4	2025-12-11T15:47:53.4117746Z HEAD is now at d7618c6 Merge e7c1aa2b4ec9e7b4dea3a821fa43006426ca4eba into 78814e67de51d590383b80fa3e4ecc50c78fca88
PF3.0 Windows MSVC Build & Test	Run actions/checkout@v4	2025-12-11T15:47:53.4139553Z ##[endgroup]
PF3.0 Windows MSVC Build & Test	Run actions/checkout@v4	2025-12-11T15:47:53.4511333Z [command]"C:\Program Files\Git\bin\git.exe" log -1 --format=%H
PF3.0 Windows MSVC Build & Test	Run actions/checkout@v4	2025-12-11T15:47:53.4719581Z d7618c604d20e021295b73e4d936bdebf522de9c
PF3.0 Windows MSVC Build & Test	Setup Python	ï»¿2025-12-11T15:47:53.5083189Z ##[group]Run actions/setup-python@v5
PF3.0 Windows MSVC Build & Test	Setup Python	2025-12-11T15:47:53.5083551Z with:
PF3.0 Windows MSVC Build & Test	Setup Python	2025-12-11T15:47:53.5083742Z   python-version: 3.11
PF3.0 Windows MSVC Build & Test	Setup Python	2025-12-11T15:47:53.5083947Z   check-latest: false
PF3.0 Windows MSVC Build & Test	Setup Python	2025-12-11T15:47:53.5084264Z   token: ***
PF3.0 Windows MSVC Build & Test	Setup Python	2025-12-11T15:47:53.5084451Z   update-environment: true
PF3.0 Windows MSVC Build & Test	Setup Python	2025-12-11T15:47:53.5084659Z   allow-prereleases: false
PF3.0 Windows MSVC Build & Test	Setup Python	2025-12-11T15:47:53.5084851Z   freethreaded: false
PF3.0 Windows MSVC Build & Test	Setup Python	2025-12-11T15:47:53.5085018Z env:
PF3.0 Windows MSVC Build & Test	Setup Python	2025-12-11T15:47:53.5085193Z   MACOSX_DEPLOYMENT_TARGET: 11.0
PF3.0 Windows MSVC Build & Test	Setup Python	2025-12-11T15:47:53.5085396Z ##[endgroup]
PF3.0 Windows MSVC Build & Test	Setup Python	2025-12-11T15:47:53.7373239Z ##[group]Installed versions
PF3.0 Windows MSVC Build & Test	Setup Python	2025-12-11T15:47:53.7540421Z Successfully set up CPython (3.11.9)
PF3.0 Windows MSVC Build & Test	Setup Python	2025-12-11T15:47:53.7541963Z ##[endgroup]
PF3.0 Windows MSVC Build & Test	Setup Ruby	ï»¿2025-12-11T15:47:53.7796426Z ##[group]Run ruby/setup-ruby@v1
PF3.0 Windows MSVC Build & Test	Setup Ruby	2025-12-11T15:47:53.7796756Z with:
PF3.0 Windows MSVC Build & Test	Setup Ruby	2025-12-11T15:47:53.7796919Z   ruby-version: 3.2
PF3.0 Windows MSVC Build & Test	Setup Ruby	2025-12-11T15:47:53.7797110Z   bundler-cache: false
PF3.0 Windows MSVC Build & Test	Setup Ruby	2025-12-11T15:47:53.7797289Z env:
PF3.0 Windows MSVC Build & Test	Setup Ruby	2025-12-11T15:47:53.7797453Z   MACOSX_DEPLOYMENT_TARGET: 11.0
PF3.0 Windows MSVC Build & Test	Setup Ruby	2025-12-11T15:47:53.7797746Z   pythonLocation: C:\hostedtoolcache\windows\Python\3.11.9\x64
PF3.0 Windows MSVC Build & Test	Setup Ruby	2025-12-11T15:47:53.7798168Z   PKG_CONFIG_PATH: C:\hostedtoolcache\windows\Python\3.11.9\x64/lib/pkgconfig
PF3.0 Windows MSVC Build & Test	Setup Ruby	2025-12-11T15:47:53.7798571Z   Python_ROOT_DIR: C:\hostedtoolcache\windows\Python\3.11.9\x64
PF3.0 Windows MSVC Build & Test	Setup Ruby	2025-12-11T15:47:53.7798925Z   Python2_ROOT_DIR: C:\hostedtoolcache\windows\Python\3.11.9\x64
PF3.0 Windows MSVC Build & Test	Setup Ruby	2025-12-11T15:47:53.7799287Z   Python3_ROOT_DIR: C:\hostedtoolcache\windows\Python\3.11.9\x64
PF3.0 Windows MSVC Build & Test	Setup Ruby	2025-12-11T15:47:53.7799569Z ##[endgroup]
PF3.0 Windows MSVC Build & Test	Setup Ruby	2025-12-11T15:47:53.9888958Z ##[group]Downloading msys2 build tools
PF3.0 Windows MSVC Build & Test	Setup Ruby	2025-12-11T15:47:53.9896612Z https://github.com/ruby/setup-msys2-gcc/releases/latest/download/msys2-ucrt64.7z
PF3.0 Windows MSVC Build & Test	Setup Ruby	2025-12-11T15:47:59.6989211Z Took   5.71 seconds
PF3.0 Windows MSVC Build & Test	Setup Ruby	2025-12-11T15:47:59.6990785Z ##[endgroup]
PF3.0 Windows MSVC Build & Test	Setup Ruby	2025-12-11T15:47:59.6995125Z ##[group]Extracting  msys2 build tools
PF3.0 Windows MSVC Build & Test	Setup Ruby	2025-12-11T15:48:10.5911143Z Took  10.89 seconds
PF3.0 Windows MSVC Build & Test	Setup Ruby	2025-12-11T15:48:10.5911674Z ##[endgroup]
PF3.0 Windows MSVC Build & Test	Setup Ruby	2025-12-11T15:48:10.6068581Z ##[group]Setting up ridk environment
PF3.0 Windows MSVC Build & Test	Setup Ruby	2025-12-11T15:48:11.3550024Z ACLOCAL_PATH=/ucrt64/share/aclocal:/usr/share/aclocal
PF3.0 Windows MSVC Build & Test	Setup Ruby	2025-12-11T15:48:11.3562584Z LANG=en_US.UTF-8
PF3.0 Windows MSVC Build & Test	Setup Ruby	2025-12-11T15:48:11.3570001Z MAKE=make
PF3.0 Windows MSVC Build & Test	Setup Ruby	2025-12-11T15:48:11.3572653Z MANPATH=/ucrt64/share/man
PF3.0 Windows MSVC Build & Test	Setup Ruby	2025-12-11T15:48:11.3575463Z MINGW_CHOST=x86_64-w64-mingw32
PF3.0 Windows MSVC Build & Test	Setup Ruby	2025-12-11T15:48:11.3578011Z MINGW_PACKAGE_PREFIX=mingw-w64-ucrt-x86_64
PF3.0 Windows MSVC Build & Test	Setup Ruby	2025-12-11T15:48:11.3580559Z MINGW_PREFIX=/ucrt64
PF3.0 Windows MSVC Build & Test	Setup Ruby	2025-12-11T15:48:11.3583362Z MSYSTEM=UCRT64
PF3.0 Windows MSVC Build & Test	Setup Ruby	2025-12-11T15:48:11.3586033Z MSYSTEM_CARCH=x86_64
PF3.0 Windows MSVC Build & Test	Setup Ruby	2025-12-11T15:48:11.3589786Z MSYSTEM_CHOST=x86_64-w64-mingw32
PF3.0 Windows MSVC Build & Test	Setup Ruby	2025-12-11T15:48:11.3592570Z MSYSTEM_PREFIX=/ucrt64
PF3.0 Windows MSVC Build & Test	Setup Ruby	2025-12-11T15:48:11.3596076Z PKG_CONFIG_PATH=/ucrt64/lib/pkgconfig:/ucrt64/share/pkgconfig
PF3.0 Windows MSVC Build & Test	Setup Ruby	2025-12-11T15:48:11.3600028Z PROMPT=$P$G
PF3.0 Windows MSVC Build & Test	Setup Ruby	2025-12-11T15:48:11.3603373Z RI_DEVKIT=C:\hostedtoolcache\windows\Ruby\3.2.9\x64\msys64
PF3.0 Windows MSVC Build & Test	Setup Ruby	2025-12-11T15:48:11.3607549Z Took   0.75 seconds
PF3.0 Windows MSVC Build & Test	Setup Ruby	2025-12-11T15:48:11.3608088Z ##[endgroup]
PF3.0 Windows MSVC Build & Test	Setup Ruby	2025-12-11T15:48:11.3612517Z ##[group]Modifying Path
PF3.0 Windows MSVC Build & Test	Setup Ruby	2025-12-11T15:48:11.3613883Z Entries removed from Path to avoid conflicts with default Ruby:
PF3.0 Windows MSVC Build & Test	Setup Ruby	2025-12-11T15:48:11.3614308Z   C:\hostedtoolcache\windows\Ruby\3.3.10\x64\bin
PF3.0 Windows MSVC Build & Test	Setup Ruby	2025-12-11T15:48:11.3617912Z Entries added to Path to use selected Ruby:
PF3.0 Windows MSVC Build & Test	Setup Ruby	2025-12-11T15:48:11.3618360Z   C:\hostedtoolcache\windows\Ruby\3.2.9\x64\bin
PF3.0 Windows MSVC Build & Test	Setup Ruby	2025-12-11T15:48:11.3618865Z   C:\hostedtoolcache\windows\Ruby\3.2.9\x64\msys64\ucrt64\bin
PF3.0 Windows MSVC Build & Test	Setup Ruby	2025-12-11T15:48:11.3619267Z   C:\hostedtoolcache\windows\Ruby\3.2.9\x64\msys64\usr\bin
PF3.0 Windows MSVC Build & Test	Setup Ruby	2025-12-11T15:48:11.3623239Z ##[endgroup]
PF3.0 Windows MSVC Build & Test	Setup Ruby	2025-12-11T15:48:11.3623601Z ##[group]Print Ruby version
PF3.0 Windows MSVC Build & Test	Setup Ruby	2025-12-11T15:48:11.4518189Z [command]C:\hostedtoolcache\windows\Ruby\3.2.9\x64\bin\ruby.exe --version
PF3.0 Windows MSVC Build & Test	Setup Ruby	2025-12-11T15:48:11.4659568Z ruby 3.2.9 (2025-07-24 revision 8f611e0c46) [x64-mingw-ucrt]
PF3.0 Windows MSVC Build & Test	Setup Ruby	2025-12-11T15:48:11.4679668Z Took   0.11 seconds
PF3.0 Windows MSVC Build & Test	Setup Ruby	2025-12-11T15:48:11.4680408Z ##[endgroup]
PF3.0 Windows MSVC Build & Test	Setup Ruby	2025-12-11T15:48:11.4683557Z ##[group]Installing Bundler
PF3.0 Windows MSVC Build & Test	Setup Ruby	2025-12-11T15:48:11.4690435Z Installing latest Bundler for ruby-3.2.9 on Windows because bin/bundle does not work in bash otherwise
PF3.0 Windows MSVC Build & Test	Setup Ruby	2025-12-11T15:48:11.4751733Z [command]C:\Windows\system32\cmd.exe /D /S /C "C:\hostedtoolcache\windows\Ruby\3.2.9\x64\bin\gem.cmd install bundler -v "~> 4.0""
PF3.0 Windows MSVC Build & Test	Setup Ruby	2025-12-11T15:48:15.1747673Z Successfully installed bundler-4.0.1
PF3.0 Windows MSVC Build & Test	Setup Ruby	2025-12-11T15:48:15.1748147Z 1 gem installed
PF3.0 Windows MSVC Build & Test	Setup Ruby	2025-12-11T15:48:15.1834112Z Took   3.71 seconds
PF3.0 Windows MSVC Build & Test	Setup Ruby	2025-12-11T15:48:15.1834693Z ##[endgroup]
PF3.0 Windows MSVC Build & Test	Install Ninja	ï»¿2025-12-11T15:48:15.2034153Z ##[group]Run choco install ninja --version 1.13.1 --force
PF3.0 Windows MSVC Build & Test	Install Ninja	2025-12-11T15:48:15.2034689Z [36;1mchoco install ninja --version 1.13.1 --force[0m
PF3.0 Windows MSVC Build & Test	Install Ninja	2025-12-11T15:48:15.2215188Z shell: C:\Program Files\PowerShell\7\pwsh.EXE -command ". '{0}'"
PF3.0 Windows MSVC Build & Test	Install Ninja	2025-12-11T15:48:15.2215555Z env:
PF3.0 Windows MSVC Build & Test	Install Ninja	2025-12-11T15:48:15.2215738Z   MACOSX_DEPLOYMENT_TARGET: 11.0
PF3.0 Windows MSVC Build & Test	Install Ninja	2025-12-11T15:48:15.2216094Z   pythonLocation: C:\hostedtoolcache\windows\Python\3.11.9\x64
PF3.0 Windows MSVC Build & Test	Install Ninja	2025-12-11T15:48:15.2216516Z   PKG_CONFIG_PATH: /ucrt64/lib/pkgconfig:/ucrt64/share/pkgconfig
PF3.0 Windows MSVC Build & Test	Install Ninja	2025-12-11T15:48:15.2216931Z   Python_ROOT_DIR: C:\hostedtoolcache\windows\Python\3.11.9\x64
PF3.0 Windows MSVC Build & Test	Install Ninja	2025-12-11T15:48:15.2217326Z   Python2_ROOT_DIR: C:\hostedtoolcache\windows\Python\3.11.9\x64
PF3.0 Windows MSVC Build & Test	Install Ninja	2025-12-11T15:48:15.2217731Z   Python3_ROOT_DIR: C:\hostedtoolcache\windows\Python\3.11.9\x64
PF3.0 Windows MSVC Build & Test	Install Ninja	2025-12-11T15:48:15.2218049Z   TMPDIR: D:\a\_temp
PF3.0 Windows MSVC Build & Test	Install Ninja	2025-12-11T15:48:15.2218249Z   HOME: C:\Users\runneradmin
PF3.0 Windows MSVC Build & Test	Install Ninja	2025-12-11T15:48:15.2218482Z   MSYS2_PATH_TYPE: inherit
PF3.0 Windows MSVC Build & Test	Install Ninja	2025-12-11T15:48:15.2218745Z   ACLOCAL_PATH: /ucrt64/share/aclocal:/usr/share/aclocal
PF3.0 Windows MSVC Build & Test	Install Ninja	2025-12-11T15:48:15.2219077Z   LANG: en_US.UTF-8
PF3.0 Windows MSVC Build & Test	Install Ninja	2025-12-11T15:48:15.2219258Z   MAKE: make
PF3.0 Windows MSVC Build & Test	Install Ninja	2025-12-11T15:48:15.2219431Z   MANPATH: /ucrt64/share/man
PF3.0 Windows MSVC Build & Test	Install Ninja	2025-12-11T15:48:15.2219660Z   MINGW_CHOST: x86_64-w64-mingw32
PF3.0 Windows MSVC Build & Test	Install Ninja	2025-12-11T15:48:15.2219914Z   MINGW_PACKAGE_PREFIX: mingw-w64-ucrt-x86_64
PF3.0 Windows MSVC Build & Test	Install Ninja	2025-12-11T15:48:15.2220194Z   MINGW_PREFIX: /ucrt64
PF3.0 Windows MSVC Build & Test	Install Ninja	2025-12-11T15:48:15.2220386Z   MSYSTEM: UCRT64
PF3.0 Windows MSVC Build & Test	Install Ninja	2025-12-11T15:48:15.2220579Z   MSYSTEM_CARCH: x86_64
PF3.0 Windows MSVC Build & Test	Install Ninja	2025-12-11T15:48:15.2220781Z   MSYSTEM_CHOST: x86_64-w64-mingw32
PF3.0 Windows MSVC Build & Test	Install Ninja	2025-12-11T15:48:15.2221023Z   MSYSTEM_PREFIX: /ucrt64
PF3.0 Windows MSVC Build & Test	Install Ninja	2025-12-11T15:48:15.2221230Z   PROMPT: $P$G
PF3.0 Windows MSVC Build & Test	Install Ninja	2025-12-11T15:48:15.2221475Z   RI_DEVKIT: C:\hostedtoolcache\windows\Ruby\3.2.9\x64\msys64
PF3.0 Windows MSVC Build & Test	Install Ninja	2025-12-11T15:48:15.2230588Z   Path: C:\Users\runneradmin\AppData\Roaming\Python\Python311\Scripts;C:\hostedtoolcache\windows\Python\3.11.9\x64\Scripts;C:\hostedtoolcache\windows\Python\3.11.9\x64;C:\Program Files\MongoDB\Server\7.0\bin;C:\aliyun-cli;C:\vcpkg;C:\Program Files (x86)\NSIS\;C:\tools\zstd;C:\Program Files\Mercurial\;C:\hostedtoolcache\windows\stack\3.7.1\x64;C:\cabal\bin;C:\\ghcup\bin;C:\mingw64\bin;C:\Program Files\dotnet;C:\Program Files\MySQL\MySQL Server 8.0\bin;C:\Program Files\R\R-4.5.2\bin\x64;C:\SeleniumWebDrivers\GeckoDriver;C:\SeleniumWebDrivers\EdgeDriver\;C:\SeleniumWebDrivers\ChromeDriver;C:\Program Files (x86)\sbt\bin;C:\Program Files (x86)\GitHub CLI;C:\Program Files\Git\bin;C:\Program Files (x86)\pipx_bin;C:\npm\prefix;C:\hostedtoolcache\windows\go\1.24.10\x64\bin;C:\hostedtoolcache\windows\Python\3.9.13\x64\Scripts;C:\hostedtoolcache\windows\Python\3.9.13\x64;C:\Program Files\OpenSSL\bin;C:\tools\kotlinc\bin;C:\hostedtoolcache\windows\Java_Temurin-Hotspot_jdk\8.0.472-8\x64\bin;C:\Program Files\ImageMagick-7.1.2-Q16-HDRI;C:\Program Files\Microsoft SDKs\Azure\CLI2\wbin;C:\ProgramData\kind;C:\ProgramData\Chocolatey\bin;C:\Windows\system32;C:\Windows;C:\Windows\System32\Wbem;C:\Windows\System32\WindowsPowerShell\v1.0\;C:\Windows\System32\OpenSSH\;C:\Program Files\dotnet\;C:\Program Files\PowerShell\7\;C:\Program Files\Microsoft\Web Platform Installer\;C:\Program Files\TortoiseSVN\bin;C:\Program Files\Microsoft SQL Server\Client SDK\ODBC\170\Tools\Binn\;C:\Program Files\Microsoft SQL Server\150\Tools\Binn\;C:\Program Files (x86)\Windows Kits\10\Windows Performance Toolkit\;C:\Program Files (x86)\WiX Toolset v3.14\bin;C:\Program Files\Microsoft SQL Server\130\DTS\Binn\;C:\Program Files\Microsoft SQL Server\140\DTS\Binn\;C:\Program Files\Microsoft SQL Server\150\DTS\Binn\;C:\Program Files\Microsoft SQL Server\160\DTS\Binn\;C:\Program Files\Microsoft SQL Server\170\DTS\Binn\;C:\Strawberry\c\bin;C:\Strawberry\perl\site\bin;C:\Strawberry\perl\bin;C:\ProgramData\chocolatey\lib\pulumi\tools\Pulumi\bin;C:\Program Files\CMake\bin;C:\ProgramData\chocolatey\lib\maven\apache-maven-3.9.11\bin;C:\Program Files\Microsoft Service Fabric\bin\Fabric\Fabric.Code;C:\Program Files\Microsoft SDKs\Service Fabric\Tools\ServiceFabricLocalClusterManager;C:\Program Files\nodejs\;C:\Program Files\Git\cmd;C:\Program Files\Git\mingw64\bin;C:\Program Files\Git\usr\bin;C:\Program Files\GitHub CLI\;c:\tools\php;C:\Program Files (x86)\sbt\bin;C:\Program Files\Amazon\AWSCLIV2\;C:\Program Files\Amazon\SessionManagerPlugin\bin\;C:\Program Files\Amazon\AWSSAMCLI\bin\;C:\Program Files\Microsoft SQL Server\130\Tools\Binn\;C:\Program Files\mongosh\;C:\Program Files\LLVM\bin;C:\Program Files (x86)\LLVM\bin;C:\Users\runneradmin\.dotnet\tools;C:\Users\runneradmin\.cargo\bin;C:\Users\runneradmin\AppData\Local\Microsoft\WindowsApps
PF3.0 Windows MSVC Build & Test	Install Ninja	2025-12-11T15:48:15.2240394Z ##[endgroup]
PF3.0 Windows MSVC Build & Test	Install Ninja	2025-12-11T15:48:23.0882345Z Chocolatey v2.5.1
PF3.0 Windows MSVC Build & Test	Install Ninja	2025-12-11T15:48:23.3870245Z Installing the following packages:
PF3.0 Windows MSVC Build & Test	Install Ninja	2025-12-11T15:48:23.3877230Z ninja
PF3.0 Windows MSVC Build & Test	Install Ninja	2025-12-11T15:48:23.3883519Z By installing, you accept licenses for the packages.
PF3.0 Windows MSVC Build & Test	Install Ninja	2025-12-11T15:48:30.1629641Z Downloading package from source 'https://community.chocolatey.org/api/v2/'
PF3.0 Windows MSVC Build & Test	Install Ninja	2025-12-11T15:48:30.3519119Z 
PF3.0 Windows MSVC Build & Test	Install Ninja	2025-12-11T15:48:30.3520377Z Progress: Downloading ninja 1.13.1... %
PF3.0 Windows MSVC Build & Test	Install Ninja	2025-12-11T15:48:30.3521038Z Progress: Downloading ninja 1.13.1... 1%
PF3.0 Windows MSVC Build & Test	Install Ninja	2025-12-11T15:48:30.3523763Z Progress: Downloading ninja 1.13.1... 1%
PF3.0 Windows MSVC Build & Test	Install Ninja	2025-12-11T15:48:30.3524916Z Progress: Downloading ninja 1.13.1... 2%
PF3.0 Windows MSVC Build & Test	Install Ninja	2025-12-11T15:48:30.3525814Z Progress: Downloading ninja 1.13.1... 2%
PF3.0 Windows MSVC Build & Test	Install Ninja	2025-12-11T15:48:30.3526535Z Progress: Downloading ninja 1.13.1... 3%
PF3.0 Windows MSVC Build & Test	Install Ninja	2025-12-11T15:48:30.3527270Z Progress: Downloading ninja 1.13.1... 3%
PF3.0 Windows MSVC Build & Test	Install Ninja	2025-12-11T15:48:30.3528055Z Progress: Downloading ninja 1.13.1... 4%
PF3.0 Windows MSVC Build & Test	Install Ninja	2025-12-11T15:48:30.3528548Z Progress: Downloading ninja 1.13.1... 4%
PF3.0 Windows MSVC Build & Test	Install Ninja	2025-12-11T15:48:30.3529010Z Progress: Downloading ninja 1.13.1... 5%
PF3.0 Windows MSVC Build & Test	Install Ninja	2025-12-11T15:48:30.3529458Z Progress: Downloading ninja 1.13.1... 5%
PF3.0 Windows MSVC Build & Test	Install Ninja	2025-12-11T15:48:30.3529907Z Progress: Downloading ninja 1.13.1... 6%
PF3.0 Windows MSVC Build & Test	Install Ninja	2025-12-11T15:48:30.3530337Z Progress: Downloading ninja 1.13.1... 6%
PF3.0 Windows MSVC Build & Test	Install Ninja	2025-12-11T15:48:30.3531075Z Progress: Downloading ninja 1.13.1... 6%
PF3.0 Windows MSVC Build & Test	Install Ninja	2025-12-11T15:48:30.3532628Z Progress: Downloading ninja 1.13.1... 7%
PF3.0 Windows MSVC Build & Test	Install Ninja	2025-12-11T15:48:30.3533116Z Progress: Downloading ninja 1.13.1... 7%
PF3.0 Windows MSVC Build & Test	Install Ninja	2025-12-11T15:48:30.3533558Z Progress: Downloading ninja 1.13.1... 8%
PF3.0 Windows MSVC Build & Test	Install Ninja	2025-12-11T15:48:30.3533960Z Progress: Downloading ninja 1.13.1... 8%
PF3.0 Windows MSVC Build & Test	Install Ninja	2025-12-11T15:48:30.3534401Z Progress: Downloading ninja 1.13.1... 9%
PF3.0 Windows MSVC Build & Test	Install Ninja	2025-12-11T15:48:30.3534847Z Progress: Downloading ninja 1.13.1... 9%
PF3.0 Windows MSVC Build & Test	Install Ninja	2025-12-11T15:48:30.3535331Z Progress: Downloading ninja 1.13.1... 10%
PF3.0 Windows MSVC Build & Test	Install Ninja	2025-12-11T15:48:30.3535805Z Progress: Downloading ninja 1.13.1... 10%
PF3.0 Windows MSVC Build & Test	Install Ninja	2025-12-11T15:48:30.3536254Z Progress: Downloading ninja 1.13.1... 11%
PF3.0 Windows MSVC Build & Test	Install Ninja	2025-12-11T15:48:30.3536714Z Progress: Downloading ninja 1.13.1... 11%
PF3.0 Windows MSVC Build & Test	Install Ninja	2025-12-11T15:48:30.3537115Z Progress: Downloading ninja 1.13.1... 11%
PF3.0 Windows MSVC Build & Test	Install Ninja	2025-12-11T15:48:30.3537515Z Progress: Downloading ninja 1.13.1... 12%
PF3.0 Windows MSVC Build & Test	Install Ninja	2025-12-11T15:48:30.3537946Z Progress: Downloading ninja 1.13.1... 12%
PF3.0 Windows MSVC Build & Test	Install Ninja	2025-12-11T15:48:30.3538414Z Progress: Downloading ninja 1.13.1... 13%
PF3.0 Windows MSVC Build & Test	Install Ninja	2025-12-11T15:48:30.3538970Z Progress: Downloading ninja 1.13.1... 13%
PF3.0 Windows MSVC Build & Test	Install Ninja	2025-12-11T15:48:30.3539725Z Progress: Downloading ninja 1.13.1... 14%
PF3.0 Windows MSVC Build & Test	Install Ninja	2025-12-11T15:48:30.3540184Z Progress: Downloading ninja 1.13.1... 14%
PF3.0 Windows MSVC Build & Test	Install Ninja	2025-12-11T15:48:30.3540620Z Progress: Downloading ninja 1.13.1... 15%
PF3.0 Windows MSVC Build & Test	Install Ninja	2025-12-11T15:48:30.3541257Z Progress: Downloading ninja 1.13.1... 15%
PF3.0 Windows MSVC Build & Test	Install Ninja	2025-12-11T15:48:30.3541754Z Progress: Downloading ninja 1.13.1... 16%
PF3.0 Windows MSVC Build & Test	Install Ninja	2025-12-11T15:48:30.3544692Z Progress: Downloading ninja 1.13.1... 16%
PF3.0 Windows MSVC Build & Test	Install Ninja	2025-12-11T15:48:30.3545178Z Progress: Downloading ninja 1.13.1... 17%
PF3.0 Windows MSVC Build & Test	Install Ninja	2025-12-11T15:48:30.3545619Z Progress: Downloading ninja 1.13.1... 17%
PF3.0 Windows MSVC Build & Test	Install Ninja	2025-12-11T15:48:30.3546050Z Progress: Downloading ninja 1.13.1... 17%
PF3.0 Windows MSVC Build & Test	Install Ninja	2025-12-11T15:48:30.3546454Z Progress: Downloading ninja 1.13.1... 18%
PF3.0 Windows MSVC Build & Test	Install Ninja	2025-12-11T15:48:30.3546889Z Progress: Downloading ninja 1.13.1... 18%
PF3.0 Windows MSVC Build & Test	Install Ninja	2025-12-11T15:48:30.3547334Z Progress: Downloading ninja 1.13.1... 19%
PF3.0 Windows MSVC Build & Test	Install Ninja	2025-12-11T15:48:30.3547770Z Progress: Downloading ninja 1.13.1... 21%
PF3.0 Windows MSVC Build & Test	Install Ninja	2025-12-11T15:48:30.3548218Z Progress: Downloading ninja 1.13.1... 22%
PF3.0 Windows MSVC Build & Test	Install Ninja	2025-12-11T15:48:30.3548609Z Progress: Downloading ninja 1.13.1... 24%
PF3.0 Windows MSVC Build & Test	Install Ninja	2025-12-11T15:48:30.3550184Z Progress: Downloading ninja 1.13.1... 25%
PF3.0 Windows MSVC Build & Test	Install Ninja	2025-12-11T15:48:30.3550627Z Progress: Downloading ninja 1.13.1... 26%
PF3.0 Windows MSVC Build & Test	Install Ninja	2025-12-11T15:48:30.3551074Z Progress: Downloading ninja 1.13.1... 28%
PF3.0 Windows MSVC Build & Test	Install Ninja	2025-12-11T15:48:30.3551543Z Progress: Downloading ninja 1.13.1... 29%
PF3.0 Windows MSVC Build & Test	Install Ninja	2025-12-11T15:48:30.3551966Z Progress: Downloading ninja 1.13.1... 31%
PF3.0 Windows MSVC Build & Test	Install Ninja	2025-12-11T15:48:30.3552674Z Progress: Downloading ninja 1.13.1... 32%
PF3.0 Windows MSVC Build & Test	Install Ninja	2025-12-11T15:48:30.3553287Z Progress: Downloading ninja 1.13.1... 33%
PF3.0 Windows MSVC Build & Test	Install Ninja	2025-12-11T15:48:30.3553738Z Progress: Downloading ninja 1.13.1... 35%
PF3.0 Windows MSVC Build & Test	Install Ninja	2025-12-11T15:48:30.3554589Z Progress: Downloading ninja 1.13.1... 36%
PF3.0 Windows MSVC Build & Test	Install Ninja	2025-12-11T15:48:30.3555088Z Progress: Downloading ninja 1.13.1... 38%
PF3.0 Windows MSVC Build & Test	Install Ninja	2025-12-11T15:48:30.3555920Z Progress: Downloading ninja 1.13.1... 39%
PF3.0 Windows MSVC Build & Test	Install Ninja	2025-12-11T15:48:30.3556375Z Progress: Downloading ninja 1.13.1... 41%
PF3.0 Windows MSVC Build & Test	Install Ninja	2025-12-11T15:48:30.3556818Z Progress: Downloading ninja 1.13.1... 42%
PF3.0 Windows MSVC Build & Test	Install Ninja	2025-12-11T15:48:30.3557557Z Progress: Downloading ninja 1.13.1... 43%
PF3.0 Windows MSVC Build & Test	Install Ninja	2025-12-11T15:48:30.3558012Z Progress: Downloading ninja 1.13.1... 45%
PF3.0 Windows MSVC Build & Test	Install Ninja	2025-12-11T15:48:30.3558572Z Progress: Downloading ninja 1.13.1... 46%
PF3.0 Windows MSVC Build & Test	Install Ninja	2025-12-11T15:48:30.3559219Z Progress: Downloading ninja 1.13.1... 48%
PF3.0 Windows MSVC Build & Test	Install Ninja	2025-12-11T15:48:30.3559674Z Progress: Downloading ninja 1.13.1... 49%
PF3.0 Windows MSVC Build & Test	Install Ninja	2025-12-11T15:48:30.3560132Z Progress: Downloading ninja 1.13.1... 51%
PF3.0 Windows MSVC Build & Test	Install Ninja	2025-12-11T15:48:30.3560582Z Progress: Downloading ninja 1.13.1... 52%
PF3.0 Windows MSVC Build & Test	Install Ninja	2025-12-11T15:48:30.3560963Z Progress: Downloading ninja 1.13.1... 53%
PF3.0 Windows MSVC Build & Test	Install Ninja	2025-12-11T15:48:30.3561362Z Progress: Downloading ninja 1.13.1... 55%
PF3.0 Windows MSVC Build & Test	Install Ninja	2025-12-11T15:48:30.3561747Z Progress: Downloading ninja 1.13.1... 56%
PF3.0 Windows MSVC Build & Test	Install Ninja	2025-12-11T15:48:30.3562150Z Progress: Downloading ninja 1.13.1... 58%
PF3.0 Windows MSVC Build & Test	Install Ninja	2025-12-11T15:48:30.3562555Z Progress: Downloading ninja 1.13.1... 59%
PF3.0 Windows MSVC Build & Test	Install Ninja	2025-12-11T15:48:30.3562979Z Progress: Downloading ninja 1.13.1... 60%
PF3.0 Windows MSVC Build & Test	Install Ninja	2025-12-11T15:48:30.3563399Z Progress: Downloading ninja 1.13.1... 62%
PF3.0 Windows MSVC Build & Test	Install Ninja	2025-12-11T15:48:30.3563833Z Progress: Downloading ninja 1.13.1... 63%
PF3.0 Windows MSVC Build & Test	Install Ninja	2025-12-11T15:48:30.3564267Z Progress: Downloading ninja 1.13.1... 65%
PF3.0 Windows MSVC Build & Test	Install Ninja	2025-12-11T15:48:30.3564719Z Progress: Downloading ninja 1.13.1... 66%
PF3.0 Windows MSVC Build & Test	Install Ninja	2025-12-11T15:48:30.3565599Z Progress: Downloading ninja 1.13.1... 68%
PF3.0 Windows MSVC Build & Test	Install Ninja	2025-12-11T15:48:30.3566055Z Progress: Downloading ninja 1.13.1... 69%
PF3.0 Windows MSVC Build & Test	Install Ninja	2025-12-11T15:48:30.3566482Z Progress: Downloading ninja 1.13.1... 70%
PF3.0 Windows MSVC Build & Test	Install Ninja	2025-12-11T15:48:30.3566925Z Progress: Downloading ninja 1.13.1... 72%
PF3.0 Windows MSVC Build & Test	Install Ninja	2025-12-11T15:48:30.3567350Z Progress: Downloading ninja 1.13.1... 73%
PF3.0 Windows MSVC Build & Test	Install Ninja	2025-12-11T15:48:30.3567781Z Progress: Downloading ninja 1.13.1... 75%
PF3.0 Windows MSVC Build & Test	Install Ninja	2025-12-11T15:48:30.3568192Z Progress: Downloading ninja 1.13.1... 77%
PF3.0 Windows MSVC Build & Test	Install Ninja	2025-12-11T15:48:30.3568588Z Progress: Downloading ninja 1.13.1... 80%
PF3.0 Windows MSVC Build & Test	Install Ninja	2025-12-11T15:48:30.3568996Z Progress: Downloading ninja 1.13.1... 83%
PF3.0 Windows MSVC Build & Test	Install Ninja	2025-12-11T15:48:30.3569397Z Progress: Downloading ninja 1.13.1... 86%
PF3.0 Windows MSVC Build & Test	Install Ninja	2025-12-11T15:48:30.3569810Z Progress: Downloading ninja 1.13.1... 88%
PF3.0 Windows MSVC Build & Test	Install Ninja	2025-12-11T15:48:30.3570236Z Progress: Downloading ninja 1.13.1... 91%
PF3.0 Windows MSVC Build & Test	Install Ninja	2025-12-11T15:48:30.3570676Z Progress: Downloading ninja 1.13.1... 94%
PF3.0 Windows MSVC Build & Test	Install Ninja	2025-12-11T15:48:30.3571084Z Progress: Downloading ninja 1.13.1... 97%
PF3.0 Windows MSVC Build & Test	Install Ninja	2025-12-11T15:48:30.3571497Z Progress: Downloading ninja 1.13.1... 99%
PF3.0 Windows MSVC Build & Test	Install Ninja	2025-12-11T15:48:30.3571893Z Progress: Downloading ninja 1.13.1... 100%
PF3.0 Windows MSVC Build & Test	Install Ninja	2025-12-11T15:48:30.5711426Z 
PF3.0 Windows MSVC Build & Test	Install Ninja	2025-12-11T15:48:30.5711981Z ninja v1.13.1 (forced) [Approved] - Possibly broken
PF3.0 Windows MSVC Build & Test	Install Ninja	2025-12-11T15:48:30.5969963Z ninja package files install completed. Performing other installation steps.
PF3.0 Windows MSVC Build & Test	Install Ninja	2025-12-11T15:48:31.8582199Z Extracting C:\ProgramData\chocolatey\lib\ninja\tools\ninja-win_x32.zip to C:\ProgramData\chocolatey\lib\ninja\tools...
PF3.0 Windows MSVC Build & Test	Install Ninja	2025-12-11T15:48:32.3236910Z C:\ProgramData\chocolatey\lib\ninja\tools
PF3.0 Windows MSVC Build & Test	Install Ninja	2025-12-11T15:48:32.3243722Z Installed to: 'C:\ProgramData\chocolatey\lib\ninja\tools'
PF3.0 Windows MSVC Build & Test	Install Ninja	2025-12-11T15:48:33.7334003Z  ShimGen has successfully created a shim for ninja.exe
PF3.0 Windows MSVC Build & Test	Install Ninja	2025-12-11T15:48:33.7699378Z  The install of ninja was successful.
PF3.0 Windows MSVC Build & Test	Install Ninja	2025-12-11T15:48:33.7703689Z   Deployed to 'C:\ProgramData\chocolatey\lib\ninja\tools'
PF3.0 Windows MSVC Build & Test	Install Ninja	2025-12-11T15:48:33.7896215Z 
PF3.0 Windows MSVC Build & Test	Install Ninja	2025-12-11T15:48:33.7896762Z Chocolatey installed 1/1 packages. 
PF3.0 Windows MSVC Build & Test	Install Ninja	2025-12-11T15:48:33.7900390Z  See the log for details (C:\ProgramData\chocolatey\logs\chocolatey.log).
PF3.0 Windows MSVC Build & Test	Install dependencies (MSVC)	ï»¿2025-12-11T15:48:34.5245738Z ##[group]Run ./install-deps-msvc.ps1
PF3.0 Windows MSVC Build & Test	Install dependencies (MSVC)	2025-12-11T15:48:34.5246117Z [36;1m./install-deps-msvc.ps1[0m
PF3.0 Windows MSVC Build & Test	Install dependencies (MSVC)	2025-12-11T15:48:34.5279916Z shell: C:\Program Files\PowerShell\7\pwsh.EXE -command ". '{0}'"
PF3.0 Windows MSVC Build & Test	Install dependencies (MSVC)	2025-12-11T15:48:34.5280237Z env:
PF3.0 Windows MSVC Build & Test	Install dependencies (MSVC)	2025-12-11T15:48:34.5280403Z   MACOSX_DEPLOYMENT_TARGET: 11.0
PF3.0 Windows MSVC Build & Test	Install dependencies (MSVC)	2025-12-11T15:48:34.5280698Z   pythonLocation: C:\hostedtoolcache\windows\Python\3.11.9\x64
PF3.0 Windows MSVC Build & Test	Install dependencies (MSVC)	2025-12-11T15:48:34.5281064Z   PKG_CONFIG_PATH: /ucrt64/lib/pkgconfig:/ucrt64/share/pkgconfig
PF3.0 Windows MSVC Build & Test	Install dependencies (MSVC)	2025-12-11T15:48:34.5281425Z   Python_ROOT_DIR: C:\hostedtoolcache\windows\Python\3.11.9\x64
PF3.0 Windows MSVC Build & Test	Install dependencies (MSVC)	2025-12-11T15:48:34.5281770Z   Python2_ROOT_DIR: C:\hostedtoolcache\windows\Python\3.11.9\x64
PF3.0 Windows MSVC Build & Test	Install dependencies (MSVC)	2025-12-11T15:48:34.5282127Z   Python3_ROOT_DIR: C:\hostedtoolcache\windows\Python\3.11.9\x64
PF3.0 Windows MSVC Build & Test	Install dependencies (MSVC)	2025-12-11T15:48:34.5282411Z   TMPDIR: D:\a\_temp
PF3.0 Windows MSVC Build & Test	Install dependencies (MSVC)	2025-12-11T15:48:34.5282591Z   HOME: C:\Users\runneradmin
PF3.0 Windows MSVC Build & Test	Install dependencies (MSVC)	2025-12-11T15:48:34.5282800Z   MSYS2_PATH_TYPE: inherit
PF3.0 Windows MSVC Build & Test	Install dependencies (MSVC)	2025-12-11T15:48:34.5283032Z   ACLOCAL_PATH: /ucrt64/share/aclocal:/usr/share/aclocal
PF3.0 Windows MSVC Build & Test	Install dependencies (MSVC)	2025-12-11T15:48:34.5283330Z   LANG: en_US.UTF-8
PF3.0 Windows MSVC Build & Test	Install dependencies (MSVC)	2025-12-11T15:48:34.5283498Z   MAKE: make
PF3.0 Windows MSVC Build & Test	Install dependencies (MSVC)	2025-12-11T15:48:34.5283663Z   MANPATH: /ucrt64/share/man
PF3.0 Windows MSVC Build & Test	Install dependencies (MSVC)	2025-12-11T15:48:34.5283882Z   MINGW_CHOST: x86_64-w64-mingw32
PF3.0 Windows MSVC Build & Test	Install dependencies (MSVC)	2025-12-11T15:48:34.5284120Z   MINGW_PACKAGE_PREFIX: mingw-w64-ucrt-x86_64
PF3.0 Windows MSVC Build & Test	Install dependencies (MSVC)	2025-12-11T15:48:34.5284357Z   MINGW_PREFIX: /ucrt64
PF3.0 Windows MSVC Build & Test	Install dependencies (MSVC)	2025-12-11T15:48:34.5284539Z   MSYSTEM: UCRT64
PF3.0 Windows MSVC Build & Test	Install dependencies (MSVC)	2025-12-11T15:48:34.5284697Z   MSYSTEM_CARCH: x86_64
PF3.0 Windows MSVC Build & Test	Install dependencies (MSVC)	2025-12-11T15:48:34.5284881Z   MSYSTEM_CHOST: x86_64-w64-mingw32
PF3.0 Windows MSVC Build & Test	Install dependencies (MSVC)	2025-12-11T15:48:34.5285153Z   MSYSTEM_PREFIX: /ucrt64
PF3.0 Windows MSVC Build & Test	Install dependencies (MSVC)	2025-12-11T15:48:34.5285336Z   PROMPT: $P$G
PF3.0 Windows MSVC Build & Test	Install dependencies (MSVC)	2025-12-11T15:48:34.5285559Z   RI_DEVKIT: C:\hostedtoolcache\windows\Ruby\3.2.9\x64\msys64
PF3.0 Windows MSVC Build & Test	Install dependencies (MSVC)	2025-12-11T15:48:34.5293413Z   Path: C:\Users\runneradmin\AppData\Roaming\Python\Python311\Scripts;C:\hostedtoolcache\windows\Python\3.11.9\x64\Scripts;C:\hostedtoolcache\windows\Python\3.11.9\x64;C:\Program Files\MongoDB\Server\7.0\bin;C:\aliyun-cli;C:\vcpkg;C:\Program Files (x86)\NSIS\;C:\tools\zstd;C:\Program Files\Mercurial\;C:\hostedtoolcache\windows\stack\3.7.1\x64;C:\cabal\bin;C:\\ghcup\bin;C:\mingw64\bin;C:\Program Files\dotnet;C:\Program Files\MySQL\MySQL Server 8.0\bin;C:\Program Files\R\R-4.5.2\bin\x64;C:\SeleniumWebDrivers\GeckoDriver;C:\SeleniumWebDrivers\EdgeDriver\;C:\SeleniumWebDrivers\ChromeDriver;C:\Program Files (x86)\sbt\bin;C:\Program Files (x86)\GitHub CLI;C:\Program Files\Git\bin;C:\Program Files (x86)\pipx_bin;C:\npm\prefix;C:\hostedtoolcache\windows\go\1.24.10\x64\bin;C:\hostedtoolcache\windows\Python\3.9.13\x64\Scripts;C:\hostedtoolcache\windows\Python\3.9.13\x64;C:\Program Files\OpenSSL\bin;C:\tools\kotlinc\bin;C:\hostedtoolcache\windows\Java_Temurin-Hotspot_jdk\8.0.472-8\x64\bin;C:\Program Files\ImageMagick-7.1.2-Q16-HDRI;C:\Program Files\Microsoft SDKs\Azure\CLI2\wbin;C:\ProgramData\kind;C:\ProgramData\Chocolatey\bin;C:\Windows\system32;C:\Windows;C:\Windows\System32\Wbem;C:\Windows\System32\WindowsPowerShell\v1.0\;C:\Windows\System32\OpenSSH\;C:\Program Files\dotnet\;C:\Program Files\PowerShell\7\;C:\Program Files\Microsoft\Web Platform Installer\;C:\Program Files\TortoiseSVN\bin;C:\Program Files\Microsoft SQL Server\Client SDK\ODBC\170\Tools\Binn\;C:\Program Files\Microsoft SQL Server\150\Tools\Binn\;C:\Program Files (x86)\Windows Kits\10\Windows Performance Toolkit\;C:\Program Files (x86)\WiX Toolset v3.14\bin;C:\Program Files\Microsoft SQL Server\130\DTS\Binn\;C:\Program Files\Microsoft SQL Server\140\DTS\Binn\;C:\Program Files\Microsoft SQL Server\150\DTS\Binn\;C:\Program Files\Microsoft SQL Server\160\DTS\Binn\;C:\Program Files\Microsoft SQL Server\170\DTS\Binn\;C:\Strawberry\c\bin;C:\Strawberry\perl\site\bin;C:\Strawberry\perl\bin;C:\ProgramData\chocolatey\lib\pulumi\tools\Pulumi\bin;C:\Program Files\CMake\bin;C:\ProgramData\chocolatey\lib\maven\apache-maven-3.9.11\bin;C:\Program Files\Microsoft Service Fabric\bin\Fabric\Fabric.Code;C:\Program Files\Microsoft SDKs\Service Fabric\Tools\ServiceFabricLocalClusterManager;C:\Program Files\nodejs\;C:\Program Files\Git\cmd;C:\Program Files\Git\mingw64\bin;C:\Program Files\Git\usr\bin;C:\Program Files\GitHub CLI\;c:\tools\php;C:\Program Files (x86)\sbt\bin;C:\Program Files\Amazon\AWSCLIV2\;C:\Program Files\Amazon\SessionManagerPlugin\bin\;C:\Program Files\Amazon\AWSSAMCLI\bin\;C:\Program Files\Microsoft SQL Server\130\Tools\Binn\;C:\Program Files\mongosh\;C:\Program Files\LLVM\bin;C:\Program Files (x86)\LLVM\bin;C:\Users\runneradmin\.dotnet\tools;C:\Users\runneradmin\.cargo\bin;C:\Users\runneradmin\AppData\Local\Microsoft\WindowsApps
PF3.0 Windows MSVC Build & Test	Install dependencies (MSVC)	2025-12-11T15:48:34.5303146Z ##[endgroup]
PF3.0 Windows MSVC Build & Test	Install dependencies (MSVC)	2025-12-11T15:48:35.0662203Z Installing libarchive:x64-windows via vcpkg (Release only)...
PF3.0 Windows MSVC Build & Test	Install dependencies (MSVC)	2025-12-11T15:48:35.4269204Z Computing installation plan...
PF3.0 Windows MSVC Build & Test	Install dependencies (MSVC)	2025-12-11T15:48:36.6795950Z The following packages will be built and installed:
PF3.0 Windows MSVC Build & Test	Install dependencies (MSVC)	2025-12-11T15:48:36.6796582Z   * bzip2[core,tool]:x64-windows-release@1.0.8#6
PF3.0 Windows MSVC Build & Test	Install dependencies (MSVC)	2025-12-11T15:48:36.6797226Z     libarchive[bzip2,core,crypto,lz4,lzma,xar,zstd]:x64-windows-release@3.8.3
PF3.0 Windows MSVC Build & Test	Install dependencies (MSVC)	2025-12-11T15:48:36.6797835Z   * liblzma:x64-windows-release@5.8.1
PF3.0 Windows MSVC Build & Test	Install dependencies (MSVC)	2025-12-11T15:48:36.6798223Z   * lz4:x64-windows-release@1.10.0
PF3.0 Windows MSVC Build & Test	Install dependencies (MSVC)	2025-12-11T15:48:36.6798603Z   * openssl:x64-windows-release@3.6.0#3
PF3.0 Windows MSVC Build & Test	Install dependencies (MSVC)	2025-12-11T15:48:36.6798991Z   * vcpkg-cmake:x64-windows@2024-04-23
PF3.0 Windows MSVC Build & Test	Install dependencies (MSVC)	2025-12-11T15:48:36.6799378Z   * vcpkg-cmake-config:x64-windows@2024-05-23
PF3.0 Windows MSVC Build & Test	Install dependencies (MSVC)	2025-12-11T15:48:36.6799760Z   * vcpkg-cmake-get-vars:x64-windows@2025-05-29
PF3.0 Windows MSVC Build & Test	Install dependencies (MSVC)	2025-12-11T15:48:36.6800035Z   * zlib:x64-windows-release@1.3.1
PF3.0 Windows MSVC Build & Test	Install dependencies (MSVC)	2025-12-11T15:48:36.6800274Z   * zstd:x64-windows-release@1.5.7
PF3.0 Windows MSVC Build & Test	Install dependencies (MSVC)	2025-12-11T15:48:36.6800584Z Additional packages (*) will be modified to complete this operation.
PF3.0 Windows MSVC Build & Test	Install dependencies (MSVC)	2025-12-11T15:48:37.0375311Z Detecting compiler hash for triplet x64-windows...
PF3.0 Windows MSVC Build & Test	Install dependencies (MSVC)	2025-12-11T15:48:37.1748464Z A suitable version of powershell-core was not found (required v7.5.3).
PF3.0 Windows MSVC Build & Test	Install dependencies (MSVC)	2025-12-11T15:48:37.1750197Z Downloading https://github.com/PowerShell/PowerShell/releases/download/v7.5.3/PowerShell-7.5.3-win-x64.zip -> PowerShell-7.5.3-win-x64.zip
PF3.0 Windows MSVC Build & Test	Install dependencies (MSVC)	2025-12-11T15:48:38.0212314Z Successfully downloaded PowerShell-7.5.3-win-x64.zip
PF3.0 Windows MSVC Build & Test	Install dependencies (MSVC)	2025-12-11T15:48:38.0212835Z Extracting powershell-core...
PF3.0 Windows MSVC Build & Test	Install dependencies (MSVC)	2025-12-11T15:48:53.0287924Z Compiler found: C:/Program Files/Microsoft Visual Studio/2022/Enterprise/VC/Tools/MSVC/14.44.35207/bin/Hostx64/x64/cl.exe
PF3.0 Windows MSVC Build & Test	Install dependencies (MSVC)	2025-12-11T15:48:53.0480610Z Detecting compiler hash for triplet x64-windows-release...
PF3.0 Windows MSVC Build & Test	Install dependencies (MSVC)	2025-12-11T15:48:53.6390568Z Compiler found: C:/Program Files/Microsoft Visual Studio/2022/Enterprise/VC/Tools/MSVC/14.44.35207/bin/Hostx64/x64/cl.exe
PF3.0 Windows MSVC Build & Test	Install dependencies (MSVC)	2025-12-11T15:48:53.7366414Z Restored 0 package(s) from C:\Users\runneradmin\AppData\Local\vcpkg\archives in 157 us. Use --debug to see more details.
PF3.0 Windows MSVC Build & Test	Install dependencies (MSVC)	2025-12-11T15:48:53.7367279Z Installing 1/10 vcpkg-cmake:x64-windows@2024-04-23...
PF3.0 Windows MSVC Build & Test	Install dependencies (MSVC)	2025-12-11T15:48:53.7367629Z Building vcpkg-cmake:x64-windows@2024-04-23...
PF3.0 Windows MSVC Build & Test	Install dependencies (MSVC)	2025-12-11T15:48:53.7735062Z -- Installing: C:/vcpkg/packages/vcpkg-cmake_x64-windows/share/vcpkg-cmake/vcpkg_cmake_configure.cmake
PF3.0 Windows MSVC Build & Test	Install dependencies (MSVC)	2025-12-11T15:48:53.7747748Z -- Installing: C:/vcpkg/packages/vcpkg-cmake_x64-windows/share/vcpkg-cmake/vcpkg_cmake_build.cmake
PF3.0 Windows MSVC Build & Test	Install dependencies (MSVC)	2025-12-11T15:48:53.7756807Z -- Installing: C:/vcpkg/packages/vcpkg-cmake_x64-windows/share/vcpkg-cmake/vcpkg_cmake_install.cmake
PF3.0 Windows MSVC Build & Test	Install dependencies (MSVC)	2025-12-11T15:48:53.7790662Z -- Installing: C:/vcpkg/packages/vcpkg-cmake_x64-windows/share/vcpkg-cmake/vcpkg-port-config.cmake
PF3.0 Windows MSVC Build & Test	Install dependencies (MSVC)	2025-12-11T15:48:53.7802063Z -- Installing: C:/vcpkg/packages/vcpkg-cmake_x64-windows/share/vcpkg-cmake/copyright
PF3.0 Windows MSVC Build & Test	Install dependencies (MSVC)	2025-12-11T15:48:53.7925771Z -- Performing post-build validation
PF3.0 Windows MSVC Build & Test	Install dependencies (MSVC)	2025-12-11T15:48:53.8036231Z Starting submission of vcpkg-cmake:x64-windows@2024-04-23 to 1 binary cache(s) in the background
PF3.0 Windows MSVC Build & Test	Install dependencies (MSVC)	2025-12-11T15:48:53.8107894Z Elapsed time to handle vcpkg-cmake:x64-windows: 74.2 ms
PF3.0 Windows MSVC Build & Test	Install dependencies (MSVC)	2025-12-11T15:48:53.8108889Z vcpkg-cmake:x64-windows package ABI: 3c1ea5cf81cf6d553d6977ff2afaae6f8ba1c9b6a443f65a7cfd29bd0ab38c6e
PF3.0 Windows MSVC Build & Test	Install dependencies (MSVC)	2025-12-11T15:48:53.8109861Z Installing 2/10 bzip2[core,tool]:x64-windows-release@1.0.8#6...
PF3.0 Windows MSVC Build & Test	Install dependencies (MSVC)	2025-12-11T15:48:53.8110541Z Building bzip2[core,tool]:x64-windows-release@1.0.8#6...
PF3.0 Windows MSVC Build & Test	Install dependencies (MSVC)	2025-12-11T15:48:53.8111328Z D:\a\archive_r\archive_r\x64-windows-release.cmake: info: loaded overlay triplet from here
PF3.0 Windows MSVC Build & Test	Install dependencies (MSVC)	2025-12-11T15:48:53.8595589Z Downloading bzip2-1.0.8.tar.gz, trying https://sourceware.org/pub/bzip2/bzip2-1.0.8.tar.gz
PF3.0 Windows MSVC Build & Test	Install dependencies (MSVC)	2025-12-11T15:48:54.6001999Z Successfully downloaded bzip2-1.0.8.tar.gz
PF3.0 Windows MSVC Build & Test	Install dependencies (MSVC)	2025-12-11T15:48:54.6157527Z -- Extracting source C:/vcpkg/downloads/bzip2-1.0.8.tar.gz
PF3.0 Windows MSVC Build & Test	Install dependencies (MSVC)	2025-12-11T15:48:54.7840618Z -- Applying patch fix-import-export-macros.patch
PF3.0 Windows MSVC Build & Test	Install dependencies (MSVC)	2025-12-11T15:48:54.8139856Z -- Using source at C:/vcpkg/buildtrees/bzip2/src/bzip2-1-336d4794a3.clean
PF3.0 Windows MSVC Build & Test	Install dependencies (MSVC)	2025-12-11T15:48:54.8210487Z -- Configuring x64-windows-release
PF3.0 Windows MSVC Build & Test	Install dependencies (MSVC)	2025-12-11T15:48:56.7204528Z -- Building x64-windows-release-rel
PF3.0 Windows MSVC Build & Test	Install dependencies (MSVC)	2025-12-11T15:49:01.2518965Z -- Fixing pkgconfig file: C:/vcpkg/packages/bzip2_x64-windows-release/lib/pkgconfig/bzip2.pc
PF3.0 Windows MSVC Build & Test	Install dependencies (MSVC)	2025-12-11T15:49:01.2750578Z Downloading msys2-mingw-w64-x86_64-pkgconf-1~2.4.3-1-any.pkg.tar.zst, trying https://mirror.msys2.org/mingw/mingw64/mingw-w64-x86_64-pkgconf-1~2.4.3-1-any.pkg.tar.zst
PF3.0 Windows MSVC Build & Test	Install dependencies (MSVC)	2025-12-11T15:49:02.8171529Z Successfully downloaded msys2-mingw-w64-x86_64-pkgconf-1~2.4.3-1-any.pkg.tar.zst
PF3.0 Windows MSVC Build & Test	Install dependencies (MSVC)	2025-12-11T15:49:02.8365639Z Downloading msys2-msys2-runtime-3.6.2-2-x86_64.pkg.tar.zst, trying https://mirror.msys2.org/msys/x86_64/msys2-runtime-3.6.2-2-x86_64.pkg.tar.zst
PF3.0 Windows MSVC Build & Test	Install dependencies (MSVC)	2025-12-11T15:49:04.0810530Z Successfully downloaded msys2-msys2-runtime-3.6.2-2-x86_64.pkg.tar.zst
PF3.0 Windows MSVC Build & Test	Install dependencies (MSVC)	2025-12-11T15:49:04.2522749Z -- Using msys root at C:/vcpkg/downloads/tools/msys2/9272adbcaf19caef
PF3.0 Windows MSVC Build & Test	Install dependencies (MSVC)	2025-12-11T15:49:04.2844118Z -- Installing: C:/vcpkg/packages/bzip2_x64-windows-release/share/bzip2/copyright
PF3.0 Windows MSVC Build & Test	Install dependencies (MSVC)	2025-12-11T15:49:04.2930817Z -- Performing post-build validation
PF3.0 Windows MSVC Build & Test	Install dependencies (MSVC)	2025-12-11T15:49:04.3262631Z Starting submission of bzip2[core,tool]:x64-windows-release@1.0.8#6 to 1 binary cache(s) in the background
PF3.0 Windows MSVC Build & Test	Install dependencies (MSVC)	2025-12-11T15:49:04.3271588Z Elapsed time to handle bzip2:x64-windows-release: 11 s
PF3.0 Windows MSVC Build & Test	Install dependencies (MSVC)	2025-12-11T15:49:04.3272423Z bzip2:x64-windows-release package ABI: 6e63065de006096e367034b827abc8d8dff1395c0cb99f13f5046df00558b446
PF3.0 Windows MSVC Build & Test	Install dependencies (MSVC)	2025-12-11T15:49:04.3273116Z Completed submission of vcpkg-cmake:x64-windows@2024-04-23 to 1 binary cache(s) in 60.6 ms
PF3.0 Windows MSVC Build & Test	Install dependencies (MSVC)	2025-12-11T15:49:04.3273954Z Installing 3/10 vcpkg-cmake-config:x64-windows@2024-05-23...
PF3.0 Windows MSVC Build & Test	Install dependencies (MSVC)	2025-12-11T15:49:04.3274585Z Building vcpkg-cmake-config:x64-windows@2024-05-23...
PF3.0 Windows MSVC Build & Test	Install dependencies (MSVC)	2025-12-11T15:49:04.3624475Z -- Installing: C:/vcpkg/packages/vcpkg-cmake-config_x64-windows/share/vcpkg-cmake-config/vcpkg_cmake_config_fixup.cmake
PF3.0 Windows MSVC Build & Test	Install dependencies (MSVC)	2025-12-11T15:49:04.3638240Z -- Installing: C:/vcpkg/packages/vcpkg-cmake-config_x64-windows/share/vcpkg-cmake-config/vcpkg-port-config.cmake
PF3.0 Windows MSVC Build & Test	Install dependencies (MSVC)	2025-12-11T15:49:04.3647558Z -- Installing: C:/vcpkg/packages/vcpkg-cmake-config_x64-windows/share/vcpkg-cmake-config/copyright
PF3.0 Windows MSVC Build & Test	Install dependencies (MSVC)	2025-12-11T15:49:04.3760688Z -- Skipping post-build validation due to VCPKG_POLICY_EMPTY_PACKAGE
PF3.0 Windows MSVC Build & Test	Install dependencies (MSVC)	2025-12-11T15:49:04.3865222Z Starting submission of vcpkg-cmake-config:x64-windows@2024-05-23 to 1 binary cache(s) in the background
PF3.0 Windows MSVC Build & Test	Install dependencies (MSVC)	2025-12-11T15:49:04.3866409Z Elapsed time to handle vcpkg-cmake-config:x64-windows: 59.3 ms
PF3.0 Windows MSVC Build & Test	Install dependencies (MSVC)	2025-12-11T15:49:04.3867623Z vcpkg-cmake-config:x64-windows package ABI: e909097a9690126ac1da078c5008f8eef10b09a9e5e05f52696b67ffaa3ffdd9
PF3.0 Windows MSVC Build & Test	Install dependencies (MSVC)	2025-12-11T15:49:04.3869632Z Installing 4/10 liblzma:x64-windows-release@5.8.1...
PF3.0 Windows MSVC Build & Test	Install dependencies (MSVC)	2025-12-11T15:49:04.3870180Z Building liblzma:x64-windows-release@5.8.1...
PF3.0 Windows MSVC Build & Test	Install dependencies (MSVC)	2025-12-11T15:49:04.3870893Z D:\a\archive_r\archive_r\x64-windows-release.cmake: info: loaded overlay triplet from here
PF3.0 Windows MSVC Build & Test	Install dependencies (MSVC)	2025-12-11T15:49:04.4379761Z Downloading https://github.com/tukaani-project/xz/archive/v5.8.1.tar.gz -> tukaani-project-xz-v5.8.1.tar.gz
PF3.0 Windows MSVC Build & Test	Install dependencies (MSVC)	2025-12-11T15:49:07.0900922Z Successfully downloaded tukaani-project-xz-v5.8.1.tar.gz
PF3.0 Windows MSVC Build & Test	Install dependencies (MSVC)	2025-12-11T15:49:07.1068535Z -- Extracting source C:/vcpkg/downloads/tukaani-project-xz-v5.8.1.tar.gz
PF3.0 Windows MSVC Build & Test	Install dependencies (MSVC)	2025-12-11T15:49:07.7292985Z -- Applying patch build-tools.patch
PF3.0 Windows MSVC Build & Test	Install dependencies (MSVC)	2025-12-11T15:49:07.7536922Z -- Using source at C:/vcpkg/buildtrees/liblzma/src/v5.8.1-7ed4ee158b.clean
PF3.0 Windows MSVC Build & Test	Install dependencies (MSVC)	2025-12-11T15:49:07.7604603Z -- Configuring x64-windows-release
PF3.0 Windows MSVC Build & Test	Install dependencies (MSVC)	2025-12-11T15:49:14.3627633Z -- Building x64-windows-release-rel
PF3.0 Windows MSVC Build & Test	Install dependencies (MSVC)	2025-12-11T15:49:23.7004092Z -- Fixing pkgconfig file: C:/vcpkg/packages/liblzma_x64-windows-release/lib/pkgconfig/liblzma.pc
PF3.0 Windows MSVC Build & Test	Install dependencies (MSVC)	2025-12-11T15:49:23.7206012Z Downloading msys2-mingw-w64-x86_64-pkgconf-1~2.4.3-1-any.pkg.tar.zst, trying https://mirror.msys2.org/mingw/mingw64/mingw-w64-x86_64-pkgconf-1~2.4.3-1-any.pkg.tar.zst
PF3.0 Windows MSVC Build & Test	Install dependencies (MSVC)	2025-12-11T15:49:24.5323392Z Successfully downloaded msys2-mingw-w64-x86_64-pkgconf-1~2.4.3-1-any.pkg.tar.zst
PF3.0 Windows MSVC Build & Test	Install dependencies (MSVC)	2025-12-11T15:49:24.5524083Z Downloading msys2-msys2-runtime-3.6.2-2-x86_64.pkg.tar.zst, trying https://mirror.msys2.org/msys/x86_64/msys2-runtime-3.6.2-2-x86_64.pkg.tar.zst
PF3.0 Windows MSVC Build & Test	Install dependencies (MSVC)	2025-12-11T15:49:25.5249188Z Successfully downloaded msys2-msys2-runtime-3.6.2-2-x86_64.pkg.tar.zst
PF3.0 Windows MSVC Build & Test	Install dependencies (MSVC)	2025-12-11T15:49:25.5350430Z -- Using msys root at C:/vcpkg/downloads/tools/msys2/9272adbcaf19caef
PF3.0 Windows MSVC Build & Test	Install dependencies (MSVC)	2025-12-11T15:49:25.5574921Z -- Installing: C:/vcpkg/packages/liblzma_x64-windows-release/share/liblzma/copyright
PF3.0 Windows MSVC Build & Test	Install dependencies (MSVC)	2025-12-11T15:49:25.5674204Z -- Performing post-build validation
PF3.0 Windows MSVC Build & Test	Install dependencies (MSVC)	2025-12-11T15:49:25.7245158Z Starting submission of liblzma:x64-windows-release@5.8.1 to 1 binary cache(s) in the background
PF3.0 Windows MSVC Build & Test	Install dependencies (MSVC)	2025-12-11T15:49:25.7255443Z Elapsed time to handle liblzma:x64-windows-release: 21 s
PF3.0 Windows MSVC Build & Test	Install dependencies (MSVC)	2025-12-11T15:49:25.7256543Z liblzma:x64-windows-release package ABI: a42d0e5b1a9f1e272c758d301d897d1101ccd1a5115611e8618c7e3df8582ace
PF3.0 Windows MSVC Build & Test	Install dependencies (MSVC)	2025-12-11T15:49:25.7257813Z Completed submission of bzip2[core,tool]:x64-windows-release@1.0.8#6 to 1 binary cache(s) in 88.9 ms
PF3.0 Windows MSVC Build & Test	Install dependencies (MSVC)	2025-12-11T15:49:25.7258931Z Completed submission of vcpkg-cmake-config:x64-windows@2024-05-23 to 1 binary cache(s) in 49.4 ms
PF3.0 Windows MSVC Build & Test	Install dependencies (MSVC)	2025-12-11T15:49:25.7259746Z Installing 5/10 lz4:x64-windows-release@1.10.0...
PF3.0 Windows MSVC Build & Test	Install dependencies (MSVC)	2025-12-11T15:49:25.7260248Z Building lz4:x64-windows-release@1.10.0...
PF3.0 Windows MSVC Build & Test	Install dependencies (MSVC)	2025-12-11T15:49:25.7260983Z D:\a\archive_r\archive_r\x64-windows-release.cmake: info: loaded overlay triplet from here
PF3.0 Windows MSVC Build & Test	Install dependencies (MSVC)	2025-12-11T15:49:25.8034708Z Downloading https://github.com/lz4/lz4/archive/v1.10.0.tar.gz -> lz4-lz4-v1.10.0.tar.gz
PF3.0 Windows MSVC Build & Test	Install dependencies (MSVC)	2025-12-11T15:49:28.3002854Z Successfully downloaded lz4-lz4-v1.10.0.tar.gz
PF3.0 Windows MSVC Build & Test	Install dependencies (MSVC)	2025-12-11T15:49:28.3120848Z -- Extracting source C:/vcpkg/downloads/lz4-lz4-v1.10.0.tar.gz
PF3.0 Windows MSVC Build & Test	Install dependencies (MSVC)	2025-12-11T15:49:28.5721932Z -- Applying patch target-lz4-lz4.diff
PF3.0 Windows MSVC Build & Test	Install dependencies (MSVC)	2025-12-11T15:49:28.5957529Z -- Using source at C:/vcpkg/buildtrees/lz4/src/v1.10.0-61bd08d80e.clean
PF3.0 Windows MSVC Build & Test	Install dependencies (MSVC)	2025-12-11T15:49:28.6013991Z -- Configuring x64-windows-release
PF3.0 Windows MSVC Build & Test	Install dependencies (MSVC)	2025-12-11T15:49:29.4666073Z -- Building x64-windows-release-rel
PF3.0 Windows MSVC Build & Test	Install dependencies (MSVC)	2025-12-11T15:49:33.2545694Z -- Fixing pkgconfig file: C:/vcpkg/packages/lz4_x64-windows-release/lib/pkgconfig/liblz4.pc
PF3.0 Windows MSVC Build & Test	Install dependencies (MSVC)	2025-12-11T15:49:33.2757483Z Downloading msys2-mingw-w64-x86_64-pkgconf-1~2.4.3-1-any.pkg.tar.zst, trying https://mirror.msys2.org/mingw/mingw64/mingw-w64-x86_64-pkgconf-1~2.4.3-1-any.pkg.tar.zst
PF3.0 Windows MSVC Build & Test	Install dependencies (MSVC)	2025-12-11T15:49:34.0878312Z Successfully downloaded msys2-mingw-w64-x86_64-pkgconf-1~2.4.3-1-any.pkg.tar.zst
PF3.0 Windows MSVC Build & Test	Install dependencies (MSVC)	2025-12-11T15:49:34.1085789Z Downloading msys2-msys2-runtime-3.6.2-2-x86_64.pkg.tar.zst, trying https://mirror.msys2.org/msys/x86_64/msys2-runtime-3.6.2-2-x86_64.pkg.tar.zst
PF3.0 Windows MSVC Build & Test	Install dependencies (MSVC)	2025-12-11T15:49:35.0816367Z Successfully downloaded msys2-msys2-runtime-3.6.2-2-x86_64.pkg.tar.zst
PF3.0 Windows MSVC Build & Test	Install dependencies (MSVC)	2025-12-11T15:49:35.0952455Z -- Using msys root at C:/vcpkg/downloads/tools/msys2/9272adbcaf19caef
PF3.0 Windows MSVC Build & Test	Install dependencies (MSVC)	2025-12-11T15:49:35.1025497Z -- Installing: C:/vcpkg/packages/lz4_x64-windows-release/share/lz4/usage
PF3.0 Windows MSVC Build & Test	Install dependencies (MSVC)	2025-12-11T15:49:35.1037251Z -- Installing: C:/vcpkg/packages/lz4_x64-windows-release/share/lz4/copyright
PF3.0 Windows MSVC Build & Test	Install dependencies (MSVC)	2025-12-11T15:49:35.1137586Z -- Performing post-build validation
PF3.0 Windows MSVC Build & Test	Install dependencies (MSVC)	2025-12-11T15:49:35.1719206Z Starting submission of lz4:x64-windows-release@1.10.0 to 1 binary cache(s) in the background
PF3.0 Windows MSVC Build & Test	Install dependencies (MSVC)	2025-12-11T15:49:35.1727387Z Elapsed time to handle lz4:x64-windows-release: 9.4 s
PF3.0 Windows MSVC Build & Test	Install dependencies (MSVC)	2025-12-11T15:49:35.1730208Z lz4:x64-windows-release package ABI: 76414275827b14c2c144bac66896d0a33848a13abcdcc0f043ebd24ddca078cb
PF3.0 Windows MSVC Build & Test	Install dependencies (MSVC)	2025-12-11T15:49:35.1731266Z Completed submission of liblzma:x64-windows-release@5.8.1 to 1 binary cache(s) in 167 ms
PF3.0 Windows MSVC Build & Test	Install dependencies (MSVC)	2025-12-11T15:49:35.1732119Z Installing 6/10 vcpkg-cmake-get-vars:x64-windows@2025-05-29...
PF3.0 Windows MSVC Build & Test	Install dependencies (MSVC)	2025-12-11T15:49:35.1733250Z Building vcpkg-cmake-get-vars:x64-windows@2025-05-29...
PF3.0 Windows MSVC Build & Test	Install dependencies (MSVC)	2025-12-11T15:49:35.2160671Z -- Installing: C:/vcpkg/packages/vcpkg-cmake-get-vars_x64-windows/share/vcpkg-cmake-get-vars/vcpkg_cmake_get_vars.cmake
PF3.0 Windows MSVC Build & Test	Install dependencies (MSVC)	2025-12-11T15:49:35.2276426Z -- Installing: C:/vcpkg/packages/vcpkg-cmake-get-vars_x64-windows/share/vcpkg-cmake-get-vars/cmake_get_vars
PF3.0 Windows MSVC Build & Test	Install dependencies (MSVC)	2025-12-11T15:49:35.2290694Z -- Installing: C:/vcpkg/packages/vcpkg-cmake-get-vars_x64-windows/share/vcpkg-cmake-get-vars/cmake_get_vars/CMakeLists.txt
PF3.0 Windows MSVC Build & Test	Install dependencies (MSVC)	2025-12-11T15:49:35.2302099Z -- Installing: C:/vcpkg/packages/vcpkg-cmake-get-vars_x64-windows/share/vcpkg-cmake-get-vars/cmake-get-vars.cmake.in
PF3.0 Windows MSVC Build & Test	Install dependencies (MSVC)	2025-12-11T15:49:35.2333896Z -- Installing: C:/vcpkg/packages/vcpkg-cmake-get-vars_x64-windows/share/vcpkg-cmake-get-vars/vcpkg-port-config.cmake
PF3.0 Windows MSVC Build & Test	Install dependencies (MSVC)	2025-12-11T15:49:35.2353791Z -- Installing: C:/vcpkg/packages/vcpkg-cmake-get-vars_x64-windows/share/vcpkg-cmake-get-vars/copyright
PF3.0 Windows MSVC Build & Test	Install dependencies (MSVC)	2025-12-11T15:49:35.2424239Z -- Performing post-build validation
PF3.0 Windows MSVC Build & Test	Install dependencies (MSVC)	2025-12-11T15:49:35.2544519Z Starting submission of vcpkg-cmake-get-vars:x64-windows@2025-05-29 to 1 binary cache(s) in the background
PF3.0 Windows MSVC Build & Test	Install dependencies (MSVC)	2025-12-11T15:49:35.2545517Z Elapsed time to handle vcpkg-cmake-get-vars:x64-windows: 81.7 ms
PF3.0 Windows MSVC Build & Test	Install dependencies (MSVC)	2025-12-11T15:49:35.2546383Z vcpkg-cmake-get-vars:x64-windows package ABI: d29d144593131f6fbed9605172563aa8ad209f5bd2f5fa05c45d6e57e82aab61
PF3.0 Windows MSVC Build & Test	Install dependencies (MSVC)	2025-12-11T15:49:35.2547230Z Installing 7/10 openssl:x64-windows-release@3.6.0#3...
PF3.0 Windows MSVC Build & Test	Install dependencies (MSVC)	2025-12-11T15:49:35.2547744Z Building openssl:x64-windows-release@3.6.0#3...
PF3.0 Windows MSVC Build & Test	Install dependencies (MSVC)	2025-12-11T15:49:35.2548405Z D:\a\archive_r\archive_r\x64-windows-release.cmake: info: loaded overlay triplet from here
PF3.0 Windows MSVC Build & Test	Install dependencies (MSVC)	2025-12-11T15:49:35.3070523Z Downloading https://github.com/openssl/openssl/archive/openssl-3.6.0.tar.gz -> openssl-openssl-openssl-3.6.0.tar.gz
PF3.0 Windows MSVC Build & Test	Install dependencies (MSVC)	2025-12-11T15:49:38.5130162Z Successfully downloaded openssl-openssl-openssl-3.6.0.tar.gz
PF3.0 Windows MSVC Build & Test	Install dependencies (MSVC)	2025-12-11T15:49:38.7169551Z -- Extracting source C:/vcpkg/downloads/openssl-openssl-openssl-3.6.0.tar.gz
PF3.0 Windows MSVC Build & Test	Install dependencies (MSVC)	2025-12-11T15:49:46.3689964Z -- Applying patch cmake-config.patch
PF3.0 Windows MSVC Build & Test	Install dependencies (MSVC)	2025-12-11T15:49:46.3926208Z -- Applying patch command-line-length.patch
PF3.0 Windows MSVC Build & Test	Install dependencies (MSVC)	2025-12-11T15:49:46.4138416Z -- Applying patch script-prefix.patch
PF3.0 Windows MSVC Build & Test	Install dependencies (MSVC)	2025-12-11T15:49:46.4358138Z -- Applying patch aes_cfb128_vaes_encdec_wrapper.diff
PF3.0 Windows MSVC Build & Test	Install dependencies (MSVC)	2025-12-11T15:49:46.4575942Z -- Applying patch windows/install-layout.patch
PF3.0 Windows MSVC Build & Test	Install dependencies (MSVC)	2025-12-11T15:49:46.4801648Z -- Applying patch windows/install-pdbs.patch
PF3.0 Windows MSVC Build & Test	Install dependencies (MSVC)	2025-12-11T15:49:46.5048486Z -- Applying patch windows/install-programs.diff
PF3.0 Windows MSVC Build & Test	Install dependencies (MSVC)	2025-12-11T15:49:46.5282688Z -- Applying patch unix/android-cc.patch
PF3.0 Windows MSVC Build & Test	Install dependencies (MSVC)	2025-12-11T15:49:46.5497686Z -- Applying patch unix/move-openssldir.patch
PF3.0 Windows MSVC Build & Test	Install dependencies (MSVC)	2025-12-11T15:49:46.5722252Z -- Applying patch unix/no-empty-dirs.patch
PF3.0 Windows MSVC Build & Test	Install dependencies (MSVC)	2025-12-11T15:49:46.5937604Z -- Applying patch unix/no-static-libs-for-shared.patch
PF3.0 Windows MSVC Build & Test	Install dependencies (MSVC)	2025-12-11T15:49:46.6202647Z -- Using source at C:/vcpkg/buildtrees/openssl/src/nssl-3.6.0-a2eab2a5bb.clean
PF3.0 Windows MSVC Build & Test	Install dependencies (MSVC)	2025-12-11T15:49:46.6253479Z -- Getting CMake variables for x64-windows-release
PF3.0 Windows MSVC Build & Test	Install dependencies (MSVC)	2025-12-11T15:49:49.1106001Z -- Loading CMake variables from C:/vcpkg/buildtrees/openssl/cmake-get-vars_C_CXX-x64-windows-release.cmake.log
PF3.0 Windows MSVC Build & Test	Install dependencies (MSVC)	2025-12-11T15:49:49.1289088Z Downloading https://github.com/StrawberryPerl/Perl-Dist-Strawberry/releases/download/SP_54201_64bit/strawberry-perl-5.42.0.1-64bit-portable.zip -> strawberry-perl-5.42.0.1-64bit-portable.zip
PF3.0 Windows MSVC Build & Test	Install dependencies (MSVC)	2025-12-11T15:49:51.0277737Z Successfully downloaded strawberry-perl-5.42.0.1-64bit-portable.zip
PF3.0 Windows MSVC Build & Test	Install dependencies (MSVC)	2025-12-11T15:50:18.0529889Z Downloading nasm-2.16.03-win64.zip, trying https://www.nasm.us/pub/nasm/releasebuilds/2.16.03/win64/nasm-2.16.03-win64.zip
PF3.0 Windows MSVC Build & Test	Install dependencies (MSVC)	2025-12-11T15:50:18.2936532Z Successfully downloaded nasm-2.16.03-win64.zip
PF3.0 Windows MSVC Build & Test	Install dependencies (MSVC)	2025-12-11T15:50:18.4625272Z -- Getting CMake variables for x64-windows-release
PF3.0 Windows MSVC Build & Test	Install dependencies (MSVC)	2025-12-11T15:50:21.1118533Z Downloading jom_1_1_4.zip, trying https://download.qt.io/official_releases/jom/jom_1_1_4.zip
PF3.0 Windows MSVC Build & Test	Install dependencies (MSVC)	2025-12-11T15:50:22.9568314Z Successfully downloaded jom_1_1_4.zip
PF3.0 Windows MSVC Build & Test	Install dependencies (MSVC)	2025-12-11T15:50:33.0404062Z -- Prerunning x64-windows-release-rel
PF3.0 Windows MSVC Build & Test	Install dependencies (MSVC)	2025-12-11T15:50:53.2778996Z -- Building x64-windows-release-rel
PF3.0 Windows MSVC Build & Test	Install dependencies (MSVC)	2025-12-11T15:54:10.7031992Z -- Fixing pkgconfig file: C:/vcpkg/packages/openssl_x64-windows-release/lib/pkgconfig/libcrypto.pc
PF3.0 Windows MSVC Build & Test	Install dependencies (MSVC)	2025-12-11T15:54:10.7038887Z -- Fixing pkgconfig file: C:/vcpkg/packages/openssl_x64-windows-release/lib/pkgconfig/libssl.pc
PF3.0 Windows MSVC Build & Test	Install dependencies (MSVC)	2025-12-11T15:54:10.7044845Z -- Fixing pkgconfig file: C:/vcpkg/packages/openssl_x64-windows-release/lib/pkgconfig/openssl.pc
PF3.0 Windows MSVC Build & Test	Install dependencies (MSVC)	2025-12-11T15:54:10.7243172Z Downloading msys2-mingw-w64-x86_64-pkgconf-1~2.4.3-1-any.pkg.tar.zst, trying https://mirror.msys2.org/mingw/mingw64/mingw-w64-x86_64-pkgconf-1~2.4.3-1-any.pkg.tar.zst
PF3.0 Windows MSVC Build & Test	Install dependencies (MSVC)	2025-12-11T15:54:11.5305320Z Successfully downloaded msys2-mingw-w64-x86_64-pkgconf-1~2.4.3-1-any.pkg.tar.zst
PF3.0 Windows MSVC Build & Test	Install dependencies (MSVC)	2025-12-11T15:54:11.5503762Z Downloading msys2-msys2-runtime-3.6.2-2-x86_64.pkg.tar.zst, trying https://mirror.msys2.org/msys/x86_64/msys2-runtime-3.6.2-2-x86_64.pkg.tar.zst
PF3.0 Windows MSVC Build & Test	Install dependencies (MSVC)	2025-12-11T15:54:12.7794986Z Successfully downloaded msys2-msys2-runtime-3.6.2-2-x86_64.pkg.tar.zst
PF3.0 Windows MSVC Build & Test	Install dependencies (MSVC)	2025-12-11T15:54:12.7893954Z -- Using msys root at C:/vcpkg/downloads/tools/msys2/9272adbcaf19caef
PF3.0 Windows MSVC Build & Test	Install dependencies (MSVC)	2025-12-11T15:54:12.8127919Z -- Installing: C:/vcpkg/packages/openssl_x64-windows-release/share/openssl/usage
PF3.0 Windows MSVC Build & Test	Install dependencies (MSVC)	2025-12-11T15:54:12.8182721Z -- Installing: C:/vcpkg/packages/openssl_x64-windows-release/share/openssl/copyright
PF3.0 Windows MSVC Build & Test	Install dependencies (MSVC)	2025-12-11T15:54:12.8259567Z -- Performing post-build validation
PF3.0 Windows MSVC Build & Test	Install dependencies (MSVC)	2025-12-11T15:54:17.4562841Z Starting submission of openssl:x64-windows-release@3.6.0#3 to 1 binary cache(s) in the background
PF3.0 Windows MSVC Build & Test	Install dependencies (MSVC)	2025-12-11T15:54:17.4766721Z Elapsed time to handle openssl:x64-windows-release: 4.7 min
PF3.0 Windows MSVC Build & Test	Install dependencies (MSVC)	2025-12-11T15:54:17.4767873Z openssl:x64-windows-release package ABI: 4277f4ab9ef7722d37e842c04c64c35c6ac44986685e9e06b57f89c1b69c6aa8
PF3.0 Windows MSVC Build & Test	Install dependencies (MSVC)	2025-12-11T15:54:17.4769040Z Completed submission of lz4:x64-windows-release@1.10.0 to 1 binary cache(s) in 117 ms
PF3.0 Windows MSVC Build & Test	Install dependencies (MSVC)	2025-12-11T15:54:17.4770088Z Completed submission of vcpkg-cmake-get-vars:x64-windows@2025-05-29 to 1 binary cache(s) in 53.1 ms
PF3.0 Windows MSVC Build & Test	Install dependencies (MSVC)	2025-12-11T15:54:17.4771031Z Installing 8/10 zlib:x64-windows-release@1.3.1...
PF3.0 Windows MSVC Build & Test	Install dependencies (MSVC)	2025-12-11T15:54:17.4771661Z Building zlib:x64-windows-release@1.3.1...
PF3.0 Windows MSVC Build & Test	Install dependencies (MSVC)	2025-12-11T15:54:17.4772433Z D:\a\archive_r\archive_r\x64-windows-release.cmake: info: loaded overlay triplet from here
PF3.0 Windows MSVC Build & Test	Install dependencies (MSVC)	2025-12-11T15:54:17.6118638Z Downloading https://github.com/madler/zlib/archive/v1.3.1.tar.gz -> madler-zlib-v1.3.1.tar.gz
PF3.0 Windows MSVC Build & Test	Install dependencies (MSVC)	2025-12-11T15:54:19.8071461Z error: https://github.com/madler/zlib/archive/v1.3.1.tar.gz: failed: status code 503
PF3.0 Windows MSVC Build & Test	Install dependencies (MSVC)	2025-12-11T15:54:19.8072375Z note: If you are using a proxy, please ensure your proxy settings are correct.
PF3.0 Windows MSVC Build & Test	Install dependencies (MSVC)	2025-12-11T15:54:19.8072801Z Possible causes are:
PF3.0 Windows MSVC Build & Test	Install dependencies (MSVC)	2025-12-11T15:54:19.8073409Z 1. You are actually using an HTTP proxy, but setting HTTPS_PROXY variable to `https://address:port`.
PF3.0 Windows MSVC Build & Test	Install dependencies (MSVC)	2025-12-11T15:54:19.8074193Z This is not correct, because `https://` prefix claims the proxy is an HTTPS proxy, while your proxy (v2ray, shadowsocksr, etc...) is an HTTP proxy.
PF3.0 Windows MSVC Build & Test	Install dependencies (MSVC)	2025-12-11T15:54:19.8075183Z Try setting `http://address:port` to both HTTP_PROXY and HTTPS_PROXY instead.
PF3.0 Windows MSVC Build & Test	Install dependencies (MSVC)	2025-12-11T15:54:19.8076073Z 2. If you are using Windows, vcpkg will automatically use your Windows IE Proxy Settings set by your proxy software. See: https://github.com/microsoft/vcpkg-tool/pull/77
PF3.0 Windows MSVC Build & Test	Install dependencies (MSVC)	2025-12-11T15:54:19.8077193Z The value set by your proxy might be wrong, or have same `https://` prefix issue.
PF3.0 Windows MSVC Build & Test	Install dependencies (MSVC)	2025-12-11T15:54:19.8077681Z 3. Your proxy's remote server is out of service.
PF3.0 Windows MSVC Build & Test	Install dependencies (MSVC)	2025-12-11T15:54:19.8078563Z If you believe this is not a temporary download server failure and vcpkg needs to be changed to download this file from a different location, please submit an issue to https://github.com/Microsoft/vcpkg/issues
PF3.0 Windows MSVC Build & Test	Install dependencies (MSVC)	2025-12-11T15:54:19.8168190Z CMake Error at scripts/cmake/vcpkg_download_distfile.cmake:136 (message):
PF3.0 Windows MSVC Build & Test	Install dependencies (MSVC)	2025-12-11T15:54:19.8168862Z   Download failed, halting portfile.
PF3.0 Windows MSVC Build & Test	Install dependencies (MSVC)	2025-12-11T15:54:19.8169281Z Call Stack (most recent call first):
PF3.0 Windows MSVC Build & Test	Install dependencies (MSVC)	2025-12-11T15:54:19.8169694Z   scripts/cmake/vcpkg_from_github.cmake:120 (vcpkg_download_distfile)
PF3.0 Windows MSVC Build & Test	Install dependencies (MSVC)	2025-12-11T15:54:19.8170125Z   ports/zlib/portfile.cmake:2 (vcpkg_from_github)
PF3.0 Windows MSVC Build & Test	Install dependencies (MSVC)	2025-12-11T15:54:19.8170710Z   scripts/ports.cmake:206 (include)
PF3.0 Windows MSVC Build & Test	Install dependencies (MSVC)	2025-12-11T15:54:19.8170917Z 
PF3.0 Windows MSVC Build & Test	Install dependencies (MSVC)	2025-12-11T15:54:19.8170924Z 
PF3.0 Windows MSVC Build & Test	Install dependencies (MSVC)	2025-12-11T15:54:19.8239103Z error: building zlib:x64-windows-release failed with: BUILD_FAILED
PF3.0 Windows MSVC Build & Test	Install dependencies (MSVC)	2025-12-11T15:54:19.8240341Z See https://learn.microsoft.com/vcpkg/troubleshoot/build-failures?WT.mc_id=vcpkg_inproduct_cli for more information.
PF3.0 Windows MSVC Build & Test	Install dependencies (MSVC)	2025-12-11T15:54:19.8241412Z Elapsed time to handle zlib:x64-windows-release: 2.3 s
PF3.0 Windows MSVC Build & Test	Install dependencies (MSVC)	2025-12-11T15:54:20.0851449Z Please ensure you're using the latest port files with `git pull` and `vcpkg update`.
PF3.0 Windows MSVC Build & Test	Install dependencies (MSVC)	2025-12-11T15:54:20.0852342Z Then check for known issues at:
PF3.0 Windows MSVC Build & Test	Install dependencies (MSVC)	2025-12-11T15:54:20.0853016Z   https://github.com/microsoft/vcpkg/issues?q=is%3Aissue+is%3Aopen+in%3Atitle+zlib
PF3.0 Windows MSVC Build & Test	Install dependencies (MSVC)	2025-12-11T15:54:20.0853766Z You can submit a new issue at:
PF3.0 Windows MSVC Build & Test	Install dependencies (MSVC)	2025-12-11T15:54:20.0855312Z   https://github.com/microsoft/vcpkg/issues/new?title=%5Bzlib%5D%20build%20error%20on%20x64-windows-release&body=Copy%20issue%20body%20from%20collapsed%20section%20%22issue_body.md%22%20in%20the%20ci%20log%20output
PF3.0 Windows MSVC Build & Test	Install dependencies (MSVC)	2025-12-11T15:54:20.0857518Z ##[group]issue_body.md
PF3.0 Windows MSVC Build & Test	Install dependencies (MSVC)	2025-12-11T15:54:20.0857894Z Package: zlib:x64-windows-release@1.3.1
PF3.0 Windows MSVC Build & Test	Install dependencies (MSVC)	2025-12-11T15:54:20.0858174Z 
PF3.0 Windows MSVC Build & Test	Install dependencies (MSVC)	2025-12-11T15:54:20.0858345Z **Host Environment**
PF3.0 Windows MSVC Build & Test	Install dependencies (MSVC)	2025-12-11T15:54:20.0858535Z 
PF3.0 Windows MSVC Build & Test	Install dependencies (MSVC)	2025-12-11T15:54:20.0858654Z - Host: x64-windows
PF3.0 Windows MSVC Build & Test	Install dependencies (MSVC)	2025-12-11T15:54:20.0858991Z - Compiler: MSVC 19.44.35221.0
PF3.0 Windows MSVC Build & Test	Install dependencies (MSVC)	2025-12-11T15:54:20.0859317Z - CMake Version: 3.31.6
PF3.0 Windows MSVC Build & Test	Install dependencies (MSVC)	2025-12-11T15:54:20.0859788Z -    vcpkg-tool version: 2025-11-19-da1f056dc0775ac651bea7e3fbbf4066146a55f3
PF3.0 Windows MSVC Build & Test	Install dependencies (MSVC)	2025-12-11T15:54:20.0860404Z     vcpkg-scripts version: 9aee6e968f 2025-11-25 (2 weeks ago)
PF3.0 Windows MSVC Build & Test	Install dependencies (MSVC)	2025-12-11T15:54:20.0860731Z 
PF3.0 Windows MSVC Build & Test	Install dependencies (MSVC)	2025-12-11T15:54:20.0860840Z **To Reproduce**
PF3.0 Windows MSVC Build & Test	Install dependencies (MSVC)	2025-12-11T15:54:20.0861003Z 
PF3.0 Windows MSVC Build & Test	Install dependencies (MSVC)	2025-12-11T15:54:20.0861289Z `vcpkg install libarchive:x64-windows-release --clean-after-build`
PF3.0 Windows MSVC Build & Test	Install dependencies (MSVC)	2025-12-11T15:54:20.0861760Z 
PF3.0 Windows MSVC Build & Test	Install dependencies (MSVC)	2025-12-11T15:54:20.0862010Z **Failure logs**
PF3.0 Windows MSVC Build & Test	Install dependencies (MSVC)	2025-12-11T15:54:20.0862249Z 
PF3.0 Windows MSVC Build & Test	Install dependencies (MSVC)	2025-12-11T15:54:20.0862366Z ```
PF3.0 Windows MSVC Build & Test	Install dependencies (MSVC)	2025-12-11T15:54:20.0863039Z Downloading https://github.com/madler/zlib/archive/v1.3.1.tar.gz -> madler-zlib-v1.3.1.tar.gz
PF3.0 Windows MSVC Build & Test	Install dependencies (MSVC)	2025-12-11T15:54:20.0864041Z error: https://github.com/madler/zlib/archive/v1.3.1.tar.gz: failed: status code 503
PF3.0 Windows MSVC Build & Test	Install dependencies (MSVC)	2025-12-11T15:54:20.0864860Z note: If you are using a proxy, please ensure your proxy settings are correct.
PF3.0 Windows MSVC Build & Test	Install dependencies (MSVC)	2025-12-11T15:54:20.0865407Z Possible causes are:
PF3.0 Windows MSVC Build & Test	Install dependencies (MSVC)	2025-12-11T15:54:20.0866030Z 1. You are actually using an HTTP proxy, but setting HTTPS_PROXY variable to `https://address:port`.
PF3.0 Windows MSVC Build & Test	Install dependencies (MSVC)	2025-12-11T15:54:20.0867190Z This is not correct, because `https://` prefix claims the proxy is an HTTPS proxy, while your proxy (v2ray, shadowsocksr, etc...) is an HTTP proxy.
PF3.0 Windows MSVC Build & Test	Install dependencies (MSVC)	2025-12-11T15:54:20.0868233Z Try setting `http://address:port` to both HTTP_PROXY and HTTPS_PROXY instead.
PF3.0 Windows MSVC Build & Test	Install dependencies (MSVC)	2025-12-11T15:54:20.0869538Z 2. If you are using Windows, vcpkg will automatically use your Windows IE Proxy Settings set by your proxy software. See: https://github.com/microsoft/vcpkg-tool/pull/77
PF3.0 Windows MSVC Build & Test	Install dependencies (MSVC)	2025-12-11T15:54:20.0870878Z The value set by your proxy might be wrong, or have same `https://` prefix issue.
PF3.0 Windows MSVC Build & Test	Install dependencies (MSVC)	2025-12-11T15:54:20.0871876Z 3. Your proxy's remote server is out of service.
PF3.0 Windows MSVC Build & Test	Install dependencies (MSVC)	2025-12-11T15:54:20.0873306Z If you believe this is not a temporary download server failure and vcpkg needs to be changed to download this file from a different location, please submit an issue to https://github.com/Microsoft/vcpkg/issues
PF3.0 Windows MSVC Build & Test	Install dependencies (MSVC)	2025-12-11T15:54:20.0874827Z CMake Error at scripts/cmake/vcpkg_download_distfile.cmake:136 (message):
PF3.0 Windows MSVC Build & Test	Install dependencies (MSVC)	2025-12-11T15:54:20.0875523Z   Download failed, halting portfile.
PF3.0 Windows MSVC Build & Test	Install dependencies (MSVC)	2025-12-11T15:54:20.0875973Z Call Stack (most recent call first):
PF3.0 Windows MSVC Build & Test	Install dependencies (MSVC)	2025-12-11T15:54:20.0876616Z   scripts/cmake/vcpkg_from_github.cmake:120 (vcpkg_download_distfile)
PF3.0 Windows MSVC Build & Test	Install dependencies (MSVC)	2025-12-11T15:54:20.0877294Z   ports/zlib/portfile.cmake:2 (vcpkg_from_github)
PF3.0 Windows MSVC Build & Test	Install dependencies (MSVC)	2025-12-11T15:54:20.0877850Z   scripts/ports.cmake:206 (include)
PF3.0 Windows MSVC Build & Test	Install dependencies (MSVC)	2025-12-11T15:54:20.0878142Z 
PF3.0 Windows MSVC Build & Test	Install dependencies (MSVC)	2025-12-11T15:54:20.0878150Z 
PF3.0 Windows MSVC Build & Test	Install dependencies (MSVC)	2025-12-11T15:54:20.0878157Z 
PF3.0 Windows MSVC Build & Test	Install dependencies (MSVC)	2025-12-11T15:54:20.0878312Z ```
PF3.0 Windows MSVC Build & Test	Install dependencies (MSVC)	2025-12-11T15:54:20.0878680Z 
PF3.0 Windows MSVC Build & Test	Install dependencies (MSVC)	2025-12-11T15:54:20.0879151Z ##[endgroup]
PF3.0 Windows MSVC Build & Test	Install dependencies (MSVC)	2025-12-11T15:54:20.0879338Z 
PF3.0 Windows MSVC Build & Test	Install dependencies (MSVC)	2025-12-11T15:54:20.0879774Z Completed submission of openssl:x64-windows-release@3.6.0#3 to 1 binary cache(s) in 1.9 s
PF3.0 Windows MSVC Build & Test	Install dependencies (MSVC)	2025-12-11T15:54:20.1985910Z ##[error]Process completed with exit code 1.
PF3.0 Windows MSVC Build & Test	Upload PF3 artifacts	ï»¿2025-12-11T15:54:20.2201655Z ##[group]Run actions/upload-artifact@v4
PF3.0 Windows MSVC Build & Test	Upload PF3 artifacts	2025-12-11T15:54:20.2202074Z with:
PF3.0 Windows MSVC Build & Test	Upload PF3 artifacts	2025-12-11T15:54:20.2202362Z   name: archive-r-pf3-d7618c604d20e021295b73e4d936bdebf522de9c
PF3.0 Windows MSVC Build & Test	Upload PF3 artifacts	2025-12-11T15:54:20.2202902Z   path: build/bindings/python/dist/**/*
PF3.0 Windows MSVC Build & Test	Upload PF3 artifacts	build/bindings/ruby/**/*.gem
PF3.0 Windows MSVC Build & Test	Upload PF3 artifacts	build/logs/**/*.log
PF3.0 Windows MSVC Build & Test	Upload PF3 artifacts	
PF3.0 Windows MSVC Build & Test	Upload PF3 artifacts	2025-12-11T15:54:20.2203315Z   if-no-files-found: ignore
PF3.0 Windows MSVC Build & Test	Upload PF3 artifacts	2025-12-11T15:54:20.2203580Z   retention-days: 7
PF3.0 Windows MSVC Build & Test	Upload PF3 artifacts	2025-12-11T15:54:20.2203801Z   compression-level: 6
PF3.0 Windows MSVC Build & Test	Upload PF3 artifacts	2025-12-11T15:54:20.2204041Z   overwrite: false
PF3.0 Windows MSVC Build & Test	Upload PF3 artifacts	2025-12-11T15:54:20.2204282Z   include-hidden-files: false
PF3.0 Windows MSVC Build & Test	Upload PF3 artifacts	2025-12-11T15:54:20.2204508Z env:
PF3.0 Windows MSVC Build & Test	Upload PF3 artifacts	2025-12-11T15:54:20.2204722Z   MACOSX_DEPLOYMENT_TARGET: 11.0
PF3.0 Windows MSVC Build & Test	Upload PF3 artifacts	2025-12-11T15:54:20.2205041Z   pythonLocation: C:\hostedtoolcache\windows\Python\3.11.9\x64
PF3.0 Windows MSVC Build & Test	Upload PF3 artifacts	2025-12-11T15:54:20.2205468Z   PKG_CONFIG_PATH: /ucrt64/lib/pkgconfig:/ucrt64/share/pkgconfig
PF3.0 Windows MSVC Build & Test	Upload PF3 artifacts	2025-12-11T15:54:20.2205880Z   Python_ROOT_DIR: C:\hostedtoolcache\windows\Python\3.11.9\x64
PF3.0 Windows MSVC Build & Test	Upload PF3 artifacts	2025-12-11T15:54:20.2206289Z   Python2_ROOT_DIR: C:\hostedtoolcache\windows\Python\3.11.9\x64
PF3.0 Windows MSVC Build & Test	Upload PF3 artifacts	2025-12-11T15:54:20.2206749Z   Python3_ROOT_DIR: C:\hostedtoolcache\windows\Python\3.11.9\x64
PF3.0 Windows MSVC Build & Test	Upload PF3 artifacts	2025-12-11T15:54:20.2207080Z   TMPDIR: D:\a\_temp
PF3.0 Windows MSVC Build & Test	Upload PF3 artifacts	2025-12-11T15:54:20.2207291Z   HOME: C:\Users\runneradmin
PF3.0 Windows MSVC Build & Test	Upload PF3 artifacts	2025-12-11T15:54:20.2207546Z   MSYS2_PATH_TYPE: inherit
PF3.0 Windows MSVC Build & Test	Upload PF3 artifacts	2025-12-11T15:54:20.2207811Z   ACLOCAL_PATH: /ucrt64/share/aclocal:/usr/share/aclocal
PF3.0 Windows MSVC Build & Test	Upload PF3 artifacts	2025-12-11T15:54:20.2208124Z   LANG: en_US.UTF-8
PF3.0 Windows MSVC Build & Test	Upload PF3 artifacts	2025-12-11T15:54:20.2208337Z   MAKE: make
PF3.0 Windows MSVC Build & Test	Upload PF3 artifacts	2025-12-11T15:54:20.2208530Z   MANPATH: /ucrt64/share/man
PF3.0 Windows MSVC Build & Test	Upload PF3 artifacts	2025-12-11T15:54:20.2208787Z   MINGW_CHOST: x86_64-w64-mingw32
PF3.0 Windows MSVC Build & Test	Upload PF3 artifacts	2025-12-11T15:54:20.2209056Z   MINGW_PACKAGE_PREFIX: mingw-w64-ucrt-x86_64
PF3.0 Windows MSVC Build & Test	Upload PF3 artifacts	2025-12-11T15:54:20.2209349Z   MINGW_PREFIX: /ucrt64
PF3.0 Windows MSVC Build & Test	Upload PF3 artifacts	2025-12-11T15:54:20.2209557Z   MSYSTEM: UCRT64
PF3.0 Windows MSVC Build & Test	Upload PF3 artifacts	2025-12-11T15:54:20.2209822Z   MSYSTEM_CARCH: x86_64
PF3.0 Windows MSVC Build & Test	Upload PF3 artifacts	2025-12-11T15:54:20.2210075Z   MSYSTEM_CHOST: x86_64-w64-mingw32
PF3.0 Windows MSVC Build & Test	Upload PF3 artifacts	2025-12-11T15:54:20.2210315Z   MSYSTEM_PREFIX: /ucrt64
PF3.0 Windows MSVC Build & Test	Upload PF3 artifacts	2025-12-11T15:54:20.2210554Z   PROMPT: $P$G
PF3.0 Windows MSVC Build & Test	Upload PF3 artifacts	2025-12-11T15:54:20.2210809Z   RI_DEVKIT: C:\hostedtoolcache\windows\Ruby\3.2.9\x64\msys64
PF3.0 Windows MSVC Build & Test	Upload PF3 artifacts	2025-12-11T15:54:20.2219864Z   Path: C:\vcpkg\installed\x64-windows-release\bin;C:\Program Files\PowerShell\7;C:\hostedtoolcache\windows\Ruby\3.2.9\x64\bin;C:\hostedtoolcache\windows\Ruby\3.2.9\x64\msys64\ucrt64\bin;C:\hostedtoolcache\windows\Ruby\3.2.9\x64\msys64\usr\bin;C:\Users\runneradmin\AppData\Roaming\Python\Python311\Scripts;C:\hostedtoolcache\windows\Python\3.11.9\x64\Scripts;C:\hostedtoolcache\windows\Python\3.11.9\x64;C:\Users\runneradmin\AppData\Roaming\Python\Python311\Scripts;C:\hostedtoolcache\windows\Python\3.11.9\x64\Scripts;C:\hostedtoolcache\windows\Python\3.11.9\x64;C:\Program Files\MongoDB\Server\7.0\bin;C:\aliyun-cli;C:\vcpkg;C:\Program Files (x86)\NSIS\;C:\tools\zstd;C:\Program Files\Mercurial\;C:\hostedtoolcache\windows\stack\3.7.1\x64;C:\cabal\bin;C:\\ghcup\bin;C:\mingw64\bin;C:\Program Files\dotnet;C:\Program Files\MySQL\MySQL Server 8.0\bin;C:\Program Files\R\R-4.5.2\bin\x64;C:\SeleniumWebDrivers\GeckoDriver;C:\SeleniumWebDrivers\EdgeDriver\;C:\SeleniumWebDrivers\ChromeDriver;C:\Program Files (x86)\sbt\bin;C:\Program Files (x86)\GitHub CLI;C:\Program Files\Git\bin;C:\Program Files (x86)\pipx_bin;C:\npm\prefix;C:\hostedtoolcache\windows\go\1.24.10\x64\bin;C:\hostedtoolcache\windows\Python\3.9.13\x64\Scripts;C:\hostedtoolcache\windows\Python\3.9.13\x64;C:\Program Files\OpenSSL\bin;C:\tools\kotlinc\bin;C:\hostedtoolcache\windows\Java_Temurin-Hotspot_jdk\8.0.472-8\x64\bin;C:\Program Files\ImageMagick-7.1.2-Q16-HDRI;C:\Program Files\Microsoft SDKs\Azure\CLI2\wbin;C:\ProgramData\kind;C:\ProgramData\Chocolatey\bin;C:\Windows\system32;C:\Windows;C:\Windows\System32\Wbem;C:\Windows\System32\WindowsPowerShell\v1.0\;C:\Windows\System32\OpenSSH\;C:\Program Files\dotnet\;C:\Program Files\PowerShell\7\;C:\Program Files\Microsoft\Web Platform Installer\;C:\Program Files\TortoiseSVN\bin;C:\Program Files\Microsoft SQL Server\Client SDK\ODBC\170\Tools\Binn\;C:\Program Files\Microsoft SQL Server\150\Tools\Binn\;C:\Program Files (x86)\Windows Kits\10\Windows Performance Toolkit\;C:\Program Files (x86)\WiX Toolset v3.14\bin;C:\Program Files\Microsoft SQL Server\130\DTS\Binn\;C:\Program Files\Microsoft SQL Server\140\DTS\Binn\;C:\Program Files\Microsoft SQL Server\150\DTS\Binn\;C:\Program Files\Microsoft SQL Server\160\DTS\Binn\;C:\Program Files\Microsoft SQL Server\170\DTS\Binn\;C:\Strawberry\c\bin;C:\Strawberry\perl\site\bin;C:\Strawberry\perl\bin;C:\ProgramData\chocolatey\lib\pulumi\tools\Pulumi\bin;C:\Program Files\CMake\bin;C:\ProgramData\chocolatey\lib\maven\apache-maven-3.9.11\bin;C:\Program Files\Microsoft Service Fabric\bin\Fabric\Fabric.Code;C:\Program Files\Microsoft SDKs\Service Fabric\Tools\ServiceFabricLocalClusterManager;C:\Program Files\nodejs\;C:\Program Files\Git\cmd;C:\Program Files\Git\mingw64\bin;C:\Program Files\Git\usr\bin;C:\Program Files\GitHub CLI\;c:\tools\php;C:\Program Files (x86)\sbt\bin;C:\Program Files\Amazon\AWSCLIV2\;C:\Program Files\Amazon\SessionManagerPlugin\bin\;C:\Program Files\Amazon\AWSSAMCLI\bin\;C:\Program Files\Microsoft SQL Server\130\Tools\Binn\;C:\Program Files\mongosh\;C:\Program Files\LLVM\bin;C:\Program Files (x86)\LLVM\bin;C:\Users\runneradmin\.dotnet\tools;C:\Users\runneradmin\.cargo\bin;C:\Users\runneradmin\AppData\Local\Microsoft\WindowsApps
PF3.0 Windows MSVC Build & Test	Upload PF3 artifacts	2025-12-11T15:54:20.2231417Z   LIBARCHIVE_ROOT: C:\vcpkg\installed\x64-windows-release
PF3.0 Windows MSVC Build & Test	Upload PF3 artifacts	2025-12-11T15:54:20.2231806Z   CMAKE_PREFIX_PATH: C:\vcpkg\installed\x64-windows-release
PF3.0 Windows MSVC Build & Test	Upload PF3 artifacts	2025-12-11T15:54:20.2232181Z   LIB: C:\vcpkg\installed\x64-windows-release\lib;
PF3.0 Windows MSVC Build & Test	Upload PF3 artifacts	2025-12-11T15:54:20.2232529Z   INCLUDE: C:\vcpkg\installed\x64-windows-release\include;
PF3.0 Windows MSVC Build & Test	Upload PF3 artifacts	2025-12-11T15:54:20.2232850Z ##[endgroup]
PF3.0 Windows MSVC Build & Test	Upload PF3 artifacts	2025-12-11T15:54:20.5291612Z Multiple search paths detected. Calculating the least common ancestor of all paths
PF3.0 Windows MSVC Build & Test	Upload PF3 artifacts	2025-12-11T15:54:20.5299794Z The least common ancestor is D:\a\archive_r\archive_r\build. This will be the root directory of the artifact
PF3.0 Windows MSVC Build & Test	Upload PF3 artifacts	2025-12-11T15:54:20.5300495Z No files were found with the provided path: build/bindings/python/dist/**/*
PF3.0 Windows MSVC Build & Test	Upload PF3 artifacts	2025-12-11T15:54:20.5301462Z build/bindings/ruby/**/*.gem
PF3.0 Windows MSVC Build & Test	Upload PF3 artifacts	2025-12-11T15:54:20.5301908Z build/logs/**/*.log. No artifacts will be uploaded.
PF3.0 Windows MSVC Build & Test	Post Run actions/checkout@v4	ï»¿2025-12-11T15:54:20.5544293Z Post job cleanup.
PF3.0 Windows MSVC Build & Test	Post Run actions/checkout@v4	2025-12-11T15:54:20.8219753Z [command]"C:\Program Files\Git\bin\git.exe" version
PF3.0 Windows MSVC Build & Test	Post Run actions/checkout@v4	2025-12-11T15:54:20.8437299Z git version 2.52.0.windows.1
PF3.0 Windows MSVC Build & Test	Post Run actions/checkout@v4	2025-12-11T15:54:20.8503045Z Temporarily overriding HOME='D:\a\_temp\74f0abf9-8cfa-451e-836b-7ac2b8d3f604' before making global git config changes
PF3.0 Windows MSVC Build & Test	Post Run actions/checkout@v4	2025-12-11T15:54:20.8504154Z Adding repository directory to the temporary git global config as a safe directory
PF3.0 Windows MSVC Build & Test	Post Run actions/checkout@v4	2025-12-11T15:54:20.8515093Z [command]"C:\Program Files\Git\bin\git.exe" config --global --add safe.directory D:\a\archive_r\archive_r
PF3.0 Windows MSVC Build & Test	Post Run actions/checkout@v4	2025-12-11T15:54:20.8763010Z [command]"C:\Program Files\Git\bin\git.exe" config --local --name-only --get-regexp core\.sshCommand
PF3.0 Windows MSVC Build & Test	Post Run actions/checkout@v4	2025-12-11T15:54:20.9007301Z [command]"C:\Program Files\Git\bin\git.exe" submodule foreach --recursive "sh -c \"git config --local --name-only --get-regexp 'core\.sshCommand' && git config --local --unset-all 'core.sshCommand' || :\""
PF3.0 Windows MSVC Build & Test	Post Run actions/checkout@v4	2025-12-11T15:54:21.4034045Z [command]"C:\Program Files\Git\bin\git.exe" config --local --name-only --get-regexp http\.https\:\/\/github\.com\/\.extraheader
PF3.0 Windows MSVC Build & Test	Post Run actions/checkout@v4	2025-12-11T15:54:21.4252958Z http.https://github.com/.extraheader
PF3.0 Windows MSVC Build & Test	Post Run actions/checkout@v4	2025-12-11T15:54:21.4288385Z [command]"C:\Program Files\Git\bin\git.exe" config --local --unset-all http.https://github.com/.extraheader
PF3.0 Windows MSVC Build & Test	Post Run actions/checkout@v4	2025-12-11T15:54:21.4519576Z [command]"C:\Program Files\Git\bin\git.exe" submodule foreach --recursive "sh -c \"git config --local --name-only --get-regexp 'http\.https\:\/\/github\.com\/\.extraheader' && git config --local --unset-all 'http.https://github.com/.extraheader' || :\""
PF3.0 Windows MSVC Build & Test	Post Run actions/checkout@v4	2025-12-11T15:54:21.9089216Z [command]"C:\Program Files\Git\bin\git.exe" config --local --name-only --get-regexp ^includeIf\.gitdir:
PF3.0 Windows MSVC Build & Test	Post Run actions/checkout@v4	2025-12-11T15:54:21.9326279Z [command]"C:\Program Files\Git\bin\git.exe" submodule foreach --recursive "git config --local --show-origin --name-only --get-regexp remote.origin.url"
PF3.0 Windows MSVC Build & Test	Complete job	ï»¿2025-12-11T15:54:22.5229480Z Cleaning up orphan processes
