PF1 Linux Build & Test	Set up job	ï»¿2025-12-04T00:59:56.9969215Z Current runner version: '2.329.0'
PF1 Linux Build & Test	Set up job	2025-12-04T00:59:56.9993500Z ##[group]Runner Image Provisioner
PF1 Linux Build & Test	Set up job	2025-12-04T00:59:56.9994473Z Hosted Compute Agent
PF1 Linux Build & Test	Set up job	2025-12-04T00:59:56.9995051Z Version: 20251124.448
PF1 Linux Build & Test	Set up job	2025-12-04T00:59:56.9995702Z Commit: fda5086b43ec66ade217e5fcd18146c879571177
PF1 Linux Build & Test	Set up job	2025-12-04T00:59:56.9996540Z Build Date: 2025-11-24T21:16:26Z
PF1 Linux Build & Test	Set up job	2025-12-04T00:59:56.9997208Z ##[endgroup]
PF1 Linux Build & Test	Set up job	2025-12-04T00:59:56.9997788Z ##[group]Operating System
PF1 Linux Build & Test	Set up job	2025-12-04T00:59:56.9998752Z Ubuntu
PF1 Linux Build & Test	Set up job	2025-12-04T00:59:56.9999572Z 24.04.3
PF1 Linux Build & Test	Set up job	2025-12-04T00:59:57.0000192Z LTS
PF1 Linux Build & Test	Set up job	2025-12-04T00:59:57.0000800Z ##[endgroup]
PF1 Linux Build & Test	Set up job	2025-12-04T00:59:57.0001364Z ##[group]Runner Image
PF1 Linux Build & Test	Set up job	2025-12-04T00:59:57.0001981Z Image: ubuntu-24.04
PF1 Linux Build & Test	Set up job	2025-12-04T00:59:57.0002605Z Version: 20251126.144.1
PF1 Linux Build & Test	Set up job	2025-12-04T00:59:57.0003660Z Included Software: https://github.com/actions/runner-images/blob/ubuntu24/20251126.144/images/ubuntu/Ubuntu2404-Readme.md
PF1 Linux Build & Test	Set up job	2025-12-04T00:59:57.0005156Z Image Release: https://github.com/actions/runner-images/releases/tag/ubuntu24%2F20251126.144
PF1 Linux Build & Test	Set up job	2025-12-04T00:59:57.0006448Z ##[endgroup]
PF1 Linux Build & Test	Set up job	2025-12-04T00:59:57.0007660Z ##[group]GITHUB_TOKEN Permissions
PF1 Linux Build & Test	Set up job	2025-12-04T00:59:57.0010163Z Contents: read
PF1 Linux Build & Test	Set up job	2025-12-04T00:59:57.0010809Z Metadata: read
PF1 Linux Build & Test	Set up job	2025-12-04T00:59:57.0011466Z Packages: read
PF1 Linux Build & Test	Set up job	2025-12-04T00:59:57.0012026Z ##[endgroup]
PF1 Linux Build & Test	Set up job	2025-12-04T00:59:57.0014120Z Secret source: Actions
PF1 Linux Build & Test	Set up job	2025-12-04T00:59:57.0015205Z Prepare workflow directory
PF1 Linux Build & Test	Set up job	2025-12-04T00:59:57.0416820Z Prepare all required actions
PF1 Linux Build & Test	Set up job	2025-12-04T00:59:57.0471381Z Getting action download info
PF1 Linux Build & Test	Set up job	2025-12-04T00:59:57.3423099Z Download action repository 'actions/checkout@v4' (SHA:34e114876b0b11c390a56381ad16ebd13914f8d5)
PF1 Linux Build & Test	Set up job	2025-12-04T00:59:57.7619221Z Download action repository 'actions/upload-artifact@v4' (SHA:ea165f8d65b6e75b540449e92b4886f43607fa02)
PF1 Linux Build & Test	Set up job	2025-12-04T00:59:57.9741304Z Complete job name: PF1 Linux Build & Test
PF1 Linux Build & Test	Checkout repository	ï»¿2025-12-04T00:59:58.0461889Z ##[group]Run actions/checkout@v4
PF1 Linux Build & Test	Checkout repository	2025-12-04T00:59:58.0463076Z with:
PF1 Linux Build & Test	Checkout repository	2025-12-04T00:59:58.0463690Z   repository: Raizo-TCS/archive_r
PF1 Linux Build & Test	Checkout repository	2025-12-04T00:59:58.0464665Z   token: ***
PF1 Linux Build & Test	Checkout repository	2025-12-04T00:59:58.0465283Z   ssh-strict: true
PF1 Linux Build & Test	Checkout repository	2025-12-04T00:59:58.0465907Z   ssh-user: git
PF1 Linux Build & Test	Checkout repository	2025-12-04T00:59:58.0466536Z   persist-credentials: true
PF1 Linux Build & Test	Checkout repository	2025-12-04T00:59:58.0467203Z   clean: true
PF1 Linux Build & Test	Checkout repository	2025-12-04T00:59:58.0467798Z   sparse-checkout-cone-mode: true
PF1 Linux Build & Test	Checkout repository	2025-12-04T00:59:58.0468512Z   fetch-depth: 1
PF1 Linux Build & Test	Checkout repository	2025-12-04T00:59:58.0469234Z   fetch-tags: false
PF1 Linux Build & Test	Checkout repository	2025-12-04T00:59:58.0470157Z   show-progress: true
PF1 Linux Build & Test	Checkout repository	2025-12-04T00:59:58.0470802Z   lfs: false
PF1 Linux Build & Test	Checkout repository	2025-12-04T00:59:58.0471381Z   submodules: false
PF1 Linux Build & Test	Checkout repository	2025-12-04T00:59:58.0472034Z   set-safe-directory: true
PF1 Linux Build & Test	Checkout repository	2025-12-04T00:59:58.0473103Z ##[endgroup]
PF1 Linux Build & Test	Checkout repository	2025-12-04T00:59:58.1566696Z Syncing repository: Raizo-TCS/archive_r
PF1 Linux Build & Test	Checkout repository	2025-12-04T00:59:58.1568530Z ##[group]Getting Git version info
PF1 Linux Build & Test	Checkout repository	2025-12-04T00:59:58.1569253Z Working directory is '/home/runner/work/archive_r/archive_r'
PF1 Linux Build & Test	Checkout repository	2025-12-04T00:59:58.1570555Z [command]/usr/bin/git version
PF1 Linux Build & Test	Checkout repository	2025-12-04T00:59:58.2952908Z git version 2.52.0
PF1 Linux Build & Test	Checkout repository	2025-12-04T00:59:58.2980546Z ##[endgroup]
PF1 Linux Build & Test	Checkout repository	2025-12-04T00:59:58.2997421Z Temporarily overriding HOME='/home/runner/work/_temp/40194233-bdd5-44f7-a59d-87b8b4e30f7e' before making global git config changes
PF1 Linux Build & Test	Checkout repository	2025-12-04T00:59:58.3000331Z Adding repository directory to the temporary git global config as a safe directory
PF1 Linux Build & Test	Checkout repository	2025-12-04T00:59:58.3004533Z [command]/usr/bin/git config --global --add safe.directory /home/runner/work/archive_r/archive_r
PF1 Linux Build & Test	Checkout repository	2025-12-04T00:59:58.3047768Z Deleting the contents of '/home/runner/work/archive_r/archive_r'
PF1 Linux Build & Test	Checkout repository	2025-12-04T00:59:58.3052610Z ##[group]Initializing the repository
PF1 Linux Build & Test	Checkout repository	2025-12-04T00:59:58.3057746Z [command]/usr/bin/git init /home/runner/work/archive_r/archive_r
PF1 Linux Build & Test	Checkout repository	2025-12-04T00:59:58.3203803Z hint: Using 'master' as the name for the initial branch. This default branch name
PF1 Linux Build & Test	Checkout repository	2025-12-04T00:59:58.3205257Z hint: will change to "main" in Git 3.0. To configure the initial branch name
PF1 Linux Build & Test	Checkout repository	2025-12-04T00:59:58.3206851Z hint: to use in all of your new repositories, which will suppress this warning,
PF1 Linux Build & Test	Checkout repository	2025-12-04T00:59:58.3208185Z hint: call:
PF1 Linux Build & Test	Checkout repository	2025-12-04T00:59:58.3208836Z hint:
PF1 Linux Build & Test	Checkout repository	2025-12-04T00:59:58.3209836Z hint: 	git config --global init.defaultBranch <name>
PF1 Linux Build & Test	Checkout repository	2025-12-04T00:59:58.3211014Z hint:
PF1 Linux Build & Test	Checkout repository	2025-12-04T00:59:58.3211638Z hint: Names commonly chosen instead of 'master' are 'main', 'trunk' and
PF1 Linux Build & Test	Checkout repository	2025-12-04T00:59:58.3212575Z hint: 'development'. The just-created branch can be renamed via this command:
PF1 Linux Build & Test	Checkout repository	2025-12-04T00:59:58.3213307Z hint:
PF1 Linux Build & Test	Checkout repository	2025-12-04T00:59:58.3213693Z hint: 	git branch -m <name>
PF1 Linux Build & Test	Checkout repository	2025-12-04T00:59:58.3214156Z hint:
PF1 Linux Build & Test	Checkout repository	2025-12-04T00:59:58.3215087Z hint: Disable this message with "git config set advice.defaultBranchName false"
PF1 Linux Build & Test	Checkout repository	2025-12-04T00:59:58.3216291Z Initialized empty Git repository in /home/runner/work/archive_r/archive_r/.git/
PF1 Linux Build & Test	Checkout repository	2025-12-04T00:59:58.3220759Z [command]/usr/bin/git remote add origin https://github.com/Raizo-TCS/archive_r
PF1 Linux Build & Test	Checkout repository	2025-12-04T00:59:58.3254150Z ##[endgroup]
PF1 Linux Build & Test	Checkout repository	2025-12-04T00:59:58.3254911Z ##[group]Disabling automatic garbage collection
PF1 Linux Build & Test	Checkout repository	2025-12-04T00:59:58.3258038Z [command]/usr/bin/git config --local gc.auto 0
PF1 Linux Build & Test	Checkout repository	2025-12-04T00:59:58.3285205Z ##[endgroup]
PF1 Linux Build & Test	Checkout repository	2025-12-04T00:59:58.3285920Z ##[group]Setting up auth
PF1 Linux Build & Test	Checkout repository	2025-12-04T00:59:58.3292068Z [command]/usr/bin/git config --local --name-only --get-regexp core\.sshCommand
PF1 Linux Build & Test	Checkout repository	2025-12-04T00:59:58.3320452Z [command]/usr/bin/git submodule foreach --recursive sh -c "git config --local --name-only --get-regexp 'core\.sshCommand' && git config --local --unset-all 'core.sshCommand' || :"
PF1 Linux Build & Test	Checkout repository	2025-12-04T00:59:58.3678951Z [command]/usr/bin/git config --local --name-only --get-regexp http\.https\:\/\/github\.com\/\.extraheader
PF1 Linux Build & Test	Checkout repository	2025-12-04T00:59:58.3709509Z [command]/usr/bin/git submodule foreach --recursive sh -c "git config --local --name-only --get-regexp 'http\.https\:\/\/github\.com\/\.extraheader' && git config --local --unset-all 'http.https://github.com/.extraheader' || :"
PF1 Linux Build & Test	Checkout repository	2025-12-04T00:59:58.3927449Z [command]/usr/bin/git config --local --name-only --get-regexp ^includeIf\.gitdir:
PF1 Linux Build & Test	Checkout repository	2025-12-04T00:59:58.3956648Z [command]/usr/bin/git submodule foreach --recursive git config --local --show-origin --name-only --get-regexp remote.origin.url
PF1 Linux Build & Test	Checkout repository	2025-12-04T00:59:58.4176862Z [command]/usr/bin/git config --local http.https://github.com/.extraheader AUTHORIZATION: basic ***
PF1 Linux Build & Test	Checkout repository	2025-12-04T00:59:58.4210823Z ##[endgroup]
PF1 Linux Build & Test	Checkout repository	2025-12-04T00:59:58.4211797Z ##[group]Fetching the repository
PF1 Linux Build & Test	Checkout repository	2025-12-04T00:59:58.4218884Z [command]/usr/bin/git -c protocol.version=2 fetch --no-tags --prune --no-recurse-submodules --depth=1 origin +16a19c6dac579966d8d7ad3dab7b0308241e8994:refs/remotes/pull/2/merge
PF1 Linux Build & Test	Checkout repository	2025-12-04T00:59:58.7314423Z From https://github.com/Raizo-TCS/archive_r
PF1 Linux Build & Test	Checkout repository	2025-12-04T00:59:58.7316990Z  * [new ref]         16a19c6dac579966d8d7ad3dab7b0308241e8994 -> pull/2/merge
PF1 Linux Build & Test	Checkout repository	2025-12-04T00:59:58.7348976Z ##[endgroup]
PF1 Linux Build & Test	Checkout repository	2025-12-04T00:59:58.7350998Z ##[group]Determining the checkout info
PF1 Linux Build & Test	Checkout repository	2025-12-04T00:59:58.7352965Z ##[endgroup]
PF1 Linux Build & Test	Checkout repository	2025-12-04T00:59:58.7356987Z [command]/usr/bin/git sparse-checkout disable
PF1 Linux Build & Test	Checkout repository	2025-12-04T00:59:58.7399113Z [command]/usr/bin/git config --local --unset-all extensions.worktreeConfig
PF1 Linux Build & Test	Checkout repository	2025-12-04T00:59:58.7425224Z ##[group]Checking out the ref
PF1 Linux Build & Test	Checkout repository	2025-12-04T00:59:58.7428860Z [command]/usr/bin/git checkout --progress --force refs/remotes/pull/2/merge
PF1 Linux Build & Test	Checkout repository	2025-12-04T00:59:58.7584035Z Note: switching to 'refs/remotes/pull/2/merge'.
PF1 Linux Build & Test	Checkout repository	2025-12-04T00:59:58.7585195Z 
PF1 Linux Build & Test	Checkout repository	2025-12-04T00:59:58.7585927Z You are in 'detached HEAD' state. You can look around, make experimental
PF1 Linux Build & Test	Checkout repository	2025-12-04T00:59:58.7588009Z changes and commit them, and you can discard any commits you make in this
PF1 Linux Build & Test	Checkout repository	2025-12-04T00:59:58.7591164Z state without impacting any branches by switching back to a branch.
PF1 Linux Build & Test	Checkout repository	2025-12-04T00:59:58.7592794Z 
PF1 Linux Build & Test	Checkout repository	2025-12-04T00:59:58.7593943Z If you want to create a new branch to retain commits you create, you may
PF1 Linux Build & Test	Checkout repository	2025-12-04T00:59:58.7596370Z do so (now or later) by using -c with the switch command. Example:
PF1 Linux Build & Test	Checkout repository	2025-12-04T00:59:58.7597838Z 
PF1 Linux Build & Test	Checkout repository	2025-12-04T00:59:58.7598436Z   git switch -c <new-branch-name>
PF1 Linux Build & Test	Checkout repository	2025-12-04T00:59:58.7599696Z 
PF1 Linux Build & Test	Checkout repository	2025-12-04T00:59:58.7600239Z Or undo this operation with:
PF1 Linux Build & Test	Checkout repository	2025-12-04T00:59:58.7601174Z 
PF1 Linux Build & Test	Checkout repository	2025-12-04T00:59:58.7601639Z   git switch -
PF1 Linux Build & Test	Checkout repository	2025-12-04T00:59:58.7602299Z 
PF1 Linux Build & Test	Checkout repository	2025-12-04T00:59:58.7603399Z Turn off this advice by setting config variable advice.detachedHead to false
PF1 Linux Build & Test	Checkout repository	2025-12-04T00:59:58.7605436Z 
PF1 Linux Build & Test	Checkout repository	2025-12-04T00:59:58.7606858Z HEAD is now at 16a19c6 Merge c965132f45b0e23043d3c5c7cf35b9e7f2f150f0 into def6b5a7e993ee929d6903771f283eb2ebe02e2b
PF1 Linux Build & Test	Checkout repository	2025-12-04T00:59:58.7611601Z ##[endgroup]
PF1 Linux Build & Test	Checkout repository	2025-12-04T00:59:58.7632257Z [command]/usr/bin/git log -1 --format=%H
PF1 Linux Build & Test	Checkout repository	2025-12-04T00:59:58.7654016Z 16a19c6dac579966d8d7ad3dab7b0308241e8994
PF1 Linux Build & Test	Install system dependencies	ï»¿2025-12-04T00:59:58.7887337Z ##[group]Run APT_PREFIX="sudo"
PF1 Linux Build & Test	Install system dependencies	2025-12-04T00:59:58.7888599Z [36;1mAPT_PREFIX="sudo"[0m
PF1 Linux Build & Test	Install system dependencies	2025-12-04T00:59:58.7890000Z [36;1mif ! command -v sudo >/dev/null 2>&1; then[0m
PF1 Linux Build & Test	Install system dependencies	2025-12-04T00:59:58.7891395Z [36;1m  APT_PREFIX=""[0m
PF1 Linux Build & Test	Install system dependencies	2025-12-04T00:59:58.7892393Z [36;1mfi[0m
PF1 Linux Build & Test	Install system dependencies	2025-12-04T00:59:58.7893293Z [36;1m$APT_PREFIX apt-get update[0m
PF1 Linux Build & Test	Install system dependencies	2025-12-04T00:59:58.7894585Z [36;1m$APT_PREFIX apt-get install -y \[0m
PF1 Linux Build & Test	Install system dependencies	2025-12-04T00:59:58.7895931Z [36;1m  libarchive-dev \[0m
PF1 Linux Build & Test	Install system dependencies	2025-12-04T00:59:58.7897022Z [36;1m  build-essential \[0m
PF1 Linux Build & Test	Install system dependencies	2025-12-04T00:59:58.7898079Z [36;1m  cmake \[0m
PF1 Linux Build & Test	Install system dependencies	2025-12-04T00:59:58.7899037Z [36;1m  python3-dev \[0m
PF1 Linux Build & Test	Install system dependencies	2025-12-04T00:59:58.7900250Z [36;1m  python3-pip \[0m
PF1 Linux Build & Test	Install system dependencies	2025-12-04T00:59:58.7901252Z [36;1m  ruby-dev[0m
PF1 Linux Build & Test	Install system dependencies	2025-12-04T00:59:58.7939099Z shell: /usr/bin/bash --noprofile --norc -e -o pipefail {0}
PF1 Linux Build & Test	Install system dependencies	2025-12-04T00:59:58.7940855Z ##[endgroup]
PF1 Linux Build & Test	Install system dependencies	2025-12-04T00:59:58.8716002Z Get:1 file:/etc/apt/apt-mirrors.txt Mirrorlist [144 B]
PF1 Linux Build & Test	Install system dependencies	2025-12-04T00:59:58.9038858Z Hit:2 http://azure.archive.ubuntu.com/ubuntu noble InRelease
PF1 Linux Build & Test	Install system dependencies	2025-12-04T00:59:58.9054869Z Get:6 https://packages.microsoft.com/repos/azure-cli noble InRelease [3564 B]
PF1 Linux Build & Test	Install system dependencies	2025-12-04T00:59:58.9059972Z Get:7 https://packages.microsoft.com/ubuntu/24.04/prod noble InRelease [3600 B]
PF1 Linux Build & Test	Install system dependencies	2025-12-04T00:59:58.9064114Z Get:3 http://azure.archive.ubuntu.com/ubuntu noble-updates InRelease [126 kB]
PF1 Linux Build & Test	Install system dependencies	2025-12-04T00:59:58.9106536Z Get:4 http://azure.archive.ubuntu.com/ubuntu noble-backports InRelease [126 kB]
PF1 Linux Build & Test	Install system dependencies	2025-12-04T00:59:58.9130583Z Get:5 http://azure.archive.ubuntu.com/ubuntu noble-security InRelease [126 kB]
PF1 Linux Build & Test	Install system dependencies	2025-12-04T00:59:59.0434854Z Get:8 https://packages.microsoft.com/repos/azure-cli noble/main amd64 Packages [1822 B]
PF1 Linux Build & Test	Install system dependencies	2025-12-04T00:59:59.0862504Z Get:9 https://packages.microsoft.com/ubuntu/24.04/prod noble/main arm64 Packages [55.2 kB]
PF1 Linux Build & Test	Install system dependencies	2025-12-04T00:59:59.0898567Z Get:10 https://packages.microsoft.com/ubuntu/24.04/prod noble/main amd64 Packages [73.5 kB]
PF1 Linux Build & Test	Install system dependencies	2025-12-04T00:59:59.0927698Z Get:11 https://packages.microsoft.com/ubuntu/24.04/prod noble/main armhf Packages [11.2 kB]
PF1 Linux Build & Test	Install system dependencies	2025-12-04T00:59:59.1354510Z Get:12 http://azure.archive.ubuntu.com/ubuntu noble-updates/main amd64 Packages [1627 kB]
PF1 Linux Build & Test	Install system dependencies	2025-12-04T00:59:59.1447933Z Get:13 http://azure.archive.ubuntu.com/ubuntu noble-updates/main Translation-en [305 kB]
PF1 Linux Build & Test	Install system dependencies	2025-12-04T00:59:59.1477155Z Get:14 http://azure.archive.ubuntu.com/ubuntu noble-updates/main amd64 Components [175 kB]
PF1 Linux Build & Test	Install system dependencies	2025-12-04T00:59:59.1494759Z Get:15 http://azure.archive.ubuntu.com/ubuntu noble-updates/main amd64 c-n-f Metadata [15.7 kB]
PF1 Linux Build & Test	Install system dependencies	2025-12-04T00:59:59.1504824Z Get:16 http://azure.archive.ubuntu.com/ubuntu noble-updates/universe amd64 Packages [1500 kB]
PF1 Linux Build & Test	Install system dependencies	2025-12-04T00:59:59.1594102Z Get:17 http://azure.archive.ubuntu.com/ubuntu noble-updates/universe amd64 Components [378 kB]
PF1 Linux Build & Test	Install system dependencies	2025-12-04T00:59:59.1625304Z Get:18 http://azure.archive.ubuntu.com/ubuntu noble-updates/universe amd64 c-n-f Metadata [31.4 kB]
PF1 Linux Build & Test	Install system dependencies	2025-12-04T00:59:59.1637826Z Get:19 http://azure.archive.ubuntu.com/ubuntu noble-updates/restricted amd64 Packages [2309 kB]
PF1 Linux Build & Test	Install system dependencies	2025-12-04T00:59:59.1855342Z Get:20 http://azure.archive.ubuntu.com/ubuntu noble-updates/restricted Translation-en [526 kB]
PF1 Linux Build & Test	Install system dependencies	2025-12-04T00:59:59.1874474Z Get:21 http://azure.archive.ubuntu.com/ubuntu noble-updates/restricted amd64 Components [212 B]
PF1 Linux Build & Test	Install system dependencies	2025-12-04T00:59:59.2296299Z Get:22 http://azure.archive.ubuntu.com/ubuntu noble-updates/multiverse amd64 Components [940 B]
PF1 Linux Build & Test	Install system dependencies	2025-12-04T00:59:59.2312244Z Get:23 http://azure.archive.ubuntu.com/ubuntu noble-backports/main amd64 Components [7136 B]
PF1 Linux Build & Test	Install system dependencies	2025-12-04T00:59:59.2322543Z Get:24 http://azure.archive.ubuntu.com/ubuntu noble-backports/universe amd64 Packages [29.2 kB]
PF1 Linux Build & Test	Install system dependencies	2025-12-04T00:59:59.2333704Z Get:25 http://azure.archive.ubuntu.com/ubuntu noble-backports/universe Translation-en [17.6 kB]
PF1 Linux Build & Test	Install system dependencies	2025-12-04T00:59:59.2344634Z Get:26 http://azure.archive.ubuntu.com/ubuntu noble-backports/universe amd64 Components [11.0 kB]
PF1 Linux Build & Test	Install system dependencies	2025-12-04T00:59:59.2353211Z Get:27 http://azure.archive.ubuntu.com/ubuntu noble-backports/restricted amd64 Components [216 B]
PF1 Linux Build & Test	Install system dependencies	2025-12-04T00:59:59.2363649Z Get:28 http://azure.archive.ubuntu.com/ubuntu noble-backports/multiverse amd64 Components [212 B]
PF1 Linux Build & Test	Install system dependencies	2025-12-04T00:59:59.2495200Z Get:29 http://azure.archive.ubuntu.com/ubuntu noble-security/main amd64 Packages [1340 kB]
PF1 Linux Build & Test	Install system dependencies	2025-12-04T00:59:59.2593501Z Get:30 http://azure.archive.ubuntu.com/ubuntu noble-security/main Translation-en [219 kB]
PF1 Linux Build & Test	Install system dependencies	2025-12-04T00:59:59.2611248Z Get:31 http://azure.archive.ubuntu.com/ubuntu noble-security/main amd64 Components [21.5 kB]
PF1 Linux Build & Test	Install system dependencies	2025-12-04T00:59:59.2623185Z Get:32 http://azure.archive.ubuntu.com/ubuntu noble-security/main amd64 c-n-f Metadata [9448 B]
PF1 Linux Build & Test	Install system dependencies	2025-12-04T00:59:59.2635695Z Get:33 http://azure.archive.ubuntu.com/ubuntu noble-security/universe amd64 Packages [915 kB]
PF1 Linux Build & Test	Install system dependencies	2025-12-04T00:59:59.2684391Z Get:34 http://azure.archive.ubuntu.com/ubuntu noble-security/universe Translation-en [206 kB]
PF1 Linux Build & Test	Install system dependencies	2025-12-04T00:59:59.2704171Z Get:35 http://azure.archive.ubuntu.com/ubuntu noble-security/universe amd64 Components [71.5 kB]
PF1 Linux Build & Test	Install system dependencies	2025-12-04T00:59:59.3137548Z Get:36 http://azure.archive.ubuntu.com/ubuntu noble-security/universe amd64 c-n-f Metadata [19.4 kB]
PF1 Linux Build & Test	Install system dependencies	2025-12-04T00:59:59.3147962Z Get:37 http://azure.archive.ubuntu.com/ubuntu noble-security/restricted amd64 Components [212 B]
PF1 Linux Build & Test	Install system dependencies	2025-12-04T00:59:59.3156708Z Get:38 http://azure.archive.ubuntu.com/ubuntu noble-security/multiverse amd64 Components [208 B]
PF1 Linux Build & Test	Install system dependencies	2025-12-04T01:00:07.6962544Z Fetched 10.3 MB in 1s (7929 kB/s)
PF1 Linux Build & Test	Install system dependencies	2025-12-04T01:00:08.4618141Z Reading package lists...
PF1 Linux Build & Test	Install system dependencies	2025-12-04T01:00:08.4940163Z Reading package lists...
PF1 Linux Build & Test	Install system dependencies	2025-12-04T01:00:08.6847397Z Building dependency tree...
PF1 Linux Build & Test	Install system dependencies	2025-12-04T01:00:08.6854977Z Reading state information...
PF1 Linux Build & Test	Install system dependencies	2025-12-04T01:00:08.8503642Z python3-dev is already the newest version (3.12.3-0ubuntu2.1).
PF1 Linux Build & Test	Install system dependencies	2025-12-04T01:00:08.8504519Z python3-pip is already the newest version (24.0+dfsg-1ubuntu1.3).
PF1 Linux Build & Test	Install system dependencies	2025-12-04T01:00:08.8505125Z ruby-dev is already the newest version (1:3.2~ubuntu1).
PF1 Linux Build & Test	Install system dependencies	2025-12-04T01:00:08.8505826Z ruby-dev set to manually installed.
PF1 Linux Build & Test	Install system dependencies	2025-12-04T01:00:08.8506432Z The following additional packages will be installed:
PF1 Linux Build & Test	Install system dependencies	2025-12-04T01:00:08.8507353Z   bzip2-doc cmake-data comerr-dev libacl1-dev libattr1-dev libbz2-dev
PF1 Linux Build & Test	Install system dependencies	2025-12-04T01:00:08.8511642Z   libext2fs-dev libjsoncpp25 liblzma-dev librhash0 nettle-dev
PF1 Linux Build & Test	Install system dependencies	2025-12-04T01:00:08.8518266Z Suggested packages:
PF1 Linux Build & Test	Install system dependencies	2025-12-04T01:00:08.8518736Z   cmake-doc cmake-format elpa-cmake-mode ninja-build doc-base liblzma-doc
PF1 Linux Build & Test	Install system dependencies	2025-12-04T01:00:08.8753736Z The following NEW packages will be installed:
PF1 Linux Build & Test	Install system dependencies	2025-12-04T01:00:08.8754493Z   build-essential bzip2-doc cmake cmake-data comerr-dev libacl1-dev
PF1 Linux Build & Test	Install system dependencies	2025-12-04T01:00:08.8755486Z   libarchive-dev libattr1-dev libbz2-dev libext2fs-dev libjsoncpp25
PF1 Linux Build & Test	Install system dependencies	2025-12-04T01:00:08.8760917Z   liblzma-dev librhash0 nettle-dev
PF1 Linux Build & Test	Install system dependencies	2025-12-04T01:00:08.8935263Z 0 upgraded, 14 newly installed, 0 to remove and 37 not upgraded.
PF1 Linux Build & Test	Install system dependencies	2025-12-04T01:00:08.8935851Z Need to get 16.5 MB of archives.
PF1 Linux Build & Test	Install system dependencies	2025-12-04T01:00:08.8936386Z After this operation, 57.6 MB of additional disk space will be used.
PF1 Linux Build & Test	Install system dependencies	2025-12-04T01:00:08.8937026Z Get:1 file:/etc/apt/apt-mirrors.txt Mirrorlist [144 B]
PF1 Linux Build & Test	Install system dependencies	2025-12-04T01:00:08.9551904Z Get:2 http://azure.archive.ubuntu.com/ubuntu noble/main amd64 build-essential amd64 12.10ubuntu1 [4928 B]
PF1 Linux Build & Test	Install system dependencies	2025-12-04T01:00:08.9774433Z Get:3 http://azure.archive.ubuntu.com/ubuntu noble-updates/main amd64 bzip2-doc all 1.0.8-5.1build0.1 [499 kB]
PF1 Linux Build & Test	Install system dependencies	2025-12-04T01:00:09.1002378Z Get:4 http://azure.archive.ubuntu.com/ubuntu noble/main amd64 libjsoncpp25 amd64 1.9.5-6build1 [82.8 kB]
PF1 Linux Build & Test	Install system dependencies	2025-12-04T01:00:09.1237211Z Get:5 http://azure.archive.ubuntu.com/ubuntu noble/main amd64 librhash0 amd64 1.4.3-3build1 [129 kB]
PF1 Linux Build & Test	Install system dependencies	2025-12-04T01:00:09.1518965Z Get:6 http://azure.archive.ubuntu.com/ubuntu noble/main amd64 cmake-data all 3.28.3-1build7 [2155 kB]
PF1 Linux Build & Test	Install system dependencies	2025-12-04T01:00:09.2922565Z Get:7 http://azure.archive.ubuntu.com/ubuntu noble/main amd64 cmake amd64 3.28.3-1build7 [11.2 MB]
PF1 Linux Build & Test	Install system dependencies	2025-12-04T01:00:09.6950376Z Get:8 http://azure.archive.ubuntu.com/ubuntu noble-updates/main amd64 libbz2-dev amd64 1.0.8-5.1build0.1 [33.6 kB]
PF1 Linux Build & Test	Install system dependencies	2025-12-04T01:00:09.7177330Z Get:9 http://azure.archive.ubuntu.com/ubuntu noble-updates/main amd64 liblzma-dev amd64 5.6.1+really5.4.5-1ubuntu0.2 [176 kB]
PF1 Linux Build & Test	Install system dependencies	2025-12-04T01:00:09.7503685Z Get:10 http://azure.archive.ubuntu.com/ubuntu noble-updates/main amd64 libattr1-dev amd64 1:2.5.2-1build1.1 [23.1 kB]
PF1 Linux Build & Test	Install system dependencies	2025-12-04T01:00:09.7738301Z Get:11 http://azure.archive.ubuntu.com/ubuntu noble-updates/main amd64 libacl1-dev amd64 2.3.2-1build1.1 [78.5 kB]
PF1 Linux Build & Test	Install system dependencies	2025-12-04T01:00:09.7990827Z Get:12 http://azure.archive.ubuntu.com/ubuntu noble-updates/main amd64 comerr-dev amd64 2.1-1.47.0-2.4~exp1ubuntu4.1 [43.8 kB]
PF1 Linux Build & Test	Install system dependencies	2025-12-04T01:00:09.8226785Z Get:13 http://azure.archive.ubuntu.com/ubuntu noble-updates/main amd64 libext2fs-dev amd64 1.47.0-2.4~exp1ubuntu4.1 [300 kB]
PF1 Linux Build & Test	Install system dependencies	2025-12-04T01:00:09.8618093Z Get:14 http://azure.archive.ubuntu.com/ubuntu noble-updates/main amd64 nettle-dev amd64 3.9.1-2.2build1.1 [1154 kB]
PF1 Linux Build & Test	Install system dependencies	2025-12-04T01:00:09.9470971Z Get:15 http://azure.archive.ubuntu.com/ubuntu noble-updates/main amd64 libarchive-dev amd64 3.7.2-2ubuntu0.5 [589 kB]
PF1 Linux Build & Test	Install system dependencies	2025-12-04T01:00:10.2653579Z Fetched 16.5 MB in 1s (14.9 MB/s)
PF1 Linux Build & Test	Install system dependencies	2025-12-04T01:00:10.3135656Z Selecting previously unselected package build-essential.
PF1 Linux Build & Test	Install system dependencies	2025-12-04T01:00:10.3493438Z (Reading database ... 
PF1 Linux Build & Test	Install system dependencies	2025-12-04T01:00:10.3493908Z (Reading database ... 5%
PF1 Linux Build & Test	Install system dependencies	2025-12-04T01:00:10.3494346Z (Reading database ... 10%
PF1 Linux Build & Test	Install system dependencies	2025-12-04T01:00:10.3494807Z (Reading database ... 15%
PF1 Linux Build & Test	Install system dependencies	2025-12-04T01:00:10.3495212Z (Reading database ... 20%
PF1 Linux Build & Test	Install system dependencies	2025-12-04T01:00:10.3495627Z (Reading database ... 25%
PF1 Linux Build & Test	Install system dependencies	2025-12-04T01:00:10.3495916Z (Reading database ... 30%
PF1 Linux Build & Test	Install system dependencies	2025-12-04T01:00:10.3496188Z (Reading database ... 35%
PF1 Linux Build & Test	Install system dependencies	2025-12-04T01:00:10.3496455Z (Reading database ... 40%
PF1 Linux Build & Test	Install system dependencies	2025-12-04T01:00:10.3496711Z (Reading database ... 45%
PF1 Linux Build & Test	Install system dependencies	2025-12-04T01:00:10.3497004Z (Reading database ... 50%
PF1 Linux Build & Test	Install system dependencies	2025-12-04T01:00:10.4678871Z (Reading database ... 55%
PF1 Linux Build & Test	Install system dependencies	2025-12-04T01:00:10.8656925Z (Reading database ... 60%
PF1 Linux Build & Test	Install system dependencies	2025-12-04T01:00:11.0400389Z (Reading database ... 65%
PF1 Linux Build & Test	Install system dependencies	2025-12-04T01:00:11.1398334Z (Reading database ... 70%
PF1 Linux Build & Test	Install system dependencies	2025-12-04T01:00:11.3068144Z (Reading database ... 75%
PF1 Linux Build & Test	Install system dependencies	2025-12-04T01:00:11.7084636Z (Reading database ... 80%
PF1 Linux Build & Test	Install system dependencies	2025-12-04T01:00:12.4349585Z (Reading database ... 85%
PF1 Linux Build & Test	Install system dependencies	2025-12-04T01:00:12.9963921Z (Reading database ... 90%
PF1 Linux Build & Test	Install system dependencies	2025-12-04T01:00:13.4511356Z (Reading database ... 95%
PF1 Linux Build & Test	Install system dependencies	2025-12-04T01:00:13.4511883Z (Reading database ... 100%
PF1 Linux Build & Test	Install system dependencies	2025-12-04T01:00:13.4512477Z (Reading database ... 217049 files and directories currently installed.)
PF1 Linux Build & Test	Install system dependencies	2025-12-04T01:00:13.4558016Z Preparing to unpack .../00-build-essential_12.10ubuntu1_amd64.deb ...
PF1 Linux Build & Test	Install system dependencies	2025-12-04T01:00:13.4585844Z Unpacking build-essential (12.10ubuntu1) ...
PF1 Linux Build & Test	Install system dependencies	2025-12-04T01:00:13.4802646Z Selecting previously unselected package bzip2-doc.
PF1 Linux Build & Test	Install system dependencies	2025-12-04T01:00:13.4935357Z Preparing to unpack .../01-bzip2-doc_1.0.8-5.1build0.1_all.deb ...
PF1 Linux Build & Test	Install system dependencies	2025-12-04T01:00:13.4947073Z Unpacking bzip2-doc (1.0.8-5.1build0.1) ...
PF1 Linux Build & Test	Install system dependencies	2025-12-04T01:00:13.5210570Z Selecting previously unselected package libjsoncpp25:amd64.
PF1 Linux Build & Test	Install system dependencies	2025-12-04T01:00:13.5342473Z Preparing to unpack .../02-libjsoncpp25_1.9.5-6build1_amd64.deb ...
PF1 Linux Build & Test	Install system dependencies	2025-12-04T01:00:13.5361982Z Unpacking libjsoncpp25:amd64 (1.9.5-6build1) ...
PF1 Linux Build & Test	Install system dependencies	2025-12-04T01:00:13.5591731Z Selecting previously unselected package librhash0:amd64.
PF1 Linux Build & Test	Install system dependencies	2025-12-04T01:00:13.5724627Z Preparing to unpack .../03-librhash0_1.4.3-3build1_amd64.deb ...
PF1 Linux Build & Test	Install system dependencies	2025-12-04T01:00:13.5734556Z Unpacking librhash0:amd64 (1.4.3-3build1) ...
PF1 Linux Build & Test	Install system dependencies	2025-12-04T01:00:13.5983138Z Selecting previously unselected package cmake-data.
PF1 Linux Build & Test	Install system dependencies	2025-12-04T01:00:13.6116285Z Preparing to unpack .../04-cmake-data_3.28.3-1build7_all.deb ...
PF1 Linux Build & Test	Install system dependencies	2025-12-04T01:00:13.6329515Z Unpacking cmake-data (3.28.3-1build7) ...
PF1 Linux Build & Test	Install system dependencies	2025-12-04T01:00:14.2250441Z Selecting previously unselected package cmake.
PF1 Linux Build & Test	Install system dependencies	2025-12-04T01:00:14.2396239Z Preparing to unpack .../05-cmake_3.28.3-1build7_amd64.deb ...
PF1 Linux Build & Test	Install system dependencies	2025-12-04T01:00:14.2406060Z Unpacking cmake (3.28.3-1build7) ...
PF1 Linux Build & Test	Install system dependencies	2025-12-04T01:00:14.4088133Z Selecting previously unselected package libbz2-dev:amd64.
PF1 Linux Build & Test	Install system dependencies	2025-12-04T01:00:14.4224806Z Preparing to unpack .../06-libbz2-dev_1.0.8-5.1build0.1_amd64.deb ...
PF1 Linux Build & Test	Install system dependencies	2025-12-04T01:00:14.4235882Z Unpacking libbz2-dev:amd64 (1.0.8-5.1build0.1) ...
PF1 Linux Build & Test	Install system dependencies	2025-12-04T01:00:14.4443459Z Selecting previously unselected package liblzma-dev:amd64.
PF1 Linux Build & Test	Install system dependencies	2025-12-04T01:00:14.4585512Z Preparing to unpack .../07-liblzma-dev_5.6.1+really5.4.5-1ubuntu0.2_amd64.deb ...
PF1 Linux Build & Test	Install system dependencies	2025-12-04T01:00:14.4597336Z Unpacking liblzma-dev:amd64 (5.6.1+really5.4.5-1ubuntu0.2) ...
PF1 Linux Build & Test	Install system dependencies	2025-12-04T01:00:14.4882951Z Selecting previously unselected package libattr1-dev:amd64.
PF1 Linux Build & Test	Install system dependencies	2025-12-04T01:00:14.5030757Z Preparing to unpack .../08-libattr1-dev_1%3a2.5.2-1build1.1_amd64.deb ...
PF1 Linux Build & Test	Install system dependencies	2025-12-04T01:00:14.5041729Z Unpacking libattr1-dev:amd64 (1:2.5.2-1build1.1) ...
PF1 Linux Build & Test	Install system dependencies	2025-12-04T01:00:14.5322495Z Selecting previously unselected package libacl1-dev:amd64.
PF1 Linux Build & Test	Install system dependencies	2025-12-04T01:00:14.5456735Z Preparing to unpack .../09-libacl1-dev_2.3.2-1build1.1_amd64.deb ...
PF1 Linux Build & Test	Install system dependencies	2025-12-04T01:00:14.5466908Z Unpacking libacl1-dev:amd64 (2.3.2-1build1.1) ...
PF1 Linux Build & Test	Install system dependencies	2025-12-04T01:00:14.5774439Z Selecting previously unselected package comerr-dev:amd64.
PF1 Linux Build & Test	Install system dependencies	2025-12-04T01:00:14.5910179Z Preparing to unpack .../10-comerr-dev_2.1-1.47.0-2.4~exp1ubuntu4.1_amd64.deb ...
PF1 Linux Build & Test	Install system dependencies	2025-12-04T01:00:14.5944536Z Unpacking comerr-dev:amd64 (2.1-1.47.0-2.4~exp1ubuntu4.1) ...
PF1 Linux Build & Test	Install system dependencies	2025-12-04T01:00:14.6188217Z Selecting previously unselected package libext2fs-dev.
PF1 Linux Build & Test	Install system dependencies	2025-12-04T01:00:14.6324060Z Preparing to unpack .../11-libext2fs-dev_1.47.0-2.4~exp1ubuntu4.1_amd64.deb ...
PF1 Linux Build & Test	Install system dependencies	2025-12-04T01:00:14.6334775Z Unpacking libext2fs-dev (1.47.0-2.4~exp1ubuntu4.1) ...
PF1 Linux Build & Test	Install system dependencies	2025-12-04T01:00:14.6623876Z Selecting previously unselected package nettle-dev:amd64.
PF1 Linux Build & Test	Install system dependencies	2025-12-04T01:00:14.6759441Z Preparing to unpack .../12-nettle-dev_3.9.1-2.2build1.1_amd64.deb ...
PF1 Linux Build & Test	Install system dependencies	2025-12-04T01:00:14.6769570Z Unpacking nettle-dev:amd64 (3.9.1-2.2build1.1) ...
PF1 Linux Build & Test	Install system dependencies	2025-12-04T01:00:14.7245173Z Selecting previously unselected package libarchive-dev:amd64.
PF1 Linux Build & Test	Install system dependencies	2025-12-04T01:00:14.7380980Z Preparing to unpack .../13-libarchive-dev_3.7.2-2ubuntu0.5_amd64.deb ...
PF1 Linux Build & Test	Install system dependencies	2025-12-04T01:00:14.7391002Z Unpacking libarchive-dev:amd64 (3.7.2-2ubuntu0.5) ...
PF1 Linux Build & Test	Install system dependencies	2025-12-04T01:00:14.7955550Z Setting up bzip2-doc (1.0.8-5.1build0.1) ...
PF1 Linux Build & Test	Install system dependencies	2025-12-04T01:00:14.7982476Z Setting up libattr1-dev:amd64 (1:2.5.2-1build1.1) ...
PF1 Linux Build & Test	Install system dependencies	2025-12-04T01:00:14.8009033Z Setting up nettle-dev:amd64 (3.9.1-2.2build1.1) ...
PF1 Linux Build & Test	Install system dependencies	2025-12-04T01:00:14.8034730Z Setting up comerr-dev:amd64 (2.1-1.47.0-2.4~exp1ubuntu4.1) ...
PF1 Linux Build & Test	Install system dependencies	2025-12-04T01:00:14.8071854Z Setting up libjsoncpp25:amd64 (1.9.5-6build1) ...
PF1 Linux Build & Test	Install system dependencies	2025-12-04T01:00:14.8099688Z Setting up liblzma-dev:amd64 (5.6.1+really5.4.5-1ubuntu0.2) ...
PF1 Linux Build & Test	Install system dependencies	2025-12-04T01:00:14.8125209Z Setting up librhash0:amd64 (1.4.3-3build1) ...
PF1 Linux Build & Test	Install system dependencies	2025-12-04T01:00:14.8149766Z Setting up build-essential (12.10ubuntu1) ...
PF1 Linux Build & Test	Install system dependencies	2025-12-04T01:00:14.8177593Z Setting up cmake-data (3.28.3-1build7) ...
PF1 Linux Build & Test	Install system dependencies	2025-12-04T01:00:14.8245987Z Setting up libext2fs-dev (1.47.0-2.4~exp1ubuntu4.1) ...
PF1 Linux Build & Test	Install system dependencies	2025-12-04T01:00:14.8271113Z Setting up libacl1-dev:amd64 (2.3.2-1build1.1) ...
PF1 Linux Build & Test	Install system dependencies	2025-12-04T01:00:14.8297050Z Setting up libbz2-dev:amd64 (1.0.8-5.1build0.1) ...
PF1 Linux Build & Test	Install system dependencies	2025-12-04T01:00:14.8322812Z Setting up libarchive-dev:amd64 (3.7.2-2ubuntu0.5) ...
PF1 Linux Build & Test	Install system dependencies	2025-12-04T01:00:14.8348849Z Setting up cmake (3.28.3-1build7) ...
PF1 Linux Build & Test	Install system dependencies	2025-12-04T01:00:14.8377995Z Processing triggers for libc-bin (2.39-0ubuntu8.6) ...
PF1 Linux Build & Test	Install system dependencies	2025-12-04T01:00:14.9077356Z Processing triggers for man-db (2.12.0-4build2) ...
PF1 Linux Build & Test	Install system dependencies	2025-12-04T01:00:14.9108997Z Not building database; man-db/auto-update is not 'true'.
PF1 Linux Build & Test	Install system dependencies	2025-12-04T01:00:14.9128307Z Processing triggers for install-info (7.1-3build2) ...
PF1 Linux Build & Test	Install system dependencies	2025-12-04T01:00:16.4515124Z 
PF1 Linux Build & Test	Install system dependencies	2025-12-04T01:00:16.4515667Z Running kernel seems to be up-to-date.
PF1 Linux Build & Test	Install system dependencies	2025-12-04T01:00:16.4515952Z 
PF1 Linux Build & Test	Install system dependencies	2025-12-04T01:00:16.4516081Z No services need to be restarted.
PF1 Linux Build & Test	Install system dependencies	2025-12-04T01:00:16.4516281Z 
PF1 Linux Build & Test	Install system dependencies	2025-12-04T01:00:16.4516389Z No containers need to be restarted.
PF1 Linux Build & Test	Install system dependencies	2025-12-04T01:00:16.4516594Z 
PF1 Linux Build & Test	Install system dependencies	2025-12-04T01:00:16.4517332Z No user sessions are running outdated binaries.
PF1 Linux Build & Test	Install system dependencies	2025-12-04T01:00:16.4517694Z 
PF1 Linux Build & Test	Install system dependencies	2025-12-04T01:00:16.4518033Z No VM guests are running outdated hypervisor (qemu) binaries on this host.
PF1 Linux Build & Test	Install Python build dependencies	ï»¿2025-12-04T01:00:17.3353537Z ##[group]Run python3 -m pip install --upgrade --ignore-installed pip setuptools wheel --break-system-packages
PF1 Linux Build & Test	Install Python build dependencies	2025-12-04T01:00:17.3354338Z [36;1mpython3 -m pip install --upgrade --ignore-installed pip setuptools wheel --break-system-packages[0m
PF1 Linux Build & Test	Install Python build dependencies	2025-12-04T01:00:17.3354971Z [36;1mpython3 -m pip install --upgrade --ignore-installed pybind11 twine build --break-system-packages[0m
PF1 Linux Build & Test	Install Python build dependencies	2025-12-04T01:00:17.3388545Z shell: /usr/bin/bash -e {0}
PF1 Linux Build & Test	Install Python build dependencies	2025-12-04T01:00:17.3388779Z ##[endgroup]
PF1 Linux Build & Test	Install Python build dependencies	2025-12-04T01:00:17.7670595Z Defaulting to user installation because normal site-packages is not writeable
PF1 Linux Build & Test	Install Python build dependencies	2025-12-04T01:00:18.1876409Z Collecting pip
PF1 Linux Build & Test	Install Python build dependencies	2025-12-04T01:00:18.2705827Z   Downloading pip-25.3-py3-none-any.whl.metadata (4.7 kB)
PF1 Linux Build & Test	Install Python build dependencies	2025-12-04T01:00:18.4475202Z Collecting setuptools
PF1 Linux Build & Test	Install Python build dependencies	2025-12-04T01:00:18.4674830Z   Downloading setuptools-80.9.0-py3-none-any.whl.metadata (6.6 kB)
PF1 Linux Build & Test	Install Python build dependencies	2025-12-04T01:00:18.5033946Z Collecting wheel
PF1 Linux Build & Test	Install Python build dependencies	2025-12-04T01:00:18.5229248Z   Downloading wheel-0.45.1-py3-none-any.whl.metadata (2.3 kB)
PF1 Linux Build & Test	Install Python build dependencies	2025-12-04T01:00:18.5793645Z Downloading pip-25.3-py3-none-any.whl (1.8 MB)
PF1 Linux Build & Test	Install Python build dependencies	2025-12-04T01:00:18.6924585Z    â”â”â”â”â”â”â”â”â”â”â”â”â”â”â”â”â”â”â”â”â”â”â”â”â”â”â”â”â”â”â”â”â”â”â”â”â”â”â”â” 1.8/1.8 MB 16.2 MB/s eta 0:00:00
PF1 Linux Build & Test	Install Python build dependencies	2025-12-04T01:00:18.7123518Z Downloading setuptools-80.9.0-py3-none-any.whl (1.2 MB)
PF1 Linux Build & Test	Install Python build dependencies	2025-12-04T01:00:18.7231209Z    â”â”â”â”â”â”â”â”â”â”â”â”â”â”â”â”â”â”â”â”â”â”â”â”â”â”â”â”â”â”â”â”â”â”â”â”â”â”â”â” 1.2/1.2 MB 133.5 MB/s eta 0:00:00
PF1 Linux Build & Test	Install Python build dependencies	2025-12-04T01:00:18.7427666Z Downloading wheel-0.45.1-py3-none-any.whl (72 kB)
PF1 Linux Build & Test	Install Python build dependencies	2025-12-04T01:00:18.7467939Z    â”â”â”â”â”â”â”â”â”â”â”â”â”â”â”â”â”â”â”â”â”â”â”â”â”â”â”â”â”â”â”â”â”â”â”â”â”â”â”â” 72.5/72.5 kB 26.5 MB/s eta 0:00:00
PF1 Linux Build & Test	Install Python build dependencies	2025-12-04T01:00:19.0582959Z Installing collected packages: wheel, setuptools, pip
PF1 Linux Build & Test	Install Python build dependencies	2025-12-04T01:00:20.4667540Z Successfully installed pip-25.3 setuptools-80.9.0 wheel-0.45.1
PF1 Linux Build & Test	Install Python build dependencies	2025-12-04T01:00:20.7564779Z Defaulting to user installation because normal site-packages is not writeable
PF1 Linux Build & Test	Install Python build dependencies	2025-12-04T01:00:20.9401546Z Collecting pybind11
PF1 Linux Build & Test	Install Python build dependencies	2025-12-04T01:00:21.0249949Z   Downloading pybind11-3.0.1-py3-none-any.whl.metadata (10.0 kB)
PF1 Linux Build & Test	Install Python build dependencies	2025-12-04T01:00:21.0504791Z Collecting twine
PF1 Linux Build & Test	Install Python build dependencies	2025-12-04T01:00:21.0642784Z   Downloading twine-6.2.0-py3-none-any.whl.metadata (3.6 kB)
PF1 Linux Build & Test	Install Python build dependencies	2025-12-04T01:00:21.0800431Z Collecting build
PF1 Linux Build & Test	Install Python build dependencies	2025-12-04T01:00:21.0939193Z   Downloading build-1.3.0-py3-none-any.whl.metadata (5.6 kB)
PF1 Linux Build & Test	Install Python build dependencies	2025-12-04T01:00:21.1122063Z Collecting readme-renderer>=35.0 (from twine)
PF1 Linux Build & Test	Install Python build dependencies	2025-12-04T01:00:21.1258333Z   Downloading readme_renderer-44.0-py3-none-any.whl.metadata (2.8 kB)
PF1 Linux Build & Test	Install Python build dependencies	2025-12-04T01:00:21.1550771Z Collecting requests>=2.20 (from twine)
PF1 Linux Build & Test	Install Python build dependencies	2025-12-04T01:00:21.1687942Z   Downloading requests-2.32.5-py3-none-any.whl.metadata (4.9 kB)
PF1 Linux Build & Test	Install Python build dependencies	2025-12-04T01:00:21.1853654Z Collecting requests-toolbelt!=0.9.0,>=0.8.0 (from twine)
PF1 Linux Build & Test	Install Python build dependencies	2025-12-04T01:00:21.1990414Z   Downloading requests_toolbelt-1.0.0-py2.py3-none-any.whl.metadata (14 kB)
PF1 Linux Build & Test	Install Python build dependencies	2025-12-04T01:00:21.2267701Z Collecting urllib3>=1.26.0 (from twine)
PF1 Linux Build & Test	Install Python build dependencies	2025-12-04T01:00:21.2407850Z   Downloading urllib3-2.5.0-py3-none-any.whl.metadata (6.5 kB)
PF1 Linux Build & Test	Install Python build dependencies	2025-12-04T01:00:21.2753482Z Collecting keyring>=21.2.0 (from twine)
PF1 Linux Build & Test	Install Python build dependencies	2025-12-04T01:00:21.2890823Z   Downloading keyring-25.7.0-py3-none-any.whl.metadata (21 kB)
PF1 Linux Build & Test	Install Python build dependencies	2025-12-04T01:00:21.3144838Z Collecting rfc3986>=1.4.0 (from twine)
PF1 Linux Build & Test	Install Python build dependencies	2025-12-04T01:00:21.3280817Z   Downloading rfc3986-2.0.0-py2.py3-none-any.whl.metadata (6.6 kB)
PF1 Linux Build & Test	Install Python build dependencies	2025-12-04T01:00:21.3765101Z Collecting rich>=12.0.0 (from twine)
PF1 Linux Build & Test	Install Python build dependencies	2025-12-04T01:00:21.3904960Z   Downloading rich-14.2.0-py3-none-any.whl.metadata (18 kB)
PF1 Linux Build & Test	Install Python build dependencies	2025-12-04T01:00:21.4101397Z Collecting packaging>=24.0 (from twine)
PF1 Linux Build & Test	Install Python build dependencies	2025-12-04T01:00:21.4239723Z   Downloading packaging-25.0-py3-none-any.whl.metadata (3.3 kB)
PF1 Linux Build & Test	Install Python build dependencies	2025-12-04T01:00:21.4396418Z Collecting id (from twine)
PF1 Linux Build & Test	Install Python build dependencies	2025-12-04T01:00:21.4538516Z   Downloading id-1.5.0-py3-none-any.whl.metadata (5.2 kB)
PF1 Linux Build & Test	Install Python build dependencies	2025-12-04T01:00:21.4686546Z Collecting pyproject_hooks (from build)
PF1 Linux Build & Test	Install Python build dependencies	2025-12-04T01:00:21.4824401Z   Downloading pyproject_hooks-1.2.0-py3-none-any.whl.metadata (1.3 kB)
PF1 Linux Build & Test	Install Python build dependencies	2025-12-04T01:00:21.4952160Z Collecting SecretStorage>=3.2 (from keyring>=21.2.0->twine)
PF1 Linux Build & Test	Install Python build dependencies	2025-12-04T01:00:21.5096554Z   Downloading secretstorage-3.5.0-py3-none-any.whl.metadata (4.0 kB)
PF1 Linux Build & Test	Install Python build dependencies	2025-12-04T01:00:21.5216316Z Collecting jeepney>=0.4.2 (from keyring>=21.2.0->twine)
PF1 Linux Build & Test	Install Python build dependencies	2025-12-04T01:00:21.5358802Z   Downloading jeepney-0.9.0-py3-none-any.whl.metadata (1.2 kB)
PF1 Linux Build & Test	Install Python build dependencies	2025-12-04T01:00:21.5484412Z Collecting jaraco.classes (from keyring>=21.2.0->twine)
PF1 Linux Build & Test	Install Python build dependencies	2025-12-04T01:00:21.5622324Z   Downloading jaraco.classes-3.4.0-py3-none-any.whl.metadata (2.6 kB)
PF1 Linux Build & Test	Install Python build dependencies	2025-12-04T01:00:21.5838663Z Collecting jaraco.functools (from keyring>=21.2.0->twine)
PF1 Linux Build & Test	Install Python build dependencies	2025-12-04T01:00:21.5980186Z   Downloading jaraco_functools-4.3.0-py3-none-any.whl.metadata (2.9 kB)
PF1 Linux Build & Test	Install Python build dependencies	2025-12-04T01:00:21.6213237Z Collecting jaraco.context (from keyring>=21.2.0->twine)
PF1 Linux Build & Test	Install Python build dependencies	2025-12-04T01:00:21.6351356Z   Downloading jaraco.context-6.0.1-py3-none-any.whl.metadata (4.1 kB)
PF1 Linux Build & Test	Install Python build dependencies	2025-12-04T01:00:21.6760125Z Collecting nh3>=0.2.14 (from readme-renderer>=35.0->twine)
PF1 Linux Build & Test	Install Python build dependencies	2025-12-04T01:00:21.6898844Z   Downloading nh3-0.3.2-cp38-abi3-manylinux_2_17_x86_64.manylinux2014_x86_64.whl.metadata (2.0 kB)
PF1 Linux Build & Test	Install Python build dependencies	2025-12-04T01:00:21.7053798Z Collecting docutils>=0.21.2 (from readme-renderer>=35.0->twine)
PF1 Linux Build & Test	Install Python build dependencies	2025-12-04T01:00:21.7194379Z   Downloading docutils-0.22.3-py3-none-any.whl.metadata (15 kB)
PF1 Linux Build & Test	Install Python build dependencies	2025-12-04T01:00:21.7423172Z Collecting Pygments>=2.5.1 (from readme-renderer>=35.0->twine)
PF1 Linux Build & Test	Install Python build dependencies	2025-12-04T01:00:21.7561240Z   Downloading pygments-2.19.2-py3-none-any.whl.metadata (2.5 kB)
PF1 Linux Build & Test	Install Python build dependencies	2025-12-04T01:00:21.8350011Z Collecting charset_normalizer<4,>=2 (from requests>=2.20->twine)
PF1 Linux Build & Test	Install Python build dependencies	2025-12-04T01:00:21.8489903Z   Downloading charset_normalizer-3.4.4-cp312-cp312-manylinux2014_x86_64.manylinux_2_17_x86_64.manylinux_2_28_x86_64.whl.metadata (37 kB)
PF1 Linux Build & Test	Install Python build dependencies	2025-12-04T01:00:21.8708702Z Collecting idna<4,>=2.5 (from requests>=2.20->twine)
PF1 Linux Build & Test	Install Python build dependencies	2025-12-04T01:00:21.8849946Z   Downloading idna-3.11-py3-none-any.whl.metadata (8.4 kB)
PF1 Linux Build & Test	Install Python build dependencies	2025-12-04T01:00:21.9135682Z Collecting certifi>=2017.4.17 (from requests>=2.20->twine)
PF1 Linux Build & Test	Install Python build dependencies	2025-12-04T01:00:21.9273283Z   Downloading certifi-2025.11.12-py3-none-any.whl.metadata (2.5 kB)
PF1 Linux Build & Test	Install Python build dependencies	2025-12-04T01:00:21.9546069Z Collecting markdown-it-py>=2.2.0 (from rich>=12.0.0->twine)
PF1 Linux Build & Test	Install Python build dependencies	2025-12-04T01:00:21.9684206Z   Downloading markdown_it_py-4.0.0-py3-none-any.whl.metadata (7.3 kB)
PF1 Linux Build & Test	Install Python build dependencies	2025-12-04T01:00:21.9888236Z Collecting mdurl~=0.1 (from markdown-it-py>=2.2.0->rich>=12.0.0->twine)
PF1 Linux Build & Test	Install Python build dependencies	2025-12-04T01:00:22.0024964Z   Downloading mdurl-0.1.2-py3-none-any.whl.metadata (1.6 kB)
PF1 Linux Build & Test	Install Python build dependencies	2025-12-04T01:00:22.1712493Z Collecting cryptography>=2.0 (from SecretStorage>=3.2->keyring>=21.2.0->twine)
PF1 Linux Build & Test	Install Python build dependencies	2025-12-04T01:00:22.1851886Z   Downloading cryptography-46.0.3-cp311-abi3-manylinux_2_34_x86_64.whl.metadata (5.7 kB)
PF1 Linux Build & Test	Install Python build dependencies	2025-12-04T01:00:22.2818554Z Collecting cffi>=2.0.0 (from cryptography>=2.0->SecretStorage>=3.2->keyring>=21.2.0->twine)
PF1 Linux Build & Test	Install Python build dependencies	2025-12-04T01:00:22.2958547Z   Downloading cffi-2.0.0-cp312-cp312-manylinux2014_x86_64.manylinux_2_17_x86_64.whl.metadata (2.6 kB)
PF1 Linux Build & Test	Install Python build dependencies	2025-12-04T01:00:22.3082697Z Collecting pycparser (from cffi>=2.0.0->cryptography>=2.0->SecretStorage>=3.2->keyring>=21.2.0->twine)
PF1 Linux Build & Test	Install Python build dependencies	2025-12-04T01:00:22.3218220Z   Downloading pycparser-2.23-py3-none-any.whl.metadata (993 bytes)
PF1 Linux Build & Test	Install Python build dependencies	2025-12-04T01:00:22.3428164Z Collecting more-itertools (from jaraco.classes->keyring>=21.2.0->twine)
PF1 Linux Build & Test	Install Python build dependencies	2025-12-04T01:00:22.3566596Z   Downloading more_itertools-10.8.0-py3-none-any.whl.metadata (39 kB)
PF1 Linux Build & Test	Install Python build dependencies	2025-12-04T01:00:22.3813202Z Downloading pybind11-3.0.1-py3-none-any.whl (293 kB)
PF1 Linux Build & Test	Install Python build dependencies	2025-12-04T01:00:22.4223710Z Downloading twine-6.2.0-py3-none-any.whl (42 kB)
PF1 Linux Build & Test	Install Python build dependencies	2025-12-04T01:00:22.4382300Z Downloading build-1.3.0-py3-none-any.whl (23 kB)
PF1 Linux Build & Test	Install Python build dependencies	2025-12-04T01:00:22.4538587Z Downloading keyring-25.7.0-py3-none-any.whl (39 kB)
PF1 Linux Build & Test	Install Python build dependencies	2025-12-04T01:00:22.4697027Z Downloading jeepney-0.9.0-py3-none-any.whl (49 kB)
PF1 Linux Build & Test	Install Python build dependencies	2025-12-04T01:00:22.4856975Z Downloading packaging-25.0-py3-none-any.whl (66 kB)
PF1 Linux Build & Test	Install Python build dependencies	2025-12-04T01:00:22.5016254Z Downloading readme_renderer-44.0-py3-none-any.whl (13 kB)
PF1 Linux Build & Test	Install Python build dependencies	2025-12-04T01:00:22.5174810Z Downloading docutils-0.22.3-py3-none-any.whl (633 kB)
PF1 Linux Build & Test	Install Python build dependencies	2025-12-04T01:00:22.5362259Z    â”â”â”â”â”â”â”â”â”â”â”â”â”â”â”â”â”â”â”â”â”â”â”â”â”â”â”â”â”â”â”â”â”â”â”â”â”â”â”â” 633.0/633.0 kB 27.3 MB/s  0:00:00
PF1 Linux Build & Test	Install Python build dependencies	2025-12-04T01:00:22.5502838Z Downloading nh3-0.3.2-cp38-abi3-manylinux_2_17_x86_64.manylinux2014_x86_64.whl (797 kB)
PF1 Linux Build & Test	Install Python build dependencies	2025-12-04T01:00:22.5583509Z    â”â”â”â”â”â”â”â”â”â”â”â”â”â”â”â”â”â”â”â”â”â”â”â”â”â”â”â”â”â”â”â”â”â”â”â”â”â”â”â” 797.2/797.2 kB 97.5 MB/s  0:00:00
PF1 Linux Build & Test	Install Python build dependencies	2025-12-04T01:00:22.5726123Z Downloading pygments-2.19.2-py3-none-any.whl (1.2 MB)
PF1 Linux Build & Test	Install Python build dependencies	2025-12-04T01:00:22.5817138Z    â”â”â”â”â”â”â”â”â”â”â”â”â”â”â”â”â”â”â”â”â”â”â”â”â”â”â”â”â”â”â”â”â”â”â”â”â”â”â”â” 1.2/1.2 MB 143.8 MB/s  0:00:00
PF1 Linux Build & Test	Install Python build dependencies	2025-12-04T01:00:22.5956465Z Downloading requests-2.32.5-py3-none-any.whl (64 kB)
PF1 Linux Build & Test	Install Python build dependencies	2025-12-04T01:00:22.6123989Z Downloading charset_normalizer-3.4.4-cp312-cp312-manylinux2014_x86_64.manylinux_2_17_x86_64.manylinux_2_28_x86_64.whl (153 kB)
PF1 Linux Build & Test	Install Python build dependencies	2025-12-04T01:00:22.6286697Z Downloading idna-3.11-py3-none-any.whl (71 kB)
PF1 Linux Build & Test	Install Python build dependencies	2025-12-04T01:00:22.6444751Z Downloading urllib3-2.5.0-py3-none-any.whl (129 kB)
PF1 Linux Build & Test	Install Python build dependencies	2025-12-04T01:00:22.6606970Z Downloading certifi-2025.11.12-py3-none-any.whl (159 kB)
PF1 Linux Build & Test	Install Python build dependencies	2025-12-04T01:00:22.6768655Z Downloading requests_toolbelt-1.0.0-py2.py3-none-any.whl (54 kB)
PF1 Linux Build & Test	Install Python build dependencies	2025-12-04T01:00:22.6925167Z Downloading rfc3986-2.0.0-py2.py3-none-any.whl (31 kB)
PF1 Linux Build & Test	Install Python build dependencies	2025-12-04T01:00:22.7085045Z Downloading rich-14.2.0-py3-none-any.whl (243 kB)
PF1 Linux Build & Test	Install Python build dependencies	2025-12-04T01:00:22.7253394Z Downloading markdown_it_py-4.0.0-py3-none-any.whl (87 kB)
PF1 Linux Build & Test	Install Python build dependencies	2025-12-04T01:00:22.7412042Z Downloading mdurl-0.1.2-py3-none-any.whl (10.0 kB)
PF1 Linux Build & Test	Install Python build dependencies	2025-12-04T01:00:22.7567768Z Downloading secretstorage-3.5.0-py3-none-any.whl (15 kB)
PF1 Linux Build & Test	Install Python build dependencies	2025-12-04T01:00:22.7729923Z Downloading cryptography-46.0.3-cp311-abi3-manylinux_2_34_x86_64.whl (4.5 MB)
PF1 Linux Build & Test	Install Python build dependencies	2025-12-04T01:00:22.8026588Z    â”â”â”â”â”â”â”â”â”â”â”â”â”â”â”â”â”â”â”â”â”â”â”â”â”â”â”â”â”â”â”â”â”â”â”â”â”â”â”â” 4.5/4.5 MB 157.6 MB/s  0:00:00
PF1 Linux Build & Test	Install Python build dependencies	2025-12-04T01:00:22.8170552Z Downloading cffi-2.0.0-cp312-cp312-manylinux2014_x86_64.manylinux_2_17_x86_64.whl (219 kB)
PF1 Linux Build & Test	Install Python build dependencies	2025-12-04T01:00:22.8335852Z Downloading id-1.5.0-py3-none-any.whl (13 kB)
PF1 Linux Build & Test	Install Python build dependencies	2025-12-04T01:00:22.8493504Z Downloading jaraco.classes-3.4.0-py3-none-any.whl (6.8 kB)
PF1 Linux Build & Test	Install Python build dependencies	2025-12-04T01:00:22.8648813Z Downloading jaraco.context-6.0.1-py3-none-any.whl (6.8 kB)
PF1 Linux Build & Test	Install Python build dependencies	2025-12-04T01:00:22.8803319Z Downloading jaraco_functools-4.3.0-py3-none-any.whl (10 kB)
PF1 Linux Build & Test	Install Python build dependencies	2025-12-04T01:00:22.8957927Z Downloading more_itertools-10.8.0-py3-none-any.whl (69 kB)
PF1 Linux Build & Test	Install Python build dependencies	2025-12-04T01:00:22.9118407Z Downloading pycparser-2.23-py3-none-any.whl (118 kB)
PF1 Linux Build & Test	Install Python build dependencies	2025-12-04T01:00:22.9278239Z Downloading pyproject_hooks-1.2.0-py3-none-any.whl (10 kB)
PF1 Linux Build & Test	Install Python build dependencies	2025-12-04T01:00:23.0653133Z Installing collected packages: urllib3, rfc3986, pyproject_hooks, Pygments, pycparser, pybind11, packaging, nh3, more-itertools, mdurl, jeepney, jaraco.context, idna, docutils, charset_normalizer, certifi, requests, readme-renderer, markdown-it-py, jaraco.functools, jaraco.classes, cffi, build, rich, requests-toolbelt, id, cryptography, SecretStorage, keyring, twine
PF1 Linux Build & Test	Install Python build dependencies	2025-12-04T01:00:24.9770030Z 
PF1 Linux Build & Test	Install Python build dependencies	2025-12-04T01:00:24.9802409Z Successfully installed Pygments-2.19.2 SecretStorage-3.5.0 build-1.3.0 certifi-2025.11.12 cffi-2.0.0 charset_normalizer-3.4.4 cryptography-46.0.3 docutils-0.22.3 id-1.5.0 idna-3.11 jaraco.classes-3.4.0 jaraco.context-6.0.1 jaraco.functools-4.3.0 jeepney-0.9.0 keyring-25.7.0 markdown-it-py-4.0.0 mdurl-0.1.2 more-itertools-10.8.0 nh3-0.3.2 packaging-25.0 pybind11-3.0.1 pycparser-2.23 pyproject_hooks-1.2.0 readme-renderer-44.0 requests-2.32.5 requests-toolbelt-1.0.0 rfc3986-2.0.0 rich-14.2.0 twine-6.2.0 urllib3-2.5.0
PF1 Linux Build & Test	Build archive_r	ï»¿2025-12-04T01:00:25.0809574Z ##[group]Run ./build.sh --rebuild-all --package-python --package-ruby
PF1 Linux Build & Test	Build archive_r	2025-12-04T01:00:25.0810090Z [36;1m./build.sh --rebuild-all --package-python --package-ruby[0m
PF1 Linux Build & Test	Build archive_r	2025-12-04T01:00:25.0842431Z shell: /usr/bin/bash -e {0}
PF1 Linux Build & Test	Build archive_r	2025-12-04T01:00:25.0842653Z ##[endgroup]
PF1 Linux Build & Test	Build archive_r	2025-12-04T01:00:25.0915642Z [0;34mâ–¶[0m archive_r Build Starting...
PF1 Linux Build & Test	Build archive_r	2025-12-04T01:00:25.0916710Z [0;34mâ–¶[0m Cleaning core build artifacts...
PF1 Linux Build & Test	Build archive_r	2025-12-04T01:00:25.0927782Z [0;32mâœ“[0m Core build directory cleaned
PF1 Linux Build & Test	Build archive_r	2025-12-04T01:00:25.0928366Z [0;34mâ–¶[0m Cleaning Ruby binding artifacts...
PF1 Linux Build & Test	Build archive_r	2025-12-04T01:00:25.1010794Z [0;34mâ–¶[0m Cleaning Python binding artifacts...
PF1 Linux Build & Test	Build archive_r	2025-12-04T01:00:25.1058737Z [0;32mâœ“[0m Binding artifacts cleaned
PF1 Linux Build & Test	Build archive_r	2025-12-04T01:00:25.1073720Z [0;34mâ–¶[0m Configuring with CMake...
PF1 Linux Build & Test	Build archive_r	2025-12-04T01:00:28.0354891Z -- The CXX compiler identification is GNU 13.3.0
PF1 Linux Build & Test	Build archive_r	2025-12-04T01:00:28.1944845Z -- Detecting CXX compiler ABI info
PF1 Linux Build & Test	Build archive_r	2025-12-04T01:00:28.4464345Z -- Detecting CXX compiler ABI info - done
PF1 Linux Build & Test	Build archive_r	2025-12-04T01:00:28.4638539Z -- Check for working CXX compiler: /usr/bin/c++ - skipped
PF1 Linux Build & Test	Build archive_r	2025-12-04T01:00:28.4696969Z -- Detecting CXX compile features
PF1 Linux Build & Test	Build archive_r	2025-12-04T01:00:28.4755311Z -- Detecting CXX compile features - done
PF1 Linux Build & Test	Build archive_r	2025-12-04T01:00:28.5137844Z -- Found LibArchive: /usr/lib/x86_64-linux-gnu/libarchive.so (found version "3.7.2")
PF1 Linux Build & Test	Build archive_r	2025-12-04T01:00:28.5156836Z -- Configuring done (2.9s)
PF1 Linux Build & Test	Build archive_r	2025-12-04T01:00:28.5997336Z -- Generating done (0.1s)
PF1 Linux Build & Test	Build archive_r	2025-12-04T01:00:28.6000898Z -- Build files have been written to: /home/runner/work/archive_r/archive_r/build
PF1 Linux Build & Test	Build archive_r	2025-12-04T01:00:28.6029787Z [0;34mâ–¶[0m Building core library...
PF1 Linux Build & Test	Build archive_r	2025-12-04T01:00:28.6223504Z [  1%] Building CXX object CMakeFiles/archive_r_core.dir/src/archive_type.cc.o
PF1 Linux Build & Test	Build archive_r	2025-12-04T01:00:28.6224670Z [  2%] Building CXX object CMakeFiles/archive_r_core.dir/src/data_stream.cc.o
PF1 Linux Build & Test	Build archive_r	2025-12-04T01:00:28.6227894Z [  4%] Building CXX object CMakeFiles/archive_r_core.dir/src/archive_stack_orchestrator.cc.o
PF1 Linux Build & Test	Build archive_r	2025-12-04T01:00:28.6228828Z [  5%] Building CXX object CMakeFiles/archive_r_core.dir/src/archive_stack_cursor.cc.o
PF1 Linux Build & Test	Build archive_r	2025-12-04T01:00:30.5980691Z [  7%] Building CXX object CMakeFiles/archive_r_core.dir/src/multi_volume_manager.cc.o
PF1 Linux Build & Test	Build archive_r	2025-12-04T01:00:31.0906696Z [  8%] Building CXX object CMakeFiles/archive_r_core.dir/src/multi_volume_stream_base.cc.o
PF1 Linux Build & Test	Build archive_r	2025-12-04T01:00:31.5876891Z [ 10%] Building CXX object CMakeFiles/archive_r_core.dir/src/system_file_stream.cc.o
PF1 Linux Build & Test	Build archive_r	2025-12-04T01:00:31.9426052Z [ 11%] Building CXX object CMakeFiles/archive_r_core.dir/src/path_hierarchy.cc.o
PF1 Linux Build & Test	Build archive_r	2025-12-04T01:00:31.9970848Z [ 13%] Building CXX object CMakeFiles/archive_r_core.dir/src/path_hierarchy_utils.cc.o
PF1 Linux Build & Test	Build archive_r	2025-12-04T01:00:32.7822165Z [ 14%] Building CXX object CMakeFiles/archive_r_core.dir/src/traverser.cc.o
PF1 Linux Build & Test	Build archive_r	2025-12-04T01:00:32.9022342Z [ 16%] Building CXX object CMakeFiles/archive_r_core.dir/src/entry.cc.o
PF1 Linux Build & Test	Build archive_r	2025-12-04T01:00:33.6208166Z [ 17%] Building CXX object CMakeFiles/archive_r_core.dir/src/entry_fault.cc.o
PF1 Linux Build & Test	Build archive_r	2025-12-04T01:00:34.2396593Z [ 19%] Building CXX object CMakeFiles/archive_r_core.dir/src/entry_fault_error.cc.o
PF1 Linux Build & Test	Build archive_r	2025-12-04T01:00:35.6005579Z [ 20%] Linking CXX static library libarchive_r_core.a
PF1 Linux Build & Test	Build archive_r	2025-12-04T01:00:43.9845101Z [ 20%] Built target archive_r_core
PF1 Linux Build & Test	Build archive_r	2025-12-04T01:00:43.9940944Z [ 22%] Building CXX object CMakeFiles/find_and_traverse.dir/examples/find_and_traverse.cc.o
PF1 Linux Build & Test	Build archive_r	2025-12-04T01:00:43.9950924Z [ 23%] Building CXX object CMakeFiles/test_iterator.dir/test/test_iterator.cc.o
PF1 Linux Build & Test	Build archive_r	2025-12-04T01:00:43.9951785Z [ 25%] Building CXX object CMakeFiles/test_skip_descent.dir/test/test_skip_descent.cc.o
PF1 Linux Build & Test	Build archive_r	2025-12-04T01:00:43.9952754Z [ 26%] Building CXX object CMakeFiles/test_multi_volume_iterator.dir/test/test_multi_volume_iterator.cc.o
PF1 Linux Build & Test	Build archive_r	2025-12-04T01:00:45.3291006Z [ 27%] Linking CXX executable test_multi_volume_iterator
PF1 Linux Build & Test	Build archive_r	2025-12-04T01:00:45.4251130Z [ 27%] Built target test_multi_volume_iterator
PF1 Linux Build & Test	Build archive_r	2025-12-04T01:00:45.4343357Z [ 29%] Building CXX object CMakeFiles/test_multi_volume_input.dir/test/test_multi_volume_input.cc.o
PF1 Linux Build & Test	Build archive_r	2025-12-04T01:00:45.4658121Z [ 30%] Linking CXX executable test_skip_descent
PF1 Linux Build & Test	Build archive_r	2025-12-04T01:00:45.5543781Z [ 32%] Linking CXX executable find_and_traverse
PF1 Linux Build & Test	Build archive_r	2025-12-04T01:00:45.5616222Z [ 32%] Built target test_skip_descent
PF1 Linux Build & Test	Build archive_r	2025-12-04T01:00:45.5728157Z [ 33%] Building CXX object CMakeFiles/test_multi_volume_debug.dir/test/test_multi_volume_debug.cc.o
PF1 Linux Build & Test	Build archive_r	2025-12-04T01:00:45.6539707Z [ 33%] Built target find_and_traverse
PF1 Linux Build & Test	Build archive_r	2025-12-04T01:00:45.6641584Z [ 35%] Building CXX object CMakeFiles/test_multi_volume_functionality.dir/test/test_multi_volume_functionality.cc.o
PF1 Linux Build & Test	Build archive_r	2025-12-04T01:00:45.6793010Z [ 36%] Linking CXX executable test_iterator
PF1 Linux Build & Test	Build archive_r	2025-12-04T01:00:45.7730348Z [ 36%] Built target test_iterator
PF1 Linux Build & Test	Build archive_r	2025-12-04T01:00:45.7805041Z [ 38%] Building CXX object CMakeFiles/test_multi_volume_retry.dir/test/test_multi_volume_retry.cc.o
PF1 Linux Build & Test	Build archive_r	2025-12-04T01:00:46.9114606Z [ 39%] Linking CXX executable test_multi_volume_retry
PF1 Linux Build & Test	Build archive_r	2025-12-04T01:00:47.0086610Z [ 39%] Built target test_multi_volume_retry
PF1 Linux Build & Test	Build archive_r	2025-12-04T01:00:47.0400015Z [ 41%] Building CXX object CMakeFiles/test_multi_volume_ordering.dir/test/test_multi_volume_ordering.cc.o
PF1 Linux Build & Test	Build archive_r	2025-12-04T01:00:47.1545423Z [ 42%] Linking CXX executable test_multi_volume_input
PF1 Linux Build & Test	Build archive_r	2025-12-04T01:00:47.1603708Z [ 44%] Linking CXX executable test_multi_volume_functionality
PF1 Linux Build & Test	Build archive_r	2025-12-04T01:00:47.2528613Z [ 44%] Built target test_multi_volume_input
PF1 Linux Build & Test	Build archive_r	2025-12-04T01:00:47.2577861Z [ 44%] Built target test_multi_volume_functionality
PF1 Linux Build & Test	Build archive_r	2025-12-04T01:00:47.2631421Z [ 45%] Building CXX object CMakeFiles/test_multi_volume_traversal_regression.dir/test/test_multi_volume_traversal_regression.cc.o
PF1 Linux Build & Test	Build archive_r	2025-12-04T01:00:47.2700585Z [ 47%] Building CXX object CMakeFiles/test_multi_volume_entry_persistence.dir/test/test_multi_volume_entry_persistence.cc.o
PF1 Linux Build & Test	Build archive_r	2025-12-04T01:00:48.5997761Z [ 48%] Linking CXX executable test_multi_volume_entry_persistence
PF1 Linux Build & Test	Build archive_r	2025-12-04T01:00:48.6923842Z [ 48%] Built target test_multi_volume_entry_persistence
PF1 Linux Build & Test	Build archive_r	2025-12-04T01:00:48.7024107Z [ 50%] Building CXX object CMakeFiles/test_directory_container.dir/test/test_directory_container.cc.o
PF1 Linux Build & Test	Build archive_r	2025-12-04T01:00:49.6854159Z [ 51%] Linking CXX executable test_multi_volume_ordering
PF1 Linux Build & Test	Build archive_r	2025-12-04T01:00:49.7828890Z [ 51%] Built target test_multi_volume_ordering
PF1 Linux Build & Test	Build archive_r	2025-12-04T01:00:49.7931693Z [ 52%] Building CXX object CMakeFiles/test_metadata_filesystem.dir/test/test_metadata_filesystem.cc.o
PF1 Linux Build & Test	Build archive_r	2025-12-04T01:00:50.5941506Z [ 54%] Linking CXX executable test_directory_container
PF1 Linux Build & Test	Build archive_r	2025-12-04T01:00:50.7016609Z [ 54%] Built target test_directory_container
PF1 Linux Build & Test	Build archive_r	2025-12-04T01:00:50.7095168Z [ 55%] Building CXX object CMakeFiles/test_directory_navigation.dir/test/test_directory_navigation.cc.o
PF1 Linux Build & Test	Build archive_r	2025-12-04T01:00:51.1121463Z [ 57%] Linking CXX executable test_metadata_filesystem
PF1 Linux Build & Test	Build archive_r	2025-12-04T01:00:51.2138095Z [ 57%] Built target test_metadata_filesystem
PF1 Linux Build & Test	Build archive_r	2025-12-04T01:00:51.2236570Z [ 58%] Building CXX object CMakeFiles/test_descent.dir/test/test_descent.cc.o
PF1 Linux Build & Test	Build archive_r	2025-12-04T01:00:51.6688730Z [ 60%] Linking CXX executable test_multi_volume_debug
PF1 Linux Build & Test	Build archive_r	2025-12-04T01:00:51.7675059Z [ 60%] Built target test_multi_volume_debug
PF1 Linux Build & Test	Build archive_r	2025-12-04T01:00:51.7766759Z [ 61%] Building CXX object CMakeFiles/test_simple_count.dir/test/test_simple_count.cc.o
PF1 Linux Build & Test	Build archive_r	2025-12-04T01:00:52.6431488Z [ 63%] Linking CXX executable test_directory_navigation
PF1 Linux Build & Test	Build archive_r	2025-12-04T01:00:52.7398241Z [ 63%] Built target test_directory_navigation
PF1 Linux Build & Test	Build archive_r	2025-12-04T01:00:52.7494274Z [ 64%] Building CXX object CMakeFiles/test_stress_ultimate_verification.dir/test/test_stress_ultimate_verification.cc.o
PF1 Linux Build & Test	Build archive_r	2025-12-04T01:00:53.0476546Z [ 66%] Linking CXX executable test_descent
PF1 Linux Build & Test	Build archive_r	2025-12-04T01:00:53.1486979Z [ 67%] Linking CXX executable test_simple_count
PF1 Linux Build & Test	Build archive_r	2025-12-04T01:00:53.1515376Z [ 67%] Built target test_descent
PF1 Linux Build & Test	Build archive_r	2025-12-04T01:00:53.1616104Z [ 69%] Building CXX object CMakeFiles/test_entry_read.dir/test/test_entry_read.cc.o
PF1 Linux Build & Test	Build archive_r	2025-12-04T01:00:53.2410175Z [ 69%] Built target test_simple_count
PF1 Linux Build & Test	Build archive_r	2025-12-04T01:00:53.2483515Z [ 70%] Building CXX object CMakeFiles/test_error_handling_step0.dir/test/test_error_handling_step0.cc.o
PF1 Linux Build & Test	Build archive_r	2025-12-04T01:00:53.2670082Z [ 72%] Linking CXX executable test_multi_volume_traversal_regression
PF1 Linux Build & Test	Build archive_r	2025-12-04T01:00:53.3660825Z [ 72%] Built target test_multi_volume_traversal_regression
PF1 Linux Build & Test	Build archive_r	2025-12-04T01:00:53.3772251Z [ 73%] Building CXX object CMakeFiles/test_data_source_reader_read.dir/test/test_data_source_reader_read.cc.o
PF1 Linux Build & Test	Build archive_r	2025-12-04T01:00:54.5720832Z [ 75%] Linking CXX executable test_entry_read
PF1 Linux Build & Test	Build archive_r	2025-12-04T01:00:54.6654293Z [ 75%] Built target test_entry_read
PF1 Linux Build & Test	Build archive_r	2025-12-04T01:00:54.6745225Z [ 76%] Building CXX object CMakeFiles/test_stress_multi_volume_source.dir/test/test_stress_multi_volume_source.cc.o
PF1 Linux Build & Test	Build archive_r	2025-12-04T01:00:55.1196229Z [ 77%] Linking CXX executable test_error_handling_step0
PF1 Linux Build & Test	Build archive_r	2025-12-04T01:00:55.2135117Z [ 77%] Built target test_error_handling_step0
PF1 Linux Build & Test	Build archive_r	2025-12-04T01:00:55.2230863Z [ 79%] Building CXX object CMakeFiles/test_metadata_options.dir/test/test_metadata_options.cc.o
PF1 Linux Build & Test	Build archive_r	2025-12-04T01:00:55.7874358Z [ 80%] Linking CXX executable test_data_source_reader_read
PF1 Linux Build & Test	Build archive_r	2025-12-04T01:00:55.8941863Z [ 80%] Built target test_data_source_reader_read
PF1 Linux Build & Test	Build archive_r	2025-12-04T01:00:55.9063304Z [ 82%] Building CXX object CMakeFiles/test_multi_root_traversal.dir/test/test_multi_root_traversal.cc.o
PF1 Linux Build & Test	Build archive_r	2025-12-04T01:00:55.9908954Z [ 83%] Linking CXX executable test_stress_ultimate_verification
PF1 Linux Build & Test	Build archive_r	2025-12-04T01:00:56.0967663Z [ 83%] Built target test_stress_ultimate_verification
PF1 Linux Build & Test	Build archive_r	2025-12-04T01:00:56.1047338Z [ 85%] Building CXX object CMakeFiles/test_root_file_multi_volume.dir/test/test_root_file_multi_volume.cc.o
PF1 Linux Build & Test	Build archive_r	2025-12-04T01:00:56.5405443Z [ 86%] Linking CXX executable test_metadata_options
PF1 Linux Build & Test	Build archive_r	2025-12-04T01:00:56.6421995Z [ 86%] Built target test_metadata_options
PF1 Linux Build & Test	Build archive_r	2025-12-04T01:00:56.6525221Z [ 88%] Building CXX object CMakeFiles/test_custom_root_stream.dir/test/test_custom_root_stream.cc.o
PF1 Linux Build & Test	Build archive_r	2025-12-04T01:00:57.4157753Z [ 89%] Linking CXX executable test_root_file_multi_volume
PF1 Linux Build & Test	Build archive_r	2025-12-04T01:00:57.4855522Z [ 91%] Linking CXX executable test_multi_root_traversal
PF1 Linux Build & Test	Build archive_r	2025-12-04T01:00:57.5038799Z [ 91%] Built target test_root_file_multi_volume
PF1 Linux Build & Test	Build archive_r	2025-12-04T01:00:57.5131910Z [ 92%] Building CXX object CMakeFiles/test_threaded_traverser.dir/test/test_threaded_traverser.cc.o
PF1 Linux Build & Test	Build archive_r	2025-12-04T01:00:57.5838443Z [ 92%] Built target test_multi_root_traversal
PF1 Linux Build & Test	Build archive_r	2025-12-04T01:00:57.5942463Z [ 94%] Building CXX object CMakeFiles/test_performance_compare.dir/test/test_performance_no_descend.cc.o
PF1 Linux Build & Test	Build archive_r	2025-12-04T01:00:58.2945421Z [ 95%] Linking CXX executable test_custom_root_stream
PF1 Linux Build & Test	Build archive_r	2025-12-04T01:00:58.3995828Z [ 95%] Built target test_custom_root_stream
PF1 Linux Build & Test	Build archive_r	2025-12-04T01:00:58.8628476Z [ 97%] Linking CXX executable test_performance_compare
PF1 Linux Build & Test	Build archive_r	2025-12-04T01:00:58.9258031Z [ 97%] Built target test_performance_compare
PF1 Linux Build & Test	Build archive_r	2025-12-04T01:00:58.9565411Z [ 98%] Linking CXX executable test_threaded_traverser
PF1 Linux Build & Test	Build archive_r	2025-12-04T01:00:59.0195961Z [ 98%] Built target test_threaded_traverser
PF1 Linux Build & Test	Build archive_r	2025-12-04T01:01:00.6524295Z [100%] Linking CXX executable test_stress_multi_volume_source
PF1 Linux Build & Test	Build archive_r	2025-12-04T01:01:00.7186091Z [100%] Built target test_stress_multi_volume_source
PF1 Linux Build & Test	Build archive_r	2025-12-04T01:01:00.7233259Z ./build.sh: line 325: local: can only be used in a function
PF1 Linux Build & Test	Build archive_r	2025-12-04T01:01:00.7248693Z ##[error]Process completed with exit code 1.
PF1 Linux Build & Test	Upload PF1 artifacts	ï»¿2025-12-04T01:01:00.7362657Z ##[group]Run actions/upload-artifact@v4
PF1 Linux Build & Test	Upload PF1 artifacts	2025-12-04T01:01:00.7362937Z with:
PF1 Linux Build & Test	Upload PF1 artifacts	2025-12-04T01:01:00.7363196Z   name: archive-r-pf1-16a19c6dac579966d8d7ad3dab7b0308241e8994
PF1 Linux Build & Test	Upload PF1 artifacts	2025-12-04T01:01:00.7363867Z   path: build/libarchive_r_core.a
PF1 Linux Build & Test	Upload PF1 artifacts	build/bindings/python/dist/*.tar.gz
PF1 Linux Build & Test	Upload PF1 artifacts	build/bindings/python/dist/*.whl
PF1 Linux Build & Test	Upload PF1 artifacts	build/bindings/ruby/*.gem
PF1 Linux Build & Test	Upload PF1 artifacts	build/logs/**/*.log
PF1 Linux Build & Test	Upload PF1 artifacts	
PF1 Linux Build & Test	Upload PF1 artifacts	2025-12-04T01:01:00.7364445Z   if-no-files-found: ignore
PF1 Linux Build & Test	Upload PF1 artifacts	2025-12-04T01:01:00.7364651Z   retention-days: 7
PF1 Linux Build & Test	Upload PF1 artifacts	2025-12-04T01:01:00.7364828Z   compression-level: 6
PF1 Linux Build & Test	Upload PF1 artifacts	2025-12-04T01:01:00.7365020Z   overwrite: false
PF1 Linux Build & Test	Upload PF1 artifacts	2025-12-04T01:01:00.7365206Z   include-hidden-files: false
PF1 Linux Build & Test	Upload PF1 artifacts	2025-12-04T01:01:00.7365416Z ##[endgroup]
PF1 Linux Build & Test	Upload PF1 artifacts	2025-12-04T01:01:00.9520349Z Multiple search paths detected. Calculating the least common ancestor of all paths
PF1 Linux Build & Test	Upload PF1 artifacts	2025-12-04T01:01:00.9524984Z The least common ancestor is /home/runner/work/archive_r/archive_r/build. This will be the root directory of the artifact
PF1 Linux Build & Test	Upload PF1 artifacts	2025-12-04T01:01:00.9526123Z With the provided path, there will be 1 file uploaded
PF1 Linux Build & Test	Upload PF1 artifacts	2025-12-04T01:01:00.9532007Z Artifact name is valid!
PF1 Linux Build & Test	Upload PF1 artifacts	2025-12-04T01:01:00.9533593Z Root directory input is valid!
PF1 Linux Build & Test	Upload PF1 artifacts	2025-12-04T01:01:01.1015015Z Beginning upload of artifact content to blob storage
PF1 Linux Build & Test	Upload PF1 artifacts	2025-12-04T01:01:01.3019528Z Uploaded bytes 204544
PF1 Linux Build & Test	Upload PF1 artifacts	2025-12-04T01:01:01.3359232Z Finished uploading artifact content to blob storage!
PF1 Linux Build & Test	Upload PF1 artifacts	2025-12-04T01:01:01.3362578Z SHA256 digest of uploaded artifact zip is 0a12912f3351a99e6908476422a8a01017a9ef303184b336b2148196247d7580
PF1 Linux Build & Test	Upload PF1 artifacts	2025-12-04T01:01:01.3364429Z Finalizing artifact upload
PF1 Linux Build & Test	Upload PF1 artifacts	2025-12-04T01:01:01.4302492Z Artifact archive-r-pf1-16a19c6dac579966d8d7ad3dab7b0308241e8994.zip successfully finalized. Artifact ID 4758591308
PF1 Linux Build & Test	Upload PF1 artifacts	2025-12-04T01:01:01.4303787Z Artifact archive-r-pf1-16a19c6dac579966d8d7ad3dab7b0308241e8994 has been successfully uploaded! Final size is 204544 bytes. Artifact ID is 4758591308
PF1 Linux Build & Test	Upload PF1 artifacts	2025-12-04T01:01:01.4311287Z Artifact download URL: https://github.com/Raizo-TCS/archive_r/actions/runs/19914019259/artifacts/4758591308
PF1 Linux Build & Test	Post Checkout repository	ï»¿2025-12-04T01:01:01.4462840Z Post job cleanup.
PF1 Linux Build & Test	Post Checkout repository	2025-12-04T01:01:01.5395335Z [command]/usr/bin/git version
PF1 Linux Build & Test	Post Checkout repository	2025-12-04T01:01:01.5432203Z git version 2.52.0
PF1 Linux Build & Test	Post Checkout repository	2025-12-04T01:01:01.5480986Z Temporarily overriding HOME='/home/runner/work/_temp/2a9e0d01-d083-4afd-9b33-29b243cef0b0' before making global git config changes
PF1 Linux Build & Test	Post Checkout repository	2025-12-04T01:01:01.5481913Z Adding repository directory to the temporary git global config as a safe directory
PF1 Linux Build & Test	Post Checkout repository	2025-12-04T01:01:01.5486099Z [command]/usr/bin/git config --global --add safe.directory /home/runner/work/archive_r/archive_r
PF1 Linux Build & Test	Post Checkout repository	2025-12-04T01:01:01.5520459Z [command]/usr/bin/git config --local --name-only --get-regexp core\.sshCommand
PF1 Linux Build & Test	Post Checkout repository	2025-12-04T01:01:01.5552676Z [command]/usr/bin/git submodule foreach --recursive sh -c "git config --local --name-only --get-regexp 'core\.sshCommand' && git config --local --unset-all 'core.sshCommand' || :"
PF1 Linux Build & Test	Post Checkout repository	2025-12-04T01:01:01.5781817Z [command]/usr/bin/git config --local --name-only --get-regexp http\.https\:\/\/github\.com\/\.extraheader
PF1 Linux Build & Test	Post Checkout repository	2025-12-04T01:01:01.5802851Z http.https://github.com/.extraheader
PF1 Linux Build & Test	Post Checkout repository	2025-12-04T01:01:01.5815266Z [command]/usr/bin/git config --local --unset-all http.https://github.com/.extraheader
PF1 Linux Build & Test	Post Checkout repository	2025-12-04T01:01:01.5847479Z [command]/usr/bin/git submodule foreach --recursive sh -c "git config --local --name-only --get-regexp 'http\.https\:\/\/github\.com\/\.extraheader' && git config --local --unset-all 'http.https://github.com/.extraheader' || :"
PF1 Linux Build & Test	Post Checkout repository	2025-12-04T01:01:01.6063114Z [command]/usr/bin/git config --local --name-only --get-regexp ^includeIf\.gitdir:
PF1 Linux Build & Test	Post Checkout repository	2025-12-04T01:01:01.6093509Z [command]/usr/bin/git submodule foreach --recursive git config --local --show-origin --name-only --get-regexp remote.origin.url
PF1 Linux Build & Test	Complete job	ï»¿2025-12-04T01:01:01.6435955Z Cleaning up orphan processes
