2025-12-04T05:29:45.2023021Z Current runner version: '2.329.0'
2025-12-04T05:29:45.2047698Z ##[group]Runner Image Provisioner
2025-12-04T05:29:45.2048374Z Hosted Compute Agent
2025-12-04T05:29:45.2048855Z Version: 20251124.448
2025-12-04T05:29:45.2049353Z Commit: fda5086b43ec66ade217e5fcd18146c879571177
2025-12-04T05:29:45.2049977Z Build Date: 2025-11-24T21:16:26Z
2025-12-04T05:29:45.2050508Z ##[endgroup]
2025-12-04T05:29:45.2050930Z ##[group]Operating System
2025-12-04T05:29:45.2051460Z Microsoft Windows Server 2022
2025-12-04T05:29:45.2051936Z 10.0.20348
2025-12-04T05:29:45.2052637Z Datacenter
2025-12-04T05:29:45.2053214Z ##[endgroup]
2025-12-04T05:29:45.2053770Z ##[group]Runner Image
2025-12-04T05:29:45.2054326Z Image: windows-2022
2025-12-04T05:29:45.2054991Z Version: 20251125.125.1
2025-12-04T05:29:45.2056245Z Included Software: https://github.com/actions/runner-images/blob/win22/20251125.125/images/windows/Windows2022-Readme.md
2025-12-04T05:29:45.2058165Z Image Release: https://github.com/actions/runner-images/releases/tag/win22%2F20251125.125
2025-12-04T05:29:45.2059012Z ##[endgroup]
2025-12-04T05:29:45.2060048Z ##[group]GITHUB_TOKEN Permissions
2025-12-04T05:29:45.2061844Z Contents: read
2025-12-04T05:29:45.2062291Z Metadata: read
2025-12-04T05:29:45.2062715Z Packages: read
2025-12-04T05:29:45.2063130Z ##[endgroup]
2025-12-04T05:29:45.2065117Z Secret source: Actions
2025-12-04T05:29:45.2065715Z Prepare workflow directory
2025-12-04T05:29:45.2425849Z Prepare all required actions
2025-12-04T05:29:45.2462840Z Getting action download info
2025-12-04T05:29:45.5016598Z Download action repository 'actions/checkout@v4' (SHA:34e114876b0b11c390a56381ad16ebd13914f8d5)
2025-12-04T05:29:45.7972446Z Download action repository 'actions/setup-python@v5' (SHA:a26af69be951a213d495a4c3e4e4022e16d87065)
2025-12-04T05:29:45.9231774Z Download action repository 'ruby/setup-ruby@v1' (SHA:8aeb6ff8030dd539317f8e1769a044873b56ea71)
2025-12-04T05:29:46.0922614Z Download action repository 'actions/upload-artifact@v4' (SHA:ea165f8d65b6e75b540449e92b4886f43607fa02)
2025-12-04T05:29:46.4092594Z Complete job name: PF5 (MSVC) Windows Build & Test
2025-12-04T05:29:46.5842774Z ##[group]Run actions/checkout@v4
2025-12-04T05:29:46.5844179Z with:
2025-12-04T05:29:46.5844816Z   repository: Raizo-TCS/archive_r
2025-12-04T05:29:46.5845957Z   token: ***
2025-12-04T05:29:46.5846552Z   ssh-strict: true
2025-12-04T05:29:46.5847188Z   ssh-user: git
2025-12-04T05:29:46.5847823Z   persist-credentials: true
2025-12-04T05:29:46.5848539Z   clean: true
2025-12-04T05:29:46.5849180Z   sparse-checkout-cone-mode: true
2025-12-04T05:29:46.5849951Z   fetch-depth: 1
2025-12-04T05:29:46.5850566Z   fetch-tags: false
2025-12-04T05:29:46.5851187Z   show-progress: true
2025-12-04T05:29:46.5851843Z   lfs: false
2025-12-04T05:29:46.5852430Z   submodules: false
2025-12-04T05:29:46.5853087Z   set-safe-directory: true
2025-12-04T05:29:46.5853965Z ##[endgroup]
2025-12-04T05:29:46.7457179Z Syncing repository: Raizo-TCS/archive_r
2025-12-04T05:29:46.7459585Z ##[group]Getting Git version info
2025-12-04T05:29:46.7460569Z Working directory is 'D:\a\archive_r\archive_r'
2025-12-04T05:29:46.8303936Z [command]"C:\Program Files\Git\bin\git.exe" version
2025-12-04T05:29:47.2403983Z git version 2.52.0.windows.1
2025-12-04T05:29:47.2448879Z ##[endgroup]
2025-12-04T05:29:47.2467539Z Temporarily overriding HOME='D:\a\_temp\6bf7bdfc-8f04-4bd5-95a3-575f9043cadf' before making global git config changes
2025-12-04T05:29:47.2468553Z Adding repository directory to the temporary git global config as a safe directory
2025-12-04T05:29:47.2479087Z [command]"C:\Program Files\Git\bin\git.exe" config --global --add safe.directory D:\a\archive_r\archive_r
2025-12-04T05:29:47.3046607Z Deleting the contents of 'D:\a\archive_r\archive_r'
2025-12-04T05:29:47.3052834Z ##[group]Initializing the repository
2025-12-04T05:29:47.3063232Z [command]"C:\Program Files\Git\bin\git.exe" init D:\a\archive_r\archive_r
2025-12-04T05:29:47.3993163Z Initialized empty Git repository in D:/a/archive_r/archive_r/.git/
2025-12-04T05:29:47.4033568Z [command]"C:\Program Files\Git\bin\git.exe" remote add origin https://github.com/Raizo-TCS/archive_r
2025-12-04T05:29:47.4561002Z ##[endgroup]
2025-12-04T05:29:47.4561526Z ##[group]Disabling automatic garbage collection
2025-12-04T05:29:47.4570936Z [command]"C:\Program Files\Git\bin\git.exe" config --local gc.auto 0
2025-12-04T05:29:47.4815759Z ##[endgroup]
2025-12-04T05:29:47.4816396Z ##[group]Setting up auth
2025-12-04T05:29:47.4829141Z [command]"C:\Program Files\Git\bin\git.exe" config --local --name-only --get-regexp core\.sshCommand
2025-12-04T05:29:47.5080282Z [command]"C:\Program Files\Git\bin\git.exe" submodule foreach --recursive "sh -c \"git config --local --name-only --get-regexp 'core\.sshCommand' && git config --local --unset-all 'core.sshCommand' || :\""
2025-12-04T05:29:48.9325410Z [command]"C:\Program Files\Git\bin\git.exe" config --local --name-only --get-regexp http\.https\:\/\/github\.com\/\.extraheader
2025-12-04T05:29:48.9569296Z [command]"C:\Program Files\Git\bin\git.exe" submodule foreach --recursive "sh -c \"git config --local --name-only --get-regexp 'http\.https\:\/\/github\.com\/\.extraheader' && git config --local --unset-all 'http.https://github.com/.extraheader' || :\""
2025-12-04T05:29:49.4028008Z [command]"C:\Program Files\Git\bin\git.exe" config --local --name-only --get-regexp ^includeIf\.gitdir:
2025-12-04T05:29:49.4275237Z [command]"C:\Program Files\Git\bin\git.exe" submodule foreach --recursive "git config --local --show-origin --name-only --get-regexp remote.origin.url"
2025-12-04T05:29:49.8757507Z [command]"C:\Program Files\Git\bin\git.exe" config --local http.https://github.com/.extraheader "AUTHORIZATION: basic ***"
2025-12-04T05:29:49.9006677Z ##[endgroup]
2025-12-04T05:29:49.9007346Z ##[group]Fetching the repository
2025-12-04T05:29:49.9020655Z [command]"C:\Program Files\Git\bin\git.exe" -c protocol.version=2 fetch --no-tags --prune --no-recurse-submodules --depth=1 origin +e5274f00d4854688a17910241bc2769805322506:refs/remotes/pull/2/merge
2025-12-04T05:29:50.8258124Z From https://github.com/Raizo-TCS/archive_r
2025-12-04T05:29:50.8260791Z  * [new ref]         e5274f00d4854688a17910241bc2769805322506 -> pull/2/merge
2025-12-04T05:29:50.8561465Z ##[endgroup]
2025-12-04T05:29:50.8561861Z ##[group]Determining the checkout info
2025-12-04T05:29:50.8563701Z ##[endgroup]
2025-12-04T05:29:50.8577911Z [command]"C:\Program Files\Git\bin\git.exe" sparse-checkout disable
2025-12-04T05:29:50.8964036Z [command]"C:\Program Files\Git\bin\git.exe" config --local --unset-all extensions.worktreeConfig
2025-12-04T05:29:50.9208949Z ##[group]Checking out the ref
2025-12-04T05:29:50.9220471Z [command]"C:\Program Files\Git\bin\git.exe" checkout --progress --force refs/remotes/pull/2/merge
2025-12-04T05:29:51.0041156Z Note: switching to 'refs/remotes/pull/2/merge'.
2025-12-04T05:29:51.0041546Z 
2025-12-04T05:29:51.0042091Z You are in 'detached HEAD' state. You can look around, make experimental
2025-12-04T05:29:51.0042849Z changes and commit them, and you can discard any commits you make in this
2025-12-04T05:29:51.0043574Z state without impacting any branches by switching back to a branch.
2025-12-04T05:29:51.0043902Z 
2025-12-04T05:29:51.0044308Z If you want to create a new branch to retain commits you create, you may
2025-12-04T05:29:51.0044983Z do so (now or later) by using -c with the switch command. Example:
2025-12-04T05:29:51.0045296Z 
2025-12-04T05:29:51.0045475Z   git switch -c <new-branch-name>
2025-12-04T05:29:51.0045723Z 
2025-12-04T05:29:51.0045842Z Or undo this operation with:
2025-12-04T05:29:51.0046111Z 
2025-12-04T05:29:51.0046216Z   git switch -
2025-12-04T05:29:51.0046363Z 
2025-12-04T05:29:51.0046639Z Turn off this advice by setting config variable advice.detachedHead to false
2025-12-04T05:29:51.0047031Z 
2025-12-04T05:29:51.0047469Z HEAD is now at e5274f0 Merge abf9ee712cb9f4865f092eca5f7e48cac1169524 into def6b5a7e993ee929d6903771f283eb2ebe02e2b
2025-12-04T05:29:51.0070886Z ##[endgroup]
2025-12-04T05:29:51.0386516Z [command]"C:\Program Files\Git\bin\git.exe" log -1 --format=%H
2025-12-04T05:29:51.0592535Z e5274f00d4854688a17910241bc2769805322506
2025-12-04T05:29:51.0931061Z ##[group]Run # Remove Strawberry Perl and other potential MinGW sources from PATH to ensure MSVC isolation
2025-12-04T05:29:51.0931908Z [36;1m# Remove Strawberry Perl and other potential MinGW sources from PATH to ensure MSVC isolation[0m
2025-12-04T05:29:51.0932578Z [36;1m$path = [Environment]::GetEnvironmentVariable("Path", "Machine") + ";" + [Environment]::GetEnvironmentVariable("Path", "User")[0m
2025-12-04T05:29:51.0933300Z [36;1m$newPath = ($path.Split(';') | Where-Object { $_ -notlike "*Strawberry*" -and $_ -notlike "*mingw*" } | Select-Object -Unique) -join ';'[0m
2025-12-04T05:29:51.0933793Z [36;1mecho "PATH=$newPath" >> $env:GITHUB_ENV[0m
2025-12-04T05:29:51.1048396Z shell: C:\Program Files\PowerShell\7\pwsh.EXE -command ". '{0}'"
2025-12-04T05:29:51.1048738Z ##[endgroup]
2025-12-04T05:29:57.5859998Z ##[group]Run actions/setup-python@v5
2025-12-04T05:29:57.5860320Z with:
2025-12-04T05:29:57.5860489Z   python-version: 3.11
2025-12-04T05:29:57.5860685Z   check-latest: false
2025-12-04T05:29:57.5860994Z   token: ***
2025-12-04T05:29:57.5861197Z   update-environment: true
2025-12-04T05:29:57.5861394Z   allow-prereleases: false
2025-12-04T05:29:57.5861588Z   freethreaded: false
2025-12-04T05:29:57.5861749Z env:
2025-12-04T05:29:57.5868562Z   PATH: C:\Program Files\MongoDB\Server\7.0\bin;C:\aliyun-cli;C:\vcpkg;C:\Program Files (x86)\NSIS\;C:\tools\zstd;C:\Program Files\Mercurial\;C:\hostedtoolcache\windows\stack\3.7.1\x64;C:\cabal\bin;C:\\ghcup\bin;C:\Program Files\dotnet;C:\Program Files\MySQL\MySQL Server 8.0\bin;C:\Program Files\R\R-4.5.2\bin\x64;C:\SeleniumWebDrivers\GeckoDriver;C:\SeleniumWebDrivers\EdgeDriver\;C:\SeleniumWebDrivers\ChromeDriver;C:\Program Files (x86)\sbt\bin;C:\Program Files (x86)\GitHub CLI;C:\Program Files\Git\bin;C:\Program Files (x86)\pipx_bin;C:\npm\prefix;C:\hostedtoolcache\windows\go\1.24.10\x64\bin;C:\hostedtoolcache\windows\Python\3.9.13\x64\Scripts;C:\hostedtoolcache\windows\Python\3.9.13\x64;C:\hostedtoolcache\windows\Ruby\3.3.10\x64\bin;C:\Program Files\OpenSSL\bin;C:\tools\kotlinc\bin;C:\hostedtoolcache\windows\Java_Temurin-Hotspot_jdk\8.0.472-8\x64\bin;C:\Program Files\ImageMagick-7.1.2-Q16-HDRI;C:\Program Files\Microsoft SDKs\Azure\CLI2\wbin;C:\ProgramData\kind;C:\ProgramData\Chocolatey\bin;C:\Windows\system32;C:\Windows;C:\Windows\System32\Wbem;C:\Windows\System32\WindowsPowerShell\v1.0\;C:\Windows\System32\OpenSSH\;C:\Program Files\dotnet\;C:\Program Files\PowerShell\7\;C:\Program Files\Microsoft\Web Platform Installer\;C:\Program Files\TortoiseSVN\bin;C:\Program Files\Microsoft SQL Server\Client SDK\ODBC\170\Tools\Binn\;C:\Program Files\Microsoft SQL Server\150\Tools\Binn\;C:\Program Files (x86)\Windows Kits\10\Windows Performance Toolkit\;C:\Program Files (x86)\WiX Toolset v3.14\bin;C:\Program Files\Microsoft SQL Server\130\DTS\Binn\;C:\Program Files\Microsoft SQL Server\140\DTS\Binn\;C:\Program Files\Microsoft SQL Server\150\DTS\Binn\;C:\Program Files\Microsoft SQL Server\160\DTS\Binn\;C:\Program Files\Microsoft SQL Server\170\DTS\Binn\;C:\ProgramData\chocolatey\lib\pulumi\tools\Pulumi\bin;C:\Program Files\CMake\bin;C:\ProgramData\chocolatey\lib\maven\apache-maven-3.9.11\bin;C:\Program Files\Microsoft Service Fabric\bin\Fabric\Fabric.Code;C:\Program Files\Microsoft SDKs\Service Fabric\Tools\ServiceFabricLocalClusterManager;C:\Program Files\nodejs\;C:\Program Files\Git\cmd;C:\Program Files\Git\usr\bin;C:\Program Files\GitHub CLI\;c:\tools\php;C:\Program Files\Amazon\AWSCLIV2\;C:\Program Files\Amazon\SessionManagerPlugin\bin\;C:\Program Files\Amazon\AWSSAMCLI\bin\;C:\Program Files\Microsoft SQL Server\130\Tools\Binn\;C:\Program Files\mongosh\;C:\Program Files\LLVM\bin;C:\Program Files (x86)\LLVM\bin;C:\Users\runneradmin\.dotnet\tools;C:\Users\runneradmin\.cargo\bin;C:\Users\runneradmin\AppData\Local\Microsoft\WindowsApps;
2025-12-04T05:29:57.5875594Z ##[endgroup]
2025-12-04T05:29:57.8108499Z ##[group]Installed versions
2025-12-04T05:29:57.8286657Z Successfully set up CPython (3.11.9)
2025-12-04T05:29:57.8287518Z ##[endgroup]
2025-12-04T05:29:57.8542687Z ##[group]Run ruby/setup-ruby@v1
2025-12-04T05:29:57.8542958Z with:
2025-12-04T05:29:57.8543122Z   ruby-version: 3.2
2025-12-04T05:29:57.8543297Z   bundler-cache: false
2025-12-04T05:29:57.8543472Z env:
2025-12-04T05:29:57.8550283Z   PATH: C:\Program Files\MongoDB\Server\7.0\bin;C:\aliyun-cli;C:\vcpkg;C:\Program Files (x86)\NSIS\;C:\tools\zstd;C:\Program Files\Mercurial\;C:\hostedtoolcache\windows\stack\3.7.1\x64;C:\cabal\bin;C:\\ghcup\bin;C:\Program Files\dotnet;C:\Program Files\MySQL\MySQL Server 8.0\bin;C:\Program Files\R\R-4.5.2\bin\x64;C:\SeleniumWebDrivers\GeckoDriver;C:\SeleniumWebDrivers\EdgeDriver\;C:\SeleniumWebDrivers\ChromeDriver;C:\Program Files (x86)\sbt\bin;C:\Program Files (x86)\GitHub CLI;C:\Program Files\Git\bin;C:\Program Files (x86)\pipx_bin;C:\npm\prefix;C:\hostedtoolcache\windows\go\1.24.10\x64\bin;C:\hostedtoolcache\windows\Python\3.9.13\x64\Scripts;C:\hostedtoolcache\windows\Python\3.9.13\x64;C:\hostedtoolcache\windows\Ruby\3.3.10\x64\bin;C:\Program Files\OpenSSL\bin;C:\tools\kotlinc\bin;C:\hostedtoolcache\windows\Java_Temurin-Hotspot_jdk\8.0.472-8\x64\bin;C:\Program Files\ImageMagick-7.1.2-Q16-HDRI;C:\Program Files\Microsoft SDKs\Azure\CLI2\wbin;C:\ProgramData\kind;C:\ProgramData\Chocolatey\bin;C:\Windows\system32;C:\Windows;C:\Windows\System32\Wbem;C:\Windows\System32\WindowsPowerShell\v1.0\;C:\Windows\System32\OpenSSH\;C:\Program Files\dotnet\;C:\Program Files\PowerShell\7\;C:\Program Files\Microsoft\Web Platform Installer\;C:\Program Files\TortoiseSVN\bin;C:\Program Files\Microsoft SQL Server\Client SDK\ODBC\170\Tools\Binn\;C:\Program Files\Microsoft SQL Server\150\Tools\Binn\;C:\Program Files (x86)\Windows Kits\10\Windows Performance Toolkit\;C:\Program Files (x86)\WiX Toolset v3.14\bin;C:\Program Files\Microsoft SQL Server\130\DTS\Binn\;C:\Program Files\Microsoft SQL Server\140\DTS\Binn\;C:\Program Files\Microsoft SQL Server\150\DTS\Binn\;C:\Program Files\Microsoft SQL Server\160\DTS\Binn\;C:\Program Files\Microsoft SQL Server\170\DTS\Binn\;C:\ProgramData\chocolatey\lib\pulumi\tools\Pulumi\bin;C:\Program Files\CMake\bin;C:\ProgramData\chocolatey\lib\maven\apache-maven-3.9.11\bin;C:\Program Files\Microsoft Service Fabric\bin\Fabric\Fabric.Code;C:\Program Files\Microsoft SDKs\Service Fabric\Tools\ServiceFabricLocalClusterManager;C:\Program Files\nodejs\;C:\Program Files\Git\cmd;C:\Program Files\Git\usr\bin;C:\Program Files\GitHub CLI\;c:\tools\php;C:\Program Files\Amazon\AWSCLIV2\;C:\Program Files\Amazon\SessionManagerPlugin\bin\;C:\Program Files\Amazon\AWSSAMCLI\bin\;C:\Program Files\Microsoft SQL Server\130\Tools\Binn\;C:\Program Files\mongosh\;C:\Program Files\LLVM\bin;C:\Program Files (x86)\LLVM\bin;C:\Users\runneradmin\.dotnet\tools;C:\Users\runneradmin\.cargo\bin;C:\Users\runneradmin\AppData\Local\Microsoft\WindowsApps;
2025-12-04T05:29:57.8557312Z   pythonLocation: C:\hostedtoolcache\windows\Python\3.11.9\x64
2025-12-04T05:29:57.8557722Z   PKG_CONFIG_PATH: C:\hostedtoolcache\windows\Python\3.11.9\x64/lib/pkgconfig
2025-12-04T05:29:57.8558106Z   Python_ROOT_DIR: C:\hostedtoolcache\windows\Python\3.11.9\x64
2025-12-04T05:29:57.8558448Z   Python2_ROOT_DIR: C:\hostedtoolcache\windows\Python\3.11.9\x64
2025-12-04T05:29:57.8558779Z   Python3_ROOT_DIR: C:\hostedtoolcache\windows\Python\3.11.9\x64
2025-12-04T05:29:57.8559047Z ##[endgroup]
2025-12-04T05:29:58.0611085Z ##[group]Downloading msys2 build tools
2025-12-04T05:29:58.0617901Z https://github.com/ruby/setup-msys2-gcc/releases/latest/download/msys2-ucrt64.7z
2025-12-04T05:29:59.1326805Z Took   1.07 seconds
2025-12-04T05:29:59.1328668Z ##[endgroup]
2025-12-04T05:29:59.1329100Z ##[group]Extracting  msys2 build tools
2025-12-04T05:30:09.2196348Z Took  10.09 seconds
2025-12-04T05:30:09.2196878Z ##[endgroup]
2025-12-04T05:30:09.2357125Z ##[group]Setting up ridk environment
2025-12-04T05:30:10.0018055Z ACLOCAL_PATH=/ucrt64/share/aclocal:/usr/share/aclocal
2025-12-04T05:30:10.0025271Z LANG=en_US.UTF-8
2025-12-04T05:30:10.0030472Z MAKE=make
2025-12-04T05:30:10.0032999Z MANPATH=/ucrt64/share/man
2025-12-04T05:30:10.0038436Z MINGW_CHOST=x86_64-w64-mingw32
2025-12-04T05:30:10.0038953Z MINGW_PACKAGE_PREFIX=mingw-w64-ucrt-x86_64
2025-12-04T05:30:10.0042502Z MINGW_PREFIX=/ucrt64
2025-12-04T05:30:10.0045211Z MSYSTEM=UCRT64
2025-12-04T05:30:10.0048047Z MSYSTEM_CARCH=x86_64
2025-12-04T05:30:10.0051764Z MSYSTEM_CHOST=x86_64-w64-mingw32
2025-12-04T05:30:10.0054586Z MSYSTEM_PREFIX=/ucrt64
2025-12-04T05:30:10.0058554Z PKG_CONFIG_PATH=/ucrt64/lib/pkgconfig:/ucrt64/share/pkgconfig
2025-12-04T05:30:10.0061692Z PROMPT=$P$G
2025-12-04T05:30:10.0064665Z RI_DEVKIT=C:\hostedtoolcache\windows\Ruby\3.2.9\x64\msys64
2025-12-04T05:30:10.0069264Z Took   0.77 seconds
2025-12-04T05:30:10.0069877Z ##[endgroup]
2025-12-04T05:30:10.0074722Z ##[group]Modifying Path
2025-12-04T05:30:10.0076058Z Entries removed from Path to avoid conflicts with default Ruby:
2025-12-04T05:30:10.0076674Z   C:\hostedtoolcache\windows\Ruby\3.3.10\x64\bin
2025-12-04T05:30:10.0079747Z Entries added to Path to use selected Ruby:
2025-12-04T05:30:10.0080218Z   C:\hostedtoolcache\windows\Ruby\3.2.9\x64\bin
2025-12-04T05:30:10.0080706Z   C:\hostedtoolcache\windows\Ruby\3.2.9\x64\msys64\ucrt64\bin
2025-12-04T05:30:10.0081219Z   C:\hostedtoolcache\windows\Ruby\3.2.9\x64\msys64\usr\bin
2025-12-04T05:30:10.0085408Z ##[endgroup]
2025-12-04T05:30:10.0085865Z ##[group]Print Ruby version
2025-12-04T05:30:10.0775174Z [command]C:\hostedtoolcache\windows\Ruby\3.2.9\x64\bin\ruby.exe --version
2025-12-04T05:30:10.0925971Z ruby 3.2.9 (2025-07-24 revision 8f611e0c46) [x64-mingw-ucrt]
2025-12-04T05:30:10.0950847Z Took   0.09 seconds
2025-12-04T05:30:10.0951402Z ##[endgroup]
2025-12-04T05:30:10.0954635Z ##[group]Installing Bundler
2025-12-04T05:30:10.0959563Z Installing latest Bundler for ruby-3.2.9 on Windows because bin/bundle does not work in bash otherwise
2025-12-04T05:30:10.1014373Z [command]C:\Windows\system32\cmd.exe /D /S /C "C:\hostedtoolcache\windows\Ruby\3.2.9\x64\bin\gem.cmd install bundler -v "~> 2.0""
2025-12-04T05:30:13.8367581Z Successfully installed bundler-2.7.2
2025-12-04T05:30:13.8367902Z 1 gem installed
2025-12-04T05:30:13.8462514Z Took   3.75 seconds
2025-12-04T05:30:13.8463060Z ##[endgroup]
2025-12-04T05:30:13.8667922Z ##[group]Run vcpkg install libarchive:x64-windows
2025-12-04T05:30:13.8668353Z [36;1mvcpkg install libarchive:x64-windows[0m
2025-12-04T05:30:13.8668647Z [36;1m$root = "C:\vcpkg\installed\x64-windows"[0m
2025-12-04T05:30:13.8668964Z [36;1mecho "LIBARCHIVE_ROOT=$root" >> $env:GITHUB_ENV[0m
2025-12-04T05:30:13.8669288Z [36;1mecho "CMAKE_PREFIX_PATH=$root" >> $env:GITHUB_ENV[0m
2025-12-04T05:30:13.8669625Z [36;1mecho "PATH=$root\bin;$env:PATH" >> $env:GITHUB_ENV[0m
2025-12-04T05:30:13.8669925Z [36;1mecho "LIB=$root\lib;$env:LIB" >> $env:GITHUB_ENV[0m
2025-12-04T05:30:13.8670267Z [36;1mecho "INCLUDE=$root\include;$env:INCLUDE" >> $env:GITHUB_ENV[0m
2025-12-04T05:30:13.8705197Z shell: C:\Program Files\PowerShell\7\pwsh.EXE -command ". '{0}'"
2025-12-04T05:30:13.8705510Z env:
2025-12-04T05:30:13.8712616Z   PATH: C:\Users\runneradmin\AppData\Roaming\Python\Python311\Scripts;C:\hostedtoolcache\windows\Python\3.11.9\x64\Scripts;C:\hostedtoolcache\windows\Python\3.11.9\x64;C:\Program Files\MongoDB\Server\7.0\bin;C:\aliyun-cli;C:\vcpkg;C:\Program Files (x86)\NSIS\;C:\tools\zstd;C:\Program Files\Mercurial\;C:\hostedtoolcache\windows\stack\3.7.1\x64;C:\cabal\bin;C:\\ghcup\bin;C:\Program Files\dotnet;C:\Program Files\MySQL\MySQL Server 8.0\bin;C:\Program Files\R\R-4.5.2\bin\x64;C:\SeleniumWebDrivers\GeckoDriver;C:\SeleniumWebDrivers\EdgeDriver\;C:\SeleniumWebDrivers\ChromeDriver;C:\Program Files (x86)\sbt\bin;C:\Program Files (x86)\GitHub CLI;C:\Program Files\Git\bin;C:\Program Files (x86)\pipx_bin;C:\npm\prefix;C:\hostedtoolcache\windows\go\1.24.10\x64\bin;C:\hostedtoolcache\windows\Python\3.9.13\x64\Scripts;C:\hostedtoolcache\windows\Python\3.9.13\x64;C:\Program Files\OpenSSL\bin;C:\tools\kotlinc\bin;C:\hostedtoolcache\windows\Java_Temurin-Hotspot_jdk\8.0.472-8\x64\bin;C:\Program Files\ImageMagick-7.1.2-Q16-HDRI;C:\Program Files\Microsoft SDKs\Azure\CLI2\wbin;C:\ProgramData\kind;C:\ProgramData\Chocolatey\bin;C:\Windows\system32;C:\Windows;C:\Windows\System32\Wbem;C:\Windows\System32\WindowsPowerShell\v1.0\;C:\Windows\System32\OpenSSH\;C:\Program Files\dotnet\;C:\Program Files\PowerShell\7\;C:\Program Files\Microsoft\Web Platform Installer\;C:\Program Files\TortoiseSVN\bin;C:\Program Files\Microsoft SQL Server\Client SDK\ODBC\170\Tools\Binn\;C:\Program Files\Microsoft SQL Server\150\Tools\Binn\;C:\Program Files (x86)\Windows Kits\10\Windows Performance Toolkit\;C:\Program Files (x86)\WiX Toolset v3.14\bin;C:\Program Files\Microsoft SQL Server\130\DTS\Binn\;C:\Program Files\Microsoft SQL Server\140\DTS\Binn\;C:\Program Files\Microsoft SQL Server\150\DTS\Binn\;C:\Program Files\Microsoft SQL Server\160\DTS\Binn\;C:\Program Files\Microsoft SQL Server\170\DTS\Binn\;C:\ProgramData\chocolatey\lib\pulumi\tools\Pulumi\bin;C:\Program Files\CMake\bin;C:\ProgramData\chocolatey\lib\maven\apache-maven-3.9.11\bin;C:\Program Files\Microsoft Service Fabric\bin\Fabric\Fabric.Code;C:\Program Files\Microsoft SDKs\Service Fabric\Tools\ServiceFabricLocalClusterManager;C:\Program Files\nodejs\;C:\Program Files\Git\cmd;C:\Program Files\Git\usr\bin;C:\Program Files\GitHub CLI\;c:\tools\php;C:\Program Files\Amazon\AWSCLIV2\;C:\Program Files\Amazon\SessionManagerPlugin\bin\;C:\Program Files\Amazon\AWSSAMCLI\bin\;C:\Program Files\Microsoft SQL Server\130\Tools\Binn\;C:\Program Files\mongosh\;C:\Program Files\LLVM\bin;C:\Program Files (x86)\LLVM\bin;C:\Users\runneradmin\.dotnet\tools;C:\Users\runneradmin\.cargo\bin;C:\Users\runneradmin\AppData\Local\Microsoft\WindowsApps;
2025-12-04T05:30:13.8720753Z   pythonLocation: C:\hostedtoolcache\windows\Python\3.11.9\x64
2025-12-04T05:30:13.8721164Z   PKG_CONFIG_PATH: /ucrt64/lib/pkgconfig:/ucrt64/share/pkgconfig
2025-12-04T05:30:13.8721520Z   Python_ROOT_DIR: C:\hostedtoolcache\windows\Python\3.11.9\x64
2025-12-04T05:30:13.8721859Z   Python2_ROOT_DIR: C:\hostedtoolcache\windows\Python\3.11.9\x64
2025-12-04T05:30:13.8722211Z   Python3_ROOT_DIR: C:\hostedtoolcache\windows\Python\3.11.9\x64
2025-12-04T05:30:13.8722479Z   TMPDIR: D:\a\_temp
2025-12-04T05:30:13.8724181Z   HOME: C:\Users\runneradmin
2025-12-04T05:30:13.8724410Z   MSYS2_PATH_TYPE: inherit
2025-12-04T05:30:13.8724651Z   ACLOCAL_PATH: /ucrt64/share/aclocal:/usr/share/aclocal
2025-12-04T05:30:13.8724901Z   LANG: en_US.UTF-8
2025-12-04T05:30:13.8725068Z   MAKE: make
2025-12-04T05:30:13.8725237Z   MANPATH: /ucrt64/share/man
2025-12-04T05:30:13.8725434Z   MINGW_CHOST: x86_64-w64-mingw32
2025-12-04T05:30:13.8725668Z   MINGW_PACKAGE_PREFIX: mingw-w64-ucrt-x86_64
2025-12-04T05:30:13.8725896Z   MINGW_PREFIX: /ucrt64
2025-12-04T05:30:13.8726074Z   MSYSTEM: UCRT64
2025-12-04T05:30:13.8726238Z   MSYSTEM_CARCH: x86_64
2025-12-04T05:30:13.8726424Z   MSYSTEM_CHOST: x86_64-w64-mingw32
2025-12-04T05:30:13.8726827Z   MSYSTEM_PREFIX: /ucrt64
2025-12-04T05:30:13.8727043Z   PROMPT: $P$G
2025-12-04T05:30:13.8727271Z   RI_DEVKIT: C:\hostedtoolcache\windows\Ruby\3.2.9\x64\msys64
2025-12-04T05:30:13.8727537Z ##[endgroup]
2025-12-04T05:30:14.6286629Z Computing installation plan...
2025-12-04T05:30:15.8314078Z The following packages will be built and installed:
2025-12-04T05:30:15.8314596Z   * bzip2[core,tool]:x64-windows@1.0.8#6
2025-12-04T05:30:15.8315022Z     libarchive[bzip2,core,crypto,lz4,lzma,xar,zstd]:x64-windows@3.8.3
2025-12-04T05:30:15.8315436Z   * liblzma:x64-windows@5.8.1
2025-12-04T05:30:15.8315699Z   * lz4:x64-windows@1.10.0
2025-12-04T05:30:15.8315965Z   * openssl:x64-windows@3.6.0#3
2025-12-04T05:30:15.8316277Z   * vcpkg-cmake:x64-windows@2024-04-23
2025-12-04T05:30:15.8316625Z   * vcpkg-cmake-config:x64-windows@2024-05-23
2025-12-04T05:30:15.8317021Z   * vcpkg-cmake-get-vars:x64-windows@2025-05-29
2025-12-04T05:30:15.8317351Z   * zlib:x64-windows@1.3.1
2025-12-04T05:30:15.8317920Z   * zstd:x64-windows@1.5.7
2025-12-04T05:30:15.8318341Z Additional packages (*) will be modified to complete this operation.
2025-12-04T05:30:16.1910380Z Detecting compiler hash for triplet x64-windows...
2025-12-04T05:30:16.3348317Z A suitable version of powershell-core was not found (required v7.5.3).
2025-12-04T05:30:16.3349569Z Downloading https://github.com/PowerShell/PowerShell/releases/download/v7.5.3/PowerShell-7.5.3-win-x64.zip -> PowerShell-7.5.3-win-x64.zip
2025-12-04T05:30:17.0699901Z Successfully downloaded PowerShell-7.5.3-win-x64.zip
2025-12-04T05:30:17.0700270Z Extracting powershell-core...
2025-12-04T05:30:31.4370874Z Compiler found: C:/Program Files/Microsoft Visual Studio/2022/Enterprise/VC/Tools/MSVC/14.44.35207/bin/Hostx64/x64/cl.exe
2025-12-04T05:30:31.5221381Z Restored 0 package(s) from C:\Users\runneradmin\AppData\Local\vcpkg\archives in 151 us. Use --debug to see more details.
2025-12-04T05:30:31.5221964Z Installing 1/10 vcpkg-cmake:x64-windows@2024-04-23...
2025-12-04T05:30:31.5222317Z Building vcpkg-cmake:x64-windows@2024-04-23...
2025-12-04T05:30:31.5545511Z -- Installing: C:/vcpkg/packages/vcpkg-cmake_x64-windows/share/vcpkg-cmake/vcpkg_cmake_configure.cmake
2025-12-04T05:30:31.5554397Z -- Installing: C:/vcpkg/packages/vcpkg-cmake_x64-windows/share/vcpkg-cmake/vcpkg_cmake_build.cmake
2025-12-04T05:30:31.5561931Z -- Installing: C:/vcpkg/packages/vcpkg-cmake_x64-windows/share/vcpkg-cmake/vcpkg_cmake_install.cmake
2025-12-04T05:30:31.5589520Z -- Installing: C:/vcpkg/packages/vcpkg-cmake_x64-windows/share/vcpkg-cmake/vcpkg-port-config.cmake
2025-12-04T05:30:31.5599984Z -- Installing: C:/vcpkg/packages/vcpkg-cmake_x64-windows/share/vcpkg-cmake/copyright
2025-12-04T05:30:31.5709937Z -- Performing post-build validation
2025-12-04T05:30:31.5842883Z Starting submission of vcpkg-cmake:x64-windows@2024-04-23 to 1 binary cache(s) in the background
2025-12-04T05:30:31.5843413Z Elapsed time to handle vcpkg-cmake:x64-windows: 62.2 ms
2025-12-04T05:30:31.5843957Z vcpkg-cmake:x64-windows package ABI: 3c1ea5cf81cf6d553d6977ff2afaae6f8ba1c9b6a443f65a7cfd29bd0ab38c6e
2025-12-04T05:30:31.5844450Z Installing 2/10 bzip2[core,tool]:x64-windows@1.0.8#6...
2025-12-04T05:30:31.5844745Z Building bzip2[core,tool]:x64-windows@1.0.8#6...
2025-12-04T05:30:31.6307090Z Downloading bzip2-1.0.8.tar.gz, trying https://sourceware.org/pub/bzip2/bzip2-1.0.8.tar.gz
2025-12-04T05:30:31.7967209Z Successfully downloaded bzip2-1.0.8.tar.gz
2025-12-04T05:30:31.8121155Z -- Extracting source C:/vcpkg/downloads/bzip2-1.0.8.tar.gz
2025-12-04T05:30:31.9859909Z -- Applying patch fix-import-export-macros.patch
2025-12-04T05:30:32.0733128Z -- Using source at C:/vcpkg/buildtrees/bzip2/src/bzip2-1-336d4794a3.clean
2025-12-04T05:30:32.0818636Z -- Configuring x64-windows
2025-12-04T05:30:34.4093079Z -- Building x64-windows-dbg
2025-12-04T05:30:35.5514375Z -- Building x64-windows-rel
2025-12-04T05:30:39.6156724Z -- Fixing pkgconfig file: C:/vcpkg/packages/bzip2_x64-windows/lib/pkgconfig/bzip2.pc
2025-12-04T05:30:39.6352457Z Downloading msys2-mingw-w64-x86_64-pkgconf-1~2.4.3-1-any.pkg.tar.zst, trying https://mirror.msys2.org/mingw/mingw64/mingw-w64-x86_64-pkgconf-1~2.4.3-1-any.pkg.tar.zst
2025-12-04T05:30:40.6943957Z Successfully downloaded msys2-mingw-w64-x86_64-pkgconf-1~2.4.3-1-any.pkg.tar.zst
2025-12-04T05:30:40.7142843Z Downloading msys2-msys2-runtime-3.6.2-2-x86_64.pkg.tar.zst, trying https://mirror.msys2.org/msys/x86_64/msys2-runtime-3.6.2-2-x86_64.pkg.tar.zst
2025-12-04T05:30:43.5159698Z Successfully downloaded msys2-msys2-runtime-3.6.2-2-x86_64.pkg.tar.zst
2025-12-04T05:30:43.6844782Z -- Using msys root at C:/vcpkg/downloads/tools/msys2/9272adbcaf19caef
2025-12-04T05:30:43.7073260Z -- Fixing pkgconfig file: C:/vcpkg/packages/bzip2_x64-windows/debug/lib/pkgconfig/bzip2.pc
2025-12-04T05:30:43.7180892Z -- Installing: C:/vcpkg/packages/bzip2_x64-windows/share/bzip2/copyright
2025-12-04T05:30:43.7248818Z -- Performing post-build validation
2025-12-04T05:30:43.7474111Z Starting submission of bzip2[core,tool]:x64-windows@1.0.8#6 to 1 binary cache(s) in the background
2025-12-04T05:30:43.7475106Z Elapsed time to handle bzip2:x64-windows: 12 s
2025-12-04T05:30:43.7475729Z bzip2:x64-windows package ABI: 53eb6748026bec2020580355752dce6f5a29eb02e35645167d7e9a0b055ff595
2025-12-04T05:30:43.7476485Z Completed submission of vcpkg-cmake:x64-windows@2024-04-23 to 1 binary cache(s) in 57.2 ms
2025-12-04T05:30:43.7477081Z Installing 3/10 vcpkg-cmake-config:x64-windows@2024-05-23...
2025-12-04T05:30:43.7477573Z Building vcpkg-cmake-config:x64-windows@2024-05-23...
2025-12-04T05:30:43.7846124Z -- Installing: C:/vcpkg/packages/vcpkg-cmake-config_x64-windows/share/vcpkg-cmake-config/vcpkg_cmake_config_fixup.cmake
2025-12-04T05:30:43.7857837Z -- Installing: C:/vcpkg/packages/vcpkg-cmake-config_x64-windows/share/vcpkg-cmake-config/vcpkg-port-config.cmake
2025-12-04T05:30:43.7865540Z -- Installing: C:/vcpkg/packages/vcpkg-cmake-config_x64-windows/share/vcpkg-cmake-config/copyright
2025-12-04T05:30:43.8108865Z -- Skipping post-build validation due to VCPKG_POLICY_EMPTY_PACKAGE
2025-12-04T05:30:43.8217030Z Starting submission of vcpkg-cmake-config:x64-windows@2024-05-23 to 1 binary cache(s) in the background
2025-12-04T05:30:43.8217907Z Elapsed time to handle vcpkg-cmake-config:x64-windows: 74.3 ms
2025-12-04T05:30:43.8218788Z vcpkg-cmake-config:x64-windows package ABI: e909097a9690126ac1da078c5008f8eef10b09a9e5e05f52696b67ffaa3ffdd9
2025-12-04T05:30:43.8219607Z Installing 4/10 liblzma:x64-windows@5.8.1...
2025-12-04T05:30:43.8220020Z Building liblzma:x64-windows@5.8.1...
2025-12-04T05:30:43.8684470Z Downloading https://github.com/tukaani-project/xz/archive/v5.8.1.tar.gz -> tukaani-project-xz-v5.8.1.tar.gz
2025-12-04T05:30:44.1327910Z Successfully downloaded tukaani-project-xz-v5.8.1.tar.gz
2025-12-04T05:30:44.1526853Z -- Extracting source C:/vcpkg/downloads/tukaani-project-xz-v5.8.1.tar.gz
2025-12-04T05:30:44.9490379Z -- Applying patch build-tools.patch
2025-12-04T05:30:44.9736846Z -- Using source at C:/vcpkg/buildtrees/liblzma/src/v5.8.1-7ed4ee158b.clean
2025-12-04T05:30:44.9808741Z -- Configuring x64-windows
2025-12-04T05:30:52.6599019Z -- Building x64-windows-dbg
2025-12-04T05:31:00.3845616Z -- Building x64-windows-rel
2025-12-04T05:31:08.6394092Z -- Fixing pkgconfig file: C:/vcpkg/packages/liblzma_x64-windows/lib/pkgconfig/liblzma.pc
2025-12-04T05:31:08.6497064Z -- Using cached msys2-mingw-w64-x86_64-pkgconf-1~2.4.3-1-any.pkg.tar.zst
2025-12-04T05:31:08.6575963Z -- Using cached msys2-msys2-runtime-3.6.2-2-x86_64.pkg.tar.zst
2025-12-04T05:31:08.6580658Z -- Using msys root at C:/vcpkg/downloads/tools/msys2/9272adbcaf19caef
2025-12-04T05:31:08.6656958Z -- Fixing pkgconfig file: C:/vcpkg/packages/liblzma_x64-windows/debug/lib/pkgconfig/liblzma.pc
2025-12-04T05:31:08.6960033Z -- Installing: C:/vcpkg/packages/liblzma_x64-windows/share/liblzma/copyright
2025-12-04T05:31:08.7046837Z -- Performing post-build validation
2025-12-04T05:31:08.7463420Z Starting submission of liblzma:x64-windows@5.8.1 to 1 binary cache(s) in the background
2025-12-04T05:31:08.7464047Z Elapsed time to handle liblzma:x64-windows: 25 s
2025-12-04T05:31:08.7464637Z liblzma:x64-windows package ABI: c9cf4767529027316c3d42ae778b5445839240ed20a7137dc81c88e3185b3e3c
2025-12-04T05:31:08.7465378Z Completed submission of bzip2[core,tool]:x64-windows@1.0.8#6 to 1 binary cache(s) in 130 ms
2025-12-04T05:31:08.7466098Z Completed submission of vcpkg-cmake-config:x64-windows@2024-05-23 to 1 binary cache(s) in 47.7 ms
2025-12-04T05:31:08.7466654Z Installing 5/10 lz4:x64-windows@1.10.0...
2025-12-04T05:31:08.7466990Z Building lz4:x64-windows@1.10.0...
2025-12-04T05:31:08.8422656Z Downloading https://github.com/lz4/lz4/archive/v1.10.0.tar.gz -> lz4-lz4-v1.10.0.tar.gz
2025-12-04T05:31:08.9850504Z Successfully downloaded lz4-lz4-v1.10.0.tar.gz
2025-12-04T05:31:08.9972826Z -- Extracting source C:/vcpkg/downloads/lz4-lz4-v1.10.0.tar.gz
2025-12-04T05:31:09.3900614Z -- Applying patch target-lz4-lz4.diff
2025-12-04T05:31:09.4349352Z -- Using source at C:/vcpkg/buildtrees/lz4/src/v1.10.0-61bd08d80e.clean
2025-12-04T05:31:09.4408217Z -- Configuring x64-windows
2025-12-04T05:31:10.3386749Z -- Building x64-windows-dbg
2025-12-04T05:31:11.0549392Z -- Building x64-windows-rel
2025-12-04T05:31:14.8944003Z -- Fixing pkgconfig file: C:/vcpkg/packages/lz4_x64-windows/lib/pkgconfig/liblz4.pc
2025-12-04T05:31:14.9046572Z -- Using cached msys2-mingw-w64-x86_64-pkgconf-1~2.4.3-1-any.pkg.tar.zst
2025-12-04T05:31:14.9126819Z -- Using cached msys2-msys2-runtime-3.6.2-2-x86_64.pkg.tar.zst
2025-12-04T05:31:14.9146314Z -- Using msys root at C:/vcpkg/downloads/tools/msys2/9272adbcaf19caef
2025-12-04T05:31:14.9208366Z -- Fixing pkgconfig file: C:/vcpkg/packages/lz4_x64-windows/debug/lib/pkgconfig/liblz4.pc
2025-12-04T05:31:14.9299151Z -- Installing: C:/vcpkg/packages/lz4_x64-windows/share/lz4/usage
2025-12-04T05:31:14.9307853Z -- Installing: C:/vcpkg/packages/lz4_x64-windows/share/lz4/copyright
2025-12-04T05:31:14.9397236Z -- Performing post-build validation
2025-12-04T05:31:14.9623883Z Starting submission of lz4:x64-windows@1.10.0 to 1 binary cache(s) in the background
2025-12-04T05:31:14.9624531Z Elapsed time to handle lz4:x64-windows: 6.2 s
2025-12-04T05:31:14.9625142Z lz4:x64-windows package ABI: de408635486a3ff91a7997c2d45420eb4c9598214437622e0ddeaac3199387ab
2025-12-04T05:31:14.9625868Z Completed submission of liblzma:x64-windows@5.8.1 to 1 binary cache(s) in 245 ms
2025-12-04T05:31:14.9626443Z Installing 6/10 vcpkg-cmake-get-vars:x64-windows@2025-05-29...
2025-12-04T05:31:14.9627178Z Building vcpkg-cmake-get-vars:x64-windows@2025-05-29...
2025-12-04T05:31:15.0005773Z -- Installing: C:/vcpkg/packages/vcpkg-cmake-get-vars_x64-windows/share/vcpkg-cmake-get-vars/vcpkg_cmake_get_vars.cmake
2025-12-04T05:31:15.0015219Z -- Installing: C:/vcpkg/packages/vcpkg-cmake-get-vars_x64-windows/share/vcpkg-cmake-get-vars/cmake_get_vars
2025-12-04T05:31:15.0023174Z -- Installing: C:/vcpkg/packages/vcpkg-cmake-get-vars_x64-windows/share/vcpkg-cmake-get-vars/cmake_get_vars/CMakeLists.txt
2025-12-04T05:31:15.0032826Z -- Installing: C:/vcpkg/packages/vcpkg-cmake-get-vars_x64-windows/share/vcpkg-cmake-get-vars/cmake-get-vars.cmake.in
2025-12-04T05:31:15.0235695Z -- Installing: C:/vcpkg/packages/vcpkg-cmake-get-vars_x64-windows/share/vcpkg-cmake-get-vars/vcpkg-port-config.cmake
2025-12-04T05:31:15.0307773Z -- Installing: C:/vcpkg/packages/vcpkg-cmake-get-vars_x64-windows/share/vcpkg-cmake-get-vars/copyright
2025-12-04T05:31:15.0434873Z -- Performing post-build validation
2025-12-04T05:31:15.0665683Z Starting submission of vcpkg-cmake-get-vars:x64-windows@2025-05-29 to 1 binary cache(s) in the background
2025-12-04T05:31:15.0666626Z Elapsed time to handle vcpkg-cmake-get-vars:x64-windows: 104 ms
2025-12-04T05:31:15.0667530Z vcpkg-cmake-get-vars:x64-windows package ABI: d29d144593131f6fbed9605172563aa8ad209f5bd2f5fa05c45d6e57e82aab61
2025-12-04T05:31:15.0668332Z Installing 7/10 openssl:x64-windows@3.6.0#3...
2025-12-04T05:31:15.0668761Z Building openssl:x64-windows@3.6.0#3...
2025-12-04T05:31:15.1187521Z Downloading https://github.com/openssl/openssl/archive/openssl-3.6.0.tar.gz -> openssl-openssl-openssl-3.6.0.tar.gz
2025-12-04T05:31:15.6026941Z Successfully downloaded openssl-openssl-openssl-3.6.0.tar.gz
2025-12-04T05:31:15.8564636Z -- Extracting source C:/vcpkg/downloads/openssl-openssl-openssl-3.6.0.tar.gz
2025-12-04T05:31:21.7399397Z -- Applying patch cmake-config.patch
2025-12-04T05:31:21.7639968Z -- Applying patch command-line-length.patch
2025-12-04T05:31:21.7870710Z -- Applying patch script-prefix.patch
2025-12-04T05:31:21.8095092Z -- Applying patch aes_cfb128_vaes_encdec_wrapper.diff
2025-12-04T05:31:21.8323806Z -- Applying patch windows/install-layout.patch
2025-12-04T05:31:21.8549175Z -- Applying patch windows/install-pdbs.patch
2025-12-04T05:31:21.8779989Z -- Applying patch windows/install-programs.diff
2025-12-04T05:31:21.9026097Z -- Applying patch unix/android-cc.patch
2025-12-04T05:31:21.9255487Z -- Applying patch unix/move-openssldir.patch
2025-12-04T05:31:21.9481959Z -- Applying patch unix/no-empty-dirs.patch
2025-12-04T05:31:21.9764563Z -- Applying patch unix/no-static-libs-for-shared.patch
2025-12-04T05:31:22.0054140Z -- Using source at C:/vcpkg/buildtrees/openssl/src/nssl-3.6.0-a2eab2a5bb.clean
2025-12-04T05:31:22.0113831Z -- Getting CMake variables for x64-windows
2025-12-04T05:31:24.5305777Z -- Loading CMake variables from C:/vcpkg/buildtrees/openssl/cmake-get-vars_C_CXX-x64-windows.cmake.log
2025-12-04T05:31:24.5491196Z Downloading https://github.com/StrawberryPerl/Perl-Dist-Strawberry/releases/download/SP_54201_64bit/strawberry-perl-5.42.0.1-64bit-portable.zip -> strawberry-perl-5.42.0.1-64bit-portable.zip
2025-12-04T05:31:26.0735358Z Successfully downloaded strawberry-perl-5.42.0.1-64bit-portable.zip
2025-12-04T05:31:49.7714801Z Downloading nasm-2.16.03-win64.zip, trying https://www.nasm.us/pub/nasm/releasebuilds/2.16.03/win64/nasm-2.16.03-win64.zip
2025-12-04T05:31:50.5245154Z Successfully downloaded nasm-2.16.03-win64.zip
2025-12-04T05:31:50.9382843Z -- Getting CMake variables for x64-windows
2025-12-04T05:31:52.5311270Z Downloading jom_1_1_4.zip, trying https://download.qt.io/official_releases/jom/jom_1_1_4.zip
2025-12-04T05:31:53.1506400Z Successfully downloaded jom_1_1_4.zip
2025-12-04T05:32:01.0670887Z -- Prerunning x64-windows-dbg
2025-12-04T05:32:06.3179102Z ##[error]The operation was canceled.
2025-12-04T05:32:06.3954525Z ##[group]Run actions/upload-artifact@v4
2025-12-04T05:32:06.3954933Z with:
2025-12-04T05:32:06.3955214Z   name: archive-r-pf5-e5274f00d4854688a17910241bc2769805322506
2025-12-04T05:32:06.3955758Z   path: build/bindings/python/dist/*.whl
build/bindings/ruby/*.gem
build/logs/**/*.log

2025-12-04T05:32:06.3956179Z   if-no-files-found: ignore
2025-12-04T05:32:06.3956444Z   retention-days: 7
2025-12-04T05:32:06.3956678Z   compression-level: 6
2025-12-04T05:32:06.3956904Z   overwrite: false
2025-12-04T05:32:06.3957138Z   include-hidden-files: false
2025-12-04T05:32:06.3957336Z env:
2025-12-04T05:32:06.3964488Z   PATH: C:\Users\runneradmin\AppData\Roaming\Python\Python311\Scripts;C:\hostedtoolcache\windows\Python\3.11.9\x64\Scripts;C:\hostedtoolcache\windows\Python\3.11.9\x64;C:\Program Files\MongoDB\Server\7.0\bin;C:\aliyun-cli;C:\vcpkg;C:\Program Files (x86)\NSIS\;C:\tools\zstd;C:\Program Files\Mercurial\;C:\hostedtoolcache\windows\stack\3.7.1\x64;C:\cabal\bin;C:\\ghcup\bin;C:\Program Files\dotnet;C:\Program Files\MySQL\MySQL Server 8.0\bin;C:\Program Files\R\R-4.5.2\bin\x64;C:\SeleniumWebDrivers\GeckoDriver;C:\SeleniumWebDrivers\EdgeDriver\;C:\SeleniumWebDrivers\ChromeDriver;C:\Program Files (x86)\sbt\bin;C:\Program Files (x86)\GitHub CLI;C:\Program Files\Git\bin;C:\Program Files (x86)\pipx_bin;C:\npm\prefix;C:\hostedtoolcache\windows\go\1.24.10\x64\bin;C:\hostedtoolcache\windows\Python\3.9.13\x64\Scripts;C:\hostedtoolcache\windows\Python\3.9.13\x64;C:\Program Files\OpenSSL\bin;C:\tools\kotlinc\bin;C:\hostedtoolcache\windows\Java_Temurin-Hotspot_jdk\8.0.472-8\x64\bin;C:\Program Files\ImageMagick-7.1.2-Q16-HDRI;C:\Program Files\Microsoft SDKs\Azure\CLI2\wbin;C:\ProgramData\kind;C:\ProgramData\Chocolatey\bin;C:\Windows\system32;C:\Windows;C:\Windows\System32\Wbem;C:\Windows\System32\WindowsPowerShell\v1.0\;C:\Windows\System32\OpenSSH\;C:\Program Files\dotnet\;C:\Program Files\PowerShell\7\;C:\Program Files\Microsoft\Web Platform Installer\;C:\Program Files\TortoiseSVN\bin;C:\Program Files\Microsoft SQL Server\Client SDK\ODBC\170\Tools\Binn\;C:\Program Files\Microsoft SQL Server\150\Tools\Binn\;C:\Program Files (x86)\Windows Kits\10\Windows Performance Toolkit\;C:\Program Files (x86)\WiX Toolset v3.14\bin;C:\Program Files\Microsoft SQL Server\130\DTS\Binn\;C:\Program Files\Microsoft SQL Server\140\DTS\Binn\;C:\Program Files\Microsoft SQL Server\150\DTS\Binn\;C:\Program Files\Microsoft SQL Server\160\DTS\Binn\;C:\Program Files\Microsoft SQL Server\170\DTS\Binn\;C:\ProgramData\chocolatey\lib\pulumi\tools\Pulumi\bin;C:\Program Files\CMake\bin;C:\ProgramData\chocolatey\lib\maven\apache-maven-3.9.11\bin;C:\Program Files\Microsoft Service Fabric\bin\Fabric\Fabric.Code;C:\Program Files\Microsoft SDKs\Service Fabric\Tools\ServiceFabricLocalClusterManager;C:\Program Files\nodejs\;C:\Program Files\Git\cmd;C:\Program Files\Git\usr\bin;C:\Program Files\GitHub CLI\;c:\tools\php;C:\Program Files\Amazon\AWSCLIV2\;C:\Program Files\Amazon\SessionManagerPlugin\bin\;C:\Program Files\Amazon\AWSSAMCLI\bin\;C:\Program Files\Microsoft SQL Server\130\Tools\Binn\;C:\Program Files\mongosh\;C:\Program Files\LLVM\bin;C:\Program Files (x86)\LLVM\bin;C:\Users\runneradmin\.dotnet\tools;C:\Users\runneradmin\.cargo\bin;C:\Users\runneradmin\AppData\Local\Microsoft\WindowsApps;
2025-12-04T05:32:06.3972305Z   pythonLocation: C:\hostedtoolcache\windows\Python\3.11.9\x64
2025-12-04T05:32:06.3972988Z   PKG_CONFIG_PATH: /ucrt64/lib/pkgconfig:/ucrt64/share/pkgconfig
2025-12-04T05:32:06.3973551Z   Python_ROOT_DIR: C:\hostedtoolcache\windows\Python\3.11.9\x64
2025-12-04T05:32:06.3974055Z   Python2_ROOT_DIR: C:\hostedtoolcache\windows\Python\3.11.9\x64
2025-12-04T05:32:06.3974454Z   Python3_ROOT_DIR: C:\hostedtoolcache\windows\Python\3.11.9\x64
2025-12-04T05:32:06.3974766Z   TMPDIR: D:\a\_temp
2025-12-04T05:32:06.3975008Z   HOME: C:\Users\runneradmin
2025-12-04T05:32:06.3975229Z   MSYS2_PATH_TYPE: inherit
2025-12-04T05:32:06.3975498Z   ACLOCAL_PATH: /ucrt64/share/aclocal:/usr/share/aclocal
2025-12-04T05:32:06.3977319Z   LANG: en_US.UTF-8
2025-12-04T05:32:06.3977543Z   MAKE: make
2025-12-04T05:32:06.3977765Z   MANPATH: /ucrt64/share/man
2025-12-04T05:32:06.3978004Z   MINGW_CHOST: x86_64-w64-mingw32
2025-12-04T05:32:06.3978286Z   MINGW_PACKAGE_PREFIX: mingw-w64-ucrt-x86_64
2025-12-04T05:32:06.3978566Z   MINGW_PREFIX: /ucrt64
2025-12-04T05:32:06.3978802Z   MSYSTEM: UCRT64
2025-12-04T05:32:06.3978982Z   MSYSTEM_CARCH: x86_64
2025-12-04T05:32:06.3979229Z   MSYSTEM_CHOST: x86_64-w64-mingw32
2025-12-04T05:32:06.3979471Z   MSYSTEM_PREFIX: /ucrt64
2025-12-04T05:32:06.3979716Z   PROMPT: $P$G
2025-12-04T05:32:06.3979984Z   RI_DEVKIT: C:\hostedtoolcache\windows\Ruby\3.2.9\x64\msys64
2025-12-04T05:32:06.3980293Z ##[endgroup]
2025-12-04T05:32:06.7185812Z Multiple search paths detected. Calculating the least common ancestor of all paths
2025-12-04T05:32:06.7192222Z The least common ancestor is D:\a\archive_r\archive_r\build. This will be the root directory of the artifact
2025-12-04T05:32:06.7194202Z No files were found with the provided path: build/bindings/python/dist/*.whl
2025-12-04T05:32:06.7194580Z build/bindings/ruby/*.gem
2025-12-04T05:32:06.7194835Z build/logs/**/*.log. No artifacts will be uploaded.
2025-12-04T05:32:06.8083667Z Post job cleanup.
2025-12-04T05:32:07.0900084Z [command]"C:\Program Files\Git\bin\git.exe" version
2025-12-04T05:32:07.1134461Z git version 2.52.0.windows.1
2025-12-04T05:32:07.1203243Z Temporarily overriding HOME='D:\a\_temp\a665c662-d58c-465f-bb11-92a497895a11' before making global git config changes
2025-12-04T05:32:07.1203873Z Adding repository directory to the temporary git global config as a safe directory
2025-12-04T05:32:07.1215267Z [command]"C:\Program Files\Git\bin\git.exe" config --global --add safe.directory D:\a\archive_r\archive_r
2025-12-04T05:32:07.1481545Z [command]"C:\Program Files\Git\bin\git.exe" config --local --name-only --get-regexp core\.sshCommand
2025-12-04T05:32:07.1745935Z [command]"C:\Program Files\Git\bin\git.exe" submodule foreach --recursive "sh -c \"git config --local --name-only --get-regexp 'core\.sshCommand' && git config --local --unset-all 'core.sshCommand' || :\""
2025-12-04T05:32:07.8000442Z [command]"C:\Program Files\Git\bin\git.exe" config --local --name-only --get-regexp http\.https\:\/\/github\.com\/\.extraheader
2025-12-04T05:32:07.8208887Z http.https://github.com/.extraheader
2025-12-04T05:32:07.8246748Z [command]"C:\Program Files\Git\bin\git.exe" config --local --unset-all http.https://github.com/.extraheader
2025-12-04T05:32:07.8495137Z [command]"C:\Program Files\Git\bin\git.exe" submodule foreach --recursive "sh -c \"git config --local --name-only --get-regexp 'http\.https\:\/\/github\.com\/\.extraheader' && git config --local --unset-all 'http.https://github.com/.extraheader' || :\""
2025-12-04T05:32:08.3286473Z [command]"C:\Program Files\Git\bin\git.exe" config --local --name-only --get-regexp ^includeIf\.gitdir:
2025-12-04T05:32:08.3532890Z [command]"C:\Program Files\Git\bin\git.exe" submodule foreach --recursive "git config --local --show-origin --name-only --get-regexp remote.origin.url"
2025-12-04T05:32:08.8519032Z Cleaning up orphan processes
