PF5 Windows Container Build & Test	Set up job	ï»¿2025-12-04T01:11:48.9369162Z Current runner version: '2.329.0'
PF5 Windows Container Build & Test	Set up job	2025-12-04T01:11:48.9439497Z ##[group]Runner Image Provisioner
PF5 Windows Container Build & Test	Set up job	2025-12-04T01:11:48.9440744Z Hosted Compute Agent
PF5 Windows Container Build & Test	Set up job	2025-12-04T01:11:48.9441550Z Version: 20251124.448
PF5 Windows Container Build & Test	Set up job	2025-12-04T01:11:48.9442487Z Commit: fda5086b43ec66ade217e5fcd18146c879571177
PF5 Windows Container Build & Test	Set up job	2025-12-04T01:11:48.9443653Z Build Date: 2025-11-24T21:16:26Z
PF5 Windows Container Build & Test	Set up job	2025-12-04T01:11:48.9444515Z ##[endgroup]
PF5 Windows Container Build & Test	Set up job	2025-12-04T01:11:48.9445237Z ##[group]Operating System
PF5 Windows Container Build & Test	Set up job	2025-12-04T01:11:48.9446114Z Microsoft Windows Server 2022
PF5 Windows Container Build & Test	Set up job	2025-12-04T01:11:48.9446937Z 10.0.20348
PF5 Windows Container Build & Test	Set up job	2025-12-04T01:11:48.9447584Z Datacenter
PF5 Windows Container Build & Test	Set up job	2025-12-04T01:11:48.9448238Z ##[endgroup]
PF5 Windows Container Build & Test	Set up job	2025-12-04T01:11:48.9448922Z ##[group]Runner Image
PF5 Windows Container Build & Test	Set up job	2025-12-04T01:11:48.9449709Z Image: windows-2022
PF5 Windows Container Build & Test	Set up job	2025-12-04T01:11:48.9450488Z Version: 20251125.125.1
PF5 Windows Container Build & Test	Set up job	2025-12-04T01:11:48.9452254Z Included Software: https://github.com/actions/runner-images/blob/win22/20251125.125/images/windows/Windows2022-Readme.md
PF5 Windows Container Build & Test	Set up job	2025-12-04T01:11:48.9454710Z Image Release: https://github.com/actions/runner-images/releases/tag/win22%2F20251125.125
PF5 Windows Container Build & Test	Set up job	2025-12-04T01:11:48.9457269Z ##[endgroup]
PF5 Windows Container Build & Test	Set up job	2025-12-04T01:11:48.9459130Z ##[group]GITHUB_TOKEN Permissions
PF5 Windows Container Build & Test	Set up job	2025-12-04T01:11:48.9461416Z Contents: read
PF5 Windows Container Build & Test	Set up job	2025-12-04T01:11:48.9462131Z Metadata: read
PF5 Windows Container Build & Test	Set up job	2025-12-04T01:11:48.9462869Z Packages: read
PF5 Windows Container Build & Test	Set up job	2025-12-04T01:11:48.9463551Z ##[endgroup]
PF5 Windows Container Build & Test	Set up job	2025-12-04T01:11:48.9466226Z Secret source: Actions
PF5 Windows Container Build & Test	Set up job	2025-12-04T01:11:48.9467253Z Prepare workflow directory
PF5 Windows Container Build & Test	Set up job	2025-12-04T01:11:48.9810001Z Prepare all required actions
PF5 Windows Container Build & Test	Set up job	2025-12-04T01:11:48.9847230Z Getting action download info
PF5 Windows Container Build & Test	Set up job	2025-12-04T01:11:49.2836938Z Download action repository 'actions/checkout@v4' (SHA:34e114876b0b11c390a56381ad16ebd13914f8d5)
PF5 Windows Container Build & Test	Set up job	2025-12-04T01:11:49.8406904Z Download action repository 'actions/upload-artifact@v4' (SHA:ea165f8d65b6e75b540449e92b4886f43607fa02)
PF5 Windows Container Build & Test	Set up job	2025-12-04T01:11:50.1474660Z Complete job name: PF5 Windows Container Build & Test
PF5 Windows Container Build & Test	Checkout repository	ï»¿2025-12-04T01:11:50.2924131Z ##[group]Run actions/checkout@v4
PF5 Windows Container Build & Test	Checkout repository	2025-12-04T01:11:50.2925119Z with:
PF5 Windows Container Build & Test	Checkout repository	2025-12-04T01:11:50.2925492Z   repository: Raizo-TCS/archive_r
PF5 Windows Container Build & Test	Checkout repository	2025-12-04T01:11:50.2926131Z   token: ***
PF5 Windows Container Build & Test	Checkout repository	2025-12-04T01:11:50.2926484Z   ssh-strict: true
PF5 Windows Container Build & Test	Checkout repository	2025-12-04T01:11:50.2926848Z   ssh-user: git
PF5 Windows Container Build & Test	Checkout repository	2025-12-04T01:11:50.2927223Z   persist-credentials: true
PF5 Windows Container Build & Test	Checkout repository	2025-12-04T01:11:50.2927642Z   clean: true
PF5 Windows Container Build & Test	Checkout repository	2025-12-04T01:11:50.2928019Z   sparse-checkout-cone-mode: true
PF5 Windows Container Build & Test	Checkout repository	2025-12-04T01:11:50.2928467Z   fetch-depth: 1
PF5 Windows Container Build & Test	Checkout repository	2025-12-04T01:11:50.2928825Z   fetch-tags: false
PF5 Windows Container Build & Test	Checkout repository	2025-12-04T01:11:50.2929199Z   show-progress: true
PF5 Windows Container Build & Test	Checkout repository	2025-12-04T01:11:50.2929574Z   lfs: false
PF5 Windows Container Build & Test	Checkout repository	2025-12-04T01:11:50.2929922Z   submodules: false
PF5 Windows Container Build & Test	Checkout repository	2025-12-04T01:11:50.2930302Z   set-safe-directory: true
PF5 Windows Container Build & Test	Checkout repository	2025-12-04T01:11:50.2930893Z ##[endgroup]
PF5 Windows Container Build & Test	Checkout repository	2025-12-04T01:11:50.4539818Z Syncing repository: Raizo-TCS/archive_r
PF5 Windows Container Build & Test	Checkout repository	2025-12-04T01:11:50.4541489Z ##[group]Getting Git version info
PF5 Windows Container Build & Test	Checkout repository	2025-12-04T01:11:50.4542065Z Working directory is 'D:\a\archive_r\archive_r'
PF5 Windows Container Build & Test	Checkout repository	2025-12-04T01:11:50.5579224Z [command]"C:\Program Files\Git\bin\git.exe" version
PF5 Windows Container Build & Test	Checkout repository	2025-12-04T01:11:50.9088678Z git version 2.52.0.windows.1
PF5 Windows Container Build & Test	Checkout repository	2025-12-04T01:11:50.9141974Z ##[endgroup]
PF5 Windows Container Build & Test	Checkout repository	2025-12-04T01:11:50.9165312Z Temporarily overriding HOME='D:\a\_temp\a819fc3e-2064-4732-8d69-4d8347bb10db' before making global git config changes
PF5 Windows Container Build & Test	Checkout repository	2025-12-04T01:11:50.9169478Z Adding repository directory to the temporary git global config as a safe directory
PF5 Windows Container Build & Test	Checkout repository	2025-12-04T01:11:50.9179373Z [command]"C:\Program Files\Git\bin\git.exe" config --global --add safe.directory D:\a\archive_r\archive_r
PF5 Windows Container Build & Test	Checkout repository	2025-12-04T01:11:50.9778416Z Deleting the contents of 'D:\a\archive_r\archive_r'
PF5 Windows Container Build & Test	Checkout repository	2025-12-04T01:11:50.9786074Z ##[group]Initializing the repository
PF5 Windows Container Build & Test	Checkout repository	2025-12-04T01:11:50.9801109Z [command]"C:\Program Files\Git\bin\git.exe" init D:\a\archive_r\archive_r
PF5 Windows Container Build & Test	Checkout repository	2025-12-04T01:11:51.0714068Z Initialized empty Git repository in D:/a/archive_r/archive_r/.git/
PF5 Windows Container Build & Test	Checkout repository	2025-12-04T01:11:51.0752592Z [command]"C:\Program Files\Git\bin\git.exe" remote add origin https://github.com/Raizo-TCS/archive_r
PF5 Windows Container Build & Test	Checkout repository	2025-12-04T01:11:51.1242695Z ##[endgroup]
PF5 Windows Container Build & Test	Checkout repository	2025-12-04T01:11:51.1244080Z ##[group]Disabling automatic garbage collection
PF5 Windows Container Build & Test	Checkout repository	2025-12-04T01:11:51.1251481Z [command]"C:\Program Files\Git\bin\git.exe" config --local gc.auto 0
PF5 Windows Container Build & Test	Checkout repository	2025-12-04T01:11:51.1509390Z ##[endgroup]
PF5 Windows Container Build & Test	Checkout repository	2025-12-04T01:11:51.1510820Z ##[group]Setting up auth
PF5 Windows Container Build & Test	Checkout repository	2025-12-04T01:11:51.1523204Z [command]"C:\Program Files\Git\bin\git.exe" config --local --name-only --get-regexp core\.sshCommand
PF5 Windows Container Build & Test	Checkout repository	2025-12-04T01:11:51.1753827Z [command]"C:\Program Files\Git\bin\git.exe" submodule foreach --recursive "sh -c \"git config --local --name-only --get-regexp 'core\.sshCommand' && git config --local --unset-all 'core.sshCommand' || :\""
PF5 Windows Container Build & Test	Checkout repository	2025-12-04T01:11:52.4968102Z [command]"C:\Program Files\Git\bin\git.exe" config --local --name-only --get-regexp http\.https\:\/\/github\.com\/\.extraheader
PF5 Windows Container Build & Test	Checkout repository	2025-12-04T01:11:52.5194309Z [command]"C:\Program Files\Git\bin\git.exe" submodule foreach --recursive "sh -c \"git config --local --name-only --get-regexp 'http\.https\:\/\/github\.com\/\.extraheader' && git config --local --unset-all 'http.https://github.com/.extraheader' || :\""
PF5 Windows Container Build & Test	Checkout repository	2025-12-04T01:11:52.9504095Z [command]"C:\Program Files\Git\bin\git.exe" config --local --name-only --get-regexp ^includeIf\.gitdir:
PF5 Windows Container Build & Test	Checkout repository	2025-12-04T01:11:52.9722585Z [command]"C:\Program Files\Git\bin\git.exe" submodule foreach --recursive "git config --local --show-origin --name-only --get-regexp remote.origin.url"
PF5 Windows Container Build & Test	Checkout repository	2025-12-04T01:11:53.3866683Z [command]"C:\Program Files\Git\bin\git.exe" config --local http.https://github.com/.extraheader "AUTHORIZATION: basic ***"
PF5 Windows Container Build & Test	Checkout repository	2025-12-04T01:11:53.4115470Z ##[endgroup]
PF5 Windows Container Build & Test	Checkout repository	2025-12-04T01:11:53.4116313Z ##[group]Fetching the repository
PF5 Windows Container Build & Test	Checkout repository	2025-12-04T01:11:53.4130124Z [command]"C:\Program Files\Git\bin\git.exe" -c protocol.version=2 fetch --no-tags --prune --no-recurse-submodules --depth=1 origin +07acdae25931f5b2be41f7bfa9630445f8160486:refs/remotes/pull/2/merge
PF5 Windows Container Build & Test	Checkout repository	2025-12-04T01:11:54.5758252Z From https://github.com/Raizo-TCS/archive_r
PF5 Windows Container Build & Test	Checkout repository	2025-12-04T01:11:54.5758915Z  * [new ref]         07acdae25931f5b2be41f7bfa9630445f8160486 -> pull/2/merge
PF5 Windows Container Build & Test	Checkout repository	2025-12-04T01:11:54.6032653Z ##[endgroup]
PF5 Windows Container Build & Test	Checkout repository	2025-12-04T01:11:54.6033137Z ##[group]Determining the checkout info
PF5 Windows Container Build & Test	Checkout repository	2025-12-04T01:11:54.6035473Z ##[endgroup]
PF5 Windows Container Build & Test	Checkout repository	2025-12-04T01:11:54.6044830Z [command]"C:\Program Files\Git\bin\git.exe" sparse-checkout disable
PF5 Windows Container Build & Test	Checkout repository	2025-12-04T01:11:54.6404619Z [command]"C:\Program Files\Git\bin\git.exe" config --local --unset-all extensions.worktreeConfig
PF5 Windows Container Build & Test	Checkout repository	2025-12-04T01:11:54.6620997Z ##[group]Checking out the ref
PF5 Windows Container Build & Test	Checkout repository	2025-12-04T01:11:54.6630393Z [command]"C:\Program Files\Git\bin\git.exe" checkout --progress --force refs/remotes/pull/2/merge
PF5 Windows Container Build & Test	Checkout repository	2025-12-04T01:11:54.7473024Z Note: switching to 'refs/remotes/pull/2/merge'.
PF5 Windows Container Build & Test	Checkout repository	2025-12-04T01:11:54.7473536Z 
PF5 Windows Container Build & Test	Checkout repository	2025-12-04T01:11:54.7474098Z You are in 'detached HEAD' state. You can look around, make experimental
PF5 Windows Container Build & Test	Checkout repository	2025-12-04T01:11:54.7474961Z changes and commit them, and you can discard any commits you make in this
PF5 Windows Container Build & Test	Checkout repository	2025-12-04T01:11:54.7475720Z state without impacting any branches by switching back to a branch.
PF5 Windows Container Build & Test	Checkout repository	2025-12-04T01:11:54.7476254Z 
PF5 Windows Container Build & Test	Checkout repository	2025-12-04T01:11:54.7476581Z If you want to create a new branch to retain commits you create, you may
PF5 Windows Container Build & Test	Checkout repository	2025-12-04T01:11:54.7477336Z do so (now or later) by using -c with the switch command. Example:
PF5 Windows Container Build & Test	Checkout repository	2025-12-04T01:11:54.7477741Z 
PF5 Windows Container Build & Test	Checkout repository	2025-12-04T01:11:54.7477926Z   git switch -c <new-branch-name>
PF5 Windows Container Build & Test	Checkout repository	2025-12-04T01:11:54.7478258Z 
PF5 Windows Container Build & Test	Checkout repository	2025-12-04T01:11:54.7478414Z Or undo this operation with:
PF5 Windows Container Build & Test	Checkout repository	2025-12-04T01:11:54.7478673Z 
PF5 Windows Container Build & Test	Checkout repository	2025-12-04T01:11:54.7478787Z   git switch -
PF5 Windows Container Build & Test	Checkout repository	2025-12-04T01:11:54.7478990Z 
PF5 Windows Container Build & Test	Checkout repository	2025-12-04T01:11:54.7479349Z Turn off this advice by setting config variable advice.detachedHead to false
PF5 Windows Container Build & Test	Checkout repository	2025-12-04T01:11:54.7479873Z 
PF5 Windows Container Build & Test	Checkout repository	2025-12-04T01:11:54.7480472Z HEAD is now at 07acdae Merge 05703b1ae476749ce84ac27b093bf8bb2df14564 into def6b5a7e993ee929d6903771f283eb2ebe02e2b
PF5 Windows Container Build & Test	Checkout repository	2025-12-04T01:11:54.7500777Z ##[endgroup]
PF5 Windows Container Build & Test	Checkout repository	2025-12-04T01:11:54.7820957Z [command]"C:\Program Files\Git\bin\git.exe" log -1 --format=%H
PF5 Windows Container Build & Test	Checkout repository	2025-12-04T01:11:54.8032014Z 07acdae25931f5b2be41f7bfa9630445f8160486
PF5 Windows Container Build & Test	Show Docker info	ï»¿2025-12-04T01:11:54.8356749Z ##[group]Run docker version
PF5 Windows Container Build & Test	Show Docker info	2025-12-04T01:11:54.8357109Z [36;1mdocker version[0m
PF5 Windows Container Build & Test	Show Docker info	2025-12-04T01:11:54.8358138Z [36;1mdocker info[0m
PF5 Windows Container Build & Test	Show Docker info	2025-12-04T01:11:54.8504001Z shell: C:\Program Files\PowerShell\7\pwsh.EXE -command ". '{0}'"
PF5 Windows Container Build & Test	Show Docker info	2025-12-04T01:11:54.8504372Z ##[endgroup]
PF5 Windows Container Build & Test	Show Docker info	2025-12-04T01:12:02.6229103Z Client:
PF5 Windows Container Build & Test	Show Docker info	2025-12-04T01:12:02.6229859Z  Version:           27.5.1
PF5 Windows Container Build & Test	Show Docker info	2025-12-04T01:12:02.6230213Z  API version:       1.47
PF5 Windows Container Build & Test	Show Docker info	2025-12-04T01:12:02.6230763Z  Go version:        go1.22.11
PF5 Windows Container Build & Test	Show Docker info	2025-12-04T01:12:02.6231140Z  Git commit:        9f9e405
PF5 Windows Container Build & Test	Show Docker info	2025-12-04T01:12:02.6231451Z  Built:             Wed Jan 22 13:41:44 2025
PF5 Windows Container Build & Test	Show Docker info	2025-12-04T01:12:02.6231882Z  OS/Arch:           windows/amd64
PF5 Windows Container Build & Test	Show Docker info	2025-12-04T01:12:02.6232772Z  Context:           default
PF5 Windows Container Build & Test	Show Docker info	2025-12-04T01:12:02.6232984Z 
PF5 Windows Container Build & Test	Show Docker info	2025-12-04T01:12:02.6233136Z Server: Docker Engine - Community
PF5 Windows Container Build & Test	Show Docker info	2025-12-04T01:12:02.6233434Z  Engine:
PF5 Windows Container Build & Test	Show Docker info	2025-12-04T01:12:02.6233763Z   Version:          27.5.1
PF5 Windows Container Build & Test	Show Docker info	2025-12-04T01:12:02.6234163Z   API version:      1.47 (minimum version 1.24)
PF5 Windows Container Build & Test	Show Docker info	2025-12-04T01:12:02.6235159Z   Go version:       go1.22.11
PF5 Windows Container Build & Test	Show Docker info	2025-12-04T01:12:02.6235535Z   Git commit:       4c9b3b0
PF5 Windows Container Build & Test	Show Docker info	2025-12-04T01:12:02.6236404Z   Built:            Wed Jan 22 13:40:41 2025
PF5 Windows Container Build & Test	Show Docker info	2025-12-04T01:12:02.6236989Z   OS/Arch:          windows/amd64
PF5 Windows Container Build & Test	Show Docker info	2025-12-04T01:12:02.6237334Z   Experimental:     false
PF5 Windows Container Build & Test	Show Docker info	2025-12-04T01:12:07.0410670Z Client:
PF5 Windows Container Build & Test	Show Docker info	2025-12-04T01:12:07.0411018Z  Version:    27.5.1
PF5 Windows Container Build & Test	Show Docker info	2025-12-04T01:12:07.0411273Z  Context:    default
PF5 Windows Container Build & Test	Show Docker info	2025-12-04T01:12:07.0411549Z  Debug Mode: false
PF5 Windows Container Build & Test	Show Docker info	2025-12-04T01:12:07.0411811Z  Plugins:
PF5 Windows Container Build & Test	Show Docker info	2025-12-04T01:12:07.0412116Z   compose: Docker Compose (Docker Inc.)
PF5 Windows Container Build & Test	Show Docker info	2025-12-04T01:12:07.0412518Z     Version:  v2.32.2
PF5 Windows Container Build & Test	Show Docker info	2025-12-04T01:12:07.0413178Z     Path:     C:\ProgramData\Docker\cli-plugins\docker-compose.exe
PF5 Windows Container Build & Test	Show Docker info	2025-12-04T01:12:07.0413718Z 
PF5 Windows Container Build & Test	Show Docker info	2025-12-04T01:12:07.0413834Z Server:
PF5 Windows Container Build & Test	Show Docker info	2025-12-04T01:12:07.0414104Z  Containers: 0
PF5 Windows Container Build & Test	Show Docker info	2025-12-04T01:12:07.0414401Z   Running: 0
PF5 Windows Container Build & Test	Show Docker info	2025-12-04T01:12:07.0414683Z   Paused: 0
PF5 Windows Container Build & Test	Show Docker info	2025-12-04T01:12:07.0414958Z   Stopped: 0
PF5 Windows Container Build & Test	Show Docker info	2025-12-04T01:12:07.0415218Z  Images: 5
PF5 Windows Container Build & Test	Show Docker info	2025-12-04T01:12:07.0415565Z  Server Version: 27.5.1
PF5 Windows Container Build & Test	Show Docker info	2025-12-04T01:12:07.0415940Z  Storage Driver: windowsfilter
PF5 Windows Container Build & Test	Show Docker info	2025-12-04T01:12:07.0416342Z   Windows: 
PF5 Windows Container Build & Test	Show Docker info	2025-12-04T01:12:07.0416607Z  Logging Driver: json-file
PF5 Windows Container Build & Test	Show Docker info	2025-12-04T01:12:07.0416976Z  Plugins:
PF5 Windows Container Build & Test	Show Docker info	2025-12-04T01:12:07.0417263Z   Volume: local
PF5 Windows Container Build & Test	Show Docker info	2025-12-04T01:12:07.0417837Z   Network: ics internal l2bridge l2tunnel nat null overlay private transparent
PF5 Windows Container Build & Test	Show Docker info	2025-12-04T01:12:07.0418681Z   Log: awslogs etwlogs fluentd gcplogs gelf json-file local splunk syslog
PF5 Windows Container Build & Test	Show Docker info	2025-12-04T01:12:07.0419460Z  Swarm: inactive
PF5 Windows Container Build & Test	Show Docker info	2025-12-04T01:12:07.0419785Z  Default Isolation: process
PF5 Windows Container Build & Test	Show Docker info	2025-12-04T01:12:07.0420307Z  Kernel Version: 10.0 20348 (20348.1.amd64fre.fe_release.210507-1500)
PF5 Windows Container Build & Test	Show Docker info	2025-12-04T01:12:07.0421121Z  Operating System: Microsoft Windows Server Version 21H2 (OS Build 20348.4405)
PF5 Windows Container Build & Test	Show Docker info	2025-12-04T01:12:07.0421710Z  OSType: windows
PF5 Windows Container Build & Test	Show Docker info	2025-12-04T01:12:07.0421988Z  Architecture: x86_64
PF5 Windows Container Build & Test	Show Docker info	2025-12-04T01:12:07.0422259Z  CPUs: 4
PF5 Windows Container Build & Test	Show Docker info	2025-12-04T01:12:07.0455601Z  Total Memory: 16GiB
PF5 Windows Container Build & Test	Show Docker info	2025-12-04T01:12:07.0456007Z  Name: runnervmeol0e
PF5 Windows Container Build & Test	Show Docker info	2025-12-04T01:12:07.0456336Z  ID: 37f4b4bf-d3fd-4a50-8c09-cb01eff0ebbd
PF5 Windows Container Build & Test	Show Docker info	2025-12-04T01:12:07.0456744Z  Docker Root Dir: C:\ProgramData\docker
PF5 Windows Container Build & Test	Show Docker info	2025-12-04T01:12:07.0457409Z  Debug Mode: false
PF5 Windows Container Build & Test	Show Docker info	2025-12-04T01:12:07.0457742Z  Username: githubactions
PF5 Windows Container Build & Test	Show Docker info	2025-12-04T01:12:07.0457963Z  Experimental: false
PF5 Windows Container Build & Test	Show Docker info	2025-12-04T01:12:07.0458172Z  Insecure Registries:
PF5 Windows Container Build & Test	Show Docker info	2025-12-04T01:12:07.0458363Z   127.0.0.0/8
PF5 Windows Container Build & Test	Show Docker info	2025-12-04T01:12:07.0458550Z  Live Restore Enabled: false
PF5 Windows Container Build & Test	Show Docker info	2025-12-04T01:12:07.0458801Z  Product License: Community Engine
PF5 Windows Container Build & Test	Show Docker info	2025-12-04T01:12:07.0459054Z 
PF5 Windows Container Build & Test	Login to GitHub Container Registry	ï»¿2025-12-04T01:12:07.7293405Z ##[group]Run $creds = $env:CR_PAT
PF5 Windows Container Build & Test	Login to GitHub Container Registry	2025-12-04T01:12:07.7293768Z [36;1m$creds = $env:CR_PAT[0m
PF5 Windows Container Build & Test	Login to GitHub Container Registry	2025-12-04T01:12:07.7294089Z [36;1mif (-not $creds -or $creds.Trim().Length -eq 0) {[0m
PF5 Windows Container Build & Test	Login to GitHub Container Registry	2025-12-04T01:12:07.7294565Z [36;1m  throw "CR_PAT is empty. Configure GHCR_PAT (write:packages) or rely on default GITHUB_TOKEN."[0m
PF5 Windows Container Build & Test	Login to GitHub Container Registry	2025-12-04T01:12:07.7294949Z [36;1m}[0m
PF5 Windows Container Build & Test	Login to GitHub Container Registry	2025-12-04T01:12:07.7295194Z [36;1m$user = if ($env:CR_USER) { $env:CR_USER.Trim() } else { "Raizo-TCS" }[0m
PF5 Windows Container Build & Test	Login to GitHub Container Registry	2025-12-04T01:12:07.7295720Z [36;1mWrite-Host "Logging into ghcr.io as $user"[0m
PF5 Windows Container Build & Test	Login to GitHub Container Registry	2025-12-04T01:12:07.7296063Z [36;1m$creds | docker login ghcr.io -u $user --password-stdin[0m
PF5 Windows Container Build & Test	Login to GitHub Container Registry	2025-12-04T01:12:07.7296357Z [36;1mif ($LASTEXITCODE -ne 0) {[0m
PF5 Windows Container Build & Test	Login to GitHub Container Registry	2025-12-04T01:12:07.7296839Z [36;1m  Write-Error "docker login failed. Ensure GHCR terms are accepted for $user and GHCR_PAT has write:packages scope if required."[0m
PF5 Windows Container Build & Test	Login to GitHub Container Registry	2025-12-04T01:12:07.7297325Z [36;1m  exit $LASTEXITCODE[0m
PF5 Windows Container Build & Test	Login to GitHub Container Registry	2025-12-04T01:12:07.7297501Z [36;1m}[0m
PF5 Windows Container Build & Test	Login to GitHub Container Registry	2025-12-04T01:12:07.7331628Z shell: C:\Program Files\PowerShell\7\pwsh.EXE -command ". '{0}'"
PF5 Windows Container Build & Test	Login to GitHub Container Registry	2025-12-04T01:12:07.7331931Z env:
PF5 Windows Container Build & Test	Login to GitHub Container Registry	2025-12-04T01:12:07.7332405Z   CR_PAT: ***
PF5 Windows Container Build & Test	Login to GitHub Container Registry	2025-12-04T01:12:07.7332571Z   CR_USER: raizo-tcs
PF5 Windows Container Build & Test	Login to GitHub Container Registry	2025-12-04T01:12:07.7332742Z ##[endgroup]
PF5 Windows Container Build & Test	Login to GitHub Container Registry	2025-12-04T01:12:08.3478698Z Logging into ghcr.io as raizo-tcs
PF5 Windows Container Build & Test	Login to GitHub Container Registry	2025-12-04T01:12:08.8557538Z WARNING! Your password will be stored unencrypted in C:\Users\runneradmin\.docker\config.json.
PF5 Windows Container Build & Test	Login to GitHub Container Registry	2025-12-04T01:12:08.8558221Z Configure a credential helper to remove this warning. See
PF5 Windows Container Build & Test	Login to GitHub Container Registry	2025-12-04T01:12:08.8558970Z https://docs.docker.com/engine/reference/commandline/login/#credential-stores
PF5 Windows Container Build & Test	Login to GitHub Container Registry	2025-12-04T01:12:08.8559631Z 
PF5 Windows Container Build & Test	Login to GitHub Container Registry	2025-12-04T01:12:08.8570316Z Login Succeeded
PF5 Windows Container Build & Test	Pull PF5 image	ï»¿2025-12-04T01:12:08.9384634Z ##[group]Run $tags = @("07acdae25931f5b2be41f7bfa9630445f8160486", "latest")
PF5 Windows Container Build & Test	Pull PF5 image	2025-12-04T01:12:08.9385168Z [36;1m$tags = @("07acdae25931f5b2be41f7bfa9630445f8160486", "latest")[0m
PF5 Windows Container Build & Test	Pull PF5 image	2025-12-04T01:12:08.9385480Z [36;1m$selected = $null[0m
PF5 Windows Container Build & Test	Pull PF5 image	2025-12-04T01:12:08.9385683Z [36;1mforeach ($tag in $tags) {[0m
PF5 Windows Container Build & Test	Pull PF5 image	2025-12-04T01:12:08.9385981Z [36;1m  Write-Host "Attempting to pull $env:IMAGE_NAME`:$tag..."[0m
PF5 Windows Container Build & Test	Pull PF5 image	2025-12-04T01:12:08.9386292Z [36;1m  docker pull "$env:IMAGE_NAME`:$tag"[0m
PF5 Windows Container Build & Test	Pull PF5 image	2025-12-04T01:12:08.9386547Z [36;1m  if ($LASTEXITCODE -eq 0) {[0m
PF5 Windows Container Build & Test	Pull PF5 image	2025-12-04T01:12:08.9386757Z [36;1m    $selected = $tag[0m
PF5 Windows Container Build & Test	Pull PF5 image	2025-12-04T01:12:08.9386940Z [36;1m    break[0m
PF5 Windows Container Build & Test	Pull PF5 image	2025-12-04T01:12:08.9387098Z [36;1m  }[0m
PF5 Windows Container Build & Test	Pull PF5 image	2025-12-04T01:12:08.9387323Z [36;1m  Write-Host "Failed to pull $env:IMAGE_NAME`:$tag"[0m
PF5 Windows Container Build & Test	Pull PF5 image	2025-12-04T01:12:08.9387580Z [36;1m}[0m
PF5 Windows Container Build & Test	Pull PF5 image	2025-12-04T01:12:08.9387732Z [36;1mif (-not $selected) {[0m
PF5 Windows Container Build & Test	Pull PF5 image	2025-12-04T01:12:08.9387976Z [36;1m  throw "Unable to pull any tag for $env:IMAGE_NAME"[0m
PF5 Windows Container Build & Test	Pull PF5 image	2025-12-04T01:12:08.9388262Z [36;1m}[0m
PF5 Windows Container Build & Test	Pull PF5 image	2025-12-04T01:12:08.9388570Z [36;1m"selected_tag=$selected" | Out-File -FilePath $env:GITHUB_OUTPUT -Encoding utf8 -Append[0m
PF5 Windows Container Build & Test	Pull PF5 image	2025-12-04T01:12:08.9418999Z shell: C:\Program Files\PowerShell\7\pwsh.EXE -command ". '{0}'"
PF5 Windows Container Build & Test	Pull PF5 image	2025-12-04T01:12:08.9419308Z env:
PF5 Windows Container Build & Test	Pull PF5 image	2025-12-04T01:12:08.9419529Z   IMAGE_NAME: ghcr.io/raizo-tcs/archive_r/pf5-windows-msvc
PF5 Windows Container Build & Test	Pull PF5 image	2025-12-04T01:12:08.9419805Z ##[endgroup]
PF5 Windows Container Build & Test	Pull PF5 image	2025-12-04T01:12:09.1936405Z Attempting to pull ghcr.io/raizo-tcs/archive_r/pf5-windows-msvc:07acdae25931f5b2be41f7bfa9630445f8160486...
PF5 Windows Container Build & Test	Pull PF5 image	2025-12-04T01:12:09.6843983Z Error response from daemon: manifest unknown
PF5 Windows Container Build & Test	Pull PF5 image	2025-12-04T01:12:09.6907091Z Failed to pull ghcr.io/raizo-tcs/archive_r/pf5-windows-msvc:07acdae25931f5b2be41f7bfa9630445f8160486
PF5 Windows Container Build & Test	Pull PF5 image	2025-12-04T01:12:09.6916184Z Attempting to pull ghcr.io/raizo-tcs/archive_r/pf5-windows-msvc:latest...
PF5 Windows Container Build & Test	Pull PF5 image	2025-12-04T01:12:10.1595562Z Error response from daemon: manifest unknown
PF5 Windows Container Build & Test	Pull PF5 image	2025-12-04T01:12:10.1632576Z Failed to pull ghcr.io/raizo-tcs/archive_r/pf5-windows-msvc:latest
PF5 Windows Container Build & Test	Pull PF5 image	2025-12-04T01:12:10.4438933Z [31;1mException: [0mD:\a\_temp\070b7736-0e90-4970-b8cc-387d90458b17.ps1:14[0m
PF5 Windows Container Build & Test	Pull PF5 image	2025-12-04T01:12:10.4439678Z [31;1m[0m[36;1mLine |[0m
PF5 Windows Container Build & Test	Pull PF5 image	2025-12-04T01:12:10.4440591Z [31;1m[0m[36;1m[36;1m  14 | [0m   [36;1mthrow "Unable to pull any tag for $env:IMAGE_NAME"[0m
PF5 Windows Container Build & Test	Pull PF5 image	2025-12-04T01:12:10.4441430Z [31;1m[0m[36;1m[36;1m[0m[36;1m[0m[36;1m     | [31;1m   ~~~~~~~~~~~~~~~~~~~~~~~~~~~~~~~~~~~~~~~~~~~~~~~~~~[0m
PF5 Windows Container Build & Test	Pull PF5 image	2025-12-04T01:12:10.4442390Z [31;1m[0m[36;1m[36;1m[0m[36;1m[0m[36;1m[31;1m[31;1m[36;1m     | [31;1mUnable to pull any tag for ghcr.io/raizo-tcs/archive_r/pf5-windows-msvc[0m
PF5 Windows Container Build & Test	Pull PF5 image	2025-12-04T01:12:10.4872276Z ##[error]Process completed with exit code 1.
PF5 Windows Container Build & Test	Upload PF5 artifacts	ï»¿2025-12-04T01:12:10.5038068Z ##[group]Run actions/upload-artifact@v4
PF5 Windows Container Build & Test	Upload PF5 artifacts	2025-12-04T01:12:10.5038406Z with:
PF5 Windows Container Build & Test	Upload PF5 artifacts	2025-12-04T01:12:10.5038663Z   name: archive-r-PF5-07acdae25931f5b2be41f7bfa9630445f8160486
PF5 Windows Container Build & Test	Upload PF5 artifacts	2025-12-04T01:12:10.5039281Z   path: build/bindings/python/dist/*.tar.gz
PF5 Windows Container Build & Test	Upload PF5 artifacts	build/bindings/python/dist/*.whl
PF5 Windows Container Build & Test	Upload PF5 artifacts	build/bindings/ruby/*.gem
PF5 Windows Container Build & Test	Upload PF5 artifacts	build/logs/**/*.log
PF5 Windows Container Build & Test	Upload PF5 artifacts	
PF5 Windows Container Build & Test	Upload PF5 artifacts	2025-12-04T01:12:10.5039780Z   if-no-files-found: ignore
PF5 Windows Container Build & Test	Upload PF5 artifacts	2025-12-04T01:12:10.5039971Z   retention-days: 7
PF5 Windows Container Build & Test	Upload PF5 artifacts	2025-12-04T01:12:10.5040158Z   compression-level: 6
PF5 Windows Container Build & Test	Upload PF5 artifacts	2025-12-04T01:12:10.5040339Z   overwrite: false
PF5 Windows Container Build & Test	Upload PF5 artifacts	2025-12-04T01:12:10.5040516Z   include-hidden-files: false
PF5 Windows Container Build & Test	Upload PF5 artifacts	2025-12-04T01:12:10.5040718Z ##[endgroup]
PF5 Windows Container Build & Test	Upload PF5 artifacts	2025-12-04T01:12:10.7802136Z Multiple search paths detected. Calculating the least common ancestor of all paths
PF5 Windows Container Build & Test	Upload PF5 artifacts	2025-12-04T01:12:10.7808931Z The least common ancestor is D:\a\archive_r\archive_r\build. This will be the root directory of the artifact
PF5 Windows Container Build & Test	Upload PF5 artifacts	2025-12-04T01:12:10.7810897Z No files were found with the provided path: build/bindings/python/dist/*.tar.gz
PF5 Windows Container Build & Test	Upload PF5 artifacts	2025-12-04T01:12:10.7811577Z build/bindings/python/dist/*.whl
PF5 Windows Container Build & Test	Upload PF5 artifacts	2025-12-04T01:12:10.7811803Z build/bindings/ruby/*.gem
PF5 Windows Container Build & Test	Upload PF5 artifacts	2025-12-04T01:12:10.7812033Z build/logs/**/*.log. No artifacts will be uploaded.
PF5 Windows Container Build & Test	Post Checkout repository	ï»¿2025-12-04T01:12:10.8036582Z Post job cleanup.
PF5 Windows Container Build & Test	Post Checkout repository	2025-12-04T01:12:11.0220897Z [command]"C:\Program Files\Git\bin\git.exe" version
PF5 Windows Container Build & Test	Post Checkout repository	2025-12-04T01:12:11.0439228Z git version 2.52.0.windows.1
PF5 Windows Container Build & Test	Post Checkout repository	2025-12-04T01:12:11.0512419Z Temporarily overriding HOME='D:\a\_temp\c58ce0a8-4605-4508-b54c-6cdc7f3f48e1' before making global git config changes
PF5 Windows Container Build & Test	Post Checkout repository	2025-12-04T01:12:11.0513597Z Adding repository directory to the temporary git global config as a safe directory
PF5 Windows Container Build & Test	Post Checkout repository	2025-12-04T01:12:11.0524658Z [command]"C:\Program Files\Git\bin\git.exe" config --global --add safe.directory D:\a\archive_r\archive_r
PF5 Windows Container Build & Test	Post Checkout repository	2025-12-04T01:12:11.0777332Z [command]"C:\Program Files\Git\bin\git.exe" config --local --name-only --get-regexp core\.sshCommand
PF5 Windows Container Build & Test	Post Checkout repository	2025-12-04T01:12:11.1036161Z [command]"C:\Program Files\Git\bin\git.exe" submodule foreach --recursive "sh -c \"git config --local --name-only --get-regexp 'core\.sshCommand' && git config --local --unset-all 'core.sshCommand' || :\""
PF5 Windows Container Build & Test	Post Checkout repository	2025-12-04T01:12:11.5745779Z [command]"C:\Program Files\Git\bin\git.exe" config --local --name-only --get-regexp http\.https\:\/\/github\.com\/\.extraheader
PF5 Windows Container Build & Test	Post Checkout repository	2025-12-04T01:12:11.5937775Z http.https://github.com/.extraheader
PF5 Windows Container Build & Test	Post Checkout repository	2025-12-04T01:12:11.5974210Z [command]"C:\Program Files\Git\bin\git.exe" config --local --unset-all http.https://github.com/.extraheader
PF5 Windows Container Build & Test	Post Checkout repository	2025-12-04T01:12:11.6208204Z [command]"C:\Program Files\Git\bin\git.exe" submodule foreach --recursive "sh -c \"git config --local --name-only --get-regexp 'http\.https\:\/\/github\.com\/\.extraheader' && git config --local --unset-all 'http.https://github.com/.extraheader' || :\""
PF5 Windows Container Build & Test	Post Checkout repository	2025-12-04T01:12:12.0702446Z [command]"C:\Program Files\Git\bin\git.exe" config --local --name-only --get-regexp ^includeIf\.gitdir:
PF5 Windows Container Build & Test	Post Checkout repository	2025-12-04T01:12:12.0944657Z [command]"C:\Program Files\Git\bin\git.exe" submodule foreach --recursive "git config --local --show-origin --name-only --get-regexp remote.origin.url"
PF5 Windows Container Build & Test	Complete job	ï»¿2025-12-04T01:12:12.5318400Z Cleaning up orphan processes
