2025-12-04T05:18:24.5202948Z Current runner version: '2.329.0'
2025-12-04T05:18:24.5228651Z ##[group]Runner Image Provisioner
2025-12-04T05:18:24.5229756Z Hosted Compute Agent
2025-12-04T05:18:24.5230599Z Version: 20251124.448
2025-12-04T05:18:24.5231505Z Commit: fda5086b43ec66ade217e5fcd18146c879571177
2025-12-04T05:18:24.5232571Z Build Date: 2025-11-24T21:16:26Z
2025-12-04T05:18:24.5233494Z ##[endgroup]
2025-12-04T05:18:24.5234199Z ##[group]Operating System
2025-12-04T05:18:24.5235130Z Microsoft Windows Server 2022
2025-12-04T05:18:24.5236062Z 10.0.20348
2025-12-04T05:18:24.5236745Z Datacenter
2025-12-04T05:18:24.5237445Z ##[endgroup]
2025-12-04T05:18:24.5238148Z ##[group]Runner Image
2025-12-04T05:18:24.5238977Z Image: windows-2022
2025-12-04T05:18:24.5239697Z Version: 20251125.125.1
2025-12-04T05:18:24.5241423Z Included Software: https://github.com/actions/runner-images/blob/win22/20251125.125/images/windows/Windows2022-Readme.md
2025-12-04T05:18:24.5244257Z Image Release: https://github.com/actions/runner-images/releases/tag/win22%2F20251125.125
2025-12-04T05:18:24.5245882Z ##[endgroup]
2025-12-04T05:18:24.5247557Z ##[group]GITHUB_TOKEN Permissions
2025-12-04T05:18:24.5249905Z Contents: read
2025-12-04T05:18:24.5250726Z Metadata: read
2025-12-04T05:18:24.5251456Z Packages: read
2025-12-04T05:18:24.5252115Z ##[endgroup]
2025-12-04T05:18:24.5254857Z Secret source: Actions
2025-12-04T05:18:24.5255775Z Prepare workflow directory
2025-12-04T05:18:24.5707918Z Prepare all required actions
2025-12-04T05:18:24.5749736Z Getting action download info
2025-12-04T05:18:24.8270244Z Download action repository 'actions/checkout@v4' (SHA:34e114876b0b11c390a56381ad16ebd13914f8d5)
2025-12-04T05:18:25.1299815Z Download action repository 'msys2/setup-msys2@v2' (SHA:fb197b72ce45fb24f17bf3f807a388985654d1f2)
2025-12-04T05:18:25.4480986Z Download action repository 'actions/upload-artifact@v4' (SHA:ea165f8d65b6e75b540449e92b4886f43607fa02)
2025-12-04T05:18:25.7749156Z Complete job name: PF6 (MinGW) Windows Build & Test
2025-12-04T05:18:25.9229980Z ##[group]Run actions/checkout@v4
2025-12-04T05:18:25.9231271Z with:
2025-12-04T05:18:25.9231794Z   repository: Raizo-TCS/archive_r
2025-12-04T05:18:25.9232710Z   token: ***
2025-12-04T05:18:25.9233190Z   ssh-strict: true
2025-12-04T05:18:25.9233706Z   ssh-user: git
2025-12-04T05:18:25.9234231Z   persist-credentials: true
2025-12-04T05:18:25.9234831Z   clean: true
2025-12-04T05:18:25.9235353Z   sparse-checkout-cone-mode: true
2025-12-04T05:18:25.9236003Z   fetch-depth: 1
2025-12-04T05:18:25.9236511Z   fetch-tags: false
2025-12-04T05:18:25.9237030Z   show-progress: true
2025-12-04T05:18:25.9237575Z   lfs: false
2025-12-04T05:18:25.9238052Z   submodules: false
2025-12-04T05:18:25.9238578Z   set-safe-directory: true
2025-12-04T05:18:25.9239301Z ##[endgroup]
2025-12-04T05:18:26.1114709Z Syncing repository: Raizo-TCS/archive_r
2025-12-04T05:18:26.1117585Z ##[group]Getting Git version info
2025-12-04T05:18:26.1118765Z Working directory is 'D:\a\archive_r\archive_r'
2025-12-04T05:18:26.2371598Z [command]"C:\Program Files\Git\bin\git.exe" version
2025-12-04T05:18:26.5767100Z git version 2.52.0.windows.1
2025-12-04T05:18:26.5820575Z ##[endgroup]
2025-12-04T05:18:26.5842299Z Temporarily overriding HOME='D:\a\_temp\7fa1cc03-00bf-44b0-a73c-d3a4350b0e10' before making global git config changes
2025-12-04T05:18:26.5846907Z Adding repository directory to the temporary git global config as a safe directory
2025-12-04T05:18:26.5854814Z [command]"C:\Program Files\Git\bin\git.exe" config --global --add safe.directory D:\a\archive_r\archive_r
2025-12-04T05:18:26.6383040Z Deleting the contents of 'D:\a\archive_r\archive_r'
2025-12-04T05:18:26.6389766Z ##[group]Initializing the repository
2025-12-04T05:18:26.6402366Z [command]"C:\Program Files\Git\bin\git.exe" init D:\a\archive_r\archive_r
2025-12-04T05:18:26.7228306Z Initialized empty Git repository in D:/a/archive_r/archive_r/.git/
2025-12-04T05:18:26.7274511Z [command]"C:\Program Files\Git\bin\git.exe" remote add origin https://github.com/Raizo-TCS/archive_r
2025-12-04T05:18:26.7754964Z ##[endgroup]
2025-12-04T05:18:26.7757200Z ##[group]Disabling automatic garbage collection
2025-12-04T05:18:26.7763237Z [command]"C:\Program Files\Git\bin\git.exe" config --local gc.auto 0
2025-12-04T05:18:26.8062169Z ##[endgroup]
2025-12-04T05:18:26.8064393Z ##[group]Setting up auth
2025-12-04T05:18:26.8075868Z [command]"C:\Program Files\Git\bin\git.exe" config --local --name-only --get-regexp core\.sshCommand
2025-12-04T05:18:26.8358050Z [command]"C:\Program Files\Git\bin\git.exe" submodule foreach --recursive "sh -c \"git config --local --name-only --get-regexp 'core\.sshCommand' && git config --local --unset-all 'core.sshCommand' || :\""
2025-12-04T05:18:28.1952498Z [command]"C:\Program Files\Git\bin\git.exe" config --local --name-only --get-regexp http\.https\:\/\/github\.com\/\.extraheader
2025-12-04T05:18:28.2187984Z [command]"C:\Program Files\Git\bin\git.exe" submodule foreach --recursive "sh -c \"git config --local --name-only --get-regexp 'http\.https\:\/\/github\.com\/\.extraheader' && git config --local --unset-all 'http.https://github.com/.extraheader' || :\""
2025-12-04T05:18:28.6606007Z [command]"C:\Program Files\Git\bin\git.exe" config --local --name-only --get-regexp ^includeIf\.gitdir:
2025-12-04T05:18:28.6842375Z [command]"C:\Program Files\Git\bin\git.exe" submodule foreach --recursive "git config --local --show-origin --name-only --get-regexp remote.origin.url"
2025-12-04T05:18:29.1457638Z [command]"C:\Program Files\Git\bin\git.exe" config --local http.https://github.com/.extraheader "AUTHORIZATION: basic ***"
2025-12-04T05:18:29.1705915Z ##[endgroup]
2025-12-04T05:18:29.1706631Z ##[group]Fetching the repository
2025-12-04T05:18:29.1720405Z [command]"C:\Program Files\Git\bin\git.exe" -c protocol.version=2 fetch --no-tags --prune --no-recurse-submodules --depth=1 origin +d78a10f76fe8482fd728cbb90a9b7858a2dc79d4:refs/remotes/pull/2/merge
2025-12-04T05:18:30.0267540Z From https://github.com/Raizo-TCS/archive_r
2025-12-04T05:18:30.0271370Z  * [new ref]         d78a10f76fe8482fd728cbb90a9b7858a2dc79d4 -> pull/2/merge
2025-12-04T05:18:30.0540715Z ##[endgroup]
2025-12-04T05:18:30.0541079Z ##[group]Determining the checkout info
2025-12-04T05:18:30.0544203Z ##[endgroup]
2025-12-04T05:18:30.0558654Z [command]"C:\Program Files\Git\bin\git.exe" sparse-checkout disable
2025-12-04T05:18:30.0914973Z [command]"C:\Program Files\Git\bin\git.exe" config --local --unset-all extensions.worktreeConfig
2025-12-04T05:18:30.1152117Z ##[group]Checking out the ref
2025-12-04T05:18:30.1162796Z [command]"C:\Program Files\Git\bin\git.exe" checkout --progress --force refs/remotes/pull/2/merge
2025-12-04T05:18:30.2007189Z Note: switching to 'refs/remotes/pull/2/merge'.
2025-12-04T05:18:30.2007497Z 
2025-12-04T05:18:30.2007728Z You are in 'detached HEAD' state. You can look around, make experimental
2025-12-04T05:18:30.2008148Z changes and commit them, and you can discard any commits you make in this
2025-12-04T05:18:30.2008630Z state without impacting any branches by switching back to a branch.
2025-12-04T05:18:30.2008928Z 
2025-12-04T05:18:30.2009184Z If you want to create a new branch to retain commits you create, you may
2025-12-04T05:18:30.2009807Z do so (now or later) by using -c with the switch command. Example:
2025-12-04T05:18:30.2010126Z 
2025-12-04T05:18:30.2010309Z   git switch -c <new-branch-name>
2025-12-04T05:18:30.2010805Z 
2025-12-04T05:18:30.2010916Z Or undo this operation with:
2025-12-04T05:18:30.2011127Z 
2025-12-04T05:18:30.2011212Z   git switch -
2025-12-04T05:18:30.2011322Z 
2025-12-04T05:18:30.2011507Z Turn off this advice by setting config variable advice.detachedHead to false
2025-12-04T05:18:30.2011778Z 
2025-12-04T05:18:30.2012079Z HEAD is now at d78a10f Merge 7512daa53bcc9a661a40ed15d3a948b2b3a7965d into def6b5a7e993ee929d6903771f283eb2ebe02e2b
2025-12-04T05:18:30.2035203Z ##[endgroup]
2025-12-04T05:18:30.2337131Z [command]"C:\Program Files\Git\bin\git.exe" log -1 --format=%H
2025-12-04T05:18:30.2543176Z d78a10f76fe8482fd728cbb90a9b7858a2dc79d4
2025-12-04T05:18:30.2893106Z ##[group]Run msys2/setup-msys2@v2
2025-12-04T05:18:30.2893425Z with:
2025-12-04T05:18:30.2893592Z   msystem: UCRT64
2025-12-04T05:18:30.2893760Z   update: true
2025-12-04T05:18:30.2893925Z   path-type: minimal
2025-12-04T05:18:30.2894924Z   install: git base-devel mingw-w64-ucrt-x86_64-toolchain mingw-w64-ucrt-x86_64-cmake mingw-w64-ucrt-x86_64-libarchive mingw-w64-ucrt-x86_64-python mingw-w64-ucrt-x86_64-ruby mingw-w64-ucrt-x86_64-python-pip mingw-w64-ucrt-x86_64-python-setuptools mingw-w64-ucrt-x86_64-python-wheel mingw-w64-ucrt-x86_64-rust
2025-12-04T05:18:30.2895947Z   pacboy: false
2025-12-04T05:18:30.2896108Z   release: true
2025-12-04T05:18:30.2896261Z   location: RUNNER_TEMP
2025-12-04T05:18:30.2896448Z   platform-check-severity: fatal
2025-12-04T05:18:30.2896648Z   cache: true
2025-12-04T05:18:30.2896792Z ##[endgroup]
2025-12-04T05:18:30.4873028Z ##[group]Downloading MSYS2...
2025-12-04T05:18:31.1496680Z ##[endgroup]
2025-12-04T05:18:31.1497297Z ##[group]Extracting MSYS2...
2025-12-04T05:18:31.1514689Z [command]C:\hostedtoolcache\windows\msys2-installer\0.0.20250830\x64\base.exe -y
2025-12-04T05:18:31.3921176Z 
2025-12-04T05:18:31.3922362Z 7-Zip SFX 25.01 ZS v1.5.7 (x64) : Copyright (c) 1999-2025 Igor Pavlov, 2016-2025 Tino Reichardt, 2022-2025 Sergey G. Brester : 2025-08-06
2025-12-04T05:18:31.3923081Z 
2025-12-04T05:18:31.3923494Z Extracting archive: C:\hostedtoolcache\windows\msys2-installer\0.0.20250830\x64\base.exe
2025-12-04T05:18:31.3924141Z --
2025-12-04T05:18:31.3924612Z Path = C:\hostedtoolcache\windows\msys2-installer\0.0.20250830\x64\base.exe
2025-12-04T05:18:31.3925170Z Type = 7z
2025-12-04T05:18:31.3925325Z 
2025-12-04T05:18:31.5954788Z   0%
2025-12-04T05:18:31.5955118Z     
2025-12-04T05:18:31.7983528Z   2% 1252 - msys64\usr\lib\perl5\core_perl\CORE\config.h
2025-12-04T05:18:31.7983876Z                                                         
2025-12-04T05:18:32.0016969Z   5% 2204 - msys64\usr\lib\terminfo\64\darwin-f2
2025-12-04T05:18:32.0017494Z                                                 
2025-12-04T05:18:32.2047491Z   5% 3297 - msys64\usr\lib\terminfo\72\rxvt+pcfkeys
2025-12-04T05:18:32.2048070Z                                                    
2025-12-04T05:18:32.4077695Z   6% 4365 - msys64\usr\share\bash-completion\completions\a2x
2025-12-04T05:18:32.4078137Z                                                             
2025-12-04T05:18:32.6108955Z   7% 5457 - msys64\usr\share\doc\bash\bash.html
2025-12-04T05:18:32.6109556Z                                                
2025-12-04T05:18:32.8137613Z  15% 6118 - msys64\usr\share\locale\eo\LC_MESSAGES\gnutls.mo
2025-12-04T05:18:32.8137962Z                                                             
2025-12-04T05:18:33.0167400Z  28% 6716 - msys64\usr\share\locale\sv\LC_MESSAGES\libalpm.mo
2025-12-04T05:18:33.0168060Z                                                              
2025-12-04T05:18:33.2200557Z  33% 7620 - msys64\usr\share\man\man3\bkgrndset.3x.gz
2025-12-04T05:18:33.2201018Z                                                      
2025-12-04T05:18:33.4232918Z  34% 8680 - msys64\usr\share\man\man3\libssh2_scp_send64.3.gz
2025-12-04T05:18:33.4233792Z                                                              
2025-12-04T05:18:33.6268100Z  39% 9645 - msys64\usr\share\perl5\core_perl\CPAN\Meta\Feature.pm
2025-12-04T05:18:33.6268939Z                                                                  
2025-12-04T05:18:33.8297060Z  44% 10432 - msys64\usr\share\perl5\core_perl\unicore\lib\Gc\P.pl
2025-12-04T05:18:33.8297773Z                                                                  
2025-12-04T05:18:34.0327975Z  46% 11417 - msys64\usr\share\terminfo\63\coherent
2025-12-04T05:18:34.0328497Z                                                   
2025-12-04T05:18:34.2364557Z  46% 12495 - msys64\usr\share\terminfo\6e\nwp513-o
2025-12-04T05:18:34.2365104Z                                                   
2025-12-04T05:18:34.4399108Z  46% 13568 - msys64\usr\share\terminfo\77\wyse85-w
2025-12-04T05:18:34.4399786Z                                                   
2025-12-04T05:18:34.6435332Z  47% 14674 - msys64\usr\share\zoneinfo\posix\Asia\Singapore
2025-12-04T05:18:34.6435777Z                                                            
2025-12-04T05:18:34.8463409Z  47% 15731 - msys64\var\lib\pacman\local\libgnutls-3.8.10-1\mtree
2025-12-04T05:18:34.8463961Z                                                                  
2025-12-04T05:18:35.0493615Z  60% 16148 - msys64\usr\bin\msys-gcc_s-seh-1.dll
2025-12-04T05:18:35.0494046Z                                                 
2025-12-04T05:18:35.1799090Z  83% 16280 - msys64\usr\bin\setpgid.exe
2025-12-04T05:18:35.1799524Z                                        
2025-12-04T05:18:35.1799832Z Everything is Ok
2025-12-04T05:18:35.1816891Z ##[endgroup]
2025-12-04T05:18:35.1817233Z ##[group]Disable Key Refresh...
2025-12-04T05:18:35.1830518Z ##[endgroup]
2025-12-04T05:18:35.1848004Z ##[group]Restoring package cache...
2025-12-04T05:18:35.4171578Z Cache hit for restore-key: msys2-pkgs-upd:true-conf:302aa722-files:0f7a37d9801209cb09fab8f988b7a8ae72867fca
2025-12-04T05:18:36.5681830Z Received 180355072 of 304573498 (59.2%), 170.1 MBs/sec
2025-12-04T05:18:37.2232860Z Received 304573498 of 304573498 (100.0%), 174.3 MBs/sec
2025-12-04T05:18:37.2237915Z Cache Size: ~290 MB (304573498 B)
2025-12-04T05:18:37.2325843Z [command]"C:\Program Files\Git\usr\bin\tar.exe" -xf D:/a/_temp/607b2df4-1f12-4fb3-bfb4-b02c939f61a8/cache.tzst -P -C D:/a/archive_r/archive_r --force-local --use-compress-program "zstd -d"
2025-12-04T05:18:37.8003889Z Cache restored successfully
2025-12-04T05:18:37.8144495Z Cache restore for msys2-pkgs-upd:true-conf:302aa722, got msys2-pkgs-upd:true-conf:302aa722-files:0f7a37d9801209cb09fab8f988b7a8ae72867fca
2025-12-04T05:18:37.8145856Z Cache restore for msys2-pkgs-upd:true-conf:302aa722, got msys2-pkgs-upd:true-conf:302aa722-files:0f7a37d9801209cb09fab8f988b7a8ae72867fca
2025-12-04T05:18:37.8146851Z ##[endgroup]
2025-12-04T05:18:37.8147637Z ##[group]Starting MSYS2 for the first time...
2025-12-04T05:18:37.9139208Z [command]C:\Windows\system32\cmd.exe /D /S /C D:\a\_temp\setup-msys2\msys2.cmd -c "'uname' '-a'"
2025-12-04T05:18:37.9732435Z [1;32mMSYS2 is starting for the first time. Executing the initial setup.[1;0m
2025-12-04T05:18:38.2129320Z Copying skeleton files.
2025-12-04T05:18:38.2129865Z These files are for the users to personalise their msys2 experience.
2025-12-04T05:18:38.2130176Z 
2025-12-04T05:18:38.2130316Z They will never be overwritten nor automatically updated.
2025-12-04T05:18:38.2130524Z 
2025-12-04T05:18:38.2518730Z './.bashrc' -> '/home/runneradmin/.bashrc'
2025-12-04T05:18:38.2658109Z './.bash_profile' -> '/home/runneradmin/.bash_profile'
2025-12-04T05:18:38.2799661Z './.profile' -> '/home/runneradmin/.profile'
2025-12-04T05:18:38.3318121Z 'C:\Windows\system32\drivers\etc\hosts' -> '/etc/hosts'
2025-12-04T05:18:38.3765953Z 'C:\Windows\system32\drivers\etc\protocol' -> '/etc/protocols'
2025-12-04T05:18:38.4166295Z 'C:\Windows\system32\drivers\etc\services' -> '/etc/services'
2025-12-04T05:18:38.4569041Z 'C:\Windows\system32\drivers\etc\networks' -> '/etc/networks'
2025-12-04T05:18:38.6095875Z gpg: /etc/pacman.d/gnupg/trustdb.gpg: trustdb created
2025-12-04T05:18:38.6161404Z gpg: no ultimately trusted keys found
2025-12-04T05:18:38.8660437Z gpg: starting migration from earlier GnuPG versions
2025-12-04T05:18:38.9292039Z gpg: porting secret keys from '/etc/pacman.d/gnupg/secring.gpg' to gpg-agent
2025-12-04T05:18:38.9294563Z gpg: migration succeeded
2025-12-04T05:18:38.9479893Z ==> Generating pacman master key. This may take some time.
2025-12-04T05:18:38.9648813Z gpg: Generating pacman keyring master key...
2025-12-04T05:18:40.1249330Z gpg: directory '/etc/pacman.d/gnupg/openpgp-revocs.d' created
2025-12-04T05:18:40.1496062Z gpg: revocation certificate stored as '/etc/pacman.d/gnupg/openpgp-revocs.d/9B344C165483CEACB2670FAA6D6D79E2B22FDAE3.rev'
2025-12-04T05:18:40.1500045Z gpg: Done
2025-12-04T05:18:40.1647342Z ==> Updating trust database...
2025-12-04T05:18:40.1965842Z gpg: marginals needed: 3  completes needed: 1  trust model: pgp
2025-12-04T05:18:40.1967317Z gpg: depth: 0  valid:   1  signed:   0  trust: 0-, 0q, 0n, 0m, 0f, 1u
2025-12-04T05:18:40.3002832Z ==> Appending keys from msys2.gpg...
2025-12-04T05:18:40.9169428Z ==> Locally signing trusted keys in keyring...
2025-12-04T05:18:41.4119959Z   -> Locally signed 5 keys.
2025-12-04T05:18:41.4240949Z ==> Importing owner trust values...
2025-12-04T05:18:41.4401194Z gpg: setting ownertrust to 4
2025-12-04T05:18:41.4401742Z gpg: setting ownertrust to 4
2025-12-04T05:18:41.4402170Z gpg: setting ownertrust to 4
2025-12-04T05:18:41.4402586Z gpg: setting ownertrust to 4
2025-12-04T05:18:41.4402932Z gpg: setting ownertrust to 4
2025-12-04T05:18:41.4625010Z ==> Disabling revoked keys in keyring...
2025-12-04T05:18:41.6912877Z   -> Disabled 4 keys.
2025-12-04T05:18:41.7037953Z ==> Updating trust database...
2025-12-04T05:18:41.7399759Z gpg: marginals needed: 3  completes needed: 1  trust model: pgp
2025-12-04T05:18:41.7426139Z gpg: depth: 0  valid:   1  signed:   5  trust: 0-, 0q, 0n, 0m, 0f, 1u
2025-12-04T05:18:41.7460077Z gpg: depth: 1  valid:   5  signed:   7  trust: 0-, 0q, 0n, 5m, 0f, 0u
2025-12-04T05:18:41.7472277Z gpg: depth: 2  valid:   4  signed:   2  trust: 4-, 0q, 0n, 0m, 0f, 0u
2025-12-04T05:18:41.7476206Z gpg: next trustdb check due at 2025-12-16
2025-12-04T05:18:41.7808867Z pacman-key (pacman) 6.1.0
2025-12-04T05:18:41.7809661Z Copyright (c) 2010-2024 Pacman Development Team <pacman-dev@lists.archlinux.org>.
2025-12-04T05:18:41.7810139Z 
2025-12-04T05:18:41.7942884Z This is free software; see the source for copying conditions.
2025-12-04T05:18:41.7943514Z There is NO WARRANTY, to the extent permitted by law.
2025-12-04T05:18:41.9860178Z [1;32mInitial setup complete. MSYS2 is now ready to use.[1;0m
2025-12-04T05:18:42.0003820Z MINGW64_NT-10.0-20348 runnervmeol0e 3.6.4-23a25d49.x86_64 2025-07-16 16:15 UTC x86_64 Msys
2025-12-04T05:18:42.0042753Z ##[endgroup]
2025-12-04T05:18:42.0043110Z ##[group]Disable CheckSpace...
2025-12-04T05:18:42.0923633Z [command]C:\Windows\system32\cmd.exe /D /S /C D:\a\_temp\setup-msys2\msys2.cmd -c "'sed' '-i' 's/^CheckSpace/#CheckSpace/g' '/etc/pacman.conf'"
2025-12-04T05:18:42.2935188Z ##[endgroup]
2025-12-04T05:18:42.2935567Z ##[group]Updating packages...
2025-12-04T05:18:42.3729921Z [command]C:\Windows\system32\cmd.exe /D /S /C D:\a\_temp\setup-msys2\msys2.cmd -c "'pacman' '--noconfirm' '-Syuu' '--overwrite' '*'"
2025-12-04T05:18:43.0032385Z :: Synchronizing package databases...
2025-12-04T05:18:45.6527089Z  clangarm64 downloading...
2025-12-04T05:18:45.6527469Z  mingw32 downloading...
2025-12-04T05:18:45.6527665Z  mingw64 downloading...
2025-12-04T05:18:45.6527854Z  ucrt64 downloading...
2025-12-04T05:18:45.6528040Z  clang64 downloading...
2025-12-04T05:18:45.6528213Z  msys downloading...
2025-12-04T05:18:46.0848401Z :: Starting core system upgrade...
2025-12-04T05:18:46.2715392Z warning: terminate other MSYS2 programs before proceeding
2025-12-04T05:18:46.2717333Z resolving dependencies...
2025-12-04T05:18:46.2813865Z looking for conflicting packages...
2025-12-04T05:18:46.2828630Z 
2025-12-04T05:18:46.2829175Z Packages (3) mintty-1~3.8.1-1  msys2-runtime-3.6.5-1  pacman-6.1.0-20
2025-12-04T05:18:46.2829547Z 
2025-12-04T05:18:46.2829652Z Total Installed Size:  45.78 MiB
2025-12-04T05:18:46.2829973Z Net Upgrade Size:      -7.30 MiB
2025-12-04T05:18:46.2830188Z 
2025-12-04T05:18:46.2835883Z :: Proceed with installation? [Y/n] 
2025-12-04T05:18:46.2836327Z checking keyring...
2025-12-04T05:18:46.3404397Z checking package integrity...
2025-12-04T05:18:46.8852629Z loading package files...
2025-12-04T05:18:46.8927673Z checking for file conflicts...
2025-12-04T05:18:46.8933421Z :: Processing package changes...
2025-12-04T05:18:46.8933837Z upgrading mintty...
2025-12-04T05:18:46.9786797Z upgrading msys2-runtime...
2025-12-04T05:18:47.1219169Z upgrading pacman...
2025-12-04T05:18:47.4486601Z :: To complete this update all MSYS2 processes including this terminal will be closed. Confirm to proceed [Y/n] 
2025-12-04T05:18:47.7226343Z ##[endgroup]
2025-12-04T05:18:47.7226735Z ##[group]Killing remaining tasks...
2025-12-04T05:18:47.8096929Z [command]C:\Windows\system32\taskkill.exe /F /FI "MODULES eq msys-2.0.dll"
2025-12-04T05:18:47.9050449Z 
2025-12-04T05:18:47.9051045Z INFO: No tasks running with the specified criteria.
2025-12-04T05:18:47.9079458Z ##[endgroup]
2025-12-04T05:18:47.9079841Z ##[group]Final system upgrade...
2025-12-04T05:18:47.9848089Z [command]C:\Windows\system32\cmd.exe /D /S /C D:\a\_temp\setup-msys2\msys2.cmd -c "'pacman' '--noconfirm' '-Syuu' '--overwrite' '*'"
2025-12-04T05:18:48.6185234Z :: Synchronizing package databases...
2025-12-04T05:18:49.5588550Z  clangarm64 downloading...
2025-12-04T05:18:49.5589227Z  mingw32 downloading...
2025-12-04T05:18:49.5589540Z  mingw64 downloading...
2025-12-04T05:18:49.5589873Z  ucrt64 downloading...
2025-12-04T05:18:49.5590166Z  clang64 downloading...
2025-12-04T05:18:49.5590443Z  msys downloading...
2025-12-04T05:18:49.9750579Z :: Starting core system upgrade...
2025-12-04T05:18:50.1633338Z  there is nothing to do
2025-12-04T05:18:50.1633760Z :: Starting full system upgrade...
2025-12-04T05:18:50.1935152Z resolving dependencies...
2025-12-04T05:18:50.2011353Z looking for conflicting packages...
2025-12-04T05:18:50.2081409Z 
2025-12-04T05:18:50.2083164Z Packages (23) bash-completion-2.17.0-2  brotli-1.2.0-1  bsdtar-3.8.4-1  curl-8.17.0-1  less-685-1  libcurl-8.17.0-1  libexpat-2.7.3-1  libffi-3.5.2-1  libgnutls-3.8.11-1  libgpg-error-1.56-1  libnghttp2-1.68.0-1  libnghttp3-1.13.1-1  libngtcp2-1.18.0-1  libopenssl-3.6.0-1  libp11-kit-0.25.10-1  libpcre2_8-10.47-1  libsqlite-3.51.1-1  libxcrypt-4.5.2-1  msys2-keyring-1~20251012-1  nano-8.7-1  openssl-3.6.0-1  p11-kit-0.25.10-1  tar-1.35-3
2025-12-04T05:18:50.2084668Z 
2025-12-04T05:18:50.2084825Z Total Installed Size:  31.33 MiB
2025-12-04T05:18:50.2085103Z Net Upgrade Size:       0.57 MiB
2025-12-04T05:18:50.2085289Z 
2025-12-04T05:18:50.2114580Z :: Proceed with installation? [Y/n] 
2025-12-04T05:18:50.2115070Z checking keyring...
2025-12-04T05:18:50.2669782Z checking package integrity...
2025-12-04T05:18:53.1422946Z loading package files...
2025-12-04T05:18:53.1835868Z checking for file conflicts...
2025-12-04T05:18:53.1901942Z :: Processing package changes...
2025-12-04T05:18:53.1902264Z upgrading bash-completion...
2025-12-04T05:18:54.0286448Z upgrading brotli...
2025-12-04T05:18:54.0396355Z upgrading libexpat...
2025-12-04T05:18:54.0439428Z upgrading libopenssl...
2025-12-04T05:18:54.0700218Z upgrading bsdtar...
2025-12-04T05:18:54.0776128Z upgrading libnghttp3...
2025-12-04T05:18:54.0836325Z upgrading libngtcp2...
2025-12-04T05:18:54.0913906Z upgrading libnghttp2...
2025-12-04T05:18:54.0973633Z upgrading openssl...
2025-12-04T05:18:54.2023542Z upgrading libffi...
2025-12-04T05:18:54.2126032Z upgrading libxcrypt...
2025-12-04T05:18:54.2170027Z upgrading libpcre2_8...
2025-12-04T05:18:54.2221777Z upgrading less...
2025-12-04T05:18:54.2311091Z upgrading libp11-kit...
2025-12-04T05:18:54.2379861Z upgrading p11-kit...
2025-12-04T05:18:54.3872596Z upgrading libcurl...
2025-12-04T05:18:54.3939108Z upgrading curl...
2025-12-04T05:18:54.8382369Z upgrading libgnutls...
2025-12-04T05:18:54.8915934Z upgrading libgpg-error...
2025-12-04T05:18:54.9294380Z upgrading libsqlite...
2025-12-04T05:18:54.9392787Z upgrading msys2-keyring...
2025-12-04T05:18:55.2861275Z ==> Appending keys from msys2.gpg...
2025-12-04T05:18:55.7733699Z ==> Updating trust database...
2025-12-04T05:18:55.7894145Z gpg: next trustdb check due at 2026-04-10
2025-12-04T05:18:55.8694206Z upgrading nano...
2025-12-04T05:18:55.9731172Z upgrading tar...
2025-12-04T05:18:56.0507554Z :: Running post-transaction hooks...
2025-12-04T05:18:56.0508038Z (1/1) Updating the info directory file...
2025-12-04T05:18:57.0262172Z ##[endgroup]
2025-12-04T05:18:57.0262616Z ##[group]Installing additional packages through pacman...
2025-12-04T05:18:57.1153760Z [command]C:\Windows\system32\cmd.exe /D /S /C D:\a\_temp\setup-msys2\msys2.cmd -c "'pacman' '--noconfirm' '-S' '--needed' '--overwrite' '*' 'git' 'base-devel' 'mingw-w64-ucrt-x86_64-toolchain' 'mingw-w64-ucrt-x86_64-cmake' 'mingw-w64-ucrt-x86_64-libarchive' 'mingw-w64-ucrt-x86_64-python' 'mingw-w64-ucrt-x86_64-ruby' 'mingw-w64-ucrt-x86_64-python-pip' 'mingw-w64-ucrt-x86_64-python-setuptools' 'mingw-w64-ucrt-x86_64-python-wheel' 'mingw-w64-ucrt-x86_64-rust'"
2025-12-04T05:18:57.9290877Z :: There are 13 members in group mingw-w64-ucrt-x86_64-toolchain:
2025-12-04T05:18:57.9291492Z :: Repository ucrt64
2025-12-04T05:18:57.9292982Z    1) mingw-w64-ucrt-x86_64-binutils  2) mingw-w64-ucrt-x86_64-crt-git  3) mingw-w64-ucrt-x86_64-gcc  4) mingw-w64-ucrt-x86_64-gdb  5) mingw-w64-ucrt-x86_64-gdb-multiarch  6) mingw-w64-ucrt-x86_64-headers-git  7) mingw-w64-ucrt-x86_64-libmangle-git  8) mingw-w64-ucrt-x86_64-libwinpthread  9) mingw-w64-ucrt-x86_64-make  10) mingw-w64-ucrt-x86_64-pkgconf  11) mingw-w64-ucrt-x86_64-tools-git  12) mingw-w64-ucrt-x86_64-winpthreads  13) mingw-w64-ucrt-x86_64-winstorecompat-git
2025-12-04T05:18:57.9294346Z 
2025-12-04T05:18:57.9294434Z Enter a selection (default=all): 
2025-12-04T05:18:57.9294661Z resolving dependencies...
2025-12-04T05:18:57.9427847Z looking for conflicting packages...
2025-12-04T05:18:57.9558008Z 
2025-12-04T05:18:57.9572036Z Packages (125) binutils-2.45.1-1  bison-3.8.2-5  diffstat-1.68-1  diffutils-3.12-1  dos2unix-7.5.3-1  flex-2.6.4-4  heimdal-7.8.0-5  libcbor-0.12.0-1  libfido2-1.16.0-1  m4-1.4.19-2  make-4.4.1-2  mingw-w64-ucrt-x86_64-brotli-1.2.0-1  mingw-w64-ucrt-x86_64-bzip2-1.0.8-3  mingw-w64-ucrt-x86_64-c-ares-1.34.5-1  mingw-w64-ucrt-x86_64-ca-certificates-20250419-1  mingw-w64-ucrt-x86_64-cppdap-1.65-1  mingw-w64-ucrt-x86_64-curl-8.17.0-1  mingw-w64-ucrt-x86_64-expat-2.7.3-1  mingw-w64-ucrt-x86_64-gcc-libs-15.2.0-8  mingw-w64-ucrt-x86_64-gdbm-1.19-5  mingw-w64-ucrt-x86_64-gettext-runtime-0.26-2  mingw-w64-ucrt-x86_64-gmp-6.3.0-2  mingw-w64-ucrt-x86_64-gnutls-3.8.11-1  mingw-w64-ucrt-x86_64-http-parser-2.9.4-2  mingw-w64-ucrt-x86_64-isl-0.27-1  mingw-w64-ucrt-x86_64-jsoncpp-1.9.6-3  mingw-w64-ucrt-x86_64-libb2-0.98.1-3  mingw-w64-ucrt-x86_64-libffi-3.5.2-1  mingw-w64-ucrt-x86_64-libgit2-1.9.1-1  mingw-w64-ucrt-x86_64-libiconv-1.18-1  mingw-w64-ucrt-x86_64-libidn2-2.3.8-4  mingw-w64-ucrt-x86_64-libpsl-0.21.5-3  mingw-w64-ucrt-x86_64-libssh2-1.11.1-1  mingw-w64-ucrt-x86_64-libsystre-1.0.2-2  mingw-w64-ucrt-x86_64-libtasn1-4.20.0-1  mingw-w64-ucrt-x86_64-libtre-0.9.0-2  mingw-w64-ucrt-x86_64-libunistring-1.3-1  mingw-w64-ucrt-x86_64-libuv-1.51.0-1  mingw-w64-ucrt-x86_64-libxml2-2.15.1-2  mingw-w64-ucrt-x86_64-libyaml-0.2.5-2  mingw-w64-ucrt-x86_64-llvm-libs-21.1.5-1  mingw-w64-ucrt-x86_64-lz4-1.10.0-1  mingw-w64-ucrt-x86_64-mpc-1.3.1-2  mingw-w64-ucrt-x86_64-mpdecimal-4.0.1-1  mingw-w64-ucrt-x86_64-mpfr-4.2.2-1  mingw-w64-ucrt-x86_64-ncurses-6.5.20250927-2  mingw-w64-ucrt-x86_64-nettle-3.10.2-1  mingw-w64-ucrt-x86_64-nghttp2-1.68.0-1  mingw-w64-ucrt-x86_64-nghttp3-1.13.1-1  mingw-w64-ucrt-x86_64-ngtcp2-1.18.0-1  mingw-w64-ucrt-x86_64-ninja-1.13.2-1  mingw-w64-ucrt-x86_64-openssl-3.6.0-1  mingw-w64-ucrt-x86_64-p11-kit-0.25.10-1  mingw-w64-ucrt-x86_64-pcre2-10.47-1  mingw-w64-ucrt-x86_64-python-distlib-0.4.0-1  mingw-w64-ucrt-x86_64-python-packaging-25.0-1  mingw-w64-ucrt-x86_64-readline-8.3.001-1  mingw-w64-ucrt-x86_64-rhash-1.4.6-1  mingw-w64-ucrt-x86_64-sqlite3-3.51.1-1  mingw-w64-ucrt-x86_64-tcl-8.6.17-1  mingw-w64-ucrt-x86_64-termcap-1.3.1-7  mingw-w64-ucrt-x86_64-tk-8.6.17-2  mingw-w64-ucrt-x86_64-tzdata-2025b-2  mingw-w64-ucrt-x86_64-windows-default-manifest-6.4-4  mingw-w64-ucrt-x86_64-wineditline-2.208-1  mingw-w64-ucrt-x86_64-xxhash-0.8.3-1  mingw-w64-ucrt-x86_64-xz-5.8.1-2  mingw-w64-ucrt-x86_64-zlib-1.3.1-1  mingw-w64-ucrt-x86_64-zstd-1.5.7-1  openssh-10.2p1-1  patch-2.7.6-3  perl-Authen-SASL-2.1900-1  perl-Clone-0.47-2  perl-Convert-BinHex-1.125-2  perl-Encode-Locale-1.05-2  perl-Error-0.17030-1  perl-File-Listing-6.16-1  perl-HTML-Parser-3.83-2  perl-HTML-Tagset-3.24-1  perl-HTTP-Cookies-6.11-1  perl-HTTP-Daemon-6.16-1  perl-HTTP-Date-6.06-1  perl-HTTP-Message-7.01-1  perl-HTTP-Negotiate-6.01-3  perl-IO-HTML-1.004-2  perl-IO-Socket-SSL-2.095-1  perl-IO-Stringy-2.113-2  perl-LWP-MediaTypes-6.04-2  perl-MIME-tools-5.515-1  perl-MailTools-2.22-1  perl-Net-HTTP-6.24-1  perl-Net-SMTP-SSL-1.04-2  perl-Net-SSLeay-1.94-3  perl-TermReadKey-2.38-7  perl-TimeDate-2.33-2  perl-Try-Tiny-0.32-1  perl-URI-5.34-1  perl-WWW-RobotRules-6.02-3  perl-http-cookiejar-0.014-1  perl-libwww-6.81-1  texinfo-7.2-2  texinfo-tex-7.2-2  base-devel-2024.11-1  git-2.52.0-2  mingw-w64-ucrt-x86_64-binutils-2.45.1-1  mingw-w64-ucrt-x86_64-cmake-4.2.0-1  mingw-w64-ucrt-x86_64-crt-git-13.0.0.r338.gc1c6b0ff3-1  mingw-w64-ucrt-x86_64-gcc-15.2.0-8  mingw-w64-ucrt-x86_64-gdb-16.3-1  mingw-w64-ucrt-x86_64-gdb-multiarch-16.3-1  mingw-w64-ucrt-x86_64-headers-git-13.0.0.r338.gc1c6b0ff3-1  mingw-w64-ucrt-x86_64-libarchive-3.8.4-1  mingw-w64-ucrt-x86_64-libmangle-git-13.0.0.r338.gc1c6b0ff3-1  mingw-w64-ucrt-x86_64-libwinpthread-13.0.0.r338.gc1c6b0ff3-1  mingw-w64-ucrt-x86_64-make-4.4.1-4  mingw-w64-ucrt-x86_64-pkgconf-1~2.5.1-1  mingw-w64-ucrt-x86_64-python-3.12.12-1  mingw-w64-ucrt-x86_64-python-pip-25.3-1  mingw-w64-ucrt-x86_64-python-setuptools-80.9.0-2  mingw-w64-ucrt-x86_64-python-wheel-0.45.1-1  mingw-w64-ucrt-x86_64-ruby-3.4.6-1  mingw-w64-ucrt-x86_64-rust-1.91.1-1  mingw-w64-ucrt-x86_64-tools-git-13.0.0.r338.gc1c6b0ff3-1  mingw-w64-ucrt-x86_64-winpthreads-13.0.0.r338.gc1c6b0ff3-1  mingw-w64-ucrt-x86_64-winstorecompat-git-13.0.0.r338.gc1c6b0ff3-1
2025-12-04T05:18:57.9584054Z 
2025-12-04T05:18:57.9584139Z Total Installed Size:  1591.43 MiB
2025-12-04T05:18:57.9584297Z 
2025-12-04T05:18:57.9737182Z :: Proceed with installation? [Y/n] 
2025-12-04T05:18:57.9737722Z checking keyring...
2025-12-04T05:18:58.0599465Z checking package integrity...
2025-12-04T05:19:17.7411555Z loading package files...
2025-12-04T05:19:18.1514117Z checking for file conflicts...
2025-12-04T05:19:20.9979624Z :: Processing package changes...
2025-12-04T05:19:20.9979967Z installing heimdal...
2025-12-04T05:19:21.6371125Z installing libcbor...
2025-12-04T05:19:21.6400971Z installing libfido2...
2025-12-04T05:19:21.6435910Z installing openssh...
2025-12-04T05:19:21.6825903Z installing perl-Error...
2025-12-04T05:19:21.6905344Z installing perl-Authen-SASL...
2025-12-04T05:19:21.7130000Z installing perl-Encode-Locale...
2025-12-04T05:19:21.7188919Z installing perl-HTTP-Date...
2025-12-04T05:19:21.7247015Z installing perl-File-Listing...
2025-12-04T05:19:21.7306070Z installing perl-HTML-Tagset...
2025-12-04T05:19:21.7366930Z installing perl-Clone...
2025-12-04T05:19:21.7427279Z installing perl-IO-HTML...
2025-12-04T05:19:21.7486366Z installing perl-LWP-MediaTypes...
2025-12-04T05:19:21.7562267Z installing perl-URI...
2025-12-04T05:19:21.8221010Z installing perl-HTTP-Message...
2025-12-04T05:19:21.8424204Z installing perl-HTML-Parser...
2025-12-04T05:19:21.8575859Z installing perl-HTTP-Cookies...
2025-12-04T05:19:21.8662383Z installing perl-HTTP-Daemon...
2025-12-04T05:19:21.8711401Z installing perl-http-cookiejar...
2025-12-04T05:19:21.8785772Z installing perl-HTTP-Negotiate...
2025-12-04T05:19:21.8831296Z installing perl-Net-HTTP...
2025-12-04T05:19:21.8940439Z installing perl-WWW-RobotRules...
2025-12-04T05:19:21.9019514Z installing perl-Try-Tiny...
2025-12-04T05:19:21.9089800Z installing perl-libwww...
2025-12-04T05:19:21.9478744Z Optional dependencies for perl-libwww
2025-12-04T05:19:21.9479302Z     perl-LWP-Protocol-https: for https:// url schemes
2025-12-04T05:19:21.9479671Z installing perl-TimeDate...
2025-12-04T05:19:21.9886791Z installing perl-MailTools...
2025-12-04T05:19:22.0166563Z installing perl-IO-Stringy...
2025-12-04T05:19:22.0307915Z installing perl-Convert-BinHex...
2025-12-04T05:19:22.1614597Z module test... pass.
2025-12-04T05:19:22.1624482Z installing perl-MIME-tools...
2025-12-04T05:19:22.2013963Z installing perl-Net-SSLeay...
2025-12-04T05:19:22.2773478Z installing perl-IO-Socket-SSL...
2025-12-04T05:19:22.2905993Z installing perl-Net-SMTP-SSL...
2025-12-04T05:19:22.2953718Z installing perl-TermReadKey...
2025-12-04T05:19:22.3035686Z installing git...
2025-12-04T05:19:22.8691127Z Optional dependencies for git
2025-12-04T05:19:22.8691598Z     python: various helper scripts
2025-12-04T05:19:22.8691984Z     subversion: git svn
2025-12-04T05:19:22.8692304Z     aspell: spell checking in git gui
2025-12-04T05:19:22.8692685Z installing binutils...
2025-12-04T05:19:23.1074138Z installing m4...
2025-12-04T05:19:23.1150131Z installing bison...
2025-12-04T05:19:23.2848280Z installing diffstat...
2025-12-04T05:19:23.2896577Z installing diffutils...
2025-12-04T05:19:23.3283593Z installing dos2unix...
2025-12-04T05:19:23.4286605Z installing flex...
2025-12-04T05:19:23.4613577Z installing texinfo...
2025-12-04T05:19:23.9759299Z installing texinfo-tex...
2025-12-04T05:19:23.9830797Z installing make...
2025-12-04T05:19:24.0188464Z installing patch...
2025-12-04T05:19:24.0231481Z Optional dependencies for patch
2025-12-04T05:19:24.0231987Z     ed: for patch -e functionality
2025-12-04T05:19:24.0232455Z installing base-devel...
2025-12-04T05:19:24.0256977Z installing mingw-w64-ucrt-x86_64-libwinpthread...
2025-12-04T05:19:24.0305994Z installing mingw-w64-ucrt-x86_64-tzdata...
2025-12-04T05:19:25.7425171Z installing mingw-w64-ucrt-x86_64-gcc-libs...
2025-12-04T05:19:25.7588922Z installing mingw-w64-ucrt-x86_64-libiconv...
2025-12-04T05:19:25.7834297Z installing mingw-w64-ucrt-x86_64-gettext-runtime...
2025-12-04T05:19:25.9599459Z installing mingw-w64-ucrt-x86_64-zlib...
2025-12-04T05:19:25.9682993Z installing mingw-w64-ucrt-x86_64-zstd...
2025-12-04T05:19:25.9878291Z installing mingw-w64-ucrt-x86_64-binutils...
2025-12-04T05:19:26.2082574Z installing mingw-w64-ucrt-x86_64-headers-git...
2025-12-04T05:19:27.3923809Z installing mingw-w64-ucrt-x86_64-crt-git...
2025-12-04T05:19:28.0123587Z installing mingw-w64-ucrt-x86_64-gmp...
2025-12-04T05:19:28.0265773Z installing mingw-w64-ucrt-x86_64-isl...
2025-12-04T05:19:28.0880671Z installing mingw-w64-ucrt-x86_64-mpfr...
2025-12-04T05:19:28.1101175Z installing mingw-w64-ucrt-x86_64-mpc...
2025-12-04T05:19:28.1167880Z installing mingw-w64-ucrt-x86_64-windows-default-manifest...
2025-12-04T05:19:28.1197284Z installing mingw-w64-ucrt-x86_64-winpthreads...
2025-12-04T05:19:28.1295937Z installing mingw-w64-ucrt-x86_64-gcc...
2025-12-04T05:19:29.9786770Z installing mingw-w64-ucrt-x86_64-expat...
2025-12-04T05:19:29.9936386Z installing mingw-w64-ucrt-x86_64-libtre...
2025-12-04T05:19:30.0058685Z installing mingw-w64-ucrt-x86_64-libsystre...
2025-12-04T05:19:30.0146722Z installing mingw-w64-ucrt-x86_64-ncurses...
2025-12-04T05:19:34.5504596Z installing mingw-w64-ucrt-x86_64-bzip2...
2025-12-04T05:19:34.5684771Z installing mingw-w64-ucrt-x86_64-libffi...
2025-12-04T05:19:34.5786657Z installing mingw-w64-ucrt-x86_64-mpdecimal...
2025-12-04T05:19:34.5931364Z installing mingw-w64-ucrt-x86_64-openssl...
2025-12-04T05:19:39.9480911Z Optional dependencies for mingw-w64-ucrt-x86_64-openssl
2025-12-04T05:19:39.9481529Z     mingw-w64-ucrt-x86_64-ca-certificates [pending]
2025-12-04T05:19:39.9482008Z installing mingw-w64-ucrt-x86_64-termcap...
2025-12-04T05:19:39.9533851Z installing mingw-w64-ucrt-x86_64-readline...
2025-12-04T05:19:39.9899731Z installing mingw-w64-ucrt-x86_64-sqlite3...
2025-12-04T05:19:40.1093882Z Optional dependencies for mingw-w64-ucrt-x86_64-sqlite3
2025-12-04T05:19:40.1094539Z     mingw-w64-ucrt-x86_64-tcl: for sqlite3_analyzer [pending]
2025-12-04T05:19:40.1095058Z installing mingw-w64-ucrt-x86_64-tcl...
2025-12-04T05:19:41.6233534Z installing mingw-w64-ucrt-x86_64-tk...
2025-12-04T05:19:42.1362846Z installing mingw-w64-ucrt-x86_64-xz...
2025-12-04T05:19:42.3715765Z installing mingw-w64-ucrt-x86_64-python...
2025-12-04T05:19:49.4903432Z installing mingw-w64-ucrt-x86_64-xxhash...
2025-12-04T05:19:49.5028323Z installing mingw-w64-ucrt-x86_64-gdb...
2025-12-04T05:19:49.6351820Z Optional dependencies for mingw-w64-ucrt-x86_64-gdb
2025-12-04T05:19:49.6352332Z     mingw-w64-ucrt-x86_64-python-pygments: for syntax highlighting
2025-12-04T05:19:49.6352812Z installing mingw-w64-ucrt-x86_64-gdb-multiarch...
2025-12-04T05:19:49.7011516Z Optional dependencies for mingw-w64-ucrt-x86_64-gdb-multiarch
2025-12-04T05:19:49.7012179Z     mingw-w64-ucrt-x86_64-python-pygments: for syntax highlighting
2025-12-04T05:19:49.7012610Z installing mingw-w64-ucrt-x86_64-libmangle-git...
2025-12-04T05:19:49.7059408Z installing mingw-w64-ucrt-x86_64-make...
2025-12-04T05:19:49.7121312Z installing mingw-w64-ucrt-x86_64-pkgconf...
2025-12-04T05:19:49.7292975Z installing mingw-w64-ucrt-x86_64-tools-git...
2025-12-04T05:19:49.7386540Z installing mingw-w64-ucrt-x86_64-winstorecompat-git...
2025-12-04T05:19:49.7424393Z installing mingw-w64-ucrt-x86_64-cppdap...
2025-12-04T05:19:49.7667958Z installing mingw-w64-ucrt-x86_64-c-ares...
2025-12-04T05:19:49.8843643Z installing mingw-w64-ucrt-x86_64-brotli...
2025-12-04T05:19:49.9065286Z installing mingw-w64-ucrt-x86_64-libunistring...
2025-12-04T05:19:49.9534564Z installing mingw-w64-ucrt-x86_64-libidn2...
2025-12-04T05:19:49.9832775Z installing mingw-w64-ucrt-x86_64-libpsl...
2025-12-04T05:19:49.9924841Z installing mingw-w64-ucrt-x86_64-libtasn1...
2025-12-04T05:19:50.0326367Z installing mingw-w64-ucrt-x86_64-p11-kit...
2025-12-04T05:19:50.0566107Z installing mingw-w64-ucrt-x86_64-ca-certificates...
2025-12-04T05:19:50.5869312Z installing mingw-w64-ucrt-x86_64-libssh2...
2025-12-04T05:19:50.7205392Z installing mingw-w64-ucrt-x86_64-nghttp2...
2025-12-04T05:19:50.7638273Z installing mingw-w64-ucrt-x86_64-nettle...
2025-12-04T05:19:50.8578225Z installing mingw-w64-ucrt-x86_64-gnutls...
2025-12-04T05:19:51.7781097Z installing mingw-w64-ucrt-x86_64-ngtcp2...
2025-12-04T05:19:51.8018007Z installing mingw-w64-ucrt-x86_64-nghttp3...
2025-12-04T05:19:51.8187079Z installing mingw-w64-ucrt-x86_64-curl...
2025-12-04T05:19:52.2233742Z installing mingw-w64-ucrt-x86_64-jsoncpp...
2025-12-04T05:19:52.2793053Z installing mingw-w64-ucrt-x86_64-libb2...
2025-12-04T05:19:52.2856743Z installing mingw-w64-ucrt-x86_64-lz4...
2025-12-04T05:19:52.3003292Z installing mingw-w64-ucrt-x86_64-libarchive...
2025-12-04T05:19:52.3464292Z installing mingw-w64-ucrt-x86_64-libuv...
2025-12-04T05:19:52.3675895Z installing mingw-w64-ucrt-x86_64-ninja...
2025-12-04T05:19:52.3730583Z installing mingw-w64-ucrt-x86_64-rhash...
2025-12-04T05:19:52.4084959Z installing mingw-w64-ucrt-x86_64-cmake...
2025-12-04T05:19:55.4927191Z Optional dependencies for mingw-w64-ucrt-x86_64-cmake
2025-12-04T05:19:55.4927790Z     mingw-w64-ucrt-x86_64-emacs: for cmake emacs mode
2025-12-04T05:19:55.4928257Z installing mingw-w64-ucrt-x86_64-gdbm...
2025-12-04T05:19:55.5182877Z installing mingw-w64-ucrt-x86_64-libyaml...
2025-12-04T05:19:55.5242632Z installing mingw-w64-ucrt-x86_64-ruby...
2025-12-04T05:19:58.6310369Z installing mingw-w64-ucrt-x86_64-python-setuptools...
2025-12-04T05:19:59.9065141Z installing mingw-w64-ucrt-x86_64-python-distlib...
2025-12-04T05:19:59.9509482Z installing mingw-w64-ucrt-x86_64-python-pip...
2025-12-04T05:20:01.2870303Z installing mingw-w64-ucrt-x86_64-python-packaging...
2025-12-04T05:20:01.3410428Z installing mingw-w64-ucrt-x86_64-python-wheel...
2025-12-04T05:20:01.3881726Z installing mingw-w64-ucrt-x86_64-http-parser...
2025-12-04T05:20:01.3930653Z installing mingw-w64-ucrt-x86_64-wineditline...
2025-12-04T05:20:01.4017645Z installing mingw-w64-ucrt-x86_64-pcre2...
2025-12-04T05:20:01.5853889Z installing mingw-w64-ucrt-x86_64-libgit2...
2025-12-04T05:20:01.6631540Z installing mingw-w64-ucrt-x86_64-libxml2...
2025-12-04T05:20:01.8375491Z Optional dependencies for mingw-w64-ucrt-x86_64-libxml2
2025-12-04T05:20:01.8376111Z     mingw-w64-ucrt-x86_64-python: Python bindings [installed]
2025-12-04T05:20:01.8376607Z installing mingw-w64-ucrt-x86_64-llvm-libs...
2025-12-04T05:20:02.0888029Z installing mingw-w64-ucrt-x86_64-rust...
2025-12-04T05:20:02.6674361Z Optional dependencies for mingw-w64-ucrt-x86_64-rust
2025-12-04T05:20:02.6674837Z     mingw-w64-ucrt-x86_64-gdb: for rust-gdb script [installed]
2025-12-04T05:20:02.6675175Z     mingw-w64-ucrt-x86_64-lldb: for rust-lldb script
2025-12-04T05:20:02.6998203Z :: Running post-transaction hooks...
2025-12-04T05:20:02.6999350Z (1/1) Updating the info directory file...
2025-12-04T05:20:03.8105175Z ##[endgroup]
2025-12-04T05:20:03.8105555Z ##[group]Saving package cache...
2025-12-04T05:20:03.8983174Z [command]C:\Windows\system32\cmd.exe /D /S /C D:\a\_temp\setup-msys2\msys2.cmd -c "'paccache' '-r' '-f' '-u' '-k0'"
2025-12-04T05:20:04.7031342Z ==> no candidate packages found for pruning
2025-12-04T05:20:04.7980203Z [command]C:\Windows\system32\cmd.exe /D /S /C D:\a\_temp\setup-msys2\msys2.cmd -c "'paccache' '-r' '-f' '-k1'"
2025-12-04T05:20:05.0989098Z ==> no candidate packages found for pruning
2025-12-04T05:20:05.5863783Z Cache unchanged, skipping save for msys2-pkgs-upd:true-conf:302aa722-files:0f7a37d9801209cb09fab8f988b7a8ae72867fca
2025-12-04T05:20:05.6774846Z [command]C:\Windows\system32\cmd.exe /D /S /C D:\a\_temp\setup-msys2\msys2.cmd -c "'pacman' '--noconfirm' '-Scc'"
2025-12-04T05:20:06.3902750Z 
2025-12-04T05:20:06.3903156Z Cache directory: /var/cache/pacman/pkg/
2025-12-04T05:20:06.4240308Z :: Do you want to remove ALL files from cache? [Y/n] 
2025-12-04T05:20:06.4240744Z removing all files from cache...
2025-12-04T05:20:06.4240902Z 
2025-12-04T05:20:06.4241013Z Database directory: /var/lib/pacman/
2025-12-04T05:20:06.4265133Z :: Do you want to remove unused repositories? [Y/n] 
2025-12-04T05:20:06.4265934Z removing unused sync repositories...
2025-12-04T05:20:06.4314928Z ##[endgroup]
2025-12-04T05:20:06.4537555Z ##[group]Run python3 -m pip install --upgrade pip setuptools wheel pybind11 build twine --break-system-packages
2025-12-04T05:20:06.4538366Z [36;1mpython3 -m pip install --upgrade pip setuptools wheel pybind11 build twine --break-system-packages[0m
2025-12-04T05:20:06.4544237Z shell: D:\a\_temp\setup-msys2\msys2.CMD {0}
2025-12-04T05:20:06.4544510Z env:
2025-12-04T05:20:06.4544660Z   MSYSTEM: UCRT64
2025-12-04T05:20:06.4544832Z ##[endgroup]
2025-12-04T05:20:07.5046937Z Requirement already satisfied: pip in d:/a/_temp/msys64/ucrt64/lib/python3.12/site-packages (25.3)
2025-12-04T05:20:07.6243061Z Requirement already satisfied: setuptools in d:/a/_temp/msys64/ucrt64/lib/python3.12/site-packages (80.9.0)
2025-12-04T05:20:07.8461611Z Requirement already satisfied: wheel in d:/a/_temp/msys64/ucrt64/lib/python3.12/site-packages (0.45.1)
2025-12-04T05:20:07.9319711Z Collecting pybind11
2025-12-04T05:20:07.9778420Z   Downloading pybind11-3.0.1-py3-none-any.whl.metadata (10.0 kB)
2025-12-04T05:20:08.0510699Z Collecting build
2025-12-04T05:20:08.0595653Z   Downloading build-1.3.0-py3-none-any.whl.metadata (5.6 kB)
2025-12-04T05:20:08.1212217Z Collecting twine
2025-12-04T05:20:08.1299135Z   Downloading twine-6.2.0-py3-none-any.whl.metadata (3.6 kB)
2025-12-04T05:20:08.1667664Z Requirement already satisfied: packaging>=19.1 in d:/a/_temp/msys64/ucrt64/lib/python3.12/site-packages (from build) (25.0)
2025-12-04T05:20:08.1892232Z Collecting pyproject_hooks (from build)
2025-12-04T05:20:08.1974720Z   Downloading pyproject_hooks-1.2.0-py3-none-any.whl.metadata (1.3 kB)
2025-12-04T05:20:08.2559924Z Collecting colorama (from build)
2025-12-04T05:20:08.2642767Z   Downloading colorama-0.4.6-py2.py3-none-any.whl.metadata (17 kB)
2025-12-04T05:20:08.3216845Z Collecting readme-renderer>=35.0 (from twine)
2025-12-04T05:20:08.3301915Z   Downloading readme_renderer-44.0-py3-none-any.whl.metadata (2.8 kB)
2025-12-04T05:20:08.4241886Z Collecting requests>=2.20 (from twine)
2025-12-04T05:20:08.4324780Z   Downloading requests-2.32.5-py3-none-any.whl.metadata (4.9 kB)
2025-12-04T05:20:08.4801056Z Collecting requests-toolbelt!=0.9.0,>=0.8.0 (from twine)
2025-12-04T05:20:08.4884305Z   Downloading requests_toolbelt-1.0.0-py2.py3-none-any.whl.metadata (14 kB)
2025-12-04T05:20:08.5629416Z Collecting urllib3>=1.26.0 (from twine)
2025-12-04T05:20:08.5713846Z   Downloading urllib3-2.5.0-py3-none-any.whl.metadata (6.5 kB)
2025-12-04T05:20:08.6616506Z Collecting keyring>=21.2.0 (from twine)
2025-12-04T05:20:08.6701033Z   Downloading keyring-25.7.0-py3-none-any.whl.metadata (21 kB)
2025-12-04T05:20:08.7264001Z Collecting rfc3986>=1.4.0 (from twine)
2025-12-04T05:20:08.7345148Z   Downloading rfc3986-2.0.0-py2.py3-none-any.whl.metadata (6.6 kB)
2025-12-04T05:20:08.8267724Z Collecting rich>=12.0.0 (from twine)
2025-12-04T05:20:08.8350669Z   Downloading rich-14.2.0-py3-none-any.whl.metadata (18 kB)
2025-12-04T05:20:08.8892927Z Collecting id (from twine)
2025-12-04T05:20:08.8977210Z   Downloading id-1.5.0-py3-none-any.whl.metadata (5.2 kB)
2025-12-04T05:20:08.9506005Z Collecting pywin32-ctypes>=0.2.0 (from keyring>=21.2.0->twine)
2025-12-04T05:20:08.9594640Z   Downloading pywin32_ctypes-0.2.3-py3-none-any.whl.metadata (3.9 kB)
2025-12-04T05:20:09.0062910Z Collecting jaraco.classes (from keyring>=21.2.0->twine)
2025-12-04T05:20:09.0156419Z   Downloading jaraco.classes-3.4.0-py3-none-any.whl.metadata (2.6 kB)
2025-12-04T05:20:09.0763099Z Collecting jaraco.functools (from keyring>=21.2.0->twine)
2025-12-04T05:20:09.0852313Z   Downloading jaraco_functools-4.3.0-py3-none-any.whl.metadata (2.9 kB)
2025-12-04T05:20:09.1337235Z Collecting jaraco.context (from keyring>=21.2.0->twine)
2025-12-04T05:20:09.1427575Z   Downloading jaraco.context-6.0.1-py3-none-any.whl.metadata (4.1 kB)
2025-12-04T05:20:09.2435666Z Collecting nh3>=0.2.14 (from readme-renderer>=35.0->twine)
2025-12-04T05:20:09.2541801Z   Downloading nh3-0.3.2.tar.gz (19 kB)
2025-12-04T05:20:09.3142859Z   Installing build dependencies: started
2025-12-04T05:21:13.1893054Z   Installing build dependencies: still running...
2025-12-04T05:22:14.2601149Z   Installing build dependencies: still running...
2025-12-04T05:23:18.9154387Z   Installing build dependencies: still running...
2025-12-04T05:24:29.3011712Z   Installing build dependencies: still running...
2025-12-04T05:24:35.0993093Z   Installing build dependencies: finished with status 'done'
2025-12-04T05:24:35.1011504Z   Getting requirements to build wheel: started
2025-12-04T05:24:35.1888084Z   Getting requirements to build wheel: finished with status 'done'
2025-12-04T05:24:35.1908410Z   Preparing metadata (pyproject.toml): started
2025-12-04T05:24:37.7003124Z   Preparing metadata (pyproject.toml): finished with status 'done'
2025-12-04T05:24:37.7433500Z Collecting docutils>=0.21.2 (from readme-renderer>=35.0->twine)
2025-12-04T05:24:37.7517252Z   Downloading docutils-0.22.3-py3-none-any.whl.metadata (15 kB)
2025-12-04T05:24:37.8119538Z Collecting Pygments>=2.5.1 (from readme-renderer>=35.0->twine)
2025-12-04T05:24:37.8199344Z   Downloading pygments-2.19.2-py3-none-any.whl.metadata (2.5 kB)
2025-12-04T05:24:37.9695787Z Collecting charset_normalizer<4,>=2 (from requests>=2.20->twine)
2025-12-04T05:24:37.9786852Z   Downloading charset_normalizer-3.4.4-py3-none-any.whl.metadata (37 kB)
2025-12-04T05:24:38.0332015Z Collecting idna<4,>=2.5 (from requests>=2.20->twine)
2025-12-04T05:24:38.0415840Z   Downloading idna-3.11-py3-none-any.whl.metadata (8.4 kB)
2025-12-04T05:24:38.1269700Z Collecting certifi>=2017.4.17 (from requests>=2.20->twine)
2025-12-04T05:24:38.1353758Z   Downloading certifi-2025.11.12-py3-none-any.whl.metadata (2.5 kB)
2025-12-04T05:24:38.2182338Z Collecting markdown-it-py>=2.2.0 (from rich>=12.0.0->twine)
2025-12-04T05:24:38.2266097Z   Downloading markdown_it_py-4.0.0-py3-none-any.whl.metadata (7.3 kB)
2025-12-04T05:24:38.2811045Z Collecting mdurl~=0.1 (from markdown-it-py>=2.2.0->rich>=12.0.0->twine)
2025-12-04T05:24:38.2889636Z   Downloading mdurl-0.1.2-py3-none-any.whl.metadata (1.6 kB)
2025-12-04T05:24:38.3491974Z Collecting more-itertools (from jaraco.classes->keyring>=21.2.0->twine)
2025-12-04T05:24:38.3578344Z   Downloading more_itertools-10.8.0-py3-none-any.whl.metadata (39 kB)
2025-12-04T05:24:38.3927458Z Downloading pybind11-3.0.1-py3-none-any.whl (293 kB)
2025-12-04T05:24:38.4290341Z Downloading build-1.3.0-py3-none-any.whl (23 kB)
2025-12-04T05:24:38.4512442Z Downloading twine-6.2.0-py3-none-any.whl (42 kB)
2025-12-04T05:24:38.4779954Z Downloading keyring-25.7.0-py3-none-any.whl (39 kB)
2025-12-04T05:24:38.5022555Z Downloading pywin32_ctypes-0.2.3-py3-none-any.whl (30 kB)
2025-12-04T05:24:38.5228103Z Downloading readme_renderer-44.0-py3-none-any.whl (13 kB)
2025-12-04T05:24:38.5468438Z Downloading docutils-0.22.3-py3-none-any.whl (633 kB)
2025-12-04T05:24:38.5723261Z    ---------------------------------------- 633.0/633.0 kB 12.0 MB/s  0:00:00
2025-12-04T05:24:38.5803065Z Downloading pygments-2.19.2-py3-none-any.whl (1.2 MB)
2025-12-04T05:24:38.6194289Z    ---------------------------------------- 1.2/1.2 MB 20.5 MB/s  0:00:00
2025-12-04T05:24:38.6274136Z Downloading requests-2.32.5-py3-none-any.whl (64 kB)
2025-12-04T05:24:38.6487187Z Downloading charset_normalizer-3.4.4-py3-none-any.whl (53 kB)
2025-12-04T05:24:38.6702828Z Downloading idna-3.11-py3-none-any.whl (71 kB)
2025-12-04T05:24:38.6953248Z Downloading urllib3-2.5.0-py3-none-any.whl (129 kB)
2025-12-04T05:24:38.7203731Z Downloading certifi-2025.11.12-py3-none-any.whl (159 kB)
2025-12-04T05:24:38.7691789Z Downloading requests_toolbelt-1.0.0-py2.py3-none-any.whl (54 kB)
2025-12-04T05:24:38.7970414Z Downloading rfc3986-2.0.0-py2.py3-none-any.whl (31 kB)
2025-12-04T05:24:38.8179054Z Downloading rich-14.2.0-py3-none-any.whl (243 kB)
2025-12-04T05:24:38.8399015Z Downloading markdown_it_py-4.0.0-py3-none-any.whl (87 kB)
2025-12-04T05:24:38.8628014Z Downloading mdurl-0.1.2-py3-none-any.whl (10.0 kB)
2025-12-04T05:24:38.8839842Z Downloading colorama-0.4.6-py2.py3-none-any.whl (25 kB)
2025-12-04T05:24:38.9093721Z Downloading id-1.5.0-py3-none-any.whl (13 kB)
2025-12-04T05:24:38.9302639Z Downloading jaraco.classes-3.4.0-py3-none-any.whl (6.8 kB)
2025-12-04T05:24:38.9613164Z Downloading jaraco.context-6.0.1-py3-none-any.whl (6.8 kB)
2025-12-04T05:24:38.9831955Z Downloading jaraco_functools-4.3.0-py3-none-any.whl (10 kB)
2025-12-04T05:24:39.0086544Z Downloading more_itertools-10.8.0-py3-none-any.whl (69 kB)
2025-12-04T05:24:39.0312536Z Downloading pyproject_hooks-1.2.0-py3-none-any.whl (10 kB)
2025-12-04T05:24:39.1029455Z Building wheels for collected packages: nh3
2025-12-04T05:24:39.1058462Z   Building wheel for nh3 (pyproject.toml): started
2025-12-04T05:25:17.2133634Z   Building wheel for nh3 (pyproject.toml): finished with status 'done'
2025-12-04T05:25:17.2160512Z   Created wheel for nh3: filename=nh3-0.3.2-cp38-abi3-win_amd64.whl size=1300734 sha256=473dde1bc0464f92b1149dd5ac9879cc0acb0a894baf5508b7b7c2ab4d3c7934
2025-12-04T05:25:17.2163278Z   Stored in directory: c:/users/runneradmin/appdata/local/pip/cache/wheels/34/94/6a/43d6f190bbc4fd5668530bdbddf76084901eff53ee17344478
2025-12-04T05:25:17.2194684Z Successfully built nh3
2025-12-04T05:25:17.2884158Z Installing collected packages: urllib3, rfc3986, pywin32-ctypes, pyproject_hooks, Pygments, pybind11, nh3, more-itertools, mdurl, jaraco.context, idna, docutils, colorama, charset_normalizer, certifi, requests, readme-renderer, markdown-it-py, jaraco.functools, jaraco.classes, build, rich, requests-toolbelt, keyring, id, twine
2025-12-04T05:25:20.1524664Z 
2025-12-04T05:25:20.1575304Z Successfully installed Pygments-2.19.2 build-1.3.0 certifi-2025.11.12 charset_normalizer-3.4.4 colorama-0.4.6 docutils-0.22.3 id-1.5.0 idna-3.11 jaraco.classes-3.4.0 jaraco.context-6.0.1 jaraco.functools-4.3.0 keyring-25.7.0 markdown-it-py-4.0.0 mdurl-0.1.2 more-itertools-10.8.0 nh3-0.3.2 pybind11-3.0.1 pyproject_hooks-1.2.0 pywin32-ctypes-0.2.3 readme-renderer-44.0 requests-2.32.5 requests-toolbelt-1.0.0 rfc3986-2.0.0 rich-14.2.0 twine-6.2.0 urllib3-2.5.0
2025-12-04T05:25:20.1658804Z warning: externally-managed-environment
2025-12-04T05:25:20.1659211Z 
2025-12-04T05:25:20.1659409Z This environment is externally managed
2025-12-04T05:25:20.1660149Z 
2025-12-04T05:25:20.1660400Z To install Python packages system-wide, try 'pacman -S
2025-12-04T05:25:20.1661084Z $MINGW_PACKAGE_PREFIX-python-xyz', where xyz is the package you
2025-12-04T05:25:20.1661648Z are trying to install.
2025-12-04T05:25:20.1661856Z 
2025-12-04T05:25:20.1662094Z If you wish to install a non-MSYS2-packaged Python package,
2025-12-04T05:25:20.1662805Z create a virtual environment using 'python -m venv path/to/venv'.
2025-12-04T05:25:20.1663475Z Then use path/to/venv/bin/python and path/to/venv/bin/pip.
2025-12-04T05:25:20.1663852Z 
2025-12-04T05:25:20.1664124Z If you wish to install a non-MSYS2 packaged Python application,
2025-12-04T05:25:20.1664791Z it may be easiest to use 'pipx install xyz', which will manage a
2025-12-04T05:25:20.1665575Z virtual environment for you. Make sure you have $MINGW_PACKAGE_PREFIX-python-pipx
2025-12-04T05:25:20.1666260Z installed via pacman.
2025-12-04T05:25:20.1666472Z 
2025-12-04T05:25:20.1667545Z note: If you believe this is a mistake, please contact your Python installation or OS distribution provider. You can override this, at the risk of breaking your Python installation or OS, by passing --break-system-packages.
2025-12-04T05:25:20.1669015Z hint: See PEP 668 for the detailed specification.
2025-12-04T05:25:20.4831202Z ##[group]Run ./build.sh --rebuild-all --package-python --package-ruby
2025-12-04T05:25:20.4831969Z [36;1m./build.sh --rebuild-all --package-python --package-ruby[0m
2025-12-04T05:25:20.4832579Z [36;1mpython3 .github/scripts/ci/run_with_timeout.py 120 bash ./run_tests.sh[0m
2025-12-04T05:25:20.4835097Z shell: D:\a\_temp\setup-msys2\msys2.CMD {0}
2025-12-04T05:25:20.4835407Z env:
2025-12-04T05:25:20.4835586Z   MSYSTEM: UCRT64
2025-12-04T05:25:20.4835883Z   ARCHIVE_R_BUILD_NO_ISOLATION: 1
2025-12-04T05:25:20.4836176Z ##[endgroup]
2025-12-04T05:25:20.6964468Z [0;34m▶[0m archive_r Build Starting...
2025-12-04T05:25:20.6967474Z [0;34m▶[0m Cleaning core build artifacts...
2025-12-04T05:25:20.7108609Z [0;32m✓[0m Core build directory cleaned
2025-12-04T05:25:20.7109308Z [0;34m▶[0m Cleaning Ruby binding artifacts...
2025-12-04T05:25:20.8023647Z [0;34m▶[0m Cleaning Python binding artifacts...
2025-12-04T05:25:20.8793032Z [0;32m✓[0m Binding artifacts cleaned
2025-12-04T05:25:20.8929811Z [0;34m▶[0m Configuring with CMake...
2025-12-04T05:25:20.9216780Z [0;34m▶[0m Detected MinGW/MSYS environment with make. Using 'Unix Makefiles' generator.
2025-12-04T05:25:21.1255325Z -- The CXX compiler identification is GNU 15.2.0
2025-12-04T05:25:21.1785350Z -- Detecting CXX compiler ABI info
2025-12-04T05:25:21.5295874Z -- Detecting CXX compiler ABI info - done
2025-12-04T05:25:21.5724898Z -- Check for working CXX compiler: D:/a/_temp/msys64/ucrt64/bin/c++.exe - skipped
2025-12-04T05:25:21.5728899Z -- Detecting CXX compile features
2025-12-04T05:25:21.5737575Z -- Detecting CXX compile features - done
2025-12-04T05:25:21.6498693Z -- Found LibArchive: D:/a/_temp/msys64/ucrt64/lib/libarchive.dll.a (found version "3.8.4")
2025-12-04T05:25:21.6519112Z -- Configuring done (0.7s)
2025-12-04T05:25:21.7900033Z -- Generating done (0.1s)
2025-12-04T05:25:21.7906953Z -- Build files have been written to: D:/a/archive_r/archive_r/build
2025-12-04T05:25:21.7987747Z [0;34m▶[0m Building core library...
2025-12-04T05:25:22.0450641Z [  1%] Building CXX object CMakeFiles/archive_r_core.dir/src/archive_type.cc.obj
2025-12-04T05:25:22.0476260Z [  2%] Building CXX object CMakeFiles/archive_r_core.dir/src/data_stream.cc.obj
2025-12-04T05:25:22.0563214Z [  4%] Building CXX object CMakeFiles/archive_r_core.dir/src/archive_stack_orchestrator.cc.obj
2025-12-04T05:25:22.0697922Z [  5%] Building CXX object CMakeFiles/archive_r_core.dir/src/archive_stack_cursor.cc.obj
2025-12-04T05:25:22.9191434Z [  7%] Building CXX object CMakeFiles/archive_r_core.dir/src/multi_volume_manager.cc.obj
2025-12-04T05:25:25.8696071Z [  8%] Building CXX object CMakeFiles/archive_r_core.dir/src/multi_volume_stream_base.cc.obj
2025-12-04T05:25:26.6724664Z [ 10%] Building CXX object CMakeFiles/archive_r_core.dir/src/system_file_stream.cc.obj
2025-12-04T05:25:27.1954921Z [ 11%] Building CXX object CMakeFiles/archive_r_core.dir/src/path_hierarchy.cc.obj
2025-12-04T05:25:27.4928044Z [ 13%] Building CXX object CMakeFiles/archive_r_core.dir/src/path_hierarchy_utils.cc.obj
2025-12-04T05:25:27.4988057Z [ 14%] Building CXX object CMakeFiles/archive_r_core.dir/src/traverser.cc.obj
2025-12-04T05:25:29.6218949Z [ 16%] Building CXX object CMakeFiles/archive_r_core.dir/src/entry.cc.obj
2025-12-04T05:25:29.6598677Z [ 17%] Building CXX object CMakeFiles/archive_r_core.dir/src/entry_fault.cc.obj
2025-12-04T05:25:30.6803973Z [ 19%] Building CXX object CMakeFiles/archive_r_core.dir/src/entry_fault_error.cc.obj
2025-12-04T05:25:33.7924425Z [ 20%] Linking CXX static library libarchive_r_core.a
2025-12-04T05:25:33.9650060Z [ 20%] Built target archive_r_core
2025-12-04T05:25:34.1209982Z [ 22%] Building CXX object CMakeFiles/find_and_traverse.dir/examples/find_and_traverse.cc.obj
2025-12-04T05:25:34.1506022Z [ 23%] Building CXX object CMakeFiles/test_iterator.dir/test/test_iterator.cc.obj
2025-12-04T05:25:34.1549082Z [ 25%] Building CXX object CMakeFiles/test_skip_descent.dir/test/test_skip_descent.cc.obj
2025-12-04T05:25:34.1696255Z [ 26%] Building CXX object CMakeFiles/test_multi_volume_iterator.dir/test/test_multi_volume_iterator.cc.obj
2025-12-04T05:25:35.9427277Z [ 27%] Linking CXX executable test_multi_volume_iterator.exe
2025-12-04T05:25:36.1321993Z [ 29%] Linking CXX executable find_and_traverse.exe
2025-12-04T05:25:36.2826637Z [ 29%] Built target test_multi_volume_iterator
2025-12-04T05:25:36.2973232Z [ 30%] Linking CXX executable test_skip_descent.exe
2025-12-04T05:25:36.4399498Z [ 32%] Building CXX object CMakeFiles/test_multi_volume_input.dir/test/test_multi_volume_input.cc.obj
2025-12-04T05:25:36.4860140Z [ 32%] Built target find_and_traverse
2025-12-04T05:25:36.4863116Z [ 33%] Linking CXX executable test_iterator.exe
2025-12-04T05:25:36.6633951Z [ 35%] Building CXX object CMakeFiles/test_multi_volume_debug.dir/test/test_multi_volume_debug.cc.obj
2025-12-04T05:25:36.6638178Z [ 35%] Built target test_skip_descent
2025-12-04T05:25:36.8258227Z [ 36%] Building CXX object CMakeFiles/test_multi_volume_functionality.dir/test/test_multi_volume_functionality.cc.obj
2025-12-04T05:25:36.8363537Z [ 36%] Built target test_iterator
2025-12-04T05:25:37.0068594Z [ 38%] Building CXX object CMakeFiles/test_multi_volume_retry.dir/test/test_multi_volume_retry.cc.obj
2025-12-04T05:25:38.6517564Z [ 39%] Linking CXX executable test_multi_volume_retry.exe
2025-12-04T05:25:38.8133659Z [ 41%] Linking CXX executable test_multi_volume_functionality.exe
2025-12-04T05:25:38.8138302Z [ 42%] Linking CXX executable test_multi_volume_input.exe
2025-12-04T05:25:39.0256602Z [ 42%] Built target test_multi_volume_retry
2025-12-04T05:25:39.1600126Z [ 42%] Built target test_multi_volume_functionality
2025-12-04T05:25:39.1676514Z [ 42%] Built target test_multi_volume_input
2025-12-04T05:25:39.1994809Z [ 44%] Building CXX object CMakeFiles/test_multi_volume_ordering.dir/test/test_multi_volume_ordering.cc.obj
2025-12-04T05:25:39.3228908Z [ 45%] Building CXX object CMakeFiles/test_multi_volume_traversal_regression.dir/test/test_multi_volume_traversal_regression.cc.obj
2025-12-04T05:25:39.3315365Z [ 47%] Building CXX object CMakeFiles/test_multi_volume_entry_persistence.dir/test/test_multi_volume_entry_persistence.cc.obj
2025-12-04T05:25:41.1361868Z [ 48%] Linking CXX executable test_multi_volume_entry_persistence.exe
2025-12-04T05:25:41.4994555Z [ 48%] Built target test_multi_volume_entry_persistence
2025-12-04T05:25:41.6714715Z [ 50%] Building CXX object CMakeFiles/test_directory_container.dir/test/test_directory_container.cc.obj
2025-12-04T05:25:44.1682809Z [ 51%] Linking CXX executable test_multi_volume_ordering.exe
2025-12-04T05:25:44.2281603Z [ 52%] Linking CXX executable test_directory_container.exe
2025-12-04T05:25:44.5123738Z [ 52%] Built target test_multi_volume_ordering
2025-12-04T05:25:44.5777831Z [ 52%] Built target test_directory_container
2025-12-04T05:25:44.6738450Z [ 54%] Building CXX object CMakeFiles/test_metadata_filesystem.dir/test/test_metadata_filesystem.cc.obj
2025-12-04T05:25:44.7405752Z [ 55%] Building CXX object CMakeFiles/test_directory_navigation.dir/test/test_directory_navigation.cc.obj
2025-12-04T05:25:45.0175041Z [ 57%] Linking CXX executable test_multi_volume_debug.exe
2025-12-04T05:25:45.4131074Z [ 57%] Built target test_multi_volume_debug
2025-12-04T05:25:45.5925911Z [ 58%] Building CXX object CMakeFiles/test_descent.dir/test/test_descent.cc.obj
2025-12-04T05:25:45.7955697Z [ 60%] Linking CXX executable test_metadata_filesystem.exe
2025-12-04T05:25:46.0812113Z [ 60%] Built target test_metadata_filesystem
2025-12-04T05:25:46.2591511Z [ 61%] Building CXX object CMakeFiles/test_simple_count.dir/test/test_simple_count.cc.obj
2025-12-04T05:25:47.3585890Z [ 63%] Linking CXX executable test_directory_navigation.exe
2025-12-04T05:25:47.7032502Z [ 63%] Built target test_directory_navigation
2025-12-04T05:25:47.9648645Z [ 64%] Building CXX object CMakeFiles/test_stress_ultimate_verification.dir/test/test_stress_ultimate_verification.cc.obj
2025-12-04T05:25:48.0863132Z [ 66%] Linking CXX executable test_multi_volume_traversal_regression.exe
2025-12-04T05:25:48.1381628Z [ 67%] Linking CXX executable test_simple_count.exe
2025-12-04T05:25:48.1534827Z [ 69%] Linking CXX executable test_descent.exe
2025-12-04T05:25:48.4657699Z [ 69%] Built target test_multi_volume_traversal_regression
2025-12-04T05:25:48.4846782Z [ 69%] Built target test_simple_count
2025-12-04T05:25:48.4966166Z [ 69%] Built target test_descent
2025-12-04T05:25:48.6329804Z [ 70%] Building CXX object CMakeFiles/test_entry_read.dir/test/test_entry_read.cc.obj
2025-12-04T05:25:48.6542366Z [ 72%] Building CXX object CMakeFiles/test_error_handling_step0.dir/test/test_error_handling_step0.cc.obj
2025-12-04T05:25:48.6628445Z [ 73%] Building CXX object CMakeFiles/test_data_source_reader_read.dir/test/test_data_source_reader_read.cc.obj
2025-12-04T05:25:50.5988559Z [ 75%] Linking CXX executable test_entry_read.exe
2025-12-04T05:25:50.9782594Z [ 75%] Built target test_entry_read
2025-12-04T05:25:51.1600390Z [ 76%] Building CXX object CMakeFiles/test_stress_multi_volume_source.dir/test/test_stress_multi_volume_source.cc.obj
2025-12-04T05:25:52.0861794Z [ 77%] Linking CXX executable test_stress_ultimate_verification.exe
2025-12-04T05:25:52.4524761Z [ 77%] Built target test_stress_ultimate_verification
2025-12-04T05:25:52.6243002Z [ 79%] Building CXX object CMakeFiles/test_metadata_options.dir/test/test_metadata_options.cc.obj
2025-12-04T05:25:52.6668947Z [ 80%] Linking CXX executable test_error_handling_step0.exe
2025-12-04T05:25:53.0267946Z [ 80%] Built target test_error_handling_step0
2025-12-04T05:25:53.1952678Z [ 82%] Building CXX object CMakeFiles/test_multi_root_traversal.dir/test/test_multi_root_traversal.cc.obj
2025-12-04T05:25:53.4006728Z [ 83%] Linking CXX executable test_data_source_reader_read.exe
2025-12-04T05:25:53.7775204Z [ 83%] Built target test_data_source_reader_read
2025-12-04T05:25:53.9487611Z [ 85%] Building CXX object CMakeFiles/test_root_file_multi_volume.dir/test/test_root_file_multi_volume.cc.obj
2025-12-04T05:25:54.4970954Z [ 86%] Linking CXX executable test_metadata_options.exe
2025-12-04T05:25:54.8747039Z [ 86%] Built target test_metadata_options
2025-12-04T05:25:55.0649813Z [ 88%] Building CXX object CMakeFiles/test_custom_root_stream.dir/test/test_custom_root_stream.cc.obj
2025-12-04T05:25:55.4213581Z [ 89%] Linking CXX executable test_multi_root_traversal.exe
2025-12-04T05:25:55.6965739Z [ 91%] Linking CXX executable test_root_file_multi_volume.exe
2025-12-04T05:25:55.7558418Z [ 91%] Built target test_multi_root_traversal
2025-12-04T05:25:55.9198518Z [ 92%] Building CXX object CMakeFiles/test_threaded_traverser.dir/test/test_threaded_traverser.cc.obj
2025-12-04T05:25:56.0456779Z [ 92%] Built target test_root_file_multi_volume
2025-12-04T05:25:56.2180520Z [ 94%] Building CXX object CMakeFiles/test_performance_compare.dir/test/test_performance_no_descend.cc.obj
2025-12-04T05:25:57.2183396Z [ 95%] Linking CXX executable test_custom_root_stream.exe
2025-12-04T05:25:57.6095558Z [ 95%] Built target test_custom_root_stream
2025-12-04T05:25:57.8313474Z [ 97%] Linking CXX executable test_threaded_traverser.exe
2025-12-04T05:25:58.1897259Z [ 97%] Built target test_threaded_traverser
2025-12-04T05:25:59.3157436Z [ 98%] Linking CXX executable test_performance_compare.exe
2025-12-04T05:25:59.5608595Z [ 98%] Built target test_performance_compare
2025-12-04T05:26:01.1198599Z [100%] Linking CXX executable test_stress_multi_volume_source.exe
2025-12-04T05:26:01.3720983Z [100%] Built target test_stress_multi_volume_source
2025-12-04T05:26:01.4313692Z 
2025-12-04T05:26:01.4314455Z [0;32m✓[0m Core build completed
2025-12-04T05:26:01.4315833Z [0;32m✓[0m   Library: /d/a/archive_r/archive_r/build/libarchive_r_core.a
2025-12-04T05:26:01.4316774Z [0;32m✓[0m   Example: /d/a/archive_r/archive_r/build/find_and_traverse
2025-12-04T05:26:01.4317081Z 
2025-12-04T05:26:01.4329273Z [0;34m▶[0m Building Ruby binding...
2025-12-04T05:26:01.5693345Z Using archive_r core from D:/a/archive_r/archive_r
2025-12-04T05:26:03.5303438Z checking for -larchive... yes
2025-12-04T05:26:03.5304490Z Using pre-built archive_r core library
2025-12-04T05:26:03.5304858Z creating Makefile
2025-12-04T05:26:03.5645367Z generating archive_r-x64-mingw-ucrt.def
2025-12-04T05:26:03.6146599Z compiling archive_r_ext.cc
2025-12-04T05:26:05.3737319Z In file included from D:/a/_temp/msys64/ucrt64/include/ruby-3.4.0/ruby/internal/core.h:27,
2025-12-04T05:26:05.3738462Z                  from D:/a/_temp/msys64/ucrt64/include/ruby-3.4.0/ruby/ruby.h:29,
2025-12-04T05:26:05.3739230Z                  from D:/a/_temp/msys64/ucrt64/include/ruby-3.4.0/ruby.h:38,
2025-12-04T05:26:05.3739947Z                  from archive_r_ext.cc:14:
2025-12-04T05:26:05.3741262Z archive_r_ext.cc: In function 'VALUE entry_wrap(archive_r::Entry&)':
2025-12-04T05:26:05.3743052Z D:/a/_temp/msys64/ucrt64/include/ruby-3.4.0/ruby/internal/core/rdata.h:199:24: warning: 'VALUE rb_data_object_wrap_warning(VALUE, void*, RUBY_DATA_FUNC, RUBY_DATA_FUNC)' is deprecated: by TypedData [-Wdeprecated-declarations]
2025-12-04T05:26:05.3744699Z   199 |     rb_data_object_wrap(                          \
2025-12-04T05:26:05.3745240Z       |                        ^
2025-12-04T05:26:05.3745825Z archive_r_ext.cc:745:10: note: in expansion of macro 'Data_Wrap_Struct'
2025-12-04T05:26:05.3746622Z   745 |   return Data_Wrap_Struct(cEntry, nullptr, entry_free, wrapper);
2025-12-04T05:26:05.3747255Z       |          ^~~~~~~~~~~~~~~~
2025-12-04T05:26:05.3748003Z D:/a/_temp/msys64/ucrt64/include/ruby-3.4.0/ruby/internal/core/rdata.h:293:1: note: declared here
2025-12-04T05:26:05.3749124Z   293 | rb_data_object_wrap_warning(VALUE klass, void *ptr, RUBY_DATA_FUNC mark, RUBY_DATA_FUNC free)
2025-12-04T05:26:05.3749917Z       | ^~~~~~~~~~~~~~~~~~~~~~~~~~~
2025-12-04T05:26:05.3750722Z In file included from D:/a/_temp/msys64/ucrt64/include/ruby-3.4.0/ruby/internal/assume.h:29,
2025-12-04T05:26:05.3751693Z                  from D:/a/_temp/msys64/ucrt64/include/ruby-3.4.0/ruby/backward/2/assume.h:24,
2025-12-04T05:26:05.3752578Z                  from D:/a/_temp/msys64/ucrt64/include/ruby-3.4.0/ruby/defines.h:72,
2025-12-04T05:26:05.3753342Z                  from D:/a/_temp/msys64/ucrt64/include/ruby-3.4.0/ruby/ruby.h:25:
2025-12-04T05:26:05.3754091Z archive_r_ext.cc: In function 'VALUE entry_invalidate(VALUE)':
2025-12-04T05:26:05.3755471Z D:/a/_temp/msys64/ucrt64/include/ruby-3.4.0/ruby/internal/core/rdata.h:275:52: warning: 'void* rb_data_object_get_warning(VALUE)' is deprecated: by TypedData [-Wdeprecated-declarations]
2025-12-04T05:26:05.3756835Z   275 |     ((sval) = RBIMPL_CAST((type*)rb_data_object_get(obj)))
2025-12-04T05:26:05.3757432Z       |                                                    ^
2025-12-04T05:26:05.3758341Z D:/a/_temp/msys64/ucrt64/include/ruby-3.4.0/ruby/internal/cast.h:36:29: note: in definition of macro 'RBIMPL_CAST'
2025-12-04T05:26:05.3761012Z    36 | # define RBIMPL_CAST(expr) (expr)
2025-12-04T05:26:05.3761518Z       |                             ^~~~
2025-12-04T05:26:05.3762155Z archive_r_ext.cc:750:3: note: in expansion of macro 'Data_Get_Struct'
2025-12-04T05:26:05.3762811Z   750 |   Data_Get_Struct(entry_obj, EntryWrapper, wrapper);
2025-12-04T05:26:05.3763374Z       |   ^~~~~~~~~~~~~~~
2025-12-04T05:26:05.3764122Z D:/a/_temp/msys64/ucrt64/include/ruby-3.4.0/ruby/internal/core/rdata.h:325:1: note: declared here
2025-12-04T05:26:05.3764950Z   325 | rb_data_object_get_warning(VALUE obj)
2025-12-04T05:26:05.3765444Z       | ^~~~~~~~~~~~~~~~~~~~~~~~~~
2025-12-04T05:26:05.3766068Z archive_r_ext.cc: In function 'EntryWrapper* entry_get_wrapper(VALUE)':
2025-12-04T05:26:05.3767488Z D:/a/_temp/msys64/ucrt64/include/ruby-3.4.0/ruby/internal/core/rdata.h:275:52: warning: 'void* rb_data_object_get_warning(VALUE)' is deprecated: by TypedData [-Wdeprecated-declarations]
2025-12-04T05:26:05.3768856Z   275 |     ((sval) = RBIMPL_CAST((type*)rb_data_object_get(obj)))
2025-12-04T05:26:05.3769417Z       |                                                    ^
2025-12-04T05:26:05.3770629Z D:/a/_temp/msys64/ucrt64/include/ruby-3.4.0/ruby/internal/cast.h:36:29: note: in definition of macro 'RBIMPL_CAST'
2025-12-04T05:26:05.3771540Z    36 | # define RBIMPL_CAST(expr) (expr)
2025-12-04T05:26:05.3772036Z       |                             ^~~~
2025-12-04T05:26:05.3772668Z archive_r_ext.cc:759:3: note: in expansion of macro 'Data_Get_Struct'
2025-12-04T05:26:05.3773391Z   759 |   Data_Get_Struct(self, EntryWrapper, wrapper);
2025-12-04T05:26:05.3773892Z       |   ^~~~~~~~~~~~~~~
2025-12-04T05:26:05.3774623Z D:/a/_temp/msys64/ucrt64/include/ruby-3.4.0/ruby/internal/core/rdata.h:325:1: note: declared here
2025-12-04T05:26:05.3775472Z   325 | rb_data_object_get_warning(VALUE obj)
2025-12-04T05:26:05.3776012Z       | ^~~~~~~~~~~~~~~~~~~~~~~~~~
2025-12-04T05:26:05.3960396Z archive_r_ext.cc: In function 'VALUE traverser_wrap(archive_r::Traverser*)':
2025-12-04T05:26:05.3962006Z D:/a/_temp/msys64/ucrt64/include/ruby-3.4.0/ruby/internal/core/rdata.h:199:24: warning: 'VALUE rb_data_object_wrap_warning(VALUE, void*, RUBY_DATA_FUNC, RUBY_DATA_FUNC)' is deprecated: by TypedData [-Wdeprecated-declarations]
2025-12-04T05:26:05.3963292Z   199 |     rb_data_object_wrap(                          \
2025-12-04T05:26:05.3963743Z       |                        ^
2025-12-04T05:26:05.3964169Z archive_r_ext.cc:973:60: note: in expansion of macro 'Data_Wrap_Struct'
2025-12-04T05:26:05.3964946Z   973 | static VALUE traverser_wrap(Traverser *traverser) { return Data_Wrap_Struct(cTraverser, nullptr, traverser_free, traverser); }
2025-12-04T05:26:05.3965502Z       |                                                            ^~~~~~~~~~~~~~~~
2025-12-04T05:26:05.3965940Z D:/a/_temp/msys64/ucrt64/include/ruby-3.4.0/ruby/internal/core/rdata.h:293:1: note: declared here
2025-12-04T05:26:05.3966550Z   293 | rb_data_object_wrap_warning(VALUE klass, void *ptr, RUBY_DATA_FUNC mark, RUBY_DATA_FUNC free)
2025-12-04T05:26:05.3967022Z       | ^~~~~~~~~~~~~~~~~~~~~~~~~~~
2025-12-04T05:26:05.3967415Z archive_r_ext.cc: In function 'archive_r::Traverser* traverser_unwrap(VALUE)':
2025-12-04T05:26:05.3968208Z D:/a/_temp/msys64/ucrt64/include/ruby-3.4.0/ruby/internal/core/rdata.h:275:52: warning: 'void* rb_data_object_get_warning(VALUE)' is deprecated: by TypedData [-Wdeprecated-declarations]
2025-12-04T05:26:05.3968987Z   275 |     ((sval) = RBIMPL_CAST((type*)rb_data_object_get(obj)))
2025-12-04T05:26:05.3969325Z       |                                                    ^
2025-12-04T05:26:05.3969830Z D:/a/_temp/msys64/ucrt64/include/ruby-3.4.0/ruby/internal/cast.h:36:29: note: in definition of macro 'RBIMPL_CAST'
2025-12-04T05:26:05.3970341Z    36 | # define RBIMPL_CAST(expr) (expr)
2025-12-04T05:26:05.3970625Z       |                             ^~~~
2025-12-04T05:26:05.3971248Z archive_r_ext.cc:978:3: note: in expansion of macro 'Data_Get_Struct'
2025-12-04T05:26:05.3971614Z   978 |   Data_Get_Struct(self, Traverser, traverser);
2025-12-04T05:26:05.3971929Z       |   ^~~~~~~~~~~~~~~
2025-12-04T05:26:05.3972351Z D:/a/_temp/msys64/ucrt64/include/ruby-3.4.0/ruby/internal/core/rdata.h:325:1: note: declared here
2025-12-04T05:26:05.3972953Z   325 | rb_data_object_get_warning(VALUE obj)
2025-12-04T05:26:05.3973253Z       | ^~~~~~~~~~~~~~~~~~~~~~~~~~
2025-12-04T05:26:05.3973585Z archive_r_ext.cc: In function 'VALUE traverser_allocate(VALUE)':
2025-12-04T05:26:05.3974468Z D:/a/_temp/msys64/ucrt64/include/ruby-3.4.0/ruby/internal/core/rdata.h:199:24: warning: 'VALUE rb_data_object_wrap_warning(VALUE, void*, RUBY_DATA_FUNC, RUBY_DATA_FUNC)' is deprecated: by TypedData [-Wdeprecated-declarations]
2025-12-04T05:26:05.3975317Z   199 |     rb_data_object_wrap(                          \
2025-12-04T05:26:05.3975592Z       |                        ^
2025-12-04T05:26:05.3975925Z archive_r_ext.cc:983:55: note: in expansion of macro 'Data_Wrap_Struct'
2025-12-04T05:26:05.3976510Z   983 | static VALUE traverser_allocate(VALUE klass) { return Data_Wrap_Struct(klass, nullptr, traverser_free, nullptr); }
2025-12-04T05:26:05.3977971Z       |                                                       ^~~~~~~~~~~~~~~~
2025-12-04T05:26:05.3978465Z D:/a/_temp/msys64/ucrt64/include/ruby-3.4.0/ruby/internal/core/rdata.h:293:1: note: declared here
2025-12-04T05:26:05.3979086Z   293 | rb_data_object_wrap_warning(VALUE klass, void *ptr, RUBY_DATA_FUNC mark, RUBY_DATA_FUNC free)
2025-12-04T05:26:05.3979504Z       | ^~~~~~~~~~~~~~~~~~~~~~~~~~~
2025-12-04T05:26:06.9742327Z linking shared-object archive_r/archive_r.so
2025-12-04T05:26:07.1323459Z [0;32m✓[0m Ruby binding built successfully
2025-12-04T05:26:07.1324352Z [0;32m✓[0m   Extension: /d/a/archive_r/archive_r/build/bindings/ruby/archive_r.so
2025-12-04T05:26:07.2828415Z [0;34m▶[0m Packaging Ruby gem...
2025-12-04T05:26:07.2834197Z [0;34m▶[0m Embedding archive_r core sources for Ruby gem...
2025-12-04T05:26:07.9732410Z WARNING:  You have specified the uri:
2025-12-04T05:26:07.9733002Z   https://github.com/raizo-tcs/archive_r
2025-12-04T05:26:07.9733413Z for all of the following keys:
2025-12-04T05:26:07.9733732Z   homepage_uri
2025-12-04T05:26:07.9733999Z   source_code_uri
2025-12-04T05:26:07.9734292Z Only the first one will be shown on rubygems.org
2025-12-04T05:26:07.9734845Z WARNING:  See https://guides.rubygems.org/specification-reference/ for help
2025-12-04T05:26:07.9988543Z   Successfully built RubyGem
2025-12-04T05:26:07.9988903Z   Name: archive_r_ruby
2025-12-04T05:26:07.9989121Z   Version: 0.1.1
2025-12-04T05:26:07.9989373Z   File: archive_r_ruby-0.1.1.gem
2025-12-04T05:26:08.0596854Z [0;32m✓[0m Ruby gem packaged: /d/a/archive_r/archive_r/build/bindings/ruby/archive_r_ruby-0.1.1.gem
2025-12-04T05:26:08.0597956Z [0;34m▶[0m Building Python binding...
2025-12-04T05:26:08.3430741Z DEBUG: system_name=windows, os.name=nt, sys.platform=win32
2025-12-04T05:26:08.3431580Z Using pre-built archive_r library: D:/a/archive_r/archive_r/build/libarchive_r_core.a
2025-12-04T05:26:08.3434380Z running build_ext
2025-12-04T05:26:08.3633480Z building 'archive_r' extension
2025-12-04T05:26:08.3639878Z creating build/temp.mingw_x86_64_ucrt_gnu-cpython-312/src
2025-12-04T05:26:08.3646807Z g++ -fno-strict-overflow -Wsign-compare -DNDEBUG -g -O3 -Wall -march=nocona -msahf -mtune=generic -O2 -pipe -Wp,-D_FORTIFY_SOURCE=2 -fstack-protector-strong -Wp,-D__USE_MINGW_ANSI_STDIO=1 -O3 -march=nocona -msahf -mtune=generic -O2 -pipe -Wp,-D_FORTIFY_SOURCE=2 -fstack-protector-strong -Wp,-D__USE_MINGW_ANSI_STDIO=1 -O3 -DARCHIVE_R_VERSION=\"0.1.2\" -ID:/a/_temp/msys64/ucrt64/lib/python3.12/site-packages/pybind11/include -ID:/a/archive_r/archive_r/include -ID:/a/archive_r/archive_r/src -ID:/a/_temp/msys64/ucrt64/include/python3.12 -c src/archive_r_py.cc -o build/temp.mingw_x86_64_ucrt_gnu-cpython-312/src/archive_r_py.o -std=c++17 -fvisibility=hidden
2025-12-04T05:26:34.2480902Z writing build/temp.mingw_x86_64_ucrt_gnu-cpython-312/src/archive_r.cp312-mingw_x86_64_ucrt_gnu.def
2025-12-04T05:26:34.2485552Z creating build/lib.mingw_x86_64_ucrt_gnu-cpython-312
2025-12-04T05:26:34.2490331Z g++ -fno-strict-overflow -Wsign-compare -DNDEBUG -g -O3 -Wall -march=nocona -msahf -mtune=generic -O2 -pipe -Wp,-D_FORTIFY_SOURCE=2 -fstack-protector-strong -Wp,-D__USE_MINGW_ANSI_STDIO=1 -O3 -march=nocona -msahf -mtune=generic -O2 -pipe -Wp,-D_FORTIFY_SOURCE=2 -fstack-protector-strong -Wp,-D__USE_MINGW_ANSI_STDIO=1 -O3 -shared -Wl,--enable-auto-image-base -s build/temp.mingw_x86_64_ucrt_gnu-cpython-312/src/archive_r_py.o D:/a/archive_r/archive_r/build/libarchive_r_core.a build/temp.mingw_x86_64_ucrt_gnu-cpython-312/src/archive_r.cp312-mingw_x86_64_ucrt_gnu.def -LD:/a/_temp/msys64/ucrt64/lib -larchive -lpython3.12 -o build/lib.mingw_x86_64_ucrt_gnu-cpython-312/archive_r.cp312-mingw_x86_64_ucrt_gnu.pyd
2025-12-04T05:26:34.3791700Z copying build/lib.mingw_x86_64_ucrt_gnu-cpython-312/archive_r.cp312-mingw_x86_64_ucrt_gnu.pyd -> 
2025-12-04T05:26:34.4273155Z [0;31m✗[0m Python binding build failed
2025-12-04T05:26:34.4273918Z [1;33m⚠[0m Python binding build had issues
2025-12-04T05:26:34.4274680Z [0;34m▶[0m Packaging Python binding (wheel + sdist)...
2025-12-04T05:26:34.8646024Z * Getting build dependencies for sdist...
2025-12-04T05:26:35.1465583Z DEBUG: system_name=windows, os.name=nt, sys.platform=win32
2025-12-04T05:26:35.1466417Z Using pre-built archive_r library: D:/a/archive_r/archive_r/build/libarchive_r_core.a
2025-12-04T05:26:35.1607804Z running egg_info
2025-12-04T05:26:35.1685411Z creating archive_r_python.egg-info
2025-12-04T05:26:35.1688024Z writing archive_r_python.egg-info/PKG-INFO
2025-12-04T05:26:35.1698220Z writing dependency_links to archive_r_python.egg-info/dependency_links.txt
2025-12-04T05:26:35.1702507Z writing top-level names to archive_r_python.egg-info/top_level.txt
2025-12-04T05:26:35.1705113Z writing manifest file 'archive_r_python.egg-info/SOURCES.txt'
2025-12-04T05:26:35.1847938Z reading manifest file 'archive_r_python.egg-info/SOURCES.txt'
2025-12-04T05:26:35.1853372Z reading manifest template 'MANIFEST.in'
2025-12-04T05:26:35.1867837Z warning: no files found matching '*.h' under directory 'src'
2025-12-04T05:26:35.1903005Z adding license file 'LICENSE.txt'
2025-12-04T05:26:35.1921657Z writing manifest file 'archive_r_python.egg-info/SOURCES.txt'
2025-12-04T05:26:35.2790580Z * Building sdist...
2025-12-04T05:26:35.5402814Z DEBUG: system_name=windows, os.name=nt, sys.platform=win32
2025-12-04T05:26:35.5403371Z Using pre-built archive_r library: D:/a/archive_r/archive_r/build/libarchive_r_core.a
2025-12-04T05:26:35.5496535Z running sdist
2025-12-04T05:26:35.5499503Z running egg_info
2025-12-04T05:26:35.5696168Z writing archive_r_python.egg-info/PKG-INFO
2025-12-04T05:26:35.5708078Z writing dependency_links to archive_r_python.egg-info/dependency_links.txt
2025-12-04T05:26:35.5712587Z writing top-level names to archive_r_python.egg-info/top_level.txt
2025-12-04T05:26:35.5855026Z reading manifest file 'archive_r_python.egg-info/SOURCES.txt'
2025-12-04T05:26:35.5875654Z reading manifest template 'MANIFEST.in'
2025-12-04T05:26:35.5890002Z warning: no files found matching '*.h' under directory 'src'
2025-12-04T05:26:35.5924676Z adding license file 'LICENSE.txt'
2025-12-04T05:26:35.5947205Z writing manifest file 'archive_r_python.egg-info/SOURCES.txt'
2025-12-04T05:26:35.5950625Z running check
2025-12-04T05:26:35.6363333Z creating archive_r_python-0.1.2
2025-12-04T05:26:35.6369828Z creating archive_r_python-0.1.2/_vendor/archive_r/include/archive_r
2025-12-04T05:26:35.6374796Z creating archive_r_python-0.1.2/_vendor/archive_r/src
2025-12-04T05:26:35.6377357Z creating archive_r_python-0.1.2/archive_r_python.egg-info
2025-12-04T05:26:35.6379842Z creating archive_r_python-0.1.2/examples
2025-12-04T05:26:35.6382466Z creating archive_r_python-0.1.2/src
2025-12-04T05:26:35.6385028Z creating archive_r_python-0.1.2/test
2025-12-04T05:26:35.6386748Z copying files to archive_r_python-0.1.2...
2025-12-04T05:26:35.6388888Z copying LICENSE.txt -> archive_r_python-0.1.2
2025-12-04T05:26:35.6394218Z copying MANIFEST.in -> archive_r_python-0.1.2
2025-12-04T05:26:35.6400920Z copying README.md -> archive_r_python-0.1.2
2025-12-04T05:26:35.6406677Z copying VERSION -> archive_r_python-0.1.2
2025-12-04T05:26:35.6411270Z copying pyproject.toml -> archive_r_python-0.1.2
2025-12-04T05:26:35.6415902Z copying setup.cfg -> archive_r_python-0.1.2
2025-12-04T05:26:35.6420650Z copying setup.py -> archive_r_python-0.1.2
2025-12-04T05:26:35.6425854Z copying _vendor/archive_r/include/archive_r/data_stream.h -> archive_r_python-0.1.2/_vendor/archive_r/include/archive_r
2025-12-04T05:26:35.6430653Z copying _vendor/archive_r/include/archive_r/entry.h -> archive_r_python-0.1.2/_vendor/archive_r/include/archive_r
2025-12-04T05:26:35.6435635Z copying _vendor/archive_r/include/archive_r/entry_fault.h -> archive_r_python-0.1.2/_vendor/archive_r/include/archive_r
2025-12-04T05:26:35.6440498Z copying _vendor/archive_r/include/archive_r/entry_metadata.h -> archive_r_python-0.1.2/_vendor/archive_r/include/archive_r
2025-12-04T05:26:35.6445870Z copying _vendor/archive_r/include/archive_r/multi_volume_stream_base.h -> archive_r_python-0.1.2/_vendor/archive_r/include/archive_r
2025-12-04T05:26:35.6450677Z copying _vendor/archive_r/include/archive_r/path_hierarchy.h -> archive_r_python-0.1.2/_vendor/archive_r/include/archive_r
2025-12-04T05:26:35.6457295Z copying _vendor/archive_r/include/archive_r/path_hierarchy_utils.h -> archive_r_python-0.1.2/_vendor/archive_r/include/archive_r
2025-12-04T05:26:35.6462257Z copying _vendor/archive_r/include/archive_r/platform_compat.h -> archive_r_python-0.1.2/_vendor/archive_r/include/archive_r
2025-12-04T05:26:35.6466850Z copying _vendor/archive_r/include/archive_r/traverser.h -> archive_r_python-0.1.2/_vendor/archive_r/include/archive_r
2025-12-04T05:26:35.6471640Z copying _vendor/archive_r/src/archive_stack_cursor.cc -> archive_r_python-0.1.2/_vendor/archive_r/src
2025-12-04T05:26:35.6476521Z copying _vendor/archive_r/src/archive_stack_cursor.h -> archive_r_python-0.1.2/_vendor/archive_r/src
2025-12-04T05:26:35.6481371Z copying _vendor/archive_r/src/archive_stack_orchestrator.cc -> archive_r_python-0.1.2/_vendor/archive_r/src
2025-12-04T05:26:35.6486199Z copying _vendor/archive_r/src/archive_stack_orchestrator.h -> archive_r_python-0.1.2/_vendor/archive_r/src
2025-12-04T05:26:35.6492887Z copying _vendor/archive_r/src/archive_type.cc -> archive_r_python-0.1.2/_vendor/archive_r/src
2025-12-04T05:26:35.6499290Z copying _vendor/archive_r/src/archive_type.h -> archive_r_python-0.1.2/_vendor/archive_r/src
2025-12-04T05:26:35.6506024Z copying _vendor/archive_r/src/data_stream.cc -> archive_r_python-0.1.2/_vendor/archive_r/src
2025-12-04T05:26:35.6510779Z copying _vendor/archive_r/src/entry.cc -> archive_r_python-0.1.2/_vendor/archive_r/src
2025-12-04T05:26:35.6515691Z copying _vendor/archive_r/src/entry_fault.cc -> archive_r_python-0.1.2/_vendor/archive_r/src
2025-12-04T05:26:35.6520509Z copying _vendor/archive_r/src/entry_fault_error.cc -> archive_r_python-0.1.2/_vendor/archive_r/src
2025-12-04T05:26:35.6525381Z copying _vendor/archive_r/src/entry_fault_error.h -> archive_r_python-0.1.2/_vendor/archive_r/src
2025-12-04T05:26:35.6530210Z copying _vendor/archive_r/src/entry_impl.h -> archive_r_python-0.1.2/_vendor/archive_r/src
2025-12-04T05:26:35.6535034Z copying _vendor/archive_r/src/multi_volume_manager.cc -> archive_r_python-0.1.2/_vendor/archive_r/src
2025-12-04T05:26:35.6539844Z copying _vendor/archive_r/src/multi_volume_manager.h -> archive_r_python-0.1.2/_vendor/archive_r/src
2025-12-04T05:26:35.6545622Z copying _vendor/archive_r/src/multi_volume_stream_base.cc -> archive_r_python-0.1.2/_vendor/archive_r/src
2025-12-04T05:26:35.6550749Z copying _vendor/archive_r/src/path_hierarchy.cc -> archive_r_python-0.1.2/_vendor/archive_r/src
2025-12-04T05:26:35.6555569Z copying _vendor/archive_r/src/path_hierarchy_utils.cc -> archive_r_python-0.1.2/_vendor/archive_r/src
2025-12-04T05:26:35.6560507Z copying _vendor/archive_r/src/simple_profiler.h -> archive_r_python-0.1.2/_vendor/archive_r/src
2025-12-04T05:26:35.6565433Z copying _vendor/archive_r/src/system_file_stream.cc -> archive_r_python-0.1.2/_vendor/archive_r/src
2025-12-04T05:26:35.6570282Z copying _vendor/archive_r/src/system_file_stream.h -> archive_r_python-0.1.2/_vendor/archive_r/src
2025-12-04T05:26:35.6575065Z copying _vendor/archive_r/src/traverser.cc -> archive_r_python-0.1.2/_vendor/archive_r/src
2025-12-04T05:26:35.6579913Z copying archive_r_python.egg-info/PKG-INFO -> archive_r_python-0.1.2/archive_r_python.egg-info
2025-12-04T05:26:35.6585079Z copying archive_r_python.egg-info/SOURCES.txt -> archive_r_python-0.1.2/archive_r_python.egg-info
2025-12-04T05:26:35.6589848Z copying archive_r_python.egg-info/dependency_links.txt -> archive_r_python-0.1.2/archive_r_python.egg-info
2025-12-04T05:26:35.6594419Z copying archive_r_python.egg-info/not-zip-safe -> archive_r_python-0.1.2/archive_r_python.egg-info
2025-12-04T05:26:35.6599011Z copying archive_r_python.egg-info/top_level.txt -> archive_r_python-0.1.2/archive_r_python.egg-info
2025-12-04T05:26:35.6603666Z copying examples/traverse_archive.py -> archive_r_python-0.1.2/examples
2025-12-04T05:26:35.6608373Z copying src/archive_r_py.cc -> archive_r_python-0.1.2/src
2025-12-04T05:26:35.6613575Z copying test/test_traverser.py -> archive_r_python-0.1.2/test
2025-12-04T05:26:35.6619534Z copying archive_r_python.egg-info/SOURCES.txt -> archive_r_python-0.1.2/archive_r_python.egg-info
2025-12-04T05:26:35.6634599Z Writing archive_r_python-0.1.2/setup.cfg
2025-12-04T05:26:35.6638946Z Creating tar archive
2025-12-04T05:26:35.6904160Z removing 'archive_r_python-0.1.2' (and everything under it)
2025-12-04T05:26:35.7279031Z * Getting build dependencies for wheel...
2025-12-04T05:26:35.9952236Z DEBUG: system_name=windows, os.name=nt, sys.platform=win32
2025-12-04T05:26:35.9952899Z Using pre-built archive_r library: D:/a/archive_r/archive_r/build/libarchive_r_core.a
2025-12-04T05:26:36.0094991Z running egg_info
2025-12-04T05:26:36.0180011Z writing archive_r_python.egg-info/PKG-INFO
2025-12-04T05:26:36.0190416Z writing dependency_links to archive_r_python.egg-info/dependency_links.txt
2025-12-04T05:26:36.0194999Z writing top-level names to archive_r_python.egg-info/top_level.txt
2025-12-04T05:26:36.0340610Z reading manifest file 'archive_r_python.egg-info/SOURCES.txt'
2025-12-04T05:26:36.0361091Z reading manifest template 'MANIFEST.in'
2025-12-04T05:26:36.0375237Z warning: no files found matching '*.h' under directory 'src'
2025-12-04T05:26:36.0410596Z adding license file 'LICENSE.txt'
2025-12-04T05:26:36.0433678Z writing manifest file 'archive_r_python.egg-info/SOURCES.txt'
2025-12-04T05:26:36.0863957Z * Building wheel...
2025-12-04T05:26:36.3522854Z DEBUG: system_name=windows, os.name=nt, sys.platform=win32
2025-12-04T05:26:36.3523543Z Using pre-built archive_r library: D:/a/archive_r/archive_r/build/libarchive_r_core.a
2025-12-04T05:26:36.3661813Z running bdist_wheel
2025-12-04T05:26:36.3948999Z running build
2025-12-04T05:26:36.3949315Z running build_ext
2025-12-04T05:26:36.4065433Z building 'archive_r' extension
2025-12-04T05:26:36.4070651Z creating build/temp.mingw_x86_64_ucrt_gnu-cpython-312/src
2025-12-04T05:26:36.4077446Z g++ -fno-strict-overflow -Wsign-compare -DNDEBUG -g -O3 -Wall -march=nocona -msahf -mtune=generic -O2 -pipe -Wp,-D_FORTIFY_SOURCE=2 -fstack-protector-strong -Wp,-D__USE_MINGW_ANSI_STDIO=1 -O3 -march=nocona -msahf -mtune=generic -O2 -pipe -Wp,-D_FORTIFY_SOURCE=2 -fstack-protector-strong -Wp,-D__USE_MINGW_ANSI_STDIO=1 -O3 -DARCHIVE_R_VERSION=\"0.1.2\" -ID:/a/_temp/msys64/ucrt64/lib/python3.12/site-packages/pybind11/include -ID:/a/archive_r/archive_r/include -ID:/a/archive_r/archive_r/src -ID:/a/_temp/msys64/ucrt64/include/python3.12 -c src/archive_r_py.cc -o build/temp.mingw_x86_64_ucrt_gnu-cpython-312/src/archive_r_py.o -std=c++17 -fvisibility=hidden
2025-12-04T05:27:02.4437799Z writing build/temp.mingw_x86_64_ucrt_gnu-cpython-312/src/archive_r.cp312-mingw_x86_64_ucrt_gnu.def
2025-12-04T05:27:02.4442284Z creating build/lib.mingw_x86_64_ucrt_gnu-cpython-312
2025-12-04T05:27:02.4447273Z g++ -fno-strict-overflow -Wsign-compare -DNDEBUG -g -O3 -Wall -march=nocona -msahf -mtune=generic -O2 -pipe -Wp,-D_FORTIFY_SOURCE=2 -fstack-protector-strong -Wp,-D__USE_MINGW_ANSI_STDIO=1 -O3 -march=nocona -msahf -mtune=generic -O2 -pipe -Wp,-D_FORTIFY_SOURCE=2 -fstack-protector-strong -Wp,-D__USE_MINGW_ANSI_STDIO=1 -O3 -shared -Wl,--enable-auto-image-base -s build/temp.mingw_x86_64_ucrt_gnu-cpython-312/src/archive_r_py.o D:/a/archive_r/archive_r/build/libarchive_r_core.a build/temp.mingw_x86_64_ucrt_gnu-cpython-312/src/archive_r.cp312-mingw_x86_64_ucrt_gnu.def -LD:/a/_temp/msys64/ucrt64/lib -larchive -lpython3.12 -o build/lib.mingw_x86_64_ucrt_gnu-cpython-312/archive_r.cp312-mingw_x86_64_ucrt_gnu.pyd
2025-12-04T05:27:02.5789315Z installing to build/bdist.mingw_x86_64_ucrt_gnu/wheel
2025-12-04T05:27:02.5789802Z running install
2025-12-04T05:27:02.5902442Z running install_lib
2025-12-04T05:27:02.5982220Z creating build/bdist.mingw_x86_64_ucrt_gnu/wheel
2025-12-04T05:27:02.5987393Z copying build/lib.mingw_x86_64_ucrt_gnu-cpython-312/archive_r.cp312-mingw_x86_64_ucrt_gnu.pyd -> build/bdist.mingw_x86_64_ucrt_gnu/wheel/.
2025-12-04T05:27:02.5995016Z running install_egg_info
2025-12-04T05:27:02.6079347Z running egg_info
2025-12-04T05:27:02.6146181Z writing archive_r_python.egg-info/PKG-INFO
2025-12-04T05:27:02.6156003Z writing dependency_links to archive_r_python.egg-info/dependency_links.txt
2025-12-04T05:27:02.6160514Z writing top-level names to archive_r_python.egg-info/top_level.txt
2025-12-04T05:27:02.6240149Z reading manifest file 'archive_r_python.egg-info/SOURCES.txt'
2025-12-04T05:27:02.6260424Z reading manifest template 'MANIFEST.in'
2025-12-04T05:27:02.6274765Z warning: no files found matching '*.h' under directory 'src'
2025-12-04T05:27:02.6309367Z adding license file 'LICENSE.txt'
2025-12-04T05:27:02.6332468Z writing manifest file 'archive_r_python.egg-info/SOURCES.txt'
2025-12-04T05:27:02.6336293Z Copying archive_r_python.egg-info to build/bdist.mingw_x86_64_ucrt_gnu/wheel/./archive_r_python-0.1.2-py3.12.egg-info
2025-12-04T05:27:02.6361834Z running install_scripts
2025-12-04T05:27:02.6393688Z creating build/bdist.mingw_x86_64_ucrt_gnu/wheel/archive_r_python-0.1.2.dist-info/WHEEL
2025-12-04T05:27:02.6400830Z creating 'D:/a/archive_r/archive_r/build/bindings/python/dist/.tmp-6w1rf11z/archive_r_python-0.1.2-cp312-cp312-mingw_x86_64_ucrt_gnu.whl' and adding 'build/bdist.mingw_x86_64_ucrt_gnu/wheel' to it
2025-12-04T05:27:02.6727207Z adding 'archive_r.cp312-mingw_x86_64_ucrt_gnu.pyd'
2025-12-04T05:27:02.6739746Z adding 'archive_r_python-0.1.2.dist-info/licenses/LICENSE.txt'
2025-12-04T05:27:02.6747209Z adding 'archive_r_python-0.1.2.dist-info/METADATA'
2025-12-04T05:27:02.6749910Z adding 'archive_r_python-0.1.2.dist-info/WHEEL'
2025-12-04T05:27:02.6752470Z adding 'archive_r_python-0.1.2.dist-info/top_level.txt'
2025-12-04T05:27:02.6755101Z adding 'archive_r_python-0.1.2.dist-info/RECORD'
2025-12-04T05:27:02.6757010Z removing build/bdist.mingw_x86_64_ucrt_gnu/wheel
2025-12-04T05:27:02.7073379Z Successfully built archive_r_python-0.1.2.tar.gz and archive_r_python-0.1.2-cp312-cp312-mingw_x86_64_ucrt_gnu.whl
2025-12-04T05:27:02.7614582Z [0;34m▶[0m Running twine check on built artifacts...
2025-12-04T05:27:03.1604167Z Checking 
2025-12-04T05:27:03.1604743Z D:/a/archive_r/archive_r/build/bindings/python/dist/archive_r_python-0.1.2-cp31
2025-12-04T05:27:03.1644056Z 2-cp312-mingw_x86_64_ucrt_gnu.whl: PASSED
2025-12-04T05:27:03.1647480Z Checking 
2025-12-04T05:27:03.1648024Z D:/a/archive_r/archive_r/build/bindings/python/dist/archive_r_python-0.1.2.tar.
2025-12-04T05:27:03.1738339Z gz: PASSED
2025-12-04T05:27:03.2150456Z [0;34m▶[0m Verifying Python wheel inside temporary virtual environment...
2025-12-04T05:27:07.2355946Z Requirement already satisfied: pip in d:/a/archive_r/archive_r/build/bindings/python/package_test_env/lib/python3.12/site-packages (25.0.1)
2025-12-04T05:27:07.3331140Z Collecting pip
2025-12-04T05:27:07.3588373Z   Downloading pip-25.3-py3-none-any.whl.metadata (4.7 kB)
2025-12-04T05:27:07.3855094Z Downloading pip-25.3-py3-none-any.whl (1.8 MB)
2025-12-04T05:27:07.4430581Z    ---------------------------------------- 1.8/1.8 MB 32.3 MB/s eta 0:00:00
2025-12-04T05:27:07.5607873Z 
2025-12-04T05:27:07.5610153Z [notice] A new release of pip is available: 25.0.1 -> 25.3
2025-12-04T05:27:07.5611187Z [notice] To update, run: D:/a/archive_r/archive_r/build/bindings/python/package_test_env/bin/python3.exe -m pip install --upgrade pip
2025-12-04T05:27:07.5618209Z ERROR: To modify pip, please run the following command:
2025-12-04T05:27:07.5618943Z D:/a/archive_r/archive_r/build/bindings/python/package_test_env/bin/python3.exe -m pip install --upgrade pip
2025-12-04T05:27:08.1880847Z Processing d:/a/archive_r/archive_r/build/bindings/python/dist/archive_r_python-0.1.2-cp312-cp312-mingw_x86_64_ucrt_gnu.whl
2025-12-04T05:27:08.2150012Z Installing collected packages: archive-r-python
2025-12-04T05:27:08.2279643Z Successfully installed archive-r-python-0.1.2
2025-12-04T05:27:08.2433795Z 
2025-12-04T05:27:08.2436611Z [notice] A new release of pip is available: 25.0.1 -> 25.3
2025-12-04T05:27:08.2437491Z [notice] To update, run: D:/a/archive_r/archive_r/build/bindings/python/package_test_env/bin/python3.exe -m pip install --upgrade pip
2025-12-04T05:27:08.4584926Z .............................
2025-12-04T05:27:08.4585379Z ----------------------------------------------------------------------
2025-12-04T05:27:08.4585727Z Ran 29 tests in 0.042s
2025-12-04T05:27:08.4585867Z 
2025-12-04T05:27:08.4586013Z OK
2025-12-04T05:27:08.4743114Z [0;32m✓[0m Python wheel installation verified (/d/a/archive_r/archive_r/build/bindings/python/package_test_env)
2025-12-04T05:27:08.4745884Z [0;32m✓[0m Python packages built and verified: /d/a/archive_r/archive_r/build/bindings/python/dist
2025-12-04T05:27:08.4746550Z 
2025-12-04T05:27:08.4746888Z [0;32m✓[0m Build process completed!
2025-12-04T05:27:08.5592912Z Windows Subsystem for Linux has no installed distributions.
2025-12-04T05:27:08.5593322Z 
2025-12-04T05:27:08.5593637Z Distributions can be installed by visiting the Microsoft Store:
2025-12-04T05:27:08.5594060Z 
2025-12-04T05:27:08.5594257Z https://aka.ms/wslstore
2025-12-04T05:27:08.5595086Z 
2025-12-04T05:27:08.5722559Z ##[error]Process completed with exit code 1.
2025-12-04T05:27:08.5941685Z ##[group]Run actions/upload-artifact@v4
2025-12-04T05:27:08.5942079Z with:
2025-12-04T05:27:08.5942371Z   name: archive-r-pf6-d78a10f76fe8482fd728cbb90a9b7858a2dc79d4
2025-12-04T05:27:08.5942899Z   path: build/bindings/python/dist/*.whl
build/bindings/ruby/*.gem
build/logs/**/*.log

2025-12-04T05:27:08.5943337Z   if-no-files-found: ignore
2025-12-04T05:27:08.5943567Z   retention-days: 7
2025-12-04T05:27:08.5943772Z   compression-level: 6
2025-12-04T05:27:08.5944011Z   overwrite: false
2025-12-04T05:27:08.5944236Z   include-hidden-files: false
2025-12-04T05:27:08.5944457Z env:
2025-12-04T05:27:08.5944651Z   MSYSTEM: UCRT64
2025-12-04T05:27:08.5944868Z ##[endgroup]
2025-12-04T05:27:08.8819995Z Multiple search paths detected. Calculating the least common ancestor of all paths
2025-12-04T05:27:08.8825774Z The least common ancestor is D:\a\archive_r\archive_r\build. This will be the root directory of the artifact
2025-12-04T05:27:08.8826864Z With the provided path, there will be 2 files uploaded
2025-12-04T05:27:08.8832774Z Artifact name is valid!
2025-12-04T05:27:08.8836652Z Root directory input is valid!
2025-12-04T05:27:09.0271788Z Beginning upload of artifact content to blob storage
2025-12-04T05:27:09.1408512Z Uploaded bytes 298052
2025-12-04T05:27:09.1623163Z Finished uploading artifact content to blob storage!
2025-12-04T05:27:09.1627390Z SHA256 digest of uploaded artifact zip is eb16e588af7f7586d4825821ff999a105245131fdf06477cb600a360ecfd2c92
2025-12-04T05:27:09.1629818Z Finalizing artifact upload
2025-12-04T05:27:09.2515232Z Artifact archive-r-pf6-d78a10f76fe8482fd728cbb90a9b7858a2dc79d4.zip successfully finalized. Artifact ID 4760182562
2025-12-04T05:27:09.2516458Z Artifact archive-r-pf6-d78a10f76fe8482fd728cbb90a9b7858a2dc79d4 has been successfully uploaded! Final size is 298052 bytes. Artifact ID is 4760182562
2025-12-04T05:27:09.2526632Z Artifact download URL: https://github.com/Raizo-TCS/archive_r/actions/runs/19918549118/artifacts/4760182562
2025-12-04T05:27:09.2800701Z Post job cleanup.
2025-12-04T05:27:09.4975536Z [command]"C:\Program Files\Git\bin\git.exe" version
2025-12-04T05:27:09.5185554Z git version 2.52.0.windows.1
2025-12-04T05:27:09.5248874Z Temporarily overriding HOME='D:\a\_temp\76a57d6d-4567-4909-b7fa-48037841502f' before making global git config changes
2025-12-04T05:27:09.5249520Z Adding repository directory to the temporary git global config as a safe directory
2025-12-04T05:27:09.5259637Z [command]"C:\Program Files\Git\bin\git.exe" config --global --add safe.directory D:\a\archive_r\archive_r
2025-12-04T05:27:09.5485710Z [command]"C:\Program Files\Git\bin\git.exe" config --local --name-only --get-regexp core\.sshCommand
2025-12-04T05:27:09.5706818Z [command]"C:\Program Files\Git\bin\git.exe" submodule foreach --recursive "sh -c \"git config --local --name-only --get-regexp 'core\.sshCommand' && git config --local --unset-all 'core.sshCommand' || :\""
2025-12-04T05:27:09.9878360Z [command]"C:\Program Files\Git\bin\git.exe" config --local --name-only --get-regexp http\.https\:\/\/github\.com\/\.extraheader
2025-12-04T05:27:10.0083013Z http.https://github.com/.extraheader
2025-12-04T05:27:10.0117315Z [command]"C:\Program Files\Git\bin\git.exe" config --local --unset-all http.https://github.com/.extraheader
2025-12-04T05:27:10.0339499Z [command]"C:\Program Files\Git\bin\git.exe" submodule foreach --recursive "sh -c \"git config --local --name-only --get-regexp 'http\.https\:\/\/github\.com\/\.extraheader' && git config --local --unset-all 'http.https://github.com/.extraheader' || :\""
2025-12-04T05:27:10.4387955Z [command]"C:\Program Files\Git\bin\git.exe" config --local --name-only --get-regexp ^includeIf\.gitdir:
2025-12-04T05:27:10.4619362Z [command]"C:\Program Files\Git\bin\git.exe" submodule foreach --recursive "git config --local --show-origin --name-only --get-regexp remote.origin.url"
2025-12-04T05:27:10.9258387Z Cleaning up orphan processes
