PF6 (MinGW) Windows Build & Test	Set up job	ï»¿2025-12-04T05:18:24.5186891Z Current runner version: '2.329.0'
PF6 (MinGW) Windows Build & Test	Set up job	2025-12-04T05:18:24.5228617Z ##[group]Runner Image Provisioner
PF6 (MinGW) Windows Build & Test	Set up job	2025-12-04T05:18:24.5229741Z Hosted Compute Agent
PF6 (MinGW) Windows Build & Test	Set up job	2025-12-04T05:18:24.5230586Z Version: 20251124.448
PF6 (MinGW) Windows Build & Test	Set up job	2025-12-04T05:18:24.5231491Z Commit: fda5086b43ec66ade217e5fcd18146c879571177
PF6 (MinGW) Windows Build & Test	Set up job	2025-12-04T05:18:24.5232558Z Build Date: 2025-11-24T21:16:26Z
PF6 (MinGW) Windows Build & Test	Set up job	2025-12-04T05:18:24.5233479Z ##[endgroup]
PF6 (MinGW) Windows Build & Test	Set up job	2025-12-04T05:18:24.5234188Z ##[group]Operating System
PF6 (MinGW) Windows Build & Test	Set up job	2025-12-04T05:18:24.5235116Z Microsoft Windows Server 2022
PF6 (MinGW) Windows Build & Test	Set up job	2025-12-04T05:18:24.5236045Z 10.0.20348
PF6 (MinGW) Windows Build & Test	Set up job	2025-12-04T05:18:24.5236733Z Datacenter
PF6 (MinGW) Windows Build & Test	Set up job	2025-12-04T05:18:24.5237434Z ##[endgroup]
PF6 (MinGW) Windows Build & Test	Set up job	2025-12-04T05:18:24.5238136Z ##[group]Runner Image
PF6 (MinGW) Windows Build & Test	Set up job	2025-12-04T05:18:24.5238966Z Image: windows-2022
PF6 (MinGW) Windows Build & Test	Set up job	2025-12-04T05:18:24.5239687Z Version: 20251125.125.1
PF6 (MinGW) Windows Build & Test	Set up job	2025-12-04T05:18:24.5241409Z Included Software: https://github.com/actions/runner-images/blob/win22/20251125.125/images/windows/Windows2022-Readme.md
PF6 (MinGW) Windows Build & Test	Set up job	2025-12-04T05:18:24.5243808Z Image Release: https://github.com/actions/runner-images/releases/tag/win22%2F20251125.125
PF6 (MinGW) Windows Build & Test	Set up job	2025-12-04T05:18:24.5245871Z ##[endgroup]
PF6 (MinGW) Windows Build & Test	Set up job	2025-12-04T05:18:24.5247497Z ##[group]GITHUB_TOKEN Permissions
PF6 (MinGW) Windows Build & Test	Set up job	2025-12-04T05:18:24.5249879Z Contents: read
PF6 (MinGW) Windows Build & Test	Set up job	2025-12-04T05:18:24.5250714Z Metadata: read
PF6 (MinGW) Windows Build & Test	Set up job	2025-12-04T05:18:24.5251445Z Packages: read
PF6 (MinGW) Windows Build & Test	Set up job	2025-12-04T05:18:24.5252106Z ##[endgroup]
PF6 (MinGW) Windows Build & Test	Set up job	2025-12-04T05:18:24.5254832Z Secret source: Actions
PF6 (MinGW) Windows Build & Test	Set up job	2025-12-04T05:18:24.5255765Z Prepare workflow directory
PF6 (MinGW) Windows Build & Test	Set up job	2025-12-04T05:18:24.5707867Z Prepare all required actions
PF6 (MinGW) Windows Build & Test	Set up job	2025-12-04T05:18:24.5749691Z Getting action download info
PF6 (MinGW) Windows Build & Test	Set up job	2025-12-04T05:18:24.8270188Z Download action repository 'actions/checkout@v4' (SHA:34e114876b0b11c390a56381ad16ebd13914f8d5)
PF6 (MinGW) Windows Build & Test	Set up job	2025-12-04T05:18:25.1299781Z Download action repository 'msys2/setup-msys2@v2' (SHA:fb197b72ce45fb24f17bf3f807a388985654d1f2)
PF6 (MinGW) Windows Build & Test	Set up job	2025-12-04T05:18:25.4480935Z Download action repository 'actions/upload-artifact@v4' (SHA:ea165f8d65b6e75b540449e92b4886f43607fa02)
PF6 (MinGW) Windows Build & Test	Set up job	2025-12-04T05:18:25.7749103Z Complete job name: PF6 (MinGW) Windows Build & Test
PF6 (MinGW) Windows Build & Test	Checkout repository	ï»¿2025-12-04T05:18:25.9229928Z ##[group]Run actions/checkout@v4
PF6 (MinGW) Windows Build & Test	Checkout repository	2025-12-04T05:18:25.9231263Z with:
PF6 (MinGW) Windows Build & Test	Checkout repository	2025-12-04T05:18:25.9231788Z   repository: Raizo-TCS/archive_r
PF6 (MinGW) Windows Build & Test	Checkout repository	2025-12-04T05:18:25.9232705Z   token: ***
PF6 (MinGW) Windows Build & Test	Checkout repository	2025-12-04T05:18:25.9233187Z   ssh-strict: true
PF6 (MinGW) Windows Build & Test	Checkout repository	2025-12-04T05:18:25.9233702Z   ssh-user: git
PF6 (MinGW) Windows Build & Test	Checkout repository	2025-12-04T05:18:25.9234227Z   persist-credentials: true
PF6 (MinGW) Windows Build & Test	Checkout repository	2025-12-04T05:18:25.9234827Z   clean: true
PF6 (MinGW) Windows Build & Test	Checkout repository	2025-12-04T05:18:25.9235341Z   sparse-checkout-cone-mode: true
PF6 (MinGW) Windows Build & Test	Checkout repository	2025-12-04T05:18:25.9235998Z   fetch-depth: 1
PF6 (MinGW) Windows Build & Test	Checkout repository	2025-12-04T05:18:25.9236507Z   fetch-tags: false
PF6 (MinGW) Windows Build & Test	Checkout repository	2025-12-04T05:18:25.9237025Z   show-progress: true
PF6 (MinGW) Windows Build & Test	Checkout repository	2025-12-04T05:18:25.9237565Z   lfs: false
PF6 (MinGW) Windows Build & Test	Checkout repository	2025-12-04T05:18:25.9238047Z   submodules: false
PF6 (MinGW) Windows Build & Test	Checkout repository	2025-12-04T05:18:25.9238573Z   set-safe-directory: true
PF6 (MinGW) Windows Build & Test	Checkout repository	2025-12-04T05:18:25.9239293Z ##[endgroup]
PF6 (MinGW) Windows Build & Test	Checkout repository	2025-12-04T05:18:26.1114633Z Syncing repository: Raizo-TCS/archive_r
PF6 (MinGW) Windows Build & Test	Checkout repository	2025-12-04T05:18:26.1117547Z ##[group]Getting Git version info
PF6 (MinGW) Windows Build & Test	Checkout repository	2025-12-04T05:18:26.1118736Z Working directory is 'D:\a\archive_r\archive_r'
PF6 (MinGW) Windows Build & Test	Checkout repository	2025-12-04T05:18:26.2371473Z [command]"C:\Program Files\Git\bin\git.exe" version
PF6 (MinGW) Windows Build & Test	Checkout repository	2025-12-04T05:18:26.5767029Z git version 2.52.0.windows.1
PF6 (MinGW) Windows Build & Test	Checkout repository	2025-12-04T05:18:26.5820526Z ##[endgroup]
PF6 (MinGW) Windows Build & Test	Checkout repository	2025-12-04T05:18:26.5842266Z Temporarily overriding HOME='D:\a\_temp\7fa1cc03-00bf-44b0-a73c-d3a4350b0e10' before making global git config changes
PF6 (MinGW) Windows Build & Test	Checkout repository	2025-12-04T05:18:26.5846892Z Adding repository directory to the temporary git global config as a safe directory
PF6 (MinGW) Windows Build & Test	Checkout repository	2025-12-04T05:18:26.5854778Z [command]"C:\Program Files\Git\bin\git.exe" config --global --add safe.directory D:\a\archive_r\archive_r
PF6 (MinGW) Windows Build & Test	Checkout repository	2025-12-04T05:18:26.6382962Z Deleting the contents of 'D:\a\archive_r\archive_r'
PF6 (MinGW) Windows Build & Test	Checkout repository	2025-12-04T05:18:26.6389736Z ##[group]Initializing the repository
PF6 (MinGW) Windows Build & Test	Checkout repository	2025-12-04T05:18:26.6402339Z [command]"C:\Program Files\Git\bin\git.exe" init D:\a\archive_r\archive_r
PF6 (MinGW) Windows Build & Test	Checkout repository	2025-12-04T05:18:26.7228215Z Initialized empty Git repository in D:/a/archive_r/archive_r/.git/
PF6 (MinGW) Windows Build & Test	Checkout repository	2025-12-04T05:18:26.7274404Z [command]"C:\Program Files\Git\bin\git.exe" remote add origin https://github.com/Raizo-TCS/archive_r
PF6 (MinGW) Windows Build & Test	Checkout repository	2025-12-04T05:18:26.7754887Z ##[endgroup]
PF6 (MinGW) Windows Build & Test	Checkout repository	2025-12-04T05:18:26.7757191Z ##[group]Disabling automatic garbage collection
PF6 (MinGW) Windows Build & Test	Checkout repository	2025-12-04T05:18:26.7763209Z [command]"C:\Program Files\Git\bin\git.exe" config --local gc.auto 0
PF6 (MinGW) Windows Build & Test	Checkout repository	2025-12-04T05:18:26.8062090Z ##[endgroup]
PF6 (MinGW) Windows Build & Test	Checkout repository	2025-12-04T05:18:26.8064384Z ##[group]Setting up auth
PF6 (MinGW) Windows Build & Test	Checkout repository	2025-12-04T05:18:26.8075834Z [command]"C:\Program Files\Git\bin\git.exe" config --local --name-only --get-regexp core\.sshCommand
PF6 (MinGW) Windows Build & Test	Checkout repository	2025-12-04T05:18:26.8357972Z [command]"C:\Program Files\Git\bin\git.exe" submodule foreach --recursive "sh -c \"git config --local --name-only --get-regexp 'core\.sshCommand' && git config --local --unset-all 'core.sshCommand' || :\""
PF6 (MinGW) Windows Build & Test	Checkout repository	2025-12-04T05:18:28.1952435Z [command]"C:\Program Files\Git\bin\git.exe" config --local --name-only --get-regexp http\.https\:\/\/github\.com\/\.extraheader
PF6 (MinGW) Windows Build & Test	Checkout repository	2025-12-04T05:18:28.2187857Z [command]"C:\Program Files\Git\bin\git.exe" submodule foreach --recursive "sh -c \"git config --local --name-only --get-regexp 'http\.https\:\/\/github\.com\/\.extraheader' && git config --local --unset-all 'http.https://github.com/.extraheader' || :\""
PF6 (MinGW) Windows Build & Test	Checkout repository	2025-12-04T05:18:28.6605947Z [command]"C:\Program Files\Git\bin\git.exe" config --local --name-only --get-regexp ^includeIf\.gitdir:
PF6 (MinGW) Windows Build & Test	Checkout repository	2025-12-04T05:18:28.6842311Z [command]"C:\Program Files\Git\bin\git.exe" submodule foreach --recursive "git config --local --show-origin --name-only --get-regexp remote.origin.url"
PF6 (MinGW) Windows Build & Test	Checkout repository	2025-12-04T05:18:29.1457586Z [command]"C:\Program Files\Git\bin\git.exe" config --local http.https://github.com/.extraheader "AUTHORIZATION: basic ***"
PF6 (MinGW) Windows Build & Test	Checkout repository	2025-12-04T05:18:29.1705858Z ##[endgroup]
PF6 (MinGW) Windows Build & Test	Checkout repository	2025-12-04T05:18:29.1706618Z ##[group]Fetching the repository
PF6 (MinGW) Windows Build & Test	Checkout repository	2025-12-04T05:18:29.1720375Z [command]"C:\Program Files\Git\bin\git.exe" -c protocol.version=2 fetch --no-tags --prune --no-recurse-submodules --depth=1 origin +d78a10f76fe8482fd728cbb90a9b7858a2dc79d4:refs/remotes/pull/2/merge
PF6 (MinGW) Windows Build & Test	Checkout repository	2025-12-04T05:18:30.0267464Z From https://github.com/Raizo-TCS/archive_r
PF6 (MinGW) Windows Build & Test	Checkout repository	2025-12-04T05:18:30.0268432Z  * [new ref]         d78a10f76fe8482fd728cbb90a9b7858a2dc79d4 -> pull/2/merge
PF6 (MinGW) Windows Build & Test	Checkout repository	2025-12-04T05:18:30.0540683Z ##[endgroup]
PF6 (MinGW) Windows Build & Test	Checkout repository	2025-12-04T05:18:30.0541073Z ##[group]Determining the checkout info
PF6 (MinGW) Windows Build & Test	Checkout repository	2025-12-04T05:18:30.0544175Z ##[endgroup]
PF6 (MinGW) Windows Build & Test	Checkout repository	2025-12-04T05:18:30.0558624Z [command]"C:\Program Files\Git\bin\git.exe" sparse-checkout disable
PF6 (MinGW) Windows Build & Test	Checkout repository	2025-12-04T05:18:30.0914916Z [command]"C:\Program Files\Git\bin\git.exe" config --local --unset-all extensions.worktreeConfig
PF6 (MinGW) Windows Build & Test	Checkout repository	2025-12-04T05:18:30.1152088Z ##[group]Checking out the ref
PF6 (MinGW) Windows Build & Test	Checkout repository	2025-12-04T05:18:30.1162772Z [command]"C:\Program Files\Git\bin\git.exe" checkout --progress --force refs/remotes/pull/2/merge
PF6 (MinGW) Windows Build & Test	Checkout repository	2025-12-04T05:18:30.2007153Z Note: switching to 'refs/remotes/pull/2/merge'.
PF6 (MinGW) Windows Build & Test	Checkout repository	2025-12-04T05:18:30.2007492Z 
PF6 (MinGW) Windows Build & Test	Checkout repository	2025-12-04T05:18:30.2007723Z You are in 'detached HEAD' state. You can look around, make experimental
PF6 (MinGW) Windows Build & Test	Checkout repository	2025-12-04T05:18:30.2008144Z changes and commit them, and you can discard any commits you make in this
PF6 (MinGW) Windows Build & Test	Checkout repository	2025-12-04T05:18:30.2008561Z state without impacting any branches by switching back to a branch.
PF6 (MinGW) Windows Build & Test	Checkout repository	2025-12-04T05:18:30.2008925Z 
PF6 (MinGW) Windows Build & Test	Checkout repository	2025-12-04T05:18:30.2009178Z If you want to create a new branch to retain commits you create, you may
PF6 (MinGW) Windows Build & Test	Checkout repository	2025-12-04T05:18:30.2009798Z do so (now or later) by using -c with the switch command. Example:
PF6 (MinGW) Windows Build & Test	Checkout repository	2025-12-04T05:18:30.2010121Z 
PF6 (MinGW) Windows Build & Test	Checkout repository	2025-12-04T05:18:30.2010303Z   git switch -c <new-branch-name>
PF6 (MinGW) Windows Build & Test	Checkout repository	2025-12-04T05:18:30.2010787Z 
PF6 (MinGW) Windows Build & Test	Checkout repository	2025-12-04T05:18:30.2010912Z Or undo this operation with:
PF6 (MinGW) Windows Build & Test	Checkout repository	2025-12-04T05:18:30.2011125Z 
PF6 (MinGW) Windows Build & Test	Checkout repository	2025-12-04T05:18:30.2011209Z   git switch -
PF6 (MinGW) Windows Build & Test	Checkout repository	2025-12-04T05:18:30.2011319Z 
PF6 (MinGW) Windows Build & Test	Checkout repository	2025-12-04T05:18:30.2011503Z Turn off this advice by setting config variable advice.detachedHead to false
PF6 (MinGW) Windows Build & Test	Checkout repository	2025-12-04T05:18:30.2011775Z 
PF6 (MinGW) Windows Build & Test	Checkout repository	2025-12-04T05:18:30.2012075Z HEAD is now at d78a10f Merge 7512daa53bcc9a661a40ed15d3a948b2b3a7965d into def6b5a7e993ee929d6903771f283eb2ebe02e2b
PF6 (MinGW) Windows Build & Test	Checkout repository	2025-12-04T05:18:30.2035191Z ##[endgroup]
PF6 (MinGW) Windows Build & Test	Checkout repository	2025-12-04T05:18:30.2337100Z [command]"C:\Program Files\Git\bin\git.exe" log -1 --format=%H
PF6 (MinGW) Windows Build & Test	Checkout repository	2025-12-04T05:18:30.2543074Z d78a10f76fe8482fd728cbb90a9b7858a2dc79d4
PF6 (MinGW) Windows Build & Test	Setup MSYS2 (MinGW)	ï»¿2025-12-04T05:18:30.2893082Z ##[group]Run msys2/setup-msys2@v2
PF6 (MinGW) Windows Build & Test	Setup MSYS2 (MinGW)	2025-12-04T05:18:30.2893422Z with:
PF6 (MinGW) Windows Build & Test	Setup MSYS2 (MinGW)	2025-12-04T05:18:30.2893589Z   msystem: UCRT64
PF6 (MinGW) Windows Build & Test	Setup MSYS2 (MinGW)	2025-12-04T05:18:30.2893757Z   update: true
PF6 (MinGW) Windows Build & Test	Setup MSYS2 (MinGW)	2025-12-04T05:18:30.2893921Z   path-type: minimal
PF6 (MinGW) Windows Build & Test	Setup MSYS2 (MinGW)	2025-12-04T05:18:30.2894919Z   install: git base-devel mingw-w64-ucrt-x86_64-toolchain mingw-w64-ucrt-x86_64-cmake mingw-w64-ucrt-x86_64-libarchive mingw-w64-ucrt-x86_64-python mingw-w64-ucrt-x86_64-ruby mingw-w64-ucrt-x86_64-python-pip mingw-w64-ucrt-x86_64-python-setuptools mingw-w64-ucrt-x86_64-python-wheel mingw-w64-ucrt-x86_64-rust
PF6 (MinGW) Windows Build & Test	Setup MSYS2 (MinGW)	2025-12-04T05:18:30.2895944Z   pacboy: false
PF6 (MinGW) Windows Build & Test	Setup MSYS2 (MinGW)	2025-12-04T05:18:30.2896106Z   release: true
PF6 (MinGW) Windows Build & Test	Setup MSYS2 (MinGW)	2025-12-04T05:18:30.2896254Z   location: RUNNER_TEMP
PF6 (MinGW) Windows Build & Test	Setup MSYS2 (MinGW)	2025-12-04T05:18:30.2896445Z   platform-check-severity: fatal
PF6 (MinGW) Windows Build & Test	Setup MSYS2 (MinGW)	2025-12-04T05:18:30.2896646Z   cache: true
PF6 (MinGW) Windows Build & Test	Setup MSYS2 (MinGW)	2025-12-04T05:18:30.2896789Z ##[endgroup]
PF6 (MinGW) Windows Build & Test	Setup MSYS2 (MinGW)	2025-12-04T05:18:30.4872997Z ##[group]Downloading MSYS2...
PF6 (MinGW) Windows Build & Test	Setup MSYS2 (MinGW)	2025-12-04T05:18:31.1496643Z ##[endgroup]
PF6 (MinGW) Windows Build & Test	Setup MSYS2 (MinGW)	2025-12-04T05:18:31.1497221Z ##[group]Extracting MSYS2...
PF6 (MinGW) Windows Build & Test	Setup MSYS2 (MinGW)	2025-12-04T05:18:31.1514672Z [command]C:\hostedtoolcache\windows\msys2-installer\0.0.20250830\x64\base.exe -y
PF6 (MinGW) Windows Build & Test	Setup MSYS2 (MinGW)	2025-12-04T05:18:31.3921123Z 
PF6 (MinGW) Windows Build & Test	Setup MSYS2 (MinGW)	2025-12-04T05:18:31.3922348Z 7-Zip SFX 25.01 ZS v1.5.7 (x64) : Copyright (c) 1999-2025 Igor Pavlov, 2016-2025 Tino Reichardt, 2022-2025 Sergey G. Brester : 2025-08-06
PF6 (MinGW) Windows Build & Test	Setup MSYS2 (MinGW)	2025-12-04T05:18:31.3923074Z 
PF6 (MinGW) Windows Build & Test	Setup MSYS2 (MinGW)	2025-12-04T05:18:31.3923476Z Extracting archive: C:\hostedtoolcache\windows\msys2-installer\0.0.20250830\x64\base.exe
PF6 (MinGW) Windows Build & Test	Setup MSYS2 (MinGW)	2025-12-04T05:18:31.3924134Z --
PF6 (MinGW) Windows Build & Test	Setup MSYS2 (MinGW)	2025-12-04T05:18:31.3924604Z Path = C:\hostedtoolcache\windows\msys2-installer\0.0.20250830\x64\base.exe
PF6 (MinGW) Windows Build & Test	Setup MSYS2 (MinGW)	2025-12-04T05:18:31.3925163Z Type = 7z
PF6 (MinGW) Windows Build & Test	Setup MSYS2 (MinGW)	2025-12-04T05:18:31.3925321Z 
PF6 (MinGW) Windows Build & Test	Setup MSYS2 (MinGW)	2025-12-04T05:18:31.5954742Z   0%
PF6 (MinGW) Windows Build & Test	Setup MSYS2 (MinGW)	2025-12-04T05:18:31.5955111Z     
PF6 (MinGW) Windows Build & Test	Setup MSYS2 (MinGW)	2025-12-04T05:18:31.7983480Z   2% 1252 - msys64\usr\lib\perl5\core_perl\CORE\config.h
PF6 (MinGW) Windows Build & Test	Setup MSYS2 (MinGW)	2025-12-04T05:18:31.7983873Z                                                         
PF6 (MinGW) Windows Build & Test	Setup MSYS2 (MinGW)	2025-12-04T05:18:32.0016926Z   5% 2204 - msys64\usr\lib\terminfo\64\darwin-f2
PF6 (MinGW) Windows Build & Test	Setup MSYS2 (MinGW)	2025-12-04T05:18:32.0017472Z                                                 
PF6 (MinGW) Windows Build & Test	Setup MSYS2 (MinGW)	2025-12-04T05:18:32.2047442Z   5% 3297 - msys64\usr\lib\terminfo\72\rxvt+pcfkeys
PF6 (MinGW) Windows Build & Test	Setup MSYS2 (MinGW)	2025-12-04T05:18:32.2048063Z                                                    
PF6 (MinGW) Windows Build & Test	Setup MSYS2 (MinGW)	2025-12-04T05:18:32.4077645Z   6% 4365 - msys64\usr\share\bash-completion\completions\a2x
PF6 (MinGW) Windows Build & Test	Setup MSYS2 (MinGW)	2025-12-04T05:18:32.4078134Z                                                             
PF6 (MinGW) Windows Build & Test	Setup MSYS2 (MinGW)	2025-12-04T05:18:32.6108924Z   7% 5457 - msys64\usr\share\doc\bash\bash.html
PF6 (MinGW) Windows Build & Test	Setup MSYS2 (MinGW)	2025-12-04T05:18:32.6109538Z                                                
PF6 (MinGW) Windows Build & Test	Setup MSYS2 (MinGW)	2025-12-04T05:18:32.8137573Z  15% 6118 - msys64\usr\share\locale\eo\LC_MESSAGES\gnutls.mo
PF6 (MinGW) Windows Build & Test	Setup MSYS2 (MinGW)	2025-12-04T05:18:32.8137959Z                                                             
PF6 (MinGW) Windows Build & Test	Setup MSYS2 (MinGW)	2025-12-04T05:18:33.0167355Z  28% 6716 - msys64\usr\share\locale\sv\LC_MESSAGES\libalpm.mo
PF6 (MinGW) Windows Build & Test	Setup MSYS2 (MinGW)	2025-12-04T05:18:33.0168052Z                                                              
PF6 (MinGW) Windows Build & Test	Setup MSYS2 (MinGW)	2025-12-04T05:18:33.2200510Z  33% 7620 - msys64\usr\share\man\man3\bkgrndset.3x.gz
PF6 (MinGW) Windows Build & Test	Setup MSYS2 (MinGW)	2025-12-04T05:18:33.2200999Z                                                      
PF6 (MinGW) Windows Build & Test	Setup MSYS2 (MinGW)	2025-12-04T05:18:33.4232869Z  34% 8680 - msys64\usr\share\man\man3\libssh2_scp_send64.3.gz
PF6 (MinGW) Windows Build & Test	Setup MSYS2 (MinGW)	2025-12-04T05:18:33.4233781Z                                                              
PF6 (MinGW) Windows Build & Test	Setup MSYS2 (MinGW)	2025-12-04T05:18:33.6268060Z  39% 9645 - msys64\usr\share\perl5\core_perl\CPAN\Meta\Feature.pm
PF6 (MinGW) Windows Build & Test	Setup MSYS2 (MinGW)	2025-12-04T05:18:33.6268927Z                                                                  
PF6 (MinGW) Windows Build & Test	Setup MSYS2 (MinGW)	2025-12-04T05:18:33.8297017Z  44% 10432 - msys64\usr\share\perl5\core_perl\unicore\lib\Gc\P.pl
PF6 (MinGW) Windows Build & Test	Setup MSYS2 (MinGW)	2025-12-04T05:18:33.8297760Z                                                                  
PF6 (MinGW) Windows Build & Test	Setup MSYS2 (MinGW)	2025-12-04T05:18:34.0327925Z  46% 11417 - msys64\usr\share\terminfo\63\coherent
PF6 (MinGW) Windows Build & Test	Setup MSYS2 (MinGW)	2025-12-04T05:18:34.0328490Z                                                   
PF6 (MinGW) Windows Build & Test	Setup MSYS2 (MinGW)	2025-12-04T05:18:34.2364514Z  46% 12495 - msys64\usr\share\terminfo\6e\nwp513-o
PF6 (MinGW) Windows Build & Test	Setup MSYS2 (MinGW)	2025-12-04T05:18:34.2365098Z                                                   
PF6 (MinGW) Windows Build & Test	Setup MSYS2 (MinGW)	2025-12-04T05:18:34.4396237Z  46% 13568 - msys64\usr\share\terminfo\77\wyse85-w
PF6 (MinGW) Windows Build & Test	Setup MSYS2 (MinGW)	2025-12-04T05:18:34.4399775Z                                                   
PF6 (MinGW) Windows Build & Test	Setup MSYS2 (MinGW)	2025-12-04T05:18:34.6435284Z  47% 14674 - msys64\usr\share\zoneinfo\posix\Asia\Singapore
PF6 (MinGW) Windows Build & Test	Setup MSYS2 (MinGW)	2025-12-04T05:18:34.6435772Z                                                            
PF6 (MinGW) Windows Build & Test	Setup MSYS2 (MinGW)	2025-12-04T05:18:34.8463357Z  47% 15731 - msys64\var\lib\pacman\local\libgnutls-3.8.10-1\mtree
PF6 (MinGW) Windows Build & Test	Setup MSYS2 (MinGW)	2025-12-04T05:18:34.8463956Z                                                                  
PF6 (MinGW) Windows Build & Test	Setup MSYS2 (MinGW)	2025-12-04T05:18:35.0493559Z  60% 16148 - msys64\usr\bin\msys-gcc_s-seh-1.dll
PF6 (MinGW) Windows Build & Test	Setup MSYS2 (MinGW)	2025-12-04T05:18:35.0494042Z                                                 
PF6 (MinGW) Windows Build & Test	Setup MSYS2 (MinGW)	2025-12-04T05:18:35.1799037Z  83% 16280 - msys64\usr\bin\setpgid.exe
PF6 (MinGW) Windows Build & Test	Setup MSYS2 (MinGW)	2025-12-04T05:18:35.1799519Z                                        
PF6 (MinGW) Windows Build & Test	Setup MSYS2 (MinGW)	2025-12-04T05:18:35.1799828Z Everything is Ok
PF6 (MinGW) Windows Build & Test	Setup MSYS2 (MinGW)	2025-12-04T05:18:35.1816876Z ##[endgroup]
PF6 (MinGW) Windows Build & Test	Setup MSYS2 (MinGW)	2025-12-04T05:18:35.1817222Z ##[group]Disable Key Refresh...
PF6 (MinGW) Windows Build & Test	Setup MSYS2 (MinGW)	2025-12-04T05:18:35.1830507Z ##[endgroup]
PF6 (MinGW) Windows Build & Test	Setup MSYS2 (MinGW)	2025-12-04T05:18:35.1847929Z ##[group]Restoring package cache...
PF6 (MinGW) Windows Build & Test	Setup MSYS2 (MinGW)	2025-12-04T05:18:35.4171544Z Cache hit for restore-key: msys2-pkgs-upd:true-conf:302aa722-files:0f7a37d9801209cb09fab8f988b7a8ae72867fca
PF6 (MinGW) Windows Build & Test	Setup MSYS2 (MinGW)	2025-12-04T05:18:36.5681781Z Received 180355072 of 304573498 (59.2%), 170.1 MBs/sec
PF6 (MinGW) Windows Build & Test	Setup MSYS2 (MinGW)	2025-12-04T05:18:37.2232811Z Received 304573498 of 304573498 (100.0%), 174.3 MBs/sec
PF6 (MinGW) Windows Build & Test	Setup MSYS2 (MinGW)	2025-12-04T05:18:37.2237901Z Cache Size: ~290 MB (304573498 B)
PF6 (MinGW) Windows Build & Test	Setup MSYS2 (MinGW)	2025-12-04T05:18:37.2325819Z [command]"C:\Program Files\Git\usr\bin\tar.exe" -xf D:/a/_temp/607b2df4-1f12-4fb3-bfb4-b02c939f61a8/cache.tzst -P -C D:/a/archive_r/archive_r --force-local --use-compress-program "zstd -d"
PF6 (MinGW) Windows Build & Test	Setup MSYS2 (MinGW)	2025-12-04T05:18:37.8003847Z Cache restored successfully
PF6 (MinGW) Windows Build & Test	Setup MSYS2 (MinGW)	2025-12-04T05:18:37.8144457Z Cache restore for msys2-pkgs-upd:true-conf:302aa722, got msys2-pkgs-upd:true-conf:302aa722-files:0f7a37d9801209cb09fab8f988b7a8ae72867fca
PF6 (MinGW) Windows Build & Test	Setup MSYS2 (MinGW)	2025-12-04T05:18:37.8145839Z Cache restore for msys2-pkgs-upd:true-conf:302aa722, got msys2-pkgs-upd:true-conf:302aa722-files:0f7a37d9801209cb09fab8f988b7a8ae72867fca
PF6 (MinGW) Windows Build & Test	Setup MSYS2 (MinGW)	2025-12-04T05:18:37.8146830Z ##[endgroup]
PF6 (MinGW) Windows Build & Test	Setup MSYS2 (MinGW)	2025-12-04T05:18:37.8147632Z ##[group]Starting MSYS2 for the first time...
PF6 (MinGW) Windows Build & Test	Setup MSYS2 (MinGW)	2025-12-04T05:18:37.9139169Z [command]C:\Windows\system32\cmd.exe /D /S /C D:\a\_temp\setup-msys2\msys2.cmd -c "'uname' '-a'"
PF6 (MinGW) Windows Build & Test	Setup MSYS2 (MinGW)	2025-12-04T05:18:37.9732388Z [1;32mMSYS2 is starting for the first time. Executing the initial setup.[1;0m
PF6 (MinGW) Windows Build & Test	Setup MSYS2 (MinGW)	2025-12-04T05:18:38.2129273Z Copying skeleton files.
PF6 (MinGW) Windows Build & Test	Setup MSYS2 (MinGW)	2025-12-04T05:18:38.2129854Z These files are for the users to personalise their msys2 experience.
PF6 (MinGW) Windows Build & Test	Setup MSYS2 (MinGW)	2025-12-04T05:18:38.2130173Z 
PF6 (MinGW) Windows Build & Test	Setup MSYS2 (MinGW)	2025-12-04T05:18:38.2130313Z They will never be overwritten nor automatically updated.
PF6 (MinGW) Windows Build & Test	Setup MSYS2 (MinGW)	2025-12-04T05:18:38.2130522Z 
PF6 (MinGW) Windows Build & Test	Setup MSYS2 (MinGW)	2025-12-04T05:18:38.2518687Z './.bashrc' -> '/home/runneradmin/.bashrc'
PF6 (MinGW) Windows Build & Test	Setup MSYS2 (MinGW)	2025-12-04T05:18:38.2658074Z './.bash_profile' -> '/home/runneradmin/.bash_profile'
PF6 (MinGW) Windows Build & Test	Setup MSYS2 (MinGW)	2025-12-04T05:18:38.2799627Z './.profile' -> '/home/runneradmin/.profile'
PF6 (MinGW) Windows Build & Test	Setup MSYS2 (MinGW)	2025-12-04T05:18:38.3318075Z 'C:\Windows\system32\drivers\etc\hosts' -> '/etc/hosts'
PF6 (MinGW) Windows Build & Test	Setup MSYS2 (MinGW)	2025-12-04T05:18:38.3765892Z 'C:\Windows\system32\drivers\etc\protocol' -> '/etc/protocols'
PF6 (MinGW) Windows Build & Test	Setup MSYS2 (MinGW)	2025-12-04T05:18:38.4166244Z 'C:\Windows\system32\drivers\etc\services' -> '/etc/services'
PF6 (MinGW) Windows Build & Test	Setup MSYS2 (MinGW)	2025-12-04T05:18:38.4569000Z 'C:\Windows\system32\drivers\etc\networks' -> '/etc/networks'
PF6 (MinGW) Windows Build & Test	Setup MSYS2 (MinGW)	2025-12-04T05:18:38.6095828Z gpg: /etc/pacman.d/gnupg/trustdb.gpg: trustdb created
PF6 (MinGW) Windows Build & Test	Setup MSYS2 (MinGW)	2025-12-04T05:18:38.6161376Z gpg: no ultimately trusted keys found
PF6 (MinGW) Windows Build & Test	Setup MSYS2 (MinGW)	2025-12-04T05:18:38.8660389Z gpg: starting migration from earlier GnuPG versions
PF6 (MinGW) Windows Build & Test	Setup MSYS2 (MinGW)	2025-12-04T05:18:38.9291999Z gpg: porting secret keys from '/etc/pacman.d/gnupg/secring.gpg' to gpg-agent
PF6 (MinGW) Windows Build & Test	Setup MSYS2 (MinGW)	2025-12-04T05:18:38.9294549Z gpg: migration succeeded
PF6 (MinGW) Windows Build & Test	Setup MSYS2 (MinGW)	2025-12-04T05:18:38.9479851Z ==> Generating pacman master key. This may take some time.
PF6 (MinGW) Windows Build & Test	Setup MSYS2 (MinGW)	2025-12-04T05:18:38.9648769Z gpg: Generating pacman keyring master key...
PF6 (MinGW) Windows Build & Test	Setup MSYS2 (MinGW)	2025-12-04T05:18:40.1249286Z gpg: directory '/etc/pacman.d/gnupg/openpgp-revocs.d' created
PF6 (MinGW) Windows Build & Test	Setup MSYS2 (MinGW)	2025-12-04T05:18:40.1496016Z gpg: revocation certificate stored as '/etc/pacman.d/gnupg/openpgp-revocs.d/9B344C165483CEACB2670FAA6D6D79E2B22FDAE3.rev'
PF6 (MinGW) Windows Build & Test	Setup MSYS2 (MinGW)	2025-12-04T05:18:40.1497644Z gpg: Done
PF6 (MinGW) Windows Build & Test	Setup MSYS2 (MinGW)	2025-12-04T05:18:40.1647313Z ==> Updating trust database...
PF6 (MinGW) Windows Build & Test	Setup MSYS2 (MinGW)	2025-12-04T05:18:40.1965796Z gpg: marginals needed: 3  completes needed: 1  trust model: pgp
PF6 (MinGW) Windows Build & Test	Setup MSYS2 (MinGW)	2025-12-04T05:18:40.1967299Z gpg: depth: 0  valid:   1  signed:   0  trust: 0-, 0q, 0n, 0m, 0f, 1u
PF6 (MinGW) Windows Build & Test	Setup MSYS2 (MinGW)	2025-12-04T05:18:40.3002791Z ==> Appending keys from msys2.gpg...
PF6 (MinGW) Windows Build & Test	Setup MSYS2 (MinGW)	2025-12-04T05:18:40.9169378Z ==> Locally signing trusted keys in keyring...
PF6 (MinGW) Windows Build & Test	Setup MSYS2 (MinGW)	2025-12-04T05:18:41.4119917Z   -> Locally signed 5 keys.
PF6 (MinGW) Windows Build & Test	Setup MSYS2 (MinGW)	2025-12-04T05:18:41.4240906Z ==> Importing owner trust values...
PF6 (MinGW) Windows Build & Test	Setup MSYS2 (MinGW)	2025-12-04T05:18:41.4401159Z gpg: setting ownertrust to 4
PF6 (MinGW) Windows Build & Test	Setup MSYS2 (MinGW)	2025-12-04T05:18:41.4401736Z gpg: setting ownertrust to 4
PF6 (MinGW) Windows Build & Test	Setup MSYS2 (MinGW)	2025-12-04T05:18:41.4402163Z gpg: setting ownertrust to 4
PF6 (MinGW) Windows Build & Test	Setup MSYS2 (MinGW)	2025-12-04T05:18:41.4402580Z gpg: setting ownertrust to 4
PF6 (MinGW) Windows Build & Test	Setup MSYS2 (MinGW)	2025-12-04T05:18:41.4402927Z gpg: setting ownertrust to 4
PF6 (MinGW) Windows Build & Test	Setup MSYS2 (MinGW)	2025-12-04T05:18:41.4624974Z ==> Disabling revoked keys in keyring...
PF6 (MinGW) Windows Build & Test	Setup MSYS2 (MinGW)	2025-12-04T05:18:41.6912831Z   -> Disabled 4 keys.
PF6 (MinGW) Windows Build & Test	Setup MSYS2 (MinGW)	2025-12-04T05:18:41.7037885Z ==> Updating trust database...
PF6 (MinGW) Windows Build & Test	Setup MSYS2 (MinGW)	2025-12-04T05:18:41.7399719Z gpg: marginals needed: 3  completes needed: 1  trust model: pgp
PF6 (MinGW) Windows Build & Test	Setup MSYS2 (MinGW)	2025-12-04T05:18:41.7426110Z gpg: depth: 0  valid:   1  signed:   5  trust: 0-, 0q, 0n, 0m, 0f, 1u
PF6 (MinGW) Windows Build & Test	Setup MSYS2 (MinGW)	2025-12-04T05:18:41.7460058Z gpg: depth: 1  valid:   5  signed:   7  trust: 0-, 0q, 0n, 5m, 0f, 0u
PF6 (MinGW) Windows Build & Test	Setup MSYS2 (MinGW)	2025-12-04T05:18:41.7472263Z gpg: depth: 2  valid:   4  signed:   2  trust: 4-, 0q, 0n, 0m, 0f, 0u
PF6 (MinGW) Windows Build & Test	Setup MSYS2 (MinGW)	2025-12-04T05:18:41.7476189Z gpg: next trustdb check due at 2025-12-16
PF6 (MinGW) Windows Build & Test	Setup MSYS2 (MinGW)	2025-12-04T05:18:41.7808823Z pacman-key (pacman) 6.1.0
PF6 (MinGW) Windows Build & Test	Setup MSYS2 (MinGW)	2025-12-04T05:18:41.7809650Z Copyright (c) 2010-2024 Pacman Development Team <pacman-dev@lists.archlinux.org>.
PF6 (MinGW) Windows Build & Test	Setup MSYS2 (MinGW)	2025-12-04T05:18:41.7810134Z 
PF6 (MinGW) Windows Build & Test	Setup MSYS2 (MinGW)	2025-12-04T05:18:41.7942857Z This is free software; see the source for copying conditions.
PF6 (MinGW) Windows Build & Test	Setup MSYS2 (MinGW)	2025-12-04T05:18:41.7943507Z There is NO WARRANTY, to the extent permitted by law.
PF6 (MinGW) Windows Build & Test	Setup MSYS2 (MinGW)	2025-12-04T05:18:41.9860135Z [1;32mInitial setup complete. MSYS2 is now ready to use.[1;0m
PF6 (MinGW) Windows Build & Test	Setup MSYS2 (MinGW)	2025-12-04T05:18:42.0003746Z MINGW64_NT-10.0-20348 runnervmeol0e 3.6.4-23a25d49.x86_64 2025-07-16 16:15 UTC x86_64 Msys
PF6 (MinGW) Windows Build & Test	Setup MSYS2 (MinGW)	2025-12-04T05:18:42.0042741Z ##[endgroup]
PF6 (MinGW) Windows Build & Test	Setup MSYS2 (MinGW)	2025-12-04T05:18:42.0043107Z ##[group]Disable CheckSpace...
PF6 (MinGW) Windows Build & Test	Setup MSYS2 (MinGW)	2025-12-04T05:18:42.0923594Z [command]C:\Windows\system32\cmd.exe /D /S /C D:\a\_temp\setup-msys2\msys2.cmd -c "'sed' '-i' 's/^CheckSpace/#CheckSpace/g' '/etc/pacman.conf'"
PF6 (MinGW) Windows Build & Test	Setup MSYS2 (MinGW)	2025-12-04T05:18:42.2935157Z ##[endgroup]
PF6 (MinGW) Windows Build & Test	Setup MSYS2 (MinGW)	2025-12-04T05:18:42.2935564Z ##[group]Updating packages...
PF6 (MinGW) Windows Build & Test	Setup MSYS2 (MinGW)	2025-12-04T05:18:42.3729880Z [command]C:\Windows\system32\cmd.exe /D /S /C D:\a\_temp\setup-msys2\msys2.cmd -c "'pacman' '--noconfirm' '-Syuu' '--overwrite' '*'"
PF6 (MinGW) Windows Build & Test	Setup MSYS2 (MinGW)	2025-12-04T05:18:43.0032338Z :: Synchronizing package databases...
PF6 (MinGW) Windows Build & Test	Setup MSYS2 (MinGW)	2025-12-04T05:18:45.6527047Z  clangarm64 downloading...
PF6 (MinGW) Windows Build & Test	Setup MSYS2 (MinGW)	2025-12-04T05:18:45.6527466Z  mingw32 downloading...
PF6 (MinGW) Windows Build & Test	Setup MSYS2 (MinGW)	2025-12-04T05:18:45.6527663Z  mingw64 downloading...
PF6 (MinGW) Windows Build & Test	Setup MSYS2 (MinGW)	2025-12-04T05:18:45.6527852Z  ucrt64 downloading...
PF6 (MinGW) Windows Build & Test	Setup MSYS2 (MinGW)	2025-12-04T05:18:45.6528038Z  clang64 downloading...
PF6 (MinGW) Windows Build & Test	Setup MSYS2 (MinGW)	2025-12-04T05:18:45.6528211Z  msys downloading...
PF6 (MinGW) Windows Build & Test	Setup MSYS2 (MinGW)	2025-12-04T05:18:46.0848317Z :: Starting core system upgrade...
PF6 (MinGW) Windows Build & Test	Setup MSYS2 (MinGW)	2025-12-04T05:18:46.2715342Z warning: terminate other MSYS2 programs before proceeding
PF6 (MinGW) Windows Build & Test	Setup MSYS2 (MinGW)	2025-12-04T05:18:46.2717315Z resolving dependencies...
PF6 (MinGW) Windows Build & Test	Setup MSYS2 (MinGW)	2025-12-04T05:18:46.2813845Z looking for conflicting packages...
PF6 (MinGW) Windows Build & Test	Setup MSYS2 (MinGW)	2025-12-04T05:18:46.2828615Z 
PF6 (MinGW) Windows Build & Test	Setup MSYS2 (MinGW)	2025-12-04T05:18:46.2829168Z Packages (3) mintty-1~3.8.1-1  msys2-runtime-3.6.5-1  pacman-6.1.0-20
PF6 (MinGW) Windows Build & Test	Setup MSYS2 (MinGW)	2025-12-04T05:18:46.2829544Z 
PF6 (MinGW) Windows Build & Test	Setup MSYS2 (MinGW)	2025-12-04T05:18:46.2829649Z Total Installed Size:  45.78 MiB
PF6 (MinGW) Windows Build & Test	Setup MSYS2 (MinGW)	2025-12-04T05:18:46.2829969Z Net Upgrade Size:      -7.30 MiB
PF6 (MinGW) Windows Build & Test	Setup MSYS2 (MinGW)	2025-12-04T05:18:46.2830184Z 
PF6 (MinGW) Windows Build & Test	Setup MSYS2 (MinGW)	2025-12-04T05:18:46.2835863Z :: Proceed with installation? [Y/n] 
PF6 (MinGW) Windows Build & Test	Setup MSYS2 (MinGW)	2025-12-04T05:18:46.2836320Z checking keyring...
PF6 (MinGW) Windows Build & Test	Setup MSYS2 (MinGW)	2025-12-04T05:18:46.3404359Z checking package integrity...
PF6 (MinGW) Windows Build & Test	Setup MSYS2 (MinGW)	2025-12-04T05:18:46.8852580Z loading package files...
PF6 (MinGW) Windows Build & Test	Setup MSYS2 (MinGW)	2025-12-04T05:18:46.8927640Z checking for file conflicts...
PF6 (MinGW) Windows Build & Test	Setup MSYS2 (MinGW)	2025-12-04T05:18:46.8933402Z :: Processing package changes...
PF6 (MinGW) Windows Build & Test	Setup MSYS2 (MinGW)	2025-12-04T05:18:46.8933833Z upgrading mintty...
PF6 (MinGW) Windows Build & Test	Setup MSYS2 (MinGW)	2025-12-04T05:18:46.9786749Z upgrading msys2-runtime...
PF6 (MinGW) Windows Build & Test	Setup MSYS2 (MinGW)	2025-12-04T05:18:47.1218834Z upgrading pacman...
PF6 (MinGW) Windows Build & Test	Setup MSYS2 (MinGW)	2025-12-04T05:18:47.4486560Z :: To complete this update all MSYS2 processes including this terminal will be closed. Confirm to proceed [Y/n] 
PF6 (MinGW) Windows Build & Test	Setup MSYS2 (MinGW)	2025-12-04T05:18:47.7226313Z ##[endgroup]
PF6 (MinGW) Windows Build & Test	Setup MSYS2 (MinGW)	2025-12-04T05:18:47.7226732Z ##[group]Killing remaining tasks...
PF6 (MinGW) Windows Build & Test	Setup MSYS2 (MinGW)	2025-12-04T05:18:47.8096891Z [command]C:\Windows\system32\taskkill.exe /F /FI "MODULES eq msys-2.0.dll"
PF6 (MinGW) Windows Build & Test	Setup MSYS2 (MinGW)	2025-12-04T05:18:47.9050410Z 
PF6 (MinGW) Windows Build & Test	Setup MSYS2 (MinGW)	2025-12-04T05:18:47.9051037Z INFO: No tasks running with the specified criteria.
PF6 (MinGW) Windows Build & Test	Setup MSYS2 (MinGW)	2025-12-04T05:18:47.9079445Z ##[endgroup]
PF6 (MinGW) Windows Build & Test	Setup MSYS2 (MinGW)	2025-12-04T05:18:47.9079837Z ##[group]Final system upgrade...
PF6 (MinGW) Windows Build & Test	Setup MSYS2 (MinGW)	2025-12-04T05:18:47.9848048Z [command]C:\Windows\system32\cmd.exe /D /S /C D:\a\_temp\setup-msys2\msys2.cmd -c "'pacman' '--noconfirm' '-Syuu' '--overwrite' '*'"
PF6 (MinGW) Windows Build & Test	Setup MSYS2 (MinGW)	2025-12-04T05:18:48.6185197Z :: Synchronizing package databases...
PF6 (MinGW) Windows Build & Test	Setup MSYS2 (MinGW)	2025-12-04T05:18:49.5588500Z  clangarm64 downloading...
PF6 (MinGW) Windows Build & Test	Setup MSYS2 (MinGW)	2025-12-04T05:18:49.5589216Z  mingw32 downloading...
PF6 (MinGW) Windows Build & Test	Setup MSYS2 (MinGW)	2025-12-04T05:18:49.5589533Z  mingw64 downloading...
PF6 (MinGW) Windows Build & Test	Setup MSYS2 (MinGW)	2025-12-04T05:18:49.5589850Z  ucrt64 downloading...
PF6 (MinGW) Windows Build & Test	Setup MSYS2 (MinGW)	2025-12-04T05:18:49.5590161Z  clang64 downloading...
PF6 (MinGW) Windows Build & Test	Setup MSYS2 (MinGW)	2025-12-04T05:18:49.5590439Z  msys downloading...
PF6 (MinGW) Windows Build & Test	Setup MSYS2 (MinGW)	2025-12-04T05:18:49.9750534Z :: Starting core system upgrade...
PF6 (MinGW) Windows Build & Test	Setup MSYS2 (MinGW)	2025-12-04T05:18:50.1633285Z  there is nothing to do
PF6 (MinGW) Windows Build & Test	Setup MSYS2 (MinGW)	2025-12-04T05:18:50.1633756Z :: Starting full system upgrade...
PF6 (MinGW) Windows Build & Test	Setup MSYS2 (MinGW)	2025-12-04T05:18:50.1935116Z resolving dependencies...
PF6 (MinGW) Windows Build & Test	Setup MSYS2 (MinGW)	2025-12-04T05:18:50.2011328Z looking for conflicting packages...
PF6 (MinGW) Windows Build & Test	Setup MSYS2 (MinGW)	2025-12-04T05:18:50.2081391Z 
PF6 (MinGW) Windows Build & Test	Setup MSYS2 (MinGW)	2025-12-04T05:18:50.2083148Z Packages (23) bash-completion-2.17.0-2  brotli-1.2.0-1  bsdtar-3.8.4-1  curl-8.17.0-1  less-685-1  libcurl-8.17.0-1  libexpat-2.7.3-1  libffi-3.5.2-1  libgnutls-3.8.11-1  libgpg-error-1.56-1  libnghttp2-1.68.0-1  libnghttp3-1.13.1-1  libngtcp2-1.18.0-1  libopenssl-3.6.0-1  libp11-kit-0.25.10-1  libpcre2_8-10.47-1  libsqlite-3.51.1-1  libxcrypt-4.5.2-1  msys2-keyring-1~20251012-1  nano-8.7-1  openssl-3.6.0-1  p11-kit-0.25.10-1  tar-1.35-3
PF6 (MinGW) Windows Build & Test	Setup MSYS2 (MinGW)	2025-12-04T05:18:50.2084664Z 
PF6 (MinGW) Windows Build & Test	Setup MSYS2 (MinGW)	2025-12-04T05:18:50.2084808Z Total Installed Size:  31.33 MiB
PF6 (MinGW) Windows Build & Test	Setup MSYS2 (MinGW)	2025-12-04T05:18:50.2085101Z Net Upgrade Size:       0.57 MiB
PF6 (MinGW) Windows Build & Test	Setup MSYS2 (MinGW)	2025-12-04T05:18:50.2085286Z 
PF6 (MinGW) Windows Build & Test	Setup MSYS2 (MinGW)	2025-12-04T05:18:50.2114565Z :: Proceed with installation? [Y/n] 
PF6 (MinGW) Windows Build & Test	Setup MSYS2 (MinGW)	2025-12-04T05:18:50.2115065Z checking keyring...
PF6 (MinGW) Windows Build & Test	Setup MSYS2 (MinGW)	2025-12-04T05:18:50.2669743Z checking package integrity...
PF6 (MinGW) Windows Build & Test	Setup MSYS2 (MinGW)	2025-12-04T05:18:53.1422899Z loading package files...
PF6 (MinGW) Windows Build & Test	Setup MSYS2 (MinGW)	2025-12-04T05:18:53.1835824Z checking for file conflicts...
PF6 (MinGW) Windows Build & Test	Setup MSYS2 (MinGW)	2025-12-04T05:18:53.1901914Z :: Processing package changes...
PF6 (MinGW) Windows Build & Test	Setup MSYS2 (MinGW)	2025-12-04T05:18:53.1902260Z upgrading bash-completion...
PF6 (MinGW) Windows Build & Test	Setup MSYS2 (MinGW)	2025-12-04T05:18:54.0286402Z upgrading brotli...
PF6 (MinGW) Windows Build & Test	Setup MSYS2 (MinGW)	2025-12-04T05:18:54.0396323Z upgrading libexpat...
PF6 (MinGW) Windows Build & Test	Setup MSYS2 (MinGW)	2025-12-04T05:18:54.0439414Z upgrading libopenssl...
PF6 (MinGW) Windows Build & Test	Setup MSYS2 (MinGW)	2025-12-04T05:18:54.0700173Z upgrading bsdtar...
PF6 (MinGW) Windows Build & Test	Setup MSYS2 (MinGW)	2025-12-04T05:18:54.0776096Z upgrading libnghttp3...
PF6 (MinGW) Windows Build & Test	Setup MSYS2 (MinGW)	2025-12-04T05:18:54.0836299Z upgrading libngtcp2...
PF6 (MinGW) Windows Build & Test	Setup MSYS2 (MinGW)	2025-12-04T05:18:54.0913883Z upgrading libnghttp2...
PF6 (MinGW) Windows Build & Test	Setup MSYS2 (MinGW)	2025-12-04T05:18:54.0973615Z upgrading openssl...
PF6 (MinGW) Windows Build & Test	Setup MSYS2 (MinGW)	2025-12-04T05:18:54.2023503Z upgrading libffi...
PF6 (MinGW) Windows Build & Test	Setup MSYS2 (MinGW)	2025-12-04T05:18:54.2125992Z upgrading libxcrypt...
PF6 (MinGW) Windows Build & Test	Setup MSYS2 (MinGW)	2025-12-04T05:18:54.2170003Z upgrading libpcre2_8...
PF6 (MinGW) Windows Build & Test	Setup MSYS2 (MinGW)	2025-12-04T05:18:54.2221758Z upgrading less...
PF6 (MinGW) Windows Build & Test	Setup MSYS2 (MinGW)	2025-12-04T05:18:54.2311072Z upgrading libp11-kit...
PF6 (MinGW) Windows Build & Test	Setup MSYS2 (MinGW)	2025-12-04T05:18:54.2379836Z upgrading p11-kit...
PF6 (MinGW) Windows Build & Test	Setup MSYS2 (MinGW)	2025-12-04T05:18:54.3872547Z upgrading libcurl...
PF6 (MinGW) Windows Build & Test	Setup MSYS2 (MinGW)	2025-12-04T05:18:54.3939071Z upgrading curl...
PF6 (MinGW) Windows Build & Test	Setup MSYS2 (MinGW)	2025-12-04T05:18:54.8382319Z upgrading libgnutls...
PF6 (MinGW) Windows Build & Test	Setup MSYS2 (MinGW)	2025-12-04T05:18:54.8915891Z upgrading libgpg-error...
PF6 (MinGW) Windows Build & Test	Setup MSYS2 (MinGW)	2025-12-04T05:18:54.9294335Z upgrading libsqlite...
PF6 (MinGW) Windows Build & Test	Setup MSYS2 (MinGW)	2025-12-04T05:18:54.9392751Z upgrading msys2-keyring...
PF6 (MinGW) Windows Build & Test	Setup MSYS2 (MinGW)	2025-12-04T05:18:55.2861229Z ==> Appending keys from msys2.gpg...
PF6 (MinGW) Windows Build & Test	Setup MSYS2 (MinGW)	2025-12-04T05:18:55.7733655Z ==> Updating trust database...
PF6 (MinGW) Windows Build & Test	Setup MSYS2 (MinGW)	2025-12-04T05:18:55.7894126Z gpg: next trustdb check due at 2026-04-10
PF6 (MinGW) Windows Build & Test	Setup MSYS2 (MinGW)	2025-12-04T05:18:55.8694169Z upgrading nano...
PF6 (MinGW) Windows Build & Test	Setup MSYS2 (MinGW)	2025-12-04T05:18:55.9731126Z upgrading tar...
PF6 (MinGW) Windows Build & Test	Setup MSYS2 (MinGW)	2025-12-04T05:18:56.0507504Z :: Running post-transaction hooks...
PF6 (MinGW) Windows Build & Test	Setup MSYS2 (MinGW)	2025-12-04T05:18:56.0508031Z (1/1) Updating the info directory file...
PF6 (MinGW) Windows Build & Test	Setup MSYS2 (MinGW)	2025-12-04T05:18:57.0261880Z ##[endgroup]
PF6 (MinGW) Windows Build & Test	Setup MSYS2 (MinGW)	2025-12-04T05:18:57.0262612Z ##[group]Installing additional packages through pacman...
PF6 (MinGW) Windows Build & Test	Setup MSYS2 (MinGW)	2025-12-04T05:18:57.1153724Z [command]C:\Windows\system32\cmd.exe /D /S /C D:\a\_temp\setup-msys2\msys2.cmd -c "'pacman' '--noconfirm' '-S' '--needed' '--overwrite' '*' 'git' 'base-devel' 'mingw-w64-ucrt-x86_64-toolchain' 'mingw-w64-ucrt-x86_64-cmake' 'mingw-w64-ucrt-x86_64-libarchive' 'mingw-w64-ucrt-x86_64-python' 'mingw-w64-ucrt-x86_64-ruby' 'mingw-w64-ucrt-x86_64-python-pip' 'mingw-w64-ucrt-x86_64-python-setuptools' 'mingw-w64-ucrt-x86_64-python-wheel' 'mingw-w64-ucrt-x86_64-rust'"
PF6 (MinGW) Windows Build & Test	Setup MSYS2 (MinGW)	2025-12-04T05:18:57.9290830Z :: There are 13 members in group mingw-w64-ucrt-x86_64-toolchain:
PF6 (MinGW) Windows Build & Test	Setup MSYS2 (MinGW)	2025-12-04T05:18:57.9291487Z :: Repository ucrt64
PF6 (MinGW) Windows Build & Test	Setup MSYS2 (MinGW)	2025-12-04T05:18:57.9292936Z    1) mingw-w64-ucrt-x86_64-binutils  2) mingw-w64-ucrt-x86_64-crt-git  3) mingw-w64-ucrt-x86_64-gcc  4) mingw-w64-ucrt-x86_64-gdb  5) mingw-w64-ucrt-x86_64-gdb-multiarch  6) mingw-w64-ucrt-x86_64-headers-git  7) mingw-w64-ucrt-x86_64-libmangle-git  8) mingw-w64-ucrt-x86_64-libwinpthread  9) mingw-w64-ucrt-x86_64-make  10) mingw-w64-ucrt-x86_64-pkgconf  11) mingw-w64-ucrt-x86_64-tools-git  12) mingw-w64-ucrt-x86_64-winpthreads  13) mingw-w64-ucrt-x86_64-winstorecompat-git
PF6 (MinGW) Windows Build & Test	Setup MSYS2 (MinGW)	2025-12-04T05:18:57.9294342Z 
PF6 (MinGW) Windows Build & Test	Setup MSYS2 (MinGW)	2025-12-04T05:18:57.9294425Z Enter a selection (default=all): 
PF6 (MinGW) Windows Build & Test	Setup MSYS2 (MinGW)	2025-12-04T05:18:57.9294659Z resolving dependencies...
PF6 (MinGW) Windows Build & Test	Setup MSYS2 (MinGW)	2025-12-04T05:18:57.9427824Z looking for conflicting packages...
PF6 (MinGW) Windows Build & Test	Setup MSYS2 (MinGW)	2025-12-04T05:18:57.9557986Z 
PF6 (MinGW) Windows Build & Test	Setup MSYS2 (MinGW)	2025-12-04T05:18:57.9570919Z Packages (125) binutils-2.45.1-1  bison-3.8.2-5  diffstat-1.68-1  diffutils-3.12-1  dos2unix-7.5.3-1  flex-2.6.4-4  heimdal-7.8.0-5  libcbor-0.12.0-1  libfido2-1.16.0-1  m4-1.4.19-2  make-4.4.1-2  mingw-w64-ucrt-x86_64-brotli-1.2.0-1  mingw-w64-ucrt-x86_64-bzip2-1.0.8-3  mingw-w64-ucrt-x86_64-c-ares-1.34.5-1  mingw-w64-ucrt-x86_64-ca-certificates-20250419-1  mingw-w64-ucrt-x86_64-cppdap-1.65-1  mingw-w64-ucrt-x86_64-curl-8.17.0-1  mingw-w64-ucrt-x86_64-expat-2.7.3-1  mingw-w64-ucrt-x86_64-gcc-libs-15.2.0-8  mingw-w64-ucrt-x86_64-gdbm-1.19-5  mingw-w64-ucrt-x86_64-gettext-runtime-0.26-2  mingw-w64-ucrt-x86_64-gmp-6.3.0-2  mingw-w64-ucrt-x86_64-gnutls-3.8.11-1  mingw-w64-ucrt-x86_64-http-parser-2.9.4-2  mingw-w64-ucrt-x86_64-isl-0.27-1  mingw-w64-ucrt-x86_64-jsoncpp-1.9.6-3  mingw-w64-ucrt-x86_64-libb2-0.98.1-3  mingw-w64-ucrt-x86_64-libffi-3.5.2-1  mingw-w64-ucrt-x86_64-libgit2-1.9.1-1  mingw-w64-ucrt-x86_64-libiconv-1.18-1  mingw-w64-ucrt-x86_64-libidn2-2.3.8-4  mingw-w64-ucrt-x86_64-libpsl-0.21.5-3  mingw-w64-ucrt-x86_64-libssh2-1.11.1-1  mingw-w64-ucrt-x86_64-libsystre-1.0.2-2  mingw-w64-ucrt-x86_64-libtasn1-4.20.0-1  mingw-w64-ucrt-x86_64-libtre-0.9.0-2  mingw-w64-ucrt-x86_64-libunistring-1.3-1  mingw-w64-ucrt-x86_64-libuv-1.51.0-1  mingw-w64-ucrt-x86_64-libxml2-2.15.1-2  mingw-w64-ucrt-x86_64-libyaml-0.2.5-2  mingw-w64-ucrt-x86_64-llvm-libs-21.1.5-1  mingw-w64-ucrt-x86_64-lz4-1.10.0-1  mingw-w64-ucrt-x86_64-mpc-1.3.1-2  mingw-w64-ucrt-x86_64-mpdecimal-4.0.1-1  mingw-w64-ucrt-x86_64-mpfr-4.2.2-1  mingw-w64-ucrt-x86_64-ncurses-6.5.20250927-2  mingw-w64-ucrt-x86_64-nettle-3.10.2-1  mingw-w64-ucrt-x86_64-nghttp2-1.68.0-1  mingw-w64-ucrt-x86_64-nghttp3-1.13.1-1  mingw-w64-ucrt-x86_64-ngtcp2-1.18.0-1  mingw-w64-ucrt-x86_64-ninja-1.13.2-1  mingw-w64-ucrt-x86_64-openssl-3.6.0-1  mingw-w64-ucrt-x86_64-p11-kit-0.25.10-1  mingw-w64-ucrt-x86_64-pcre2-10.47-1  mingw-w64-ucrt-x86_64-python-distlib-0.4.0-1  mingw-w64-ucrt-x86_64-python-packaging-25.0-1  mingw-w64-ucrt-x86_64-readline-8.3.001-1  mingw-w64-ucrt-x86_64-rhash-1.4.6-1  mingw-w64-ucrt-x86_64-sqlite3-3.51.1-1  mingw-w64-ucrt-x86_64-tcl-8.6.17-1  mingw-w64-ucrt-x86_64-termcap-1.3.1-7  mingw-w64-ucrt-x86_64-tk-8.6.17-2  mingw-w64-ucrt-x86_64-tzdata-2025b-2  mingw-w64-ucrt-x86_64-windows-default-manifest-6.4-4  mingw-w64-ucrt-x86_64-wineditline-2.208-1  mingw-w64-ucrt-x86_64-xxhash-0.8.3-1  mingw-w64-ucrt-x86_64-xz-5.8.1-2  mingw-w64-ucrt-x86_64-zlib-1.3.1-1  mingw-w64-ucrt-x86_64-zstd-1.5.7-1  openssh-10.2p1-1  patch-2.7.6-3  perl-Authen-SASL-2.1900-1  perl-Clone-0.47-2  perl-Convert-BinHex-1.125-2  perl-Encode-Locale-1.05-2  perl-Error-0.17030-1  perl-File-Listing-6.16-1  perl-HTML-Parser-3.83-2  perl-HTML-Tagset-3.24-1  perl-HTTP-Cookies-6.11-1  perl-HTTP-Daemon-6.16-1  perl-HTTP-Date-6.06-1  perl-HTTP-Message-7.01-1  perl-HTTP-Negotiate-6.01-3  perl-IO-HTML-1.004-2  perl-IO-Socket-SSL-2.095-1  perl-IO-Stringy-2.113-2  perl-LWP-MediaTypes-6.04-2  perl-MIME-tools-5.515-1  perl-MailTools-2.22-1  perl-Net-HTTP-6.24-1  perl-Net-SMTP-SSL-1.04-2  perl-Net-SSLeay-1.94-3  perl-TermReadKey-2.38-7  perl-TimeDate-2.33-2  perl-Try-Tiny-0.32-1  perl-URI-5.34-1  perl-WWW-RobotRules-6.02-3  perl-http-cookiejar-0.014-1  perl-libwww-6.81-1  texinfo-7.2-2  texinfo-tex-7.2-2  base-devel-2024.11-1  git-2.52.0-2  mingw-w64-ucrt-x86_64-binutils-2.45.1-1  mingw-w64-ucrt-x86_64-cmake-4.2.0-1  mingw-w64-ucrt-x86_64-crt-git-13.0.0.r338.gc1c6b0ff3-1  mingw-w64-ucrt-x86_64-gcc-15.2.0-8  mingw-w64-ucrt-x86_64-gdb-16.3-1  mingw-w64-ucrt-x86_64-gdb-multiarch-16.3-1  mingw-w64-ucrt-x86_64-headers-git-13.0.0.r338.gc1c6b0ff3-1  mingw-w64-ucrt-x86_64-libarchive-3.8.4-1  mingw-w64-ucrt-x86_64-libmangle-git-13.0.0.r338.gc1c6b0ff3-1  mingw-w64-ucrt-x86_64-libwinpthread-13.0.0.r338.gc1c6b0ff3-1  mingw-w64-ucrt-x86_64-make-4.4.1-4  mingw-w64-ucrt-x86_64-pkgconf-1~2.5.1-1  mingw-w64-ucrt-x86_64-python-3.12.12-1  mingw-w64-ucrt-x86_64-python-pip-25.3-1  mingw-w64-ucrt-x86_64-python-setuptools-80.9.0-2  mingw-w64-ucrt-x86_64-python-wheel-0.45.1-1  mingw-w64-ucrt-x86_64-ruby-3.4.6-1  mingw-w64-ucrt-x86_64-rust-1.91.1-1  mingw-w64-ucrt-x86_64-tools-git-13.0.0.r338.gc1c6b0ff3-1  mingw-w64-ucrt-x86_64-winpthreads-13.0.0.r338.gc1c6b0ff3-1  mingw-w64-ucrt-x86_64-winstorecompat-git-13.0.0.r338.gc1c6b0ff3-1
PF6 (MinGW) Windows Build & Test	Setup MSYS2 (MinGW)	2025-12-04T05:18:57.9584048Z 
PF6 (MinGW) Windows Build & Test	Setup MSYS2 (MinGW)	2025-12-04T05:18:57.9584136Z Total Installed Size:  1591.43 MiB
PF6 (MinGW) Windows Build & Test	Setup MSYS2 (MinGW)	2025-12-04T05:18:57.9584295Z 
PF6 (MinGW) Windows Build & Test	Setup MSYS2 (MinGW)	2025-12-04T05:18:57.9737159Z :: Proceed with installation? [Y/n] 
PF6 (MinGW) Windows Build & Test	Setup MSYS2 (MinGW)	2025-12-04T05:18:57.9737715Z checking keyring...
PF6 (MinGW) Windows Build & Test	Setup MSYS2 (MinGW)	2025-12-04T05:18:58.0599434Z checking package integrity...
PF6 (MinGW) Windows Build & Test	Setup MSYS2 (MinGW)	2025-12-04T05:19:17.7409933Z loading package files...
PF6 (MinGW) Windows Build & Test	Setup MSYS2 (MinGW)	2025-12-04T05:19:18.1514079Z checking for file conflicts...
PF6 (MinGW) Windows Build & Test	Setup MSYS2 (MinGW)	2025-12-04T05:19:20.9979586Z :: Processing package changes...
PF6 (MinGW) Windows Build & Test	Setup MSYS2 (MinGW)	2025-12-04T05:19:20.9979964Z installing heimdal...
PF6 (MinGW) Windows Build & Test	Setup MSYS2 (MinGW)	2025-12-04T05:19:21.6371079Z installing libcbor...
PF6 (MinGW) Windows Build & Test	Setup MSYS2 (MinGW)	2025-12-04T05:19:21.6400951Z installing libfido2...
PF6 (MinGW) Windows Build & Test	Setup MSYS2 (MinGW)	2025-12-04T05:19:21.6435891Z installing openssh...
PF6 (MinGW) Windows Build & Test	Setup MSYS2 (MinGW)	2025-12-04T05:19:21.6825864Z installing perl-Error...
PF6 (MinGW) Windows Build & Test	Setup MSYS2 (MinGW)	2025-12-04T05:19:21.6905325Z installing perl-Authen-SASL...
PF6 (MinGW) Windows Build & Test	Setup MSYS2 (MinGW)	2025-12-04T05:19:21.7129975Z installing perl-Encode-Locale...
PF6 (MinGW) Windows Build & Test	Setup MSYS2 (MinGW)	2025-12-04T05:19:21.7188903Z installing perl-HTTP-Date...
PF6 (MinGW) Windows Build & Test	Setup MSYS2 (MinGW)	2025-12-04T05:19:21.7246995Z installing perl-File-Listing...
PF6 (MinGW) Windows Build & Test	Setup MSYS2 (MinGW)	2025-12-04T05:19:21.7306052Z installing perl-HTML-Tagset...
PF6 (MinGW) Windows Build & Test	Setup MSYS2 (MinGW)	2025-12-04T05:19:21.7366912Z installing perl-Clone...
PF6 (MinGW) Windows Build & Test	Setup MSYS2 (MinGW)	2025-12-04T05:19:21.7427259Z installing perl-IO-HTML...
PF6 (MinGW) Windows Build & Test	Setup MSYS2 (MinGW)	2025-12-04T05:19:21.7486345Z installing perl-LWP-MediaTypes...
PF6 (MinGW) Windows Build & Test	Setup MSYS2 (MinGW)	2025-12-04T05:19:21.7562238Z installing perl-URI...
PF6 (MinGW) Windows Build & Test	Setup MSYS2 (MinGW)	2025-12-04T05:19:21.8220959Z installing perl-HTTP-Message...
PF6 (MinGW) Windows Build & Test	Setup MSYS2 (MinGW)	2025-12-04T05:19:21.8424135Z installing perl-HTML-Parser...
PF6 (MinGW) Windows Build & Test	Setup MSYS2 (MinGW)	2025-12-04T05:19:21.8575835Z installing perl-HTTP-Cookies...
PF6 (MinGW) Windows Build & Test	Setup MSYS2 (MinGW)	2025-12-04T05:19:21.8662348Z installing perl-HTTP-Daemon...
PF6 (MinGW) Windows Build & Test	Setup MSYS2 (MinGW)	2025-12-04T05:19:21.8711369Z installing perl-http-cookiejar...
PF6 (MinGW) Windows Build & Test	Setup MSYS2 (MinGW)	2025-12-04T05:19:21.8785733Z installing perl-HTTP-Negotiate...
PF6 (MinGW) Windows Build & Test	Setup MSYS2 (MinGW)	2025-12-04T05:19:21.8831275Z installing perl-Net-HTTP...
PF6 (MinGW) Windows Build & Test	Setup MSYS2 (MinGW)	2025-12-04T05:19:21.8940412Z installing perl-WWW-RobotRules...
PF6 (MinGW) Windows Build & Test	Setup MSYS2 (MinGW)	2025-12-04T05:19:21.9019493Z installing perl-Try-Tiny...
PF6 (MinGW) Windows Build & Test	Setup MSYS2 (MinGW)	2025-12-04T05:19:21.9089763Z installing perl-libwww...
PF6 (MinGW) Windows Build & Test	Setup MSYS2 (MinGW)	2025-12-04T05:19:21.9478428Z Optional dependencies for perl-libwww
PF6 (MinGW) Windows Build & Test	Setup MSYS2 (MinGW)	2025-12-04T05:19:21.9479296Z     perl-LWP-Protocol-https: for https:// url schemes
PF6 (MinGW) Windows Build & Test	Setup MSYS2 (MinGW)	2025-12-04T05:19:21.9479668Z installing perl-TimeDate...
PF6 (MinGW) Windows Build & Test	Setup MSYS2 (MinGW)	2025-12-04T05:19:21.9886759Z installing perl-MailTools...
PF6 (MinGW) Windows Build & Test	Setup MSYS2 (MinGW)	2025-12-04T05:19:22.0166529Z installing perl-IO-Stringy...
PF6 (MinGW) Windows Build & Test	Setup MSYS2 (MinGW)	2025-12-04T05:19:22.0307894Z installing perl-Convert-BinHex...
PF6 (MinGW) Windows Build & Test	Setup MSYS2 (MinGW)	2025-12-04T05:19:22.1614555Z module test... pass.
PF6 (MinGW) Windows Build & Test	Setup MSYS2 (MinGW)	2025-12-04T05:19:22.1624223Z installing perl-MIME-tools...
PF6 (MinGW) Windows Build & Test	Setup MSYS2 (MinGW)	2025-12-04T05:19:22.2013927Z installing perl-Net-SSLeay...
PF6 (MinGW) Windows Build & Test	Setup MSYS2 (MinGW)	2025-12-04T05:19:22.2773436Z installing perl-IO-Socket-SSL...
PF6 (MinGW) Windows Build & Test	Setup MSYS2 (MinGW)	2025-12-04T05:19:22.2905961Z installing perl-Net-SMTP-SSL...
PF6 (MinGW) Windows Build & Test	Setup MSYS2 (MinGW)	2025-12-04T05:19:22.2953701Z installing perl-TermReadKey...
PF6 (MinGW) Windows Build & Test	Setup MSYS2 (MinGW)	2025-12-04T05:19:22.3035660Z installing git...
PF6 (MinGW) Windows Build & Test	Setup MSYS2 (MinGW)	2025-12-04T05:19:22.8691083Z Optional dependencies for git
PF6 (MinGW) Windows Build & Test	Setup MSYS2 (MinGW)	2025-12-04T05:19:22.8691592Z     python: various helper scripts
PF6 (MinGW) Windows Build & Test	Setup MSYS2 (MinGW)	2025-12-04T05:19:22.8691977Z     subversion: git svn
PF6 (MinGW) Windows Build & Test	Setup MSYS2 (MinGW)	2025-12-04T05:19:22.8692298Z     aspell: spell checking in git gui
PF6 (MinGW) Windows Build & Test	Setup MSYS2 (MinGW)	2025-12-04T05:19:22.8692681Z installing binutils...
PF6 (MinGW) Windows Build & Test	Setup MSYS2 (MinGW)	2025-12-04T05:19:23.1074095Z installing m4...
PF6 (MinGW) Windows Build & Test	Setup MSYS2 (MinGW)	2025-12-04T05:19:23.1150097Z installing bison...
PF6 (MinGW) Windows Build & Test	Setup MSYS2 (MinGW)	2025-12-04T05:19:23.2848237Z installing diffstat...
PF6 (MinGW) Windows Build & Test	Setup MSYS2 (MinGW)	2025-12-04T05:19:23.2896557Z installing diffutils...
PF6 (MinGW) Windows Build & Test	Setup MSYS2 (MinGW)	2025-12-04T05:19:23.3283551Z installing dos2unix...
PF6 (MinGW) Windows Build & Test	Setup MSYS2 (MinGW)	2025-12-04T05:19:23.4286564Z installing flex...
PF6 (MinGW) Windows Build & Test	Setup MSYS2 (MinGW)	2025-12-04T05:19:23.4613533Z installing texinfo...
PF6 (MinGW) Windows Build & Test	Setup MSYS2 (MinGW)	2025-12-04T05:19:23.9759257Z installing texinfo-tex...
PF6 (MinGW) Windows Build & Test	Setup MSYS2 (MinGW)	2025-12-04T05:19:23.9830750Z installing make...
PF6 (MinGW) Windows Build & Test	Setup MSYS2 (MinGW)	2025-12-04T05:19:24.0188432Z installing patch...
PF6 (MinGW) Windows Build & Test	Setup MSYS2 (MinGW)	2025-12-04T05:19:24.0231456Z Optional dependencies for patch
PF6 (MinGW) Windows Build & Test	Setup MSYS2 (MinGW)	2025-12-04T05:19:24.0231981Z     ed: for patch -e functionality
PF6 (MinGW) Windows Build & Test	Setup MSYS2 (MinGW)	2025-12-04T05:19:24.0232449Z installing base-devel...
PF6 (MinGW) Windows Build & Test	Setup MSYS2 (MinGW)	2025-12-04T05:19:24.0256964Z installing mingw-w64-ucrt-x86_64-libwinpthread...
PF6 (MinGW) Windows Build & Test	Setup MSYS2 (MinGW)	2025-12-04T05:19:24.0305980Z installing mingw-w64-ucrt-x86_64-tzdata...
PF6 (MinGW) Windows Build & Test	Setup MSYS2 (MinGW)	2025-12-04T05:19:25.7425135Z installing mingw-w64-ucrt-x86_64-gcc-libs...
PF6 (MinGW) Windows Build & Test	Setup MSYS2 (MinGW)	2025-12-04T05:19:25.7588888Z installing mingw-w64-ucrt-x86_64-libiconv...
PF6 (MinGW) Windows Build & Test	Setup MSYS2 (MinGW)	2025-12-04T05:19:25.7834269Z installing mingw-w64-ucrt-x86_64-gettext-runtime...
PF6 (MinGW) Windows Build & Test	Setup MSYS2 (MinGW)	2025-12-04T05:19:25.9599418Z installing mingw-w64-ucrt-x86_64-zlib...
PF6 (MinGW) Windows Build & Test	Setup MSYS2 (MinGW)	2025-12-04T05:19:25.9682974Z installing mingw-w64-ucrt-x86_64-zstd...
PF6 (MinGW) Windows Build & Test	Setup MSYS2 (MinGW)	2025-12-04T05:19:25.9878258Z installing mingw-w64-ucrt-x86_64-binutils...
PF6 (MinGW) Windows Build & Test	Setup MSYS2 (MinGW)	2025-12-04T05:19:26.2082529Z installing mingw-w64-ucrt-x86_64-headers-git...
PF6 (MinGW) Windows Build & Test	Setup MSYS2 (MinGW)	2025-12-04T05:19:27.3923769Z installing mingw-w64-ucrt-x86_64-crt-git...
PF6 (MinGW) Windows Build & Test	Setup MSYS2 (MinGW)	2025-12-04T05:19:28.0123513Z installing mingw-w64-ucrt-x86_64-gmp...
PF6 (MinGW) Windows Build & Test	Setup MSYS2 (MinGW)	2025-12-04T05:19:28.0265742Z installing mingw-w64-ucrt-x86_64-isl...
PF6 (MinGW) Windows Build & Test	Setup MSYS2 (MinGW)	2025-12-04T05:19:28.0880631Z installing mingw-w64-ucrt-x86_64-mpfr...
PF6 (MinGW) Windows Build & Test	Setup MSYS2 (MinGW)	2025-12-04T05:19:28.1101143Z installing mingw-w64-ucrt-x86_64-mpc...
PF6 (MinGW) Windows Build & Test	Setup MSYS2 (MinGW)	2025-12-04T05:19:28.1167858Z installing mingw-w64-ucrt-x86_64-windows-default-manifest...
PF6 (MinGW) Windows Build & Test	Setup MSYS2 (MinGW)	2025-12-04T05:19:28.1197265Z installing mingw-w64-ucrt-x86_64-winpthreads...
PF6 (MinGW) Windows Build & Test	Setup MSYS2 (MinGW)	2025-12-04T05:19:28.1295917Z installing mingw-w64-ucrt-x86_64-gcc...
PF6 (MinGW) Windows Build & Test	Setup MSYS2 (MinGW)	2025-12-04T05:19:29.9786728Z installing mingw-w64-ucrt-x86_64-expat...
PF6 (MinGW) Windows Build & Test	Setup MSYS2 (MinGW)	2025-12-04T05:19:29.9936350Z installing mingw-w64-ucrt-x86_64-libtre...
PF6 (MinGW) Windows Build & Test	Setup MSYS2 (MinGW)	2025-12-04T05:19:30.0058650Z installing mingw-w64-ucrt-x86_64-libsystre...
PF6 (MinGW) Windows Build & Test	Setup MSYS2 (MinGW)	2025-12-04T05:19:30.0146680Z installing mingw-w64-ucrt-x86_64-ncurses...
PF6 (MinGW) Windows Build & Test	Setup MSYS2 (MinGW)	2025-12-04T05:19:34.5504539Z installing mingw-w64-ucrt-x86_64-bzip2...
PF6 (MinGW) Windows Build & Test	Setup MSYS2 (MinGW)	2025-12-04T05:19:34.5684716Z installing mingw-w64-ucrt-x86_64-libffi...
PF6 (MinGW) Windows Build & Test	Setup MSYS2 (MinGW)	2025-12-04T05:19:34.5786580Z installing mingw-w64-ucrt-x86_64-mpdecimal...
PF6 (MinGW) Windows Build & Test	Setup MSYS2 (MinGW)	2025-12-04T05:19:34.5931315Z installing mingw-w64-ucrt-x86_64-openssl...
PF6 (MinGW) Windows Build & Test	Setup MSYS2 (MinGW)	2025-12-04T05:19:39.9480869Z Optional dependencies for mingw-w64-ucrt-x86_64-openssl
PF6 (MinGW) Windows Build & Test	Setup MSYS2 (MinGW)	2025-12-04T05:19:39.9481522Z     mingw-w64-ucrt-x86_64-ca-certificates [pending]
PF6 (MinGW) Windows Build & Test	Setup MSYS2 (MinGW)	2025-12-04T05:19:39.9482001Z installing mingw-w64-ucrt-x86_64-termcap...
PF6 (MinGW) Windows Build & Test	Setup MSYS2 (MinGW)	2025-12-04T05:19:39.9533830Z installing mingw-w64-ucrt-x86_64-readline...
PF6 (MinGW) Windows Build & Test	Setup MSYS2 (MinGW)	2025-12-04T05:19:39.9899688Z installing mingw-w64-ucrt-x86_64-sqlite3...
PF6 (MinGW) Windows Build & Test	Setup MSYS2 (MinGW)	2025-12-04T05:19:40.1093833Z Optional dependencies for mingw-w64-ucrt-x86_64-sqlite3
PF6 (MinGW) Windows Build & Test	Setup MSYS2 (MinGW)	2025-12-04T05:19:40.1094532Z     mingw-w64-ucrt-x86_64-tcl: for sqlite3_analyzer [pending]
PF6 (MinGW) Windows Build & Test	Setup MSYS2 (MinGW)	2025-12-04T05:19:40.1095042Z installing mingw-w64-ucrt-x86_64-tcl...
PF6 (MinGW) Windows Build & Test	Setup MSYS2 (MinGW)	2025-12-04T05:19:41.6233489Z installing mingw-w64-ucrt-x86_64-tk...
PF6 (MinGW) Windows Build & Test	Setup MSYS2 (MinGW)	2025-12-04T05:19:42.1362805Z installing mingw-w64-ucrt-x86_64-xz...
PF6 (MinGW) Windows Build & Test	Setup MSYS2 (MinGW)	2025-12-04T05:19:42.3715718Z installing mingw-w64-ucrt-x86_64-python...
PF6 (MinGW) Windows Build & Test	Setup MSYS2 (MinGW)	2025-12-04T05:19:49.4903385Z installing mingw-w64-ucrt-x86_64-xxhash...
PF6 (MinGW) Windows Build & Test	Setup MSYS2 (MinGW)	2025-12-04T05:19:49.5028010Z installing mingw-w64-ucrt-x86_64-gdb...
PF6 (MinGW) Windows Build & Test	Setup MSYS2 (MinGW)	2025-12-04T05:19:49.6351778Z Optional dependencies for mingw-w64-ucrt-x86_64-gdb
PF6 (MinGW) Windows Build & Test	Setup MSYS2 (MinGW)	2025-12-04T05:19:49.6352328Z     mingw-w64-ucrt-x86_64-python-pygments: for syntax highlighting
PF6 (MinGW) Windows Build & Test	Setup MSYS2 (MinGW)	2025-12-04T05:19:49.6352807Z installing mingw-w64-ucrt-x86_64-gdb-multiarch...
PF6 (MinGW) Windows Build & Test	Setup MSYS2 (MinGW)	2025-12-04T05:19:49.7011470Z Optional dependencies for mingw-w64-ucrt-x86_64-gdb-multiarch
PF6 (MinGW) Windows Build & Test	Setup MSYS2 (MinGW)	2025-12-04T05:19:49.7012175Z     mingw-w64-ucrt-x86_64-python-pygments: for syntax highlighting
PF6 (MinGW) Windows Build & Test	Setup MSYS2 (MinGW)	2025-12-04T05:19:49.7012607Z installing mingw-w64-ucrt-x86_64-libmangle-git...
PF6 (MinGW) Windows Build & Test	Setup MSYS2 (MinGW)	2025-12-04T05:19:49.7059388Z installing mingw-w64-ucrt-x86_64-make...
PF6 (MinGW) Windows Build & Test	Setup MSYS2 (MinGW)	2025-12-04T05:19:49.7121291Z installing mingw-w64-ucrt-x86_64-pkgconf...
PF6 (MinGW) Windows Build & Test	Setup MSYS2 (MinGW)	2025-12-04T05:19:49.7292953Z installing mingw-w64-ucrt-x86_64-tools-git...
PF6 (MinGW) Windows Build & Test	Setup MSYS2 (MinGW)	2025-12-04T05:19:49.7386522Z installing mingw-w64-ucrt-x86_64-winstorecompat-git...
PF6 (MinGW) Windows Build & Test	Setup MSYS2 (MinGW)	2025-12-04T05:19:49.7424373Z installing mingw-w64-ucrt-x86_64-cppdap...
PF6 (MinGW) Windows Build & Test	Setup MSYS2 (MinGW)	2025-12-04T05:19:49.7667916Z installing mingw-w64-ucrt-x86_64-c-ares...
PF6 (MinGW) Windows Build & Test	Setup MSYS2 (MinGW)	2025-12-04T05:19:49.8843606Z installing mingw-w64-ucrt-x86_64-brotli...
PF6 (MinGW) Windows Build & Test	Setup MSYS2 (MinGW)	2025-12-04T05:19:49.9065262Z installing mingw-w64-ucrt-x86_64-libunistring...
PF6 (MinGW) Windows Build & Test	Setup MSYS2 (MinGW)	2025-12-04T05:19:49.9534526Z installing mingw-w64-ucrt-x86_64-libidn2...
PF6 (MinGW) Windows Build & Test	Setup MSYS2 (MinGW)	2025-12-04T05:19:49.9832732Z installing mingw-w64-ucrt-x86_64-libpsl...
PF6 (MinGW) Windows Build & Test	Setup MSYS2 (MinGW)	2025-12-04T05:19:49.9924820Z installing mingw-w64-ucrt-x86_64-libtasn1...
PF6 (MinGW) Windows Build & Test	Setup MSYS2 (MinGW)	2025-12-04T05:19:50.0326336Z installing mingw-w64-ucrt-x86_64-p11-kit...
PF6 (MinGW) Windows Build & Test	Setup MSYS2 (MinGW)	2025-12-04T05:19:50.0566075Z installing mingw-w64-ucrt-x86_64-ca-certificates...
PF6 (MinGW) Windows Build & Test	Setup MSYS2 (MinGW)	2025-12-04T05:19:50.5869272Z installing mingw-w64-ucrt-x86_64-libssh2...
PF6 (MinGW) Windows Build & Test	Setup MSYS2 (MinGW)	2025-12-04T05:19:50.7205346Z installing mingw-w64-ucrt-x86_64-nghttp2...
PF6 (MinGW) Windows Build & Test	Setup MSYS2 (MinGW)	2025-12-04T05:19:50.7638233Z installing mingw-w64-ucrt-x86_64-nettle...
PF6 (MinGW) Windows Build & Test	Setup MSYS2 (MinGW)	2025-12-04T05:19:50.8578183Z installing mingw-w64-ucrt-x86_64-gnutls...
PF6 (MinGW) Windows Build & Test	Setup MSYS2 (MinGW)	2025-12-04T05:19:51.7781049Z installing mingw-w64-ucrt-x86_64-ngtcp2...
PF6 (MinGW) Windows Build & Test	Setup MSYS2 (MinGW)	2025-12-04T05:19:51.8017962Z installing mingw-w64-ucrt-x86_64-nghttp3...
PF6 (MinGW) Windows Build & Test	Setup MSYS2 (MinGW)	2025-12-04T05:19:51.8187026Z installing mingw-w64-ucrt-x86_64-curl...
PF6 (MinGW) Windows Build & Test	Setup MSYS2 (MinGW)	2025-12-04T05:19:52.2233695Z installing mingw-w64-ucrt-x86_64-jsoncpp...
PF6 (MinGW) Windows Build & Test	Setup MSYS2 (MinGW)	2025-12-04T05:19:52.2793008Z installing mingw-w64-ucrt-x86_64-libb2...
PF6 (MinGW) Windows Build & Test	Setup MSYS2 (MinGW)	2025-12-04T05:19:52.2856724Z installing mingw-w64-ucrt-x86_64-lz4...
PF6 (MinGW) Windows Build & Test	Setup MSYS2 (MinGW)	2025-12-04T05:19:52.3003270Z installing mingw-w64-ucrt-x86_64-libarchive...
PF6 (MinGW) Windows Build & Test	Setup MSYS2 (MinGW)	2025-12-04T05:19:52.3464246Z installing mingw-w64-ucrt-x86_64-libuv...
PF6 (MinGW) Windows Build & Test	Setup MSYS2 (MinGW)	2025-12-04T05:19:52.3675866Z installing mingw-w64-ucrt-x86_64-ninja...
PF6 (MinGW) Windows Build & Test	Setup MSYS2 (MinGW)	2025-12-04T05:19:52.3730564Z installing mingw-w64-ucrt-x86_64-rhash...
PF6 (MinGW) Windows Build & Test	Setup MSYS2 (MinGW)	2025-12-04T05:19:52.4084909Z installing mingw-w64-ucrt-x86_64-cmake...
PF6 (MinGW) Windows Build & Test	Setup MSYS2 (MinGW)	2025-12-04T05:19:55.4927145Z Optional dependencies for mingw-w64-ucrt-x86_64-cmake
PF6 (MinGW) Windows Build & Test	Setup MSYS2 (MinGW)	2025-12-04T05:19:55.4927783Z     mingw-w64-ucrt-x86_64-emacs: for cmake emacs mode
PF6 (MinGW) Windows Build & Test	Setup MSYS2 (MinGW)	2025-12-04T05:19:55.4928251Z installing mingw-w64-ucrt-x86_64-gdbm...
PF6 (MinGW) Windows Build & Test	Setup MSYS2 (MinGW)	2025-12-04T05:19:55.5182837Z installing mingw-w64-ucrt-x86_64-libyaml...
PF6 (MinGW) Windows Build & Test	Setup MSYS2 (MinGW)	2025-12-04T05:19:55.5242601Z installing mingw-w64-ucrt-x86_64-ruby...
PF6 (MinGW) Windows Build & Test	Setup MSYS2 (MinGW)	2025-12-04T05:19:58.6310301Z installing mingw-w64-ucrt-x86_64-python-setuptools...
PF6 (MinGW) Windows Build & Test	Setup MSYS2 (MinGW)	2025-12-04T05:19:59.9065094Z installing mingw-w64-ucrt-x86_64-python-distlib...
PF6 (MinGW) Windows Build & Test	Setup MSYS2 (MinGW)	2025-12-04T05:19:59.9509437Z installing mingw-w64-ucrt-x86_64-python-pip...
PF6 (MinGW) Windows Build & Test	Setup MSYS2 (MinGW)	2025-12-04T05:20:01.2870259Z installing mingw-w64-ucrt-x86_64-python-packaging...
PF6 (MinGW) Windows Build & Test	Setup MSYS2 (MinGW)	2025-12-04T05:20:01.3410379Z installing mingw-w64-ucrt-x86_64-python-wheel...
PF6 (MinGW) Windows Build & Test	Setup MSYS2 (MinGW)	2025-12-04T05:20:01.3881674Z installing mingw-w64-ucrt-x86_64-http-parser...
PF6 (MinGW) Windows Build & Test	Setup MSYS2 (MinGW)	2025-12-04T05:20:01.3930611Z installing mingw-w64-ucrt-x86_64-wineditline...
PF6 (MinGW) Windows Build & Test	Setup MSYS2 (MinGW)	2025-12-04T05:20:01.4017596Z installing mingw-w64-ucrt-x86_64-pcre2...
PF6 (MinGW) Windows Build & Test	Setup MSYS2 (MinGW)	2025-12-04T05:20:01.5853845Z installing mingw-w64-ucrt-x86_64-libgit2...
PF6 (MinGW) Windows Build & Test	Setup MSYS2 (MinGW)	2025-12-04T05:20:01.6631497Z installing mingw-w64-ucrt-x86_64-libxml2...
PF6 (MinGW) Windows Build & Test	Setup MSYS2 (MinGW)	2025-12-04T05:20:01.8375448Z Optional dependencies for mingw-w64-ucrt-x86_64-libxml2
PF6 (MinGW) Windows Build & Test	Setup MSYS2 (MinGW)	2025-12-04T05:20:01.8376095Z     mingw-w64-ucrt-x86_64-python: Python bindings [installed]
PF6 (MinGW) Windows Build & Test	Setup MSYS2 (MinGW)	2025-12-04T05:20:01.8376603Z installing mingw-w64-ucrt-x86_64-llvm-libs...
PF6 (MinGW) Windows Build & Test	Setup MSYS2 (MinGW)	2025-12-04T05:20:02.0887743Z installing mingw-w64-ucrt-x86_64-rust...
PF6 (MinGW) Windows Build & Test	Setup MSYS2 (MinGW)	2025-12-04T05:20:02.6674309Z Optional dependencies for mingw-w64-ucrt-x86_64-rust
PF6 (MinGW) Windows Build & Test	Setup MSYS2 (MinGW)	2025-12-04T05:20:02.6674832Z     mingw-w64-ucrt-x86_64-gdb: for rust-gdb script [installed]
PF6 (MinGW) Windows Build & Test	Setup MSYS2 (MinGW)	2025-12-04T05:20:02.6675172Z     mingw-w64-ucrt-x86_64-lldb: for rust-lldb script
PF6 (MinGW) Windows Build & Test	Setup MSYS2 (MinGW)	2025-12-04T05:20:02.6998150Z :: Running post-transaction hooks...
PF6 (MinGW) Windows Build & Test	Setup MSYS2 (MinGW)	2025-12-04T05:20:02.6999332Z (1/1) Updating the info directory file...
PF6 (MinGW) Windows Build & Test	Setup MSYS2 (MinGW)	2025-12-04T05:20:03.8105131Z ##[endgroup]
PF6 (MinGW) Windows Build & Test	Setup MSYS2 (MinGW)	2025-12-04T05:20:03.8105552Z ##[group]Saving package cache...
PF6 (MinGW) Windows Build & Test	Setup MSYS2 (MinGW)	2025-12-04T05:20:03.8983132Z [command]C:\Windows\system32\cmd.exe /D /S /C D:\a\_temp\setup-msys2\msys2.cmd -c "'paccache' '-r' '-f' '-u' '-k0'"
PF6 (MinGW) Windows Build & Test	Setup MSYS2 (MinGW)	2025-12-04T05:20:04.7031295Z ==> no candidate packages found for pruning
PF6 (MinGW) Windows Build & Test	Setup MSYS2 (MinGW)	2025-12-04T05:20:04.7980162Z [command]C:\Windows\system32\cmd.exe /D /S /C D:\a\_temp\setup-msys2\msys2.cmd -c "'paccache' '-r' '-f' '-k1'"
PF6 (MinGW) Windows Build & Test	Setup MSYS2 (MinGW)	2025-12-04T05:20:05.0989052Z ==> no candidate packages found for pruning
PF6 (MinGW) Windows Build & Test	Setup MSYS2 (MinGW)	2025-12-04T05:20:05.5863698Z Cache unchanged, skipping save for msys2-pkgs-upd:true-conf:302aa722-files:0f7a37d9801209cb09fab8f988b7a8ae72867fca
PF6 (MinGW) Windows Build & Test	Setup MSYS2 (MinGW)	2025-12-04T05:20:05.6774807Z [command]C:\Windows\system32\cmd.exe /D /S /C D:\a\_temp\setup-msys2\msys2.cmd -c "'pacman' '--noconfirm' '-Scc'"
PF6 (MinGW) Windows Build & Test	Setup MSYS2 (MinGW)	2025-12-04T05:20:06.3902707Z 
PF6 (MinGW) Windows Build & Test	Setup MSYS2 (MinGW)	2025-12-04T05:20:06.3903151Z Cache directory: /var/cache/pacman/pkg/
PF6 (MinGW) Windows Build & Test	Setup MSYS2 (MinGW)	2025-12-04T05:20:06.4240260Z :: Do you want to remove ALL files from cache? [Y/n] 
PF6 (MinGW) Windows Build & Test	Setup MSYS2 (MinGW)	2025-12-04T05:20:06.4240740Z removing all files from cache...
PF6 (MinGW) Windows Build & Test	Setup MSYS2 (MinGW)	2025-12-04T05:20:06.4240899Z 
PF6 (MinGW) Windows Build & Test	Setup MSYS2 (MinGW)	2025-12-04T05:20:06.4241010Z Database directory: /var/lib/pacman/
PF6 (MinGW) Windows Build & Test	Setup MSYS2 (MinGW)	2025-12-04T05:20:06.4265113Z :: Do you want to remove unused repositories? [Y/n] 
PF6 (MinGW) Windows Build & Test	Setup MSYS2 (MinGW)	2025-12-04T05:20:06.4265925Z removing unused sync repositories...
PF6 (MinGW) Windows Build & Test	Setup MSYS2 (MinGW)	2025-12-04T05:20:06.4314914Z ##[endgroup]
PF6 (MinGW) Windows Build & Test	Install Python Build Deps (MinGW)	ï»¿2025-12-04T05:20:06.4537533Z ##[group]Run python3 -m pip install --upgrade pip setuptools wheel pybind11 build twine --break-system-packages
PF6 (MinGW) Windows Build & Test	Install Python Build Deps (MinGW)	2025-12-04T05:20:06.4538362Z [36;1mpython3 -m pip install --upgrade pip setuptools wheel pybind11 build twine --break-system-packages[0m
PF6 (MinGW) Windows Build & Test	Install Python Build Deps (MinGW)	2025-12-04T05:20:06.4544229Z shell: D:\a\_temp\setup-msys2\msys2.CMD {0}
PF6 (MinGW) Windows Build & Test	Install Python Build Deps (MinGW)	2025-12-04T05:20:06.4544507Z env:
PF6 (MinGW) Windows Build & Test	Install Python Build Deps (MinGW)	2025-12-04T05:20:06.4544658Z   MSYSTEM: UCRT64
PF6 (MinGW) Windows Build & Test	Install Python Build Deps (MinGW)	2025-12-04T05:20:06.4544830Z ##[endgroup]
PF6 (MinGW) Windows Build & Test	Install Python Build Deps (MinGW)	2025-12-04T05:20:07.5046895Z Requirement already satisfied: pip in d:/a/_temp/msys64/ucrt64/lib/python3.12/site-packages (25.3)
PF6 (MinGW) Windows Build & Test	Install Python Build Deps (MinGW)	2025-12-04T05:20:07.6243019Z Requirement already satisfied: setuptools in d:/a/_temp/msys64/ucrt64/lib/python3.12/site-packages (80.9.0)
PF6 (MinGW) Windows Build & Test	Install Python Build Deps (MinGW)	2025-12-04T05:20:07.8461569Z Requirement already satisfied: wheel in d:/a/_temp/msys64/ucrt64/lib/python3.12/site-packages (0.45.1)
PF6 (MinGW) Windows Build & Test	Install Python Build Deps (MinGW)	2025-12-04T05:20:07.9319669Z Collecting pybind11
PF6 (MinGW) Windows Build & Test	Install Python Build Deps (MinGW)	2025-12-04T05:20:07.9778290Z   Downloading pybind11-3.0.1-py3-none-any.whl.metadata (10.0 kB)
PF6 (MinGW) Windows Build & Test	Install Python Build Deps (MinGW)	2025-12-04T05:20:08.0510658Z Collecting build
PF6 (MinGW) Windows Build & Test	Install Python Build Deps (MinGW)	2025-12-04T05:20:08.0595616Z   Downloading build-1.3.0-py3-none-any.whl.metadata (5.6 kB)
PF6 (MinGW) Windows Build & Test	Install Python Build Deps (MinGW)	2025-12-04T05:20:08.1212174Z Collecting twine
PF6 (MinGW) Windows Build & Test	Install Python Build Deps (MinGW)	2025-12-04T05:20:08.1299102Z   Downloading twine-6.2.0-py3-none-any.whl.metadata (3.6 kB)
PF6 (MinGW) Windows Build & Test	Install Python Build Deps (MinGW)	2025-12-04T05:20:08.1667621Z Requirement already satisfied: packaging>=19.1 in d:/a/_temp/msys64/ucrt64/lib/python3.12/site-packages (from build) (25.0)
PF6 (MinGW) Windows Build & Test	Install Python Build Deps (MinGW)	2025-12-04T05:20:08.1892192Z Collecting pyproject_hooks (from build)
PF6 (MinGW) Windows Build & Test	Install Python Build Deps (MinGW)	2025-12-04T05:20:08.1974704Z   Downloading pyproject_hooks-1.2.0-py3-none-any.whl.metadata (1.3 kB)
PF6 (MinGW) Windows Build & Test	Install Python Build Deps (MinGW)	2025-12-04T05:20:08.2559882Z Collecting colorama (from build)
PF6 (MinGW) Windows Build & Test	Install Python Build Deps (MinGW)	2025-12-04T05:20:08.2642750Z   Downloading colorama-0.4.6-py2.py3-none-any.whl.metadata (17 kB)
PF6 (MinGW) Windows Build & Test	Install Python Build Deps (MinGW)	2025-12-04T05:20:08.3216799Z Collecting readme-renderer>=35.0 (from twine)
PF6 (MinGW) Windows Build & Test	Install Python Build Deps (MinGW)	2025-12-04T05:20:08.3301877Z   Downloading readme_renderer-44.0-py3-none-any.whl.metadata (2.8 kB)
PF6 (MinGW) Windows Build & Test	Install Python Build Deps (MinGW)	2025-12-04T05:20:08.4241846Z Collecting requests>=2.20 (from twine)
PF6 (MinGW) Windows Build & Test	Install Python Build Deps (MinGW)	2025-12-04T05:20:08.4324715Z   Downloading requests-2.32.5-py3-none-any.whl.metadata (4.9 kB)
PF6 (MinGW) Windows Build & Test	Install Python Build Deps (MinGW)	2025-12-04T05:20:08.4801015Z Collecting requests-toolbelt!=0.9.0,>=0.8.0 (from twine)
PF6 (MinGW) Windows Build & Test	Install Python Build Deps (MinGW)	2025-12-04T05:20:08.4884279Z   Downloading requests_toolbelt-1.0.0-py2.py3-none-any.whl.metadata (14 kB)
PF6 (MinGW) Windows Build & Test	Install Python Build Deps (MinGW)	2025-12-04T05:20:08.5629374Z Collecting urllib3>=1.26.0 (from twine)
PF6 (MinGW) Windows Build & Test	Install Python Build Deps (MinGW)	2025-12-04T05:20:08.5713820Z   Downloading urllib3-2.5.0-py3-none-any.whl.metadata (6.5 kB)
PF6 (MinGW) Windows Build & Test	Install Python Build Deps (MinGW)	2025-12-04T05:20:08.6616466Z Collecting keyring>=21.2.0 (from twine)
PF6 (MinGW) Windows Build & Test	Install Python Build Deps (MinGW)	2025-12-04T05:20:08.6701001Z   Downloading keyring-25.7.0-py3-none-any.whl.metadata (21 kB)
PF6 (MinGW) Windows Build & Test	Install Python Build Deps (MinGW)	2025-12-04T05:20:08.7263959Z Collecting rfc3986>=1.4.0 (from twine)
PF6 (MinGW) Windows Build & Test	Install Python Build Deps (MinGW)	2025-12-04T05:20:08.7345132Z   Downloading rfc3986-2.0.0-py2.py3-none-any.whl.metadata (6.6 kB)
PF6 (MinGW) Windows Build & Test	Install Python Build Deps (MinGW)	2025-12-04T05:20:08.8267679Z Collecting rich>=12.0.0 (from twine)
PF6 (MinGW) Windows Build & Test	Install Python Build Deps (MinGW)	2025-12-04T05:20:08.8350642Z   Downloading rich-14.2.0-py3-none-any.whl.metadata (18 kB)
PF6 (MinGW) Windows Build & Test	Install Python Build Deps (MinGW)	2025-12-04T05:20:08.8892887Z Collecting id (from twine)
PF6 (MinGW) Windows Build & Test	Install Python Build Deps (MinGW)	2025-12-04T05:20:08.8977162Z   Downloading id-1.5.0-py3-none-any.whl.metadata (5.2 kB)
PF6 (MinGW) Windows Build & Test	Install Python Build Deps (MinGW)	2025-12-04T05:20:08.9505959Z Collecting pywin32-ctypes>=0.2.0 (from keyring>=21.2.0->twine)
PF6 (MinGW) Windows Build & Test	Install Python Build Deps (MinGW)	2025-12-04T05:20:08.9594620Z   Downloading pywin32_ctypes-0.2.3-py3-none-any.whl.metadata (3.9 kB)
PF6 (MinGW) Windows Build & Test	Install Python Build Deps (MinGW)	2025-12-04T05:20:09.0062863Z Collecting jaraco.classes (from keyring>=21.2.0->twine)
PF6 (MinGW) Windows Build & Test	Install Python Build Deps (MinGW)	2025-12-04T05:20:09.0156377Z   Downloading jaraco.classes-3.4.0-py3-none-any.whl.metadata (2.6 kB)
PF6 (MinGW) Windows Build & Test	Install Python Build Deps (MinGW)	2025-12-04T05:20:09.0763059Z Collecting jaraco.functools (from keyring>=21.2.0->twine)
PF6 (MinGW) Windows Build & Test	Install Python Build Deps (MinGW)	2025-12-04T05:20:09.0852284Z   Downloading jaraco_functools-4.3.0-py3-none-any.whl.metadata (2.9 kB)
PF6 (MinGW) Windows Build & Test	Install Python Build Deps (MinGW)	2025-12-04T05:20:09.1337195Z Collecting jaraco.context (from keyring>=21.2.0->twine)
PF6 (MinGW) Windows Build & Test	Install Python Build Deps (MinGW)	2025-12-04T05:20:09.1427533Z   Downloading jaraco.context-6.0.1-py3-none-any.whl.metadata (4.1 kB)
PF6 (MinGW) Windows Build & Test	Install Python Build Deps (MinGW)	2025-12-04T05:20:09.2435626Z Collecting nh3>=0.2.14 (from readme-renderer>=35.0->twine)
PF6 (MinGW) Windows Build & Test	Install Python Build Deps (MinGW)	2025-12-04T05:20:09.2541759Z   Downloading nh3-0.3.2.tar.gz (19 kB)
PF6 (MinGW) Windows Build & Test	Install Python Build Deps (MinGW)	2025-12-04T05:20:09.3140422Z   Installing build dependencies: started
PF6 (MinGW) Windows Build & Test	Install Python Build Deps (MinGW)	2025-12-04T05:21:13.1893001Z   Installing build dependencies: still running...
PF6 (MinGW) Windows Build & Test	Install Python Build Deps (MinGW)	2025-12-04T05:22:14.2601092Z   Installing build dependencies: still running...
PF6 (MinGW) Windows Build & Test	Install Python Build Deps (MinGW)	2025-12-04T05:23:18.9154339Z   Installing build dependencies: still running...
PF6 (MinGW) Windows Build & Test	Install Python Build Deps (MinGW)	2025-12-04T05:24:29.3011661Z   Installing build dependencies: still running...
PF6 (MinGW) Windows Build & Test	Install Python Build Deps (MinGW)	2025-12-04T05:24:35.0993053Z   Installing build dependencies: finished with status 'done'
PF6 (MinGW) Windows Build & Test	Install Python Build Deps (MinGW)	2025-12-04T05:24:35.1011492Z   Getting requirements to build wheel: started
PF6 (MinGW) Windows Build & Test	Install Python Build Deps (MinGW)	2025-12-04T05:24:35.1888051Z   Getting requirements to build wheel: finished with status 'done'
PF6 (MinGW) Windows Build & Test	Install Python Build Deps (MinGW)	2025-12-04T05:24:35.1908400Z   Preparing metadata (pyproject.toml): started
PF6 (MinGW) Windows Build & Test	Install Python Build Deps (MinGW)	2025-12-04T05:24:37.7003088Z   Preparing metadata (pyproject.toml): finished with status 'done'
PF6 (MinGW) Windows Build & Test	Install Python Build Deps (MinGW)	2025-12-04T05:24:37.7433459Z Collecting docutils>=0.21.2 (from readme-renderer>=35.0->twine)
PF6 (MinGW) Windows Build & Test	Install Python Build Deps (MinGW)	2025-12-04T05:24:37.7517228Z   Downloading docutils-0.22.3-py3-none-any.whl.metadata (15 kB)
PF6 (MinGW) Windows Build & Test	Install Python Build Deps (MinGW)	2025-12-04T05:24:37.8119490Z Collecting Pygments>=2.5.1 (from readme-renderer>=35.0->twine)
PF6 (MinGW) Windows Build & Test	Install Python Build Deps (MinGW)	2025-12-04T05:24:37.8199300Z   Downloading pygments-2.19.2-py3-none-any.whl.metadata (2.5 kB)
PF6 (MinGW) Windows Build & Test	Install Python Build Deps (MinGW)	2025-12-04T05:24:37.9695742Z Collecting charset_normalizer<4,>=2 (from requests>=2.20->twine)
PF6 (MinGW) Windows Build & Test	Install Python Build Deps (MinGW)	2025-12-04T05:24:37.9786812Z   Downloading charset_normalizer-3.4.4-py3-none-any.whl.metadata (37 kB)
PF6 (MinGW) Windows Build & Test	Install Python Build Deps (MinGW)	2025-12-04T05:24:38.0331971Z Collecting idna<4,>=2.5 (from requests>=2.20->twine)
PF6 (MinGW) Windows Build & Test	Install Python Build Deps (MinGW)	2025-12-04T05:24:38.0415807Z   Downloading idna-3.11-py3-none-any.whl.metadata (8.4 kB)
PF6 (MinGW) Windows Build & Test	Install Python Build Deps (MinGW)	2025-12-04T05:24:38.1269656Z Collecting certifi>=2017.4.17 (from requests>=2.20->twine)
PF6 (MinGW) Windows Build & Test	Install Python Build Deps (MinGW)	2025-12-04T05:24:38.1353733Z   Downloading certifi-2025.11.12-py3-none-any.whl.metadata (2.5 kB)
PF6 (MinGW) Windows Build & Test	Install Python Build Deps (MinGW)	2025-12-04T05:24:38.2182295Z Collecting markdown-it-py>=2.2.0 (from rich>=12.0.0->twine)
PF6 (MinGW) Windows Build & Test	Install Python Build Deps (MinGW)	2025-12-04T05:24:38.2266074Z   Downloading markdown_it_py-4.0.0-py3-none-any.whl.metadata (7.3 kB)
PF6 (MinGW) Windows Build & Test	Install Python Build Deps (MinGW)	2025-12-04T05:24:38.2811007Z Collecting mdurl~=0.1 (from markdown-it-py>=2.2.0->rich>=12.0.0->twine)
PF6 (MinGW) Windows Build & Test	Install Python Build Deps (MinGW)	2025-12-04T05:24:38.2889579Z   Downloading mdurl-0.1.2-py3-none-any.whl.metadata (1.6 kB)
PF6 (MinGW) Windows Build & Test	Install Python Build Deps (MinGW)	2025-12-04T05:24:38.3491899Z Collecting more-itertools (from jaraco.classes->keyring>=21.2.0->twine)
PF6 (MinGW) Windows Build & Test	Install Python Build Deps (MinGW)	2025-12-04T05:24:38.3578318Z   Downloading more_itertools-10.8.0-py3-none-any.whl.metadata (39 kB)
PF6 (MinGW) Windows Build & Test	Install Python Build Deps (MinGW)	2025-12-04T05:24:38.3927431Z Downloading pybind11-3.0.1-py3-none-any.whl (293 kB)
PF6 (MinGW) Windows Build & Test	Install Python Build Deps (MinGW)	2025-12-04T05:24:38.4290309Z Downloading build-1.3.0-py3-none-any.whl (23 kB)
PF6 (MinGW) Windows Build & Test	Install Python Build Deps (MinGW)	2025-12-04T05:24:38.4512384Z Downloading twine-6.2.0-py3-none-any.whl (42 kB)
PF6 (MinGW) Windows Build & Test	Install Python Build Deps (MinGW)	2025-12-04T05:24:38.4779917Z Downloading keyring-25.7.0-py3-none-any.whl (39 kB)
PF6 (MinGW) Windows Build & Test	Install Python Build Deps (MinGW)	2025-12-04T05:24:38.5022530Z Downloading pywin32_ctypes-0.2.3-py3-none-any.whl (30 kB)
PF6 (MinGW) Windows Build & Test	Install Python Build Deps (MinGW)	2025-12-04T05:24:38.5228086Z Downloading readme_renderer-44.0-py3-none-any.whl (13 kB)
PF6 (MinGW) Windows Build & Test	Install Python Build Deps (MinGW)	2025-12-04T05:24:38.5468420Z Downloading docutils-0.22.3-py3-none-any.whl (633 kB)
PF6 (MinGW) Windows Build & Test	Install Python Build Deps (MinGW)	2025-12-04T05:24:38.5723235Z    ---------------------------------------- 633.0/633.0 kB 12.0 MB/s  0:00:00
PF6 (MinGW) Windows Build & Test	Install Python Build Deps (MinGW)	2025-12-04T05:24:38.5803053Z Downloading pygments-2.19.2-py3-none-any.whl (1.2 MB)
PF6 (MinGW) Windows Build & Test	Install Python Build Deps (MinGW)	2025-12-04T05:24:38.6194239Z    ---------------------------------------- 1.2/1.2 MB 20.5 MB/s  0:00:00
PF6 (MinGW) Windows Build & Test	Install Python Build Deps (MinGW)	2025-12-04T05:24:38.6274124Z Downloading requests-2.32.5-py3-none-any.whl (64 kB)
PF6 (MinGW) Windows Build & Test	Install Python Build Deps (MinGW)	2025-12-04T05:24:38.6487172Z Downloading charset_normalizer-3.4.4-py3-none-any.whl (53 kB)
PF6 (MinGW) Windows Build & Test	Install Python Build Deps (MinGW)	2025-12-04T05:24:38.6702814Z Downloading idna-3.11-py3-none-any.whl (71 kB)
PF6 (MinGW) Windows Build & Test	Install Python Build Deps (MinGW)	2025-12-04T05:24:38.6953233Z Downloading urllib3-2.5.0-py3-none-any.whl (129 kB)
PF6 (MinGW) Windows Build & Test	Install Python Build Deps (MinGW)	2025-12-04T05:24:38.7203712Z Downloading certifi-2025.11.12-py3-none-any.whl (159 kB)
PF6 (MinGW) Windows Build & Test	Install Python Build Deps (MinGW)	2025-12-04T05:24:38.7691758Z Downloading requests_toolbelt-1.0.0-py2.py3-none-any.whl (54 kB)
PF6 (MinGW) Windows Build & Test	Install Python Build Deps (MinGW)	2025-12-04T05:24:38.7970380Z Downloading rfc3986-2.0.0-py2.py3-none-any.whl (31 kB)
PF6 (MinGW) Windows Build & Test	Install Python Build Deps (MinGW)	2025-12-04T05:24:38.8179022Z Downloading rich-14.2.0-py3-none-any.whl (243 kB)
PF6 (MinGW) Windows Build & Test	Install Python Build Deps (MinGW)	2025-12-04T05:24:38.8398946Z Downloading markdown_it_py-4.0.0-py3-none-any.whl (87 kB)
PF6 (MinGW) Windows Build & Test	Install Python Build Deps (MinGW)	2025-12-04T05:24:38.8627989Z Downloading mdurl-0.1.2-py3-none-any.whl (10.0 kB)
PF6 (MinGW) Windows Build & Test	Install Python Build Deps (MinGW)	2025-12-04T05:24:38.8839819Z Downloading colorama-0.4.6-py2.py3-none-any.whl (25 kB)
PF6 (MinGW) Windows Build & Test	Install Python Build Deps (MinGW)	2025-12-04T05:24:38.9092829Z Downloading id-1.5.0-py3-none-any.whl (13 kB)
PF6 (MinGW) Windows Build & Test	Install Python Build Deps (MinGW)	2025-12-04T05:24:38.9302614Z Downloading jaraco.classes-3.4.0-py3-none-any.whl (6.8 kB)
PF6 (MinGW) Windows Build & Test	Install Python Build Deps (MinGW)	2025-12-04T05:24:38.9613138Z Downloading jaraco.context-6.0.1-py3-none-any.whl (6.8 kB)
PF6 (MinGW) Windows Build & Test	Install Python Build Deps (MinGW)	2025-12-04T05:24:38.9831931Z Downloading jaraco_functools-4.3.0-py3-none-any.whl (10 kB)
PF6 (MinGW) Windows Build & Test	Install Python Build Deps (MinGW)	2025-12-04T05:24:39.0086527Z Downloading more_itertools-10.8.0-py3-none-any.whl (69 kB)
PF6 (MinGW) Windows Build & Test	Install Python Build Deps (MinGW)	2025-12-04T05:24:39.0312508Z Downloading pyproject_hooks-1.2.0-py3-none-any.whl (10 kB)
PF6 (MinGW) Windows Build & Test	Install Python Build Deps (MinGW)	2025-12-04T05:24:39.1029417Z Building wheels for collected packages: nh3
PF6 (MinGW) Windows Build & Test	Install Python Build Deps (MinGW)	2025-12-04T05:24:39.1058445Z   Building wheel for nh3 (pyproject.toml): started
PF6 (MinGW) Windows Build & Test	Install Python Build Deps (MinGW)	2025-12-04T05:25:17.2133594Z   Building wheel for nh3 (pyproject.toml): finished with status 'done'
PF6 (MinGW) Windows Build & Test	Install Python Build Deps (MinGW)	2025-12-04T05:25:17.2160492Z   Created wheel for nh3: filename=nh3-0.3.2-cp38-abi3-win_amd64.whl size=1300734 sha256=473dde1bc0464f92b1149dd5ac9879cc0acb0a894baf5508b7b7c2ab4d3c7934
PF6 (MinGW) Windows Build & Test	Install Python Build Deps (MinGW)	2025-12-04T05:25:17.2163238Z   Stored in directory: c:/users/runneradmin/appdata/local/pip/cache/wheels/34/94/6a/43d6f190bbc4fd5668530bdbddf76084901eff53ee17344478
PF6 (MinGW) Windows Build & Test	Install Python Build Deps (MinGW)	2025-12-04T05:25:17.2194669Z Successfully built nh3
PF6 (MinGW) Windows Build & Test	Install Python Build Deps (MinGW)	2025-12-04T05:25:17.2884128Z Installing collected packages: urllib3, rfc3986, pywin32-ctypes, pyproject_hooks, Pygments, pybind11, nh3, more-itertools, mdurl, jaraco.context, idna, docutils, colorama, charset_normalizer, certifi, requests, readme-renderer, markdown-it-py, jaraco.functools, jaraco.classes, build, rich, requests-toolbelt, keyring, id, twine
PF6 (MinGW) Windows Build & Test	Install Python Build Deps (MinGW)	2025-12-04T05:25:20.1524611Z 
PF6 (MinGW) Windows Build & Test	Install Python Build Deps (MinGW)	2025-12-04T05:25:20.1575262Z Successfully installed Pygments-2.19.2 build-1.3.0 certifi-2025.11.12 charset_normalizer-3.4.4 colorama-0.4.6 docutils-0.22.3 id-1.5.0 idna-3.11 jaraco.classes-3.4.0 jaraco.context-6.0.1 jaraco.functools-4.3.0 keyring-25.7.0 markdown-it-py-4.0.0 mdurl-0.1.2 more-itertools-10.8.0 nh3-0.3.2 pybind11-3.0.1 pyproject_hooks-1.2.0 pywin32-ctypes-0.2.3 readme-renderer-44.0 requests-2.32.5 requests-toolbelt-1.0.0 rfc3986-2.0.0 rich-14.2.0 twine-6.2.0 urllib3-2.5.0
PF6 (MinGW) Windows Build & Test	Install Python Build Deps (MinGW)	2025-12-04T05:25:20.1658780Z warning: externally-managed-environment
PF6 (MinGW) Windows Build & Test	Install Python Build Deps (MinGW)	2025-12-04T05:25:20.1659203Z 
PF6 (MinGW) Windows Build & Test	Install Python Build Deps (MinGW)	2025-12-04T05:25:20.1659403Z This environment is externally managed
PF6 (MinGW) Windows Build & Test	Install Python Build Deps (MinGW)	2025-12-04T05:25:20.1660142Z 
PF6 (MinGW) Windows Build & Test	Install Python Build Deps (MinGW)	2025-12-04T05:25:20.1660395Z To install Python packages system-wide, try 'pacman -S
PF6 (MinGW) Windows Build & Test	Install Python Build Deps (MinGW)	2025-12-04T05:25:20.1661076Z $MINGW_PACKAGE_PREFIX-python-xyz', where xyz is the package you
PF6 (MinGW) Windows Build & Test	Install Python Build Deps (MinGW)	2025-12-04T05:25:20.1661642Z are trying to install.
PF6 (MinGW) Windows Build & Test	Install Python Build Deps (MinGW)	2025-12-04T05:25:20.1661852Z 
PF6 (MinGW) Windows Build & Test	Install Python Build Deps (MinGW)	2025-12-04T05:25:20.1662091Z If you wish to install a non-MSYS2-packaged Python package,
PF6 (MinGW) Windows Build & Test	Install Python Build Deps (MinGW)	2025-12-04T05:25:20.1662798Z create a virtual environment using 'python -m venv path/to/venv'.
PF6 (MinGW) Windows Build & Test	Install Python Build Deps (MinGW)	2025-12-04T05:25:20.1663470Z Then use path/to/venv/bin/python and path/to/venv/bin/pip.
PF6 (MinGW) Windows Build & Test	Install Python Build Deps (MinGW)	2025-12-04T05:25:20.1663848Z 
PF6 (MinGW) Windows Build & Test	Install Python Build Deps (MinGW)	2025-12-04T05:25:20.1664115Z If you wish to install a non-MSYS2 packaged Python application,
PF6 (MinGW) Windows Build & Test	Install Python Build Deps (MinGW)	2025-12-04T05:25:20.1664786Z it may be easiest to use 'pipx install xyz', which will manage a
PF6 (MinGW) Windows Build & Test	Install Python Build Deps (MinGW)	2025-12-04T05:25:20.1665547Z virtual environment for you. Make sure you have $MINGW_PACKAGE_PREFIX-python-pipx
PF6 (MinGW) Windows Build & Test	Install Python Build Deps (MinGW)	2025-12-04T05:25:20.1666253Z installed via pacman.
PF6 (MinGW) Windows Build & Test	Install Python Build Deps (MinGW)	2025-12-04T05:25:20.1666467Z 
PF6 (MinGW) Windows Build & Test	Install Python Build Deps (MinGW)	2025-12-04T05:25:20.1667538Z note: If you believe this is a mistake, please contact your Python installation or OS distribution provider. You can override this, at the risk of breaking your Python installation or OS, by passing --break-system-packages.
PF6 (MinGW) Windows Build & Test	Install Python Build Deps (MinGW)	2025-12-04T05:25:20.1669007Z hint: See PEP 668 for the detailed specification.
PF6 (MinGW) Windows Build & Test	Build and Test (MinGW)	ï»¿2025-12-04T05:25:20.4831177Z ##[group]Run ./build.sh --rebuild-all --package-python --package-ruby
PF6 (MinGW) Windows Build & Test	Build and Test (MinGW)	2025-12-04T05:25:20.4831964Z [36;1m./build.sh --rebuild-all --package-python --package-ruby[0m
PF6 (MinGW) Windows Build & Test	Build and Test (MinGW)	2025-12-04T05:25:20.4832576Z [36;1mpython3 .github/scripts/ci/run_with_timeout.py 120 bash ./run_tests.sh[0m
PF6 (MinGW) Windows Build & Test	Build and Test (MinGW)	2025-12-04T05:25:20.4835091Z shell: D:\a\_temp\setup-msys2\msys2.CMD {0}
PF6 (MinGW) Windows Build & Test	Build and Test (MinGW)	2025-12-04T05:25:20.4835377Z env:
PF6 (MinGW) Windows Build & Test	Build and Test (MinGW)	2025-12-04T05:25:20.4835583Z   MSYSTEM: UCRT64
PF6 (MinGW) Windows Build & Test	Build and Test (MinGW)	2025-12-04T05:25:20.4835881Z   ARCHIVE_R_BUILD_NO_ISOLATION: 1
PF6 (MinGW) Windows Build & Test	Build and Test (MinGW)	2025-12-04T05:25:20.4836173Z ##[endgroup]
PF6 (MinGW) Windows Build & Test	Build and Test (MinGW)	2025-12-04T05:25:20.6964423Z [0;34mâ¶[0m archive_r Build Starting...
PF6 (MinGW) Windows Build & Test	Build and Test (MinGW)	2025-12-04T05:25:20.6967464Z [0;34mâ¶[0m Cleaning core build artifacts...
PF6 (MinGW) Windows Build & Test	Build and Test (MinGW)	2025-12-04T05:25:20.7108592Z [0;32mâ[0m Core build directory cleaned
PF6 (MinGW) Windows Build & Test	Build and Test (MinGW)	2025-12-04T05:25:20.7109301Z [0;34mâ¶[0m Cleaning Ruby binding artifacts...
PF6 (MinGW) Windows Build & Test	Build and Test (MinGW)	2025-12-04T05:25:20.8023610Z [0;34mâ¶[0m Cleaning Python binding artifacts...
PF6 (MinGW) Windows Build & Test	Build and Test (MinGW)	2025-12-04T05:25:20.8792990Z [0;32mâ[0m Binding artifacts cleaned
PF6 (MinGW) Windows Build & Test	Build and Test (MinGW)	2025-12-04T05:25:20.8929594Z [0;34mâ¶[0m Configuring with CMake...
PF6 (MinGW) Windows Build & Test	Build and Test (MinGW)	2025-12-04T05:25:20.9216657Z [0;34mâ¶[0m Detected MinGW/MSYS environment with make. Using 'Unix Makefiles' generator.
PF6 (MinGW) Windows Build & Test	Build and Test (MinGW)	2025-12-04T05:25:21.1255288Z -- The CXX compiler identification is GNU 15.2.0
PF6 (MinGW) Windows Build & Test	Build and Test (MinGW)	2025-12-04T05:25:21.1785307Z -- Detecting CXX compiler ABI info
PF6 (MinGW) Windows Build & Test	Build and Test (MinGW)	2025-12-04T05:25:21.5295833Z -- Detecting CXX compiler ABI info - done
PF6 (MinGW) Windows Build & Test	Build and Test (MinGW)	2025-12-04T05:25:21.5724874Z -- Check for working CXX compiler: D:/a/_temp/msys64/ucrt64/bin/c++.exe - skipped
PF6 (MinGW) Windows Build & Test	Build and Test (MinGW)	2025-12-04T05:25:21.5728890Z -- Detecting CXX compile features
PF6 (MinGW) Windows Build & Test	Build and Test (MinGW)	2025-12-04T05:25:21.5737566Z -- Detecting CXX compile features - done
PF6 (MinGW) Windows Build & Test	Build and Test (MinGW)	2025-12-04T05:25:21.6498655Z -- Found LibArchive: D:/a/_temp/msys64/ucrt64/lib/libarchive.dll.a (found version "3.8.4")
PF6 (MinGW) Windows Build & Test	Build and Test (MinGW)	2025-12-04T05:25:21.6519099Z -- Configuring done (0.7s)
PF6 (MinGW) Windows Build & Test	Build and Test (MinGW)	2025-12-04T05:25:21.7899992Z -- Generating done (0.1s)
PF6 (MinGW) Windows Build & Test	Build and Test (MinGW)	2025-12-04T05:25:21.7906942Z -- Build files have been written to: D:/a/archive_r/archive_r/build
PF6 (MinGW) Windows Build & Test	Build and Test (MinGW)	2025-12-04T05:25:21.7987690Z [0;34mâ¶[0m Building core library...
PF6 (MinGW) Windows Build & Test	Build and Test (MinGW)	2025-12-04T05:25:22.0450592Z [  1%] Building CXX object CMakeFiles/archive_r_core.dir/src/archive_type.cc.obj
PF6 (MinGW) Windows Build & Test	Build and Test (MinGW)	2025-12-04T05:25:22.0476231Z [  2%] Building CXX object CMakeFiles/archive_r_core.dir/src/data_stream.cc.obj
PF6 (MinGW) Windows Build & Test	Build and Test (MinGW)	2025-12-04T05:25:22.0563177Z [  4%] Building CXX object CMakeFiles/archive_r_core.dir/src/archive_stack_orchestrator.cc.obj
PF6 (MinGW) Windows Build & Test	Build and Test (MinGW)	2025-12-04T05:25:22.0697895Z [  5%] Building CXX object CMakeFiles/archive_r_core.dir/src/archive_stack_cursor.cc.obj
PF6 (MinGW) Windows Build & Test	Build and Test (MinGW)	2025-12-04T05:25:22.9191389Z [  7%] Building CXX object CMakeFiles/archive_r_core.dir/src/multi_volume_manager.cc.obj
PF6 (MinGW) Windows Build & Test	Build and Test (MinGW)	2025-12-04T05:25:25.8696023Z [  8%] Building CXX object CMakeFiles/archive_r_core.dir/src/multi_volume_stream_base.cc.obj
PF6 (MinGW) Windows Build & Test	Build and Test (MinGW)	2025-12-04T05:25:26.6724609Z [ 10%] Building CXX object CMakeFiles/archive_r_core.dir/src/system_file_stream.cc.obj
PF6 (MinGW) Windows Build & Test	Build and Test (MinGW)	2025-12-04T05:25:27.1954869Z [ 11%] Building CXX object CMakeFiles/archive_r_core.dir/src/path_hierarchy.cc.obj
PF6 (MinGW) Windows Build & Test	Build and Test (MinGW)	2025-12-04T05:25:27.4927959Z [ 13%] Building CXX object CMakeFiles/archive_r_core.dir/src/path_hierarchy_utils.cc.obj
PF6 (MinGW) Windows Build & Test	Build and Test (MinGW)	2025-12-04T05:25:27.4988009Z [ 14%] Building CXX object CMakeFiles/archive_r_core.dir/src/traverser.cc.obj
PF6 (MinGW) Windows Build & Test	Build and Test (MinGW)	2025-12-04T05:25:29.6218898Z [ 16%] Building CXX object CMakeFiles/archive_r_core.dir/src/entry.cc.obj
PF6 (MinGW) Windows Build & Test	Build and Test (MinGW)	2025-12-04T05:25:29.6598628Z [ 17%] Building CXX object CMakeFiles/archive_r_core.dir/src/entry_fault.cc.obj
PF6 (MinGW) Windows Build & Test	Build and Test (MinGW)	2025-12-04T05:25:30.6803924Z [ 19%] Building CXX object CMakeFiles/archive_r_core.dir/src/entry_fault_error.cc.obj
PF6 (MinGW) Windows Build & Test	Build and Test (MinGW)	2025-12-04T05:25:33.7924382Z [ 20%] Linking CXX static library libarchive_r_core.a
PF6 (MinGW) Windows Build & Test	Build and Test (MinGW)	2025-12-04T05:25:33.9650021Z [ 20%] Built target archive_r_core
PF6 (MinGW) Windows Build & Test	Build and Test (MinGW)	2025-12-04T05:25:34.1209932Z [ 22%] Building CXX object CMakeFiles/find_and_traverse.dir/examples/find_and_traverse.cc.obj
PF6 (MinGW) Windows Build & Test	Build and Test (MinGW)	2025-12-04T05:25:34.1505968Z [ 23%] Building CXX object CMakeFiles/test_iterator.dir/test/test_iterator.cc.obj
PF6 (MinGW) Windows Build & Test	Build and Test (MinGW)	2025-12-04T05:25:34.1549044Z [ 25%] Building CXX object CMakeFiles/test_skip_descent.dir/test/test_skip_descent.cc.obj
PF6 (MinGW) Windows Build & Test	Build and Test (MinGW)	2025-12-04T05:25:34.1693061Z [ 26%] Building CXX object CMakeFiles/test_multi_volume_iterator.dir/test/test_multi_volume_iterator.cc.obj
PF6 (MinGW) Windows Build & Test	Build and Test (MinGW)	2025-12-04T05:25:35.9427226Z [ 27%] Linking CXX executable test_multi_volume_iterator.exe
PF6 (MinGW) Windows Build & Test	Build and Test (MinGW)	2025-12-04T05:25:36.1321944Z [ 29%] Linking CXX executable find_and_traverse.exe
PF6 (MinGW) Windows Build & Test	Build and Test (MinGW)	2025-12-04T05:25:36.2826581Z [ 29%] Built target test_multi_volume_iterator
PF6 (MinGW) Windows Build & Test	Build and Test (MinGW)	2025-12-04T05:25:36.2973182Z [ 30%] Linking CXX executable test_skip_descent.exe
PF6 (MinGW) Windows Build & Test	Build and Test (MinGW)	2025-12-04T05:25:36.4399455Z [ 32%] Building CXX object CMakeFiles/test_multi_volume_input.dir/test/test_multi_volume_input.cc.obj
PF6 (MinGW) Windows Build & Test	Build and Test (MinGW)	2025-12-04T05:25:36.4860092Z [ 32%] Built target find_and_traverse
PF6 (MinGW) Windows Build & Test	Build and Test (MinGW)	2025-12-04T05:25:36.4862951Z [ 33%] Linking CXX executable test_iterator.exe
PF6 (MinGW) Windows Build & Test	Build and Test (MinGW)	2025-12-04T05:25:36.6633899Z [ 35%] Building CXX object CMakeFiles/test_multi_volume_debug.dir/test/test_multi_volume_debug.cc.obj
PF6 (MinGW) Windows Build & Test	Build and Test (MinGW)	2025-12-04T05:25:36.6638160Z [ 35%] Built target test_skip_descent
PF6 (MinGW) Windows Build & Test	Build and Test (MinGW)	2025-12-04T05:25:36.8258139Z [ 36%] Building CXX object CMakeFiles/test_multi_volume_functionality.dir/test/test_multi_volume_functionality.cc.obj
PF6 (MinGW) Windows Build & Test	Build and Test (MinGW)	2025-12-04T05:25:36.8363494Z [ 36%] Built target test_iterator
PF6 (MinGW) Windows Build & Test	Build and Test (MinGW)	2025-12-04T05:25:37.0068544Z [ 38%] Building CXX object CMakeFiles/test_multi_volume_retry.dir/test/test_multi_volume_retry.cc.obj
PF6 (MinGW) Windows Build & Test	Build and Test (MinGW)	2025-12-04T05:25:38.6517516Z [ 39%] Linking CXX executable test_multi_volume_retry.exe
PF6 (MinGW) Windows Build & Test	Build and Test (MinGW)	2025-12-04T05:25:38.8133609Z [ 41%] Linking CXX executable test_multi_volume_functionality.exe
PF6 (MinGW) Windows Build & Test	Build and Test (MinGW)	2025-12-04T05:25:38.8138274Z [ 42%] Linking CXX executable test_multi_volume_input.exe
PF6 (MinGW) Windows Build & Test	Build and Test (MinGW)	2025-12-04T05:25:39.0256550Z [ 42%] Built target test_multi_volume_retry
PF6 (MinGW) Windows Build & Test	Build and Test (MinGW)	2025-12-04T05:25:39.1600079Z [ 42%] Built target test_multi_volume_functionality
PF6 (MinGW) Windows Build & Test	Build and Test (MinGW)	2025-12-04T05:25:39.1676478Z [ 42%] Built target test_multi_volume_input
PF6 (MinGW) Windows Build & Test	Build and Test (MinGW)	2025-12-04T05:25:39.1994766Z [ 44%] Building CXX object CMakeFiles/test_multi_volume_ordering.dir/test/test_multi_volume_ordering.cc.obj
PF6 (MinGW) Windows Build & Test	Build and Test (MinGW)	2025-12-04T05:25:39.3228824Z [ 45%] Building CXX object CMakeFiles/test_multi_volume_traversal_regression.dir/test/test_multi_volume_traversal_regression.cc.obj
PF6 (MinGW) Windows Build & Test	Build and Test (MinGW)	2025-12-04T05:25:39.3315319Z [ 47%] Building CXX object CMakeFiles/test_multi_volume_entry_persistence.dir/test/test_multi_volume_entry_persistence.cc.obj
PF6 (MinGW) Windows Build & Test	Build and Test (MinGW)	2025-12-04T05:25:41.1361817Z [ 48%] Linking CXX executable test_multi_volume_entry_persistence.exe
PF6 (MinGW) Windows Build & Test	Build and Test (MinGW)	2025-12-04T05:25:41.4994510Z [ 48%] Built target test_multi_volume_entry_persistence
PF6 (MinGW) Windows Build & Test	Build and Test (MinGW)	2025-12-04T05:25:41.6714664Z [ 50%] Building CXX object CMakeFiles/test_directory_container.dir/test/test_directory_container.cc.obj
PF6 (MinGW) Windows Build & Test	Build and Test (MinGW)	2025-12-04T05:25:44.1682752Z [ 51%] Linking CXX executable test_multi_volume_ordering.exe
PF6 (MinGW) Windows Build & Test	Build and Test (MinGW)	2025-12-04T05:25:44.2281548Z [ 52%] Linking CXX executable test_directory_container.exe
PF6 (MinGW) Windows Build & Test	Build and Test (MinGW)	2025-12-04T05:25:44.5123684Z [ 52%] Built target test_multi_volume_ordering
PF6 (MinGW) Windows Build & Test	Build and Test (MinGW)	2025-12-04T05:25:44.5777785Z [ 52%] Built target test_directory_container
PF6 (MinGW) Windows Build & Test	Build and Test (MinGW)	2025-12-04T05:25:44.6738404Z [ 54%] Building CXX object CMakeFiles/test_metadata_filesystem.dir/test/test_metadata_filesystem.cc.obj
PF6 (MinGW) Windows Build & Test	Build and Test (MinGW)	2025-12-04T05:25:44.7405660Z [ 55%] Building CXX object CMakeFiles/test_directory_navigation.dir/test/test_directory_navigation.cc.obj
PF6 (MinGW) Windows Build & Test	Build and Test (MinGW)	2025-12-04T05:25:45.0174989Z [ 57%] Linking CXX executable test_multi_volume_debug.exe
PF6 (MinGW) Windows Build & Test	Build and Test (MinGW)	2025-12-04T05:25:45.4131017Z [ 57%] Built target test_multi_volume_debug
PF6 (MinGW) Windows Build & Test	Build and Test (MinGW)	2025-12-04T05:25:45.5925863Z [ 58%] Building CXX object CMakeFiles/test_descent.dir/test/test_descent.cc.obj
PF6 (MinGW) Windows Build & Test	Build and Test (MinGW)	2025-12-04T05:25:45.7955650Z [ 60%] Linking CXX executable test_metadata_filesystem.exe
PF6 (MinGW) Windows Build & Test	Build and Test (MinGW)	2025-12-04T05:25:46.0812056Z [ 60%] Built target test_metadata_filesystem
PF6 (MinGW) Windows Build & Test	Build and Test (MinGW)	2025-12-04T05:25:46.2591463Z [ 61%] Building CXX object CMakeFiles/test_simple_count.dir/test/test_simple_count.cc.obj
PF6 (MinGW) Windows Build & Test	Build and Test (MinGW)	2025-12-04T05:25:47.3585838Z [ 63%] Linking CXX executable test_directory_navigation.exe
PF6 (MinGW) Windows Build & Test	Build and Test (MinGW)	2025-12-04T05:25:47.7032465Z [ 63%] Built target test_directory_navigation
PF6 (MinGW) Windows Build & Test	Build and Test (MinGW)	2025-12-04T05:25:47.9648593Z [ 64%] Building CXX object CMakeFiles/test_stress_ultimate_verification.dir/test/test_stress_ultimate_verification.cc.obj
PF6 (MinGW) Windows Build & Test	Build and Test (MinGW)	2025-12-04T05:25:48.0862031Z [ 66%] Linking CXX executable test_multi_volume_traversal_regression.exe
PF6 (MinGW) Windows Build & Test	Build and Test (MinGW)	2025-12-04T05:25:48.1381588Z [ 67%] Linking CXX executable test_simple_count.exe
PF6 (MinGW) Windows Build & Test	Build and Test (MinGW)	2025-12-04T05:25:48.1534777Z [ 69%] Linking CXX executable test_descent.exe
PF6 (MinGW) Windows Build & Test	Build and Test (MinGW)	2025-12-04T05:25:48.4657651Z [ 69%] Built target test_multi_volume_traversal_regression
PF6 (MinGW) Windows Build & Test	Build and Test (MinGW)	2025-12-04T05:25:48.4846734Z [ 69%] Built target test_simple_count
PF6 (MinGW) Windows Build & Test	Build and Test (MinGW)	2025-12-04T05:25:48.4966122Z [ 69%] Built target test_descent
PF6 (MinGW) Windows Build & Test	Build and Test (MinGW)	2025-12-04T05:25:48.6329752Z [ 70%] Building CXX object CMakeFiles/test_entry_read.dir/test/test_entry_read.cc.obj
PF6 (MinGW) Windows Build & Test	Build and Test (MinGW)	2025-12-04T05:25:48.6542317Z [ 72%] Building CXX object CMakeFiles/test_error_handling_step0.dir/test/test_error_handling_step0.cc.obj
PF6 (MinGW) Windows Build & Test	Build and Test (MinGW)	2025-12-04T05:25:48.6628401Z [ 73%] Building CXX object CMakeFiles/test_data_source_reader_read.dir/test/test_data_source_reader_read.cc.obj
PF6 (MinGW) Windows Build & Test	Build and Test (MinGW)	2025-12-04T05:25:50.5988508Z [ 75%] Linking CXX executable test_entry_read.exe
PF6 (MinGW) Windows Build & Test	Build and Test (MinGW)	2025-12-04T05:25:50.9782542Z [ 75%] Built target test_entry_read
PF6 (MinGW) Windows Build & Test	Build and Test (MinGW)	2025-12-04T05:25:51.1600305Z [ 76%] Building CXX object CMakeFiles/test_stress_multi_volume_source.dir/test/test_stress_multi_volume_source.cc.obj
PF6 (MinGW) Windows Build & Test	Build and Test (MinGW)	2025-12-04T05:25:52.0861744Z [ 77%] Linking CXX executable test_stress_ultimate_verification.exe
PF6 (MinGW) Windows Build & Test	Build and Test (MinGW)	2025-12-04T05:25:52.4524713Z [ 77%] Built target test_stress_ultimate_verification
PF6 (MinGW) Windows Build & Test	Build and Test (MinGW)	2025-12-04T05:25:52.6242953Z [ 79%] Building CXX object CMakeFiles/test_metadata_options.dir/test/test_metadata_options.cc.obj
PF6 (MinGW) Windows Build & Test	Build and Test (MinGW)	2025-12-04T05:25:52.6668904Z [ 80%] Linking CXX executable test_error_handling_step0.exe
PF6 (MinGW) Windows Build & Test	Build and Test (MinGW)	2025-12-04T05:25:53.0267895Z [ 80%] Built target test_error_handling_step0
PF6 (MinGW) Windows Build & Test	Build and Test (MinGW)	2025-12-04T05:25:53.1952629Z [ 82%] Building CXX object CMakeFiles/test_multi_root_traversal.dir/test/test_multi_root_traversal.cc.obj
PF6 (MinGW) Windows Build & Test	Build and Test (MinGW)	2025-12-04T05:25:53.4006681Z [ 83%] Linking CXX executable test_data_source_reader_read.exe
PF6 (MinGW) Windows Build & Test	Build and Test (MinGW)	2025-12-04T05:25:53.7775147Z [ 83%] Built target test_data_source_reader_read
PF6 (MinGW) Windows Build & Test	Build and Test (MinGW)	2025-12-04T05:25:53.9487519Z [ 85%] Building CXX object CMakeFiles/test_root_file_multi_volume.dir/test/test_root_file_multi_volume.cc.obj
PF6 (MinGW) Windows Build & Test	Build and Test (MinGW)	2025-12-04T05:25:54.4970865Z [ 86%] Linking CXX executable test_metadata_options.exe
PF6 (MinGW) Windows Build & Test	Build and Test (MinGW)	2025-12-04T05:25:54.8746990Z [ 86%] Built target test_metadata_options
PF6 (MinGW) Windows Build & Test	Build and Test (MinGW)	2025-12-04T05:25:55.0649763Z [ 88%] Building CXX object CMakeFiles/test_custom_root_stream.dir/test/test_custom_root_stream.cc.obj
PF6 (MinGW) Windows Build & Test	Build and Test (MinGW)	2025-12-04T05:25:55.4213537Z [ 89%] Linking CXX executable test_multi_root_traversal.exe
PF6 (MinGW) Windows Build & Test	Build and Test (MinGW)	2025-12-04T05:25:55.6965693Z [ 91%] Linking CXX executable test_root_file_multi_volume.exe
PF6 (MinGW) Windows Build & Test	Build and Test (MinGW)	2025-12-04T05:25:55.7558364Z [ 91%] Built target test_multi_root_traversal
PF6 (MinGW) Windows Build & Test	Build and Test (MinGW)	2025-12-04T05:25:55.9198471Z [ 92%] Building CXX object CMakeFiles/test_threaded_traverser.dir/test/test_threaded_traverser.cc.obj
PF6 (MinGW) Windows Build & Test	Build and Test (MinGW)	2025-12-04T05:25:56.0456731Z [ 92%] Built target test_root_file_multi_volume
PF6 (MinGW) Windows Build & Test	Build and Test (MinGW)	2025-12-04T05:25:56.2180472Z [ 94%] Building CXX object CMakeFiles/test_performance_compare.dir/test/test_performance_no_descend.cc.obj
PF6 (MinGW) Windows Build & Test	Build and Test (MinGW)	2025-12-04T05:25:57.2183348Z [ 95%] Linking CXX executable test_custom_root_stream.exe
PF6 (MinGW) Windows Build & Test	Build and Test (MinGW)	2025-12-04T05:25:57.6095472Z [ 95%] Built target test_custom_root_stream
PF6 (MinGW) Windows Build & Test	Build and Test (MinGW)	2025-12-04T05:25:57.8313377Z [ 97%] Linking CXX executable test_threaded_traverser.exe
PF6 (MinGW) Windows Build & Test	Build and Test (MinGW)	2025-12-04T05:25:58.1897216Z [ 97%] Built target test_threaded_traverser
PF6 (MinGW) Windows Build & Test	Build and Test (MinGW)	2025-12-04T05:25:59.3157390Z [ 98%] Linking CXX executable test_performance_compare.exe
PF6 (MinGW) Windows Build & Test	Build and Test (MinGW)	2025-12-04T05:25:59.5608551Z [ 98%] Built target test_performance_compare
PF6 (MinGW) Windows Build & Test	Build and Test (MinGW)	2025-12-04T05:26:01.1198559Z [100%] Linking CXX executable test_stress_multi_volume_source.exe
PF6 (MinGW) Windows Build & Test	Build and Test (MinGW)	2025-12-04T05:26:01.3720944Z [100%] Built target test_stress_multi_volume_source
PF6 (MinGW) Windows Build & Test	Build and Test (MinGW)	2025-12-04T05:26:01.4313645Z 
PF6 (MinGW) Windows Build & Test	Build and Test (MinGW)	2025-12-04T05:26:01.4314448Z [0;32mâ[0m Core build completed
PF6 (MinGW) Windows Build & Test	Build and Test (MinGW)	2025-12-04T05:26:01.4315817Z [0;32mâ[0m   Library: /d/a/archive_r/archive_r/build/libarchive_r_core.a
PF6 (MinGW) Windows Build & Test	Build and Test (MinGW)	2025-12-04T05:26:01.4316767Z [0;32mâ[0m   Example: /d/a/archive_r/archive_r/build/find_and_traverse
PF6 (MinGW) Windows Build & Test	Build and Test (MinGW)	2025-12-04T05:26:01.4317078Z 
PF6 (MinGW) Windows Build & Test	Build and Test (MinGW)	2025-12-04T05:26:01.4329263Z [0;34mâ¶[0m Building Ruby binding...
PF6 (MinGW) Windows Build & Test	Build and Test (MinGW)	2025-12-04T05:26:01.5693306Z Using archive_r core from D:/a/archive_r/archive_r
PF6 (MinGW) Windows Build & Test	Build and Test (MinGW)	2025-12-04T05:26:03.5303168Z checking for -larchive... yes
PF6 (MinGW) Windows Build & Test	Build and Test (MinGW)	2025-12-04T05:26:03.5304480Z Using pre-built archive_r core library
PF6 (MinGW) Windows Build & Test	Build and Test (MinGW)	2025-12-04T05:26:03.5304853Z creating Makefile
PF6 (MinGW) Windows Build & Test	Build and Test (MinGW)	2025-12-04T05:26:03.5645305Z generating archive_r-x64-mingw-ucrt.def
PF6 (MinGW) Windows Build & Test	Build and Test (MinGW)	2025-12-04T05:26:03.6146568Z compiling archive_r_ext.cc
PF6 (MinGW) Windows Build & Test	Build and Test (MinGW)	2025-12-04T05:26:05.3737274Z In file included from D:/a/_temp/msys64/ucrt64/include/ruby-3.4.0/ruby/internal/core.h:27,
PF6 (MinGW) Windows Build & Test	Build and Test (MinGW)	2025-12-04T05:26:05.3738450Z                  from D:/a/_temp/msys64/ucrt64/include/ruby-3.4.0/ruby/ruby.h:29,
PF6 (MinGW) Windows Build & Test	Build and Test (MinGW)	2025-12-04T05:26:05.3739222Z                  from D:/a/_temp/msys64/ucrt64/include/ruby-3.4.0/ruby.h:38,
PF6 (MinGW) Windows Build & Test	Build and Test (MinGW)	2025-12-04T05:26:05.3739939Z                  from archive_r_ext.cc:14:
PF6 (MinGW) Windows Build & Test	Build and Test (MinGW)	2025-12-04T05:26:05.3741240Z archive_r_ext.cc: In function 'VALUE entry_wrap(archive_r::Entry&)':
PF6 (MinGW) Windows Build & Test	Build and Test (MinGW)	2025-12-04T05:26:05.3743016Z D:/a/_temp/msys64/ucrt64/include/ruby-3.4.0/ruby/internal/core/rdata.h:199:24: warning: 'VALUE rb_data_object_wrap_warning(VALUE, void*, RUBY_DATA_FUNC, RUBY_DATA_FUNC)' is deprecated: by TypedData [-Wdeprecated-declarations]
PF6 (MinGW) Windows Build & Test	Build and Test (MinGW)	2025-12-04T05:26:05.3744685Z   199 |     rb_data_object_wrap(                          \
PF6 (MinGW) Windows Build & Test	Build and Test (MinGW)	2025-12-04T05:26:05.3745232Z       |                        ^
PF6 (MinGW) Windows Build & Test	Build and Test (MinGW)	2025-12-04T05:26:05.3745817Z archive_r_ext.cc:745:10: note: in expansion of macro 'Data_Wrap_Struct'
PF6 (MinGW) Windows Build & Test	Build and Test (MinGW)	2025-12-04T05:26:05.3746614Z   745 |   return Data_Wrap_Struct(cEntry, nullptr, entry_free, wrapper);
PF6 (MinGW) Windows Build & Test	Build and Test (MinGW)	2025-12-04T05:26:05.3747249Z       |          ^~~~~~~~~~~~~~~~
PF6 (MinGW) Windows Build & Test	Build and Test (MinGW)	2025-12-04T05:26:05.3747994Z D:/a/_temp/msys64/ucrt64/include/ruby-3.4.0/ruby/internal/core/rdata.h:293:1: note: declared here
PF6 (MinGW) Windows Build & Test	Build and Test (MinGW)	2025-12-04T05:26:05.3749115Z   293 | rb_data_object_wrap_warning(VALUE klass, void *ptr, RUBY_DATA_FUNC mark, RUBY_DATA_FUNC free)
PF6 (MinGW) Windows Build & Test	Build and Test (MinGW)	2025-12-04T05:26:05.3749907Z       | ^~~~~~~~~~~~~~~~~~~~~~~~~~~
PF6 (MinGW) Windows Build & Test	Build and Test (MinGW)	2025-12-04T05:26:05.3750712Z In file included from D:/a/_temp/msys64/ucrt64/include/ruby-3.4.0/ruby/internal/assume.h:29,
PF6 (MinGW) Windows Build & Test	Build and Test (MinGW)	2025-12-04T05:26:05.3751683Z                  from D:/a/_temp/msys64/ucrt64/include/ruby-3.4.0/ruby/backward/2/assume.h:24,
PF6 (MinGW) Windows Build & Test	Build and Test (MinGW)	2025-12-04T05:26:05.3752545Z                  from D:/a/_temp/msys64/ucrt64/include/ruby-3.4.0/ruby/defines.h:72,
PF6 (MinGW) Windows Build & Test	Build and Test (MinGW)	2025-12-04T05:26:05.3753334Z                  from D:/a/_temp/msys64/ucrt64/include/ruby-3.4.0/ruby/ruby.h:25:
PF6 (MinGW) Windows Build & Test	Build and Test (MinGW)	2025-12-04T05:26:05.3754081Z archive_r_ext.cc: In function 'VALUE entry_invalidate(VALUE)':
PF6 (MinGW) Windows Build & Test	Build and Test (MinGW)	2025-12-04T05:26:05.3755459Z D:/a/_temp/msys64/ucrt64/include/ruby-3.4.0/ruby/internal/core/rdata.h:275:52: warning: 'void* rb_data_object_get_warning(VALUE)' is deprecated: by TypedData [-Wdeprecated-declarations]
PF6 (MinGW) Windows Build & Test	Build and Test (MinGW)	2025-12-04T05:26:05.3756825Z   275 |     ((sval) = RBIMPL_CAST((type*)rb_data_object_get(obj)))
PF6 (MinGW) Windows Build & Test	Build and Test (MinGW)	2025-12-04T05:26:05.3757426Z       |                                                    ^
PF6 (MinGW) Windows Build & Test	Build and Test (MinGW)	2025-12-04T05:26:05.3758331Z D:/a/_temp/msys64/ucrt64/include/ruby-3.4.0/ruby/internal/cast.h:36:29: note: in definition of macro 'RBIMPL_CAST'
PF6 (MinGW) Windows Build & Test	Build and Test (MinGW)	2025-12-04T05:26:05.3760995Z    36 | # define RBIMPL_CAST(expr) (expr)
PF6 (MinGW) Windows Build & Test	Build and Test (MinGW)	2025-12-04T05:26:05.3761511Z       |                             ^~~~
PF6 (MinGW) Windows Build & Test	Build and Test (MinGW)	2025-12-04T05:26:05.3762130Z archive_r_ext.cc:750:3: note: in expansion of macro 'Data_Get_Struct'
PF6 (MinGW) Windows Build & Test	Build and Test (MinGW)	2025-12-04T05:26:05.3762803Z   750 |   Data_Get_Struct(entry_obj, EntryWrapper, wrapper);
PF6 (MinGW) Windows Build & Test	Build and Test (MinGW)	2025-12-04T05:26:05.3763366Z       |   ^~~~~~~~~~~~~~~
PF6 (MinGW) Windows Build & Test	Build and Test (MinGW)	2025-12-04T05:26:05.3764115Z D:/a/_temp/msys64/ucrt64/include/ruby-3.4.0/ruby/internal/core/rdata.h:325:1: note: declared here
PF6 (MinGW) Windows Build & Test	Build and Test (MinGW)	2025-12-04T05:26:05.3764944Z   325 | rb_data_object_get_warning(VALUE obj)
PF6 (MinGW) Windows Build & Test	Build and Test (MinGW)	2025-12-04T05:26:05.3765439Z       | ^~~~~~~~~~~~~~~~~~~~~~~~~~
PF6 (MinGW) Windows Build & Test	Build and Test (MinGW)	2025-12-04T05:26:05.3766062Z archive_r_ext.cc: In function 'EntryWrapper* entry_get_wrapper(VALUE)':
PF6 (MinGW) Windows Build & Test	Build and Test (MinGW)	2025-12-04T05:26:05.3767476Z D:/a/_temp/msys64/ucrt64/include/ruby-3.4.0/ruby/internal/core/rdata.h:275:52: warning: 'void* rb_data_object_get_warning(VALUE)' is deprecated: by TypedData [-Wdeprecated-declarations]
PF6 (MinGW) Windows Build & Test	Build and Test (MinGW)	2025-12-04T05:26:05.3768846Z   275 |     ((sval) = RBIMPL_CAST((type*)rb_data_object_get(obj)))
PF6 (MinGW) Windows Build & Test	Build and Test (MinGW)	2025-12-04T05:26:05.3769410Z       |                                                    ^
PF6 (MinGW) Windows Build & Test	Build and Test (MinGW)	2025-12-04T05:26:05.3770335Z D:/a/_temp/msys64/ucrt64/include/ruby-3.4.0/ruby/internal/cast.h:36:29: note: in definition of macro 'RBIMPL_CAST'
PF6 (MinGW) Windows Build & Test	Build and Test (MinGW)	2025-12-04T05:26:05.3771533Z    36 | # define RBIMPL_CAST(expr) (expr)
PF6 (MinGW) Windows Build & Test	Build and Test (MinGW)	2025-12-04T05:26:05.3772030Z       |                             ^~~~
PF6 (MinGW) Windows Build & Test	Build and Test (MinGW)	2025-12-04T05:26:05.3772660Z archive_r_ext.cc:759:3: note: in expansion of macro 'Data_Get_Struct'
PF6 (MinGW) Windows Build & Test	Build and Test (MinGW)	2025-12-04T05:26:05.3773384Z   759 |   Data_Get_Struct(self, EntryWrapper, wrapper);
PF6 (MinGW) Windows Build & Test	Build and Test (MinGW)	2025-12-04T05:26:05.3773885Z       |   ^~~~~~~~~~~~~~~
PF6 (MinGW) Windows Build & Test	Build and Test (MinGW)	2025-12-04T05:26:05.3774615Z D:/a/_temp/msys64/ucrt64/include/ruby-3.4.0/ruby/internal/core/rdata.h:325:1: note: declared here
PF6 (MinGW) Windows Build & Test	Build and Test (MinGW)	2025-12-04T05:26:05.3775463Z   325 | rb_data_object_get_warning(VALUE obj)
PF6 (MinGW) Windows Build & Test	Build and Test (MinGW)	2025-12-04T05:26:05.3776005Z       | ^~~~~~~~~~~~~~~~~~~~~~~~~~
PF6 (MinGW) Windows Build & Test	Build and Test (MinGW)	2025-12-04T05:26:05.3960361Z archive_r_ext.cc: In function 'VALUE traverser_wrap(archive_r::Traverser*)':
PF6 (MinGW) Windows Build & Test	Build and Test (MinGW)	2025-12-04T05:26:05.3961981Z D:/a/_temp/msys64/ucrt64/include/ruby-3.4.0/ruby/internal/core/rdata.h:199:24: warning: 'VALUE rb_data_object_wrap_warning(VALUE, void*, RUBY_DATA_FUNC, RUBY_DATA_FUNC)' is deprecated: by TypedData [-Wdeprecated-declarations]
PF6 (MinGW) Windows Build & Test	Build and Test (MinGW)	2025-12-04T05:26:05.3963286Z   199 |     rb_data_object_wrap(                          \
PF6 (MinGW) Windows Build & Test	Build and Test (MinGW)	2025-12-04T05:26:05.3963740Z       |                        ^
PF6 (MinGW) Windows Build & Test	Build and Test (MinGW)	2025-12-04T05:26:05.3964165Z archive_r_ext.cc:973:60: note: in expansion of macro 'Data_Wrap_Struct'
PF6 (MinGW) Windows Build & Test	Build and Test (MinGW)	2025-12-04T05:26:05.3964943Z   973 | static VALUE traverser_wrap(Traverser *traverser) { return Data_Wrap_Struct(cTraverser, nullptr, traverser_free, traverser); }
PF6 (MinGW) Windows Build & Test	Build and Test (MinGW)	2025-12-04T05:26:05.3965500Z       |                                                            ^~~~~~~~~~~~~~~~
PF6 (MinGW) Windows Build & Test	Build and Test (MinGW)	2025-12-04T05:26:05.3965938Z D:/a/_temp/msys64/ucrt64/include/ruby-3.4.0/ruby/internal/core/rdata.h:293:1: note: declared here
PF6 (MinGW) Windows Build & Test	Build and Test (MinGW)	2025-12-04T05:26:05.3966548Z   293 | rb_data_object_wrap_warning(VALUE klass, void *ptr, RUBY_DATA_FUNC mark, RUBY_DATA_FUNC free)
PF6 (MinGW) Windows Build & Test	Build and Test (MinGW)	2025-12-04T05:26:05.3967020Z       | ^~~~~~~~~~~~~~~~~~~~~~~~~~~
PF6 (MinGW) Windows Build & Test	Build and Test (MinGW)	2025-12-04T05:26:05.3967408Z archive_r_ext.cc: In function 'archive_r::Traverser* traverser_unwrap(VALUE)':
PF6 (MinGW) Windows Build & Test	Build and Test (MinGW)	2025-12-04T05:26:05.3968205Z D:/a/_temp/msys64/ucrt64/include/ruby-3.4.0/ruby/internal/core/rdata.h:275:52: warning: 'void* rb_data_object_get_warning(VALUE)' is deprecated: by TypedData [-Wdeprecated-declarations]
PF6 (MinGW) Windows Build & Test	Build and Test (MinGW)	2025-12-04T05:26:05.3968984Z   275 |     ((sval) = RBIMPL_CAST((type*)rb_data_object_get(obj)))
PF6 (MinGW) Windows Build & Test	Build and Test (MinGW)	2025-12-04T05:26:05.3969323Z       |                                                    ^
PF6 (MinGW) Windows Build & Test	Build and Test (MinGW)	2025-12-04T05:26:05.3969827Z D:/a/_temp/msys64/ucrt64/include/ruby-3.4.0/ruby/internal/cast.h:36:29: note: in definition of macro 'RBIMPL_CAST'
PF6 (MinGW) Windows Build & Test	Build and Test (MinGW)	2025-12-04T05:26:05.3970339Z    36 | # define RBIMPL_CAST(expr) (expr)
PF6 (MinGW) Windows Build & Test	Build and Test (MinGW)	2025-12-04T05:26:05.3970623Z       |                             ^~~~
PF6 (MinGW) Windows Build & Test	Build and Test (MinGW)	2025-12-04T05:26:05.3971245Z archive_r_ext.cc:978:3: note: in expansion of macro 'Data_Get_Struct'
PF6 (MinGW) Windows Build & Test	Build and Test (MinGW)	2025-12-04T05:26:05.3971612Z   978 |   Data_Get_Struct(self, Traverser, traverser);
PF6 (MinGW) Windows Build & Test	Build and Test (MinGW)	2025-12-04T05:26:05.3971927Z       |   ^~~~~~~~~~~~~~~
PF6 (MinGW) Windows Build & Test	Build and Test (MinGW)	2025-12-04T05:26:05.3972342Z D:/a/_temp/msys64/ucrt64/include/ruby-3.4.0/ruby/internal/core/rdata.h:325:1: note: declared here
PF6 (MinGW) Windows Build & Test	Build and Test (MinGW)	2025-12-04T05:26:05.3972951Z   325 | rb_data_object_get_warning(VALUE obj)
PF6 (MinGW) Windows Build & Test	Build and Test (MinGW)	2025-12-04T05:26:05.3973250Z       | ^~~~~~~~~~~~~~~~~~~~~~~~~~
PF6 (MinGW) Windows Build & Test	Build and Test (MinGW)	2025-12-04T05:26:05.3973582Z archive_r_ext.cc: In function 'VALUE traverser_allocate(VALUE)':
PF6 (MinGW) Windows Build & Test	Build and Test (MinGW)	2025-12-04T05:26:05.3974465Z D:/a/_temp/msys64/ucrt64/include/ruby-3.4.0/ruby/internal/core/rdata.h:199:24: warning: 'VALUE rb_data_object_wrap_warning(VALUE, void*, RUBY_DATA_FUNC, RUBY_DATA_FUNC)' is deprecated: by TypedData [-Wdeprecated-declarations]
PF6 (MinGW) Windows Build & Test	Build and Test (MinGW)	2025-12-04T05:26:05.3975315Z   199 |     rb_data_object_wrap(                          \
PF6 (MinGW) Windows Build & Test	Build and Test (MinGW)	2025-12-04T05:26:05.3975590Z       |                        ^
PF6 (MinGW) Windows Build & Test	Build and Test (MinGW)	2025-12-04T05:26:05.3975923Z archive_r_ext.cc:983:55: note: in expansion of macro 'Data_Wrap_Struct'
PF6 (MinGW) Windows Build & Test	Build and Test (MinGW)	2025-12-04T05:26:05.3976507Z   983 | static VALUE traverser_allocate(VALUE klass) { return Data_Wrap_Struct(klass, nullptr, traverser_free, nullptr); }
PF6 (MinGW) Windows Build & Test	Build and Test (MinGW)	2025-12-04T05:26:05.3977036Z       |                                                       ^~~~~~~~~~~~~~~~
PF6 (MinGW) Windows Build & Test	Build and Test (MinGW)	2025-12-04T05:26:05.3978461Z D:/a/_temp/msys64/ucrt64/include/ruby-3.4.0/ruby/internal/core/rdata.h:293:1: note: declared here
PF6 (MinGW) Windows Build & Test	Build and Test (MinGW)	2025-12-04T05:26:05.3979084Z   293 | rb_data_object_wrap_warning(VALUE klass, void *ptr, RUBY_DATA_FUNC mark, RUBY_DATA_FUNC free)
PF6 (MinGW) Windows Build & Test	Build and Test (MinGW)	2025-12-04T05:26:05.3979502Z       | ^~~~~~~~~~~~~~~~~~~~~~~~~~~
PF6 (MinGW) Windows Build & Test	Build and Test (MinGW)	2025-12-04T05:26:06.9742255Z linking shared-object archive_r/archive_r.so
PF6 (MinGW) Windows Build & Test	Build and Test (MinGW)	2025-12-04T05:26:07.1323420Z [0;32mâ[0m Ruby binding built successfully
PF6 (MinGW) Windows Build & Test	Build and Test (MinGW)	2025-12-04T05:26:07.1324341Z [0;32mâ[0m   Extension: /d/a/archive_r/archive_r/build/bindings/ruby/archive_r.so
PF6 (MinGW) Windows Build & Test	Build and Test (MinGW)	2025-12-04T05:26:07.2828366Z [0;34mâ¶[0m Packaging Ruby gem...
PF6 (MinGW) Windows Build & Test	Build and Test (MinGW)	2025-12-04T05:26:07.2834184Z [0;34mâ¶[0m Embedding archive_r core sources for Ruby gem...
PF6 (MinGW) Windows Build & Test	Build and Test (MinGW)	2025-12-04T05:26:07.9732363Z WARNING:  You have specified the uri:
PF6 (MinGW) Windows Build & Test	Build and Test (MinGW)	2025-12-04T05:26:07.9732998Z   https://github.com/raizo-tcs/archive_r
PF6 (MinGW) Windows Build & Test	Build and Test (MinGW)	2025-12-04T05:26:07.9733375Z for all of the following keys:
PF6 (MinGW) Windows Build & Test	Build and Test (MinGW)	2025-12-04T05:26:07.9733729Z   homepage_uri
PF6 (MinGW) Windows Build & Test	Build and Test (MinGW)	2025-12-04T05:26:07.9733996Z   source_code_uri
PF6 (MinGW) Windows Build & Test	Build and Test (MinGW)	2025-12-04T05:26:07.9734289Z Only the first one will be shown on rubygems.org
PF6 (MinGW) Windows Build & Test	Build and Test (MinGW)	2025-12-04T05:26:07.9734842Z WARNING:  See https://guides.rubygems.org/specification-reference/ for help
PF6 (MinGW) Windows Build & Test	Build and Test (MinGW)	2025-12-04T05:26:07.9988527Z   Successfully built RubyGem
PF6 (MinGW) Windows Build & Test	Build and Test (MinGW)	2025-12-04T05:26:07.9988900Z   Name: archive_r_ruby
PF6 (MinGW) Windows Build & Test	Build and Test (MinGW)	2025-12-04T05:26:07.9989119Z   Version: 0.1.1
PF6 (MinGW) Windows Build & Test	Build and Test (MinGW)	2025-12-04T05:26:07.9989369Z   File: archive_r_ruby-0.1.1.gem
PF6 (MinGW) Windows Build & Test	Build and Test (MinGW)	2025-12-04T05:26:08.0596810Z [0;32mâ[0m Ruby gem packaged: /d/a/archive_r/archive_r/build/bindings/ruby/archive_r_ruby-0.1.1.gem
PF6 (MinGW) Windows Build & Test	Build and Test (MinGW)	2025-12-04T05:26:08.0597945Z [0;34mâ¶[0m Building Python binding...
PF6 (MinGW) Windows Build & Test	Build and Test (MinGW)	2025-12-04T05:26:08.3430701Z DEBUG: system_name=windows, os.name=nt, sys.platform=win32
PF6 (MinGW) Windows Build & Test	Build and Test (MinGW)	2025-12-04T05:26:08.3431573Z Using pre-built archive_r library: D:/a/archive_r/archive_r/build/libarchive_r_core.a
PF6 (MinGW) Windows Build & Test	Build and Test (MinGW)	2025-12-04T05:26:08.3434363Z running build_ext
PF6 (MinGW) Windows Build & Test	Build and Test (MinGW)	2025-12-04T05:26:08.3633444Z building 'archive_r' extension
PF6 (MinGW) Windows Build & Test	Build and Test (MinGW)	2025-12-04T05:26:08.3639836Z creating build/temp.mingw_x86_64_ucrt_gnu-cpython-312/src
PF6 (MinGW) Windows Build & Test	Build and Test (MinGW)	2025-12-04T05:26:08.3646795Z g++ -fno-strict-overflow -Wsign-compare -DNDEBUG -g -O3 -Wall -march=nocona -msahf -mtune=generic -O2 -pipe -Wp,-D_FORTIFY_SOURCE=2 -fstack-protector-strong -Wp,-D__USE_MINGW_ANSI_STDIO=1 -O3 -march=nocona -msahf -mtune=generic -O2 -pipe -Wp,-D_FORTIFY_SOURCE=2 -fstack-protector-strong -Wp,-D__USE_MINGW_ANSI_STDIO=1 -O3 -DARCHIVE_R_VERSION=\"0.1.2\" -ID:/a/_temp/msys64/ucrt64/lib/python3.12/site-packages/pybind11/include -ID:/a/archive_r/archive_r/include -ID:/a/archive_r/archive_r/src -ID:/a/_temp/msys64/ucrt64/include/python3.12 -c src/archive_r_py.cc -o build/temp.mingw_x86_64_ucrt_gnu-cpython-312/src/archive_r_py.o -std=c++17 -fvisibility=hidden
PF6 (MinGW) Windows Build & Test	Build and Test (MinGW)	2025-12-04T05:26:34.2480833Z writing build/temp.mingw_x86_64_ucrt_gnu-cpython-312/src/archive_r.cp312-mingw_x86_64_ucrt_gnu.def
PF6 (MinGW) Windows Build & Test	Build and Test (MinGW)	2025-12-04T05:26:34.2485542Z creating build/lib.mingw_x86_64_ucrt_gnu-cpython-312
PF6 (MinGW) Windows Build & Test	Build and Test (MinGW)	2025-12-04T05:26:34.2490294Z g++ -fno-strict-overflow -Wsign-compare -DNDEBUG -g -O3 -Wall -march=nocona -msahf -mtune=generic -O2 -pipe -Wp,-D_FORTIFY_SOURCE=2 -fstack-protector-strong -Wp,-D__USE_MINGW_ANSI_STDIO=1 -O3 -march=nocona -msahf -mtune=generic -O2 -pipe -Wp,-D_FORTIFY_SOURCE=2 -fstack-protector-strong -Wp,-D__USE_MINGW_ANSI_STDIO=1 -O3 -shared -Wl,--enable-auto-image-base -s build/temp.mingw_x86_64_ucrt_gnu-cpython-312/src/archive_r_py.o D:/a/archive_r/archive_r/build/libarchive_r_core.a build/temp.mingw_x86_64_ucrt_gnu-cpython-312/src/archive_r.cp312-mingw_x86_64_ucrt_gnu.def -LD:/a/_temp/msys64/ucrt64/lib -larchive -lpython3.12 -o build/lib.mingw_x86_64_ucrt_gnu-cpython-312/archive_r.cp312-mingw_x86_64_ucrt_gnu.pyd
PF6 (MinGW) Windows Build & Test	Build and Test (MinGW)	2025-12-04T05:26:34.3791654Z copying build/lib.mingw_x86_64_ucrt_gnu-cpython-312/archive_r.cp312-mingw_x86_64_ucrt_gnu.pyd -> 
PF6 (MinGW) Windows Build & Test	Build and Test (MinGW)	2025-12-04T05:26:34.4273112Z [0;31mâ[0m Python binding build failed
PF6 (MinGW) Windows Build & Test	Build and Test (MinGW)	2025-12-04T05:26:34.4273908Z [1;33mâ [0m Python binding build had issues
PF6 (MinGW) Windows Build & Test	Build and Test (MinGW)	2025-12-04T05:26:34.4274421Z [0;34mâ¶[0m Packaging Python binding (wheel + sdist)...
PF6 (MinGW) Windows Build & Test	Build and Test (MinGW)	2025-12-04T05:26:34.8645988Z * Getting build dependencies for sdist...
PF6 (MinGW) Windows Build & Test	Build and Test (MinGW)	2025-12-04T05:26:35.1465532Z DEBUG: system_name=windows, os.name=nt, sys.platform=win32
PF6 (MinGW) Windows Build & Test	Build and Test (MinGW)	2025-12-04T05:26:35.1466410Z Using pre-built archive_r library: D:/a/archive_r/archive_r/build/libarchive_r_core.a
PF6 (MinGW) Windows Build & Test	Build and Test (MinGW)	2025-12-04T05:26:35.1607782Z running egg_info
PF6 (MinGW) Windows Build & Test	Build and Test (MinGW)	2025-12-04T05:26:35.1685392Z creating archive_r_python.egg-info
PF6 (MinGW) Windows Build & Test	Build and Test (MinGW)	2025-12-04T05:26:35.1688014Z writing archive_r_python.egg-info/PKG-INFO
PF6 (MinGW) Windows Build & Test	Build and Test (MinGW)	2025-12-04T05:26:35.1698211Z writing dependency_links to archive_r_python.egg-info/dependency_links.txt
PF6 (MinGW) Windows Build & Test	Build and Test (MinGW)	2025-12-04T05:26:35.1702498Z writing top-level names to archive_r_python.egg-info/top_level.txt
PF6 (MinGW) Windows Build & Test	Build and Test (MinGW)	2025-12-04T05:26:35.1705104Z writing manifest file 'archive_r_python.egg-info/SOURCES.txt'
PF6 (MinGW) Windows Build & Test	Build and Test (MinGW)	2025-12-04T05:26:35.1847925Z reading manifest file 'archive_r_python.egg-info/SOURCES.txt'
PF6 (MinGW) Windows Build & Test	Build and Test (MinGW)	2025-12-04T05:26:35.1853360Z reading manifest template 'MANIFEST.in'
PF6 (MinGW) Windows Build & Test	Build and Test (MinGW)	2025-12-04T05:26:35.1867807Z warning: no files found matching '*.h' under directory 'src'
PF6 (MinGW) Windows Build & Test	Build and Test (MinGW)	2025-12-04T05:26:35.1902992Z adding license file 'LICENSE.txt'
PF6 (MinGW) Windows Build & Test	Build and Test (MinGW)	2025-12-04T05:26:35.1921647Z writing manifest file 'archive_r_python.egg-info/SOURCES.txt'
PF6 (MinGW) Windows Build & Test	Build and Test (MinGW)	2025-12-04T05:26:35.2790540Z * Building sdist...
PF6 (MinGW) Windows Build & Test	Build and Test (MinGW)	2025-12-04T05:26:35.5402776Z DEBUG: system_name=windows, os.name=nt, sys.platform=win32
PF6 (MinGW) Windows Build & Test	Build and Test (MinGW)	2025-12-04T05:26:35.5403367Z Using pre-built archive_r library: D:/a/archive_r/archive_r/build/libarchive_r_core.a
PF6 (MinGW) Windows Build & Test	Build and Test (MinGW)	2025-12-04T05:26:35.5496521Z running sdist
PF6 (MinGW) Windows Build & Test	Build and Test (MinGW)	2025-12-04T05:26:35.5499490Z running egg_info
PF6 (MinGW) Windows Build & Test	Build and Test (MinGW)	2025-12-04T05:26:35.5696133Z writing archive_r_python.egg-info/PKG-INFO
PF6 (MinGW) Windows Build & Test	Build and Test (MinGW)	2025-12-04T05:26:35.5708067Z writing dependency_links to archive_r_python.egg-info/dependency_links.txt
PF6 (MinGW) Windows Build & Test	Build and Test (MinGW)	2025-12-04T05:26:35.5712578Z writing top-level names to archive_r_python.egg-info/top_level.txt
PF6 (MinGW) Windows Build & Test	Build and Test (MinGW)	2025-12-04T05:26:35.5855015Z reading manifest file 'archive_r_python.egg-info/SOURCES.txt'
PF6 (MinGW) Windows Build & Test	Build and Test (MinGW)	2025-12-04T05:26:35.5875642Z reading manifest template 'MANIFEST.in'
PF6 (MinGW) Windows Build & Test	Build and Test (MinGW)	2025-12-04T05:26:35.5889972Z warning: no files found matching '*.h' under directory 'src'
PF6 (MinGW) Windows Build & Test	Build and Test (MinGW)	2025-12-04T05:26:35.5924664Z adding license file 'LICENSE.txt'
PF6 (MinGW) Windows Build & Test	Build and Test (MinGW)	2025-12-04T05:26:35.5947196Z writing manifest file 'archive_r_python.egg-info/SOURCES.txt'
PF6 (MinGW) Windows Build & Test	Build and Test (MinGW)	2025-12-04T05:26:35.5950613Z running check
PF6 (MinGW) Windows Build & Test	Build and Test (MinGW)	2025-12-04T05:26:35.6363314Z creating archive_r_python-0.1.2
PF6 (MinGW) Windows Build & Test	Build and Test (MinGW)	2025-12-04T05:26:35.6369817Z creating archive_r_python-0.1.2/_vendor/archive_r/include/archive_r
PF6 (MinGW) Windows Build & Test	Build and Test (MinGW)	2025-12-04T05:26:35.6374787Z creating archive_r_python-0.1.2/_vendor/archive_r/src
PF6 (MinGW) Windows Build & Test	Build and Test (MinGW)	2025-12-04T05:26:35.6377349Z creating archive_r_python-0.1.2/archive_r_python.egg-info
PF6 (MinGW) Windows Build & Test	Build and Test (MinGW)	2025-12-04T05:26:35.6379831Z creating archive_r_python-0.1.2/examples
PF6 (MinGW) Windows Build & Test	Build and Test (MinGW)	2025-12-04T05:26:35.6382456Z creating archive_r_python-0.1.2/src
PF6 (MinGW) Windows Build & Test	Build and Test (MinGW)	2025-12-04T05:26:35.6385019Z creating archive_r_python-0.1.2/test
PF6 (MinGW) Windows Build & Test	Build and Test (MinGW)	2025-12-04T05:26:35.6386736Z copying files to archive_r_python-0.1.2...
PF6 (MinGW) Windows Build & Test	Build and Test (MinGW)	2025-12-04T05:26:35.6388880Z copying LICENSE.txt -> archive_r_python-0.1.2
PF6 (MinGW) Windows Build & Test	Build and Test (MinGW)	2025-12-04T05:26:35.6394209Z copying MANIFEST.in -> archive_r_python-0.1.2
PF6 (MinGW) Windows Build & Test	Build and Test (MinGW)	2025-12-04T05:26:35.6400893Z copying README.md -> archive_r_python-0.1.2
PF6 (MinGW) Windows Build & Test	Build and Test (MinGW)	2025-12-04T05:26:35.6406666Z copying VERSION -> archive_r_python-0.1.2
PF6 (MinGW) Windows Build & Test	Build and Test (MinGW)	2025-12-04T05:26:35.6411262Z copying pyproject.toml -> archive_r_python-0.1.2
PF6 (MinGW) Windows Build & Test	Build and Test (MinGW)	2025-12-04T05:26:35.6415894Z copying setup.cfg -> archive_r_python-0.1.2
PF6 (MinGW) Windows Build & Test	Build and Test (MinGW)	2025-12-04T05:26:35.6420639Z copying setup.py -> archive_r_python-0.1.2
PF6 (MinGW) Windows Build & Test	Build and Test (MinGW)	2025-12-04T05:26:35.6425845Z copying _vendor/archive_r/include/archive_r/data_stream.h -> archive_r_python-0.1.2/_vendor/archive_r/include/archive_r
PF6 (MinGW) Windows Build & Test	Build and Test (MinGW)	2025-12-04T05:26:35.6430645Z copying _vendor/archive_r/include/archive_r/entry.h -> archive_r_python-0.1.2/_vendor/archive_r/include/archive_r
PF6 (MinGW) Windows Build & Test	Build and Test (MinGW)	2025-12-04T05:26:35.6435627Z copying _vendor/archive_r/include/archive_r/entry_fault.h -> archive_r_python-0.1.2/_vendor/archive_r/include/archive_r
PF6 (MinGW) Windows Build & Test	Build and Test (MinGW)	2025-12-04T05:26:35.6440461Z copying _vendor/archive_r/include/archive_r/entry_metadata.h -> archive_r_python-0.1.2/_vendor/archive_r/include/archive_r
PF6 (MinGW) Windows Build & Test	Build and Test (MinGW)	2025-12-04T05:26:35.6445675Z copying _vendor/archive_r/include/archive_r/multi_volume_stream_base.h -> archive_r_python-0.1.2/_vendor/archive_r/include/archive_r
PF6 (MinGW) Windows Build & Test	Build and Test (MinGW)	2025-12-04T05:26:35.6450668Z copying _vendor/archive_r/include/archive_r/path_hierarchy.h -> archive_r_python-0.1.2/_vendor/archive_r/include/archive_r
PF6 (MinGW) Windows Build & Test	Build and Test (MinGW)	2025-12-04T05:26:35.6457286Z copying _vendor/archive_r/include/archive_r/path_hierarchy_utils.h -> archive_r_python-0.1.2/_vendor/archive_r/include/archive_r
PF6 (MinGW) Windows Build & Test	Build and Test (MinGW)	2025-12-04T05:26:35.6462249Z copying _vendor/archive_r/include/archive_r/platform_compat.h -> archive_r_python-0.1.2/_vendor/archive_r/include/archive_r
PF6 (MinGW) Windows Build & Test	Build and Test (MinGW)	2025-12-04T05:26:35.6466841Z copying _vendor/archive_r/include/archive_r/traverser.h -> archive_r_python-0.1.2/_vendor/archive_r/include/archive_r
PF6 (MinGW) Windows Build & Test	Build and Test (MinGW)	2025-12-04T05:26:35.6471631Z copying _vendor/archive_r/src/archive_stack_cursor.cc -> archive_r_python-0.1.2/_vendor/archive_r/src
PF6 (MinGW) Windows Build & Test	Build and Test (MinGW)	2025-12-04T05:26:35.6476511Z copying _vendor/archive_r/src/archive_stack_cursor.h -> archive_r_python-0.1.2/_vendor/archive_r/src
PF6 (MinGW) Windows Build & Test	Build and Test (MinGW)	2025-12-04T05:26:35.6481353Z copying _vendor/archive_r/src/archive_stack_orchestrator.cc -> archive_r_python-0.1.2/_vendor/archive_r/src
PF6 (MinGW) Windows Build & Test	Build and Test (MinGW)	2025-12-04T05:26:35.6486190Z copying _vendor/archive_r/src/archive_stack_orchestrator.h -> archive_r_python-0.1.2/_vendor/archive_r/src
PF6 (MinGW) Windows Build & Test	Build and Test (MinGW)	2025-12-04T05:26:35.6492868Z copying _vendor/archive_r/src/archive_type.cc -> archive_r_python-0.1.2/_vendor/archive_r/src
PF6 (MinGW) Windows Build & Test	Build and Test (MinGW)	2025-12-04T05:26:35.6499274Z copying _vendor/archive_r/src/archive_type.h -> archive_r_python-0.1.2/_vendor/archive_r/src
PF6 (MinGW) Windows Build & Test	Build and Test (MinGW)	2025-12-04T05:26:35.6506009Z copying _vendor/archive_r/src/data_stream.cc -> archive_r_python-0.1.2/_vendor/archive_r/src
PF6 (MinGW) Windows Build & Test	Build and Test (MinGW)	2025-12-04T05:26:35.6510770Z copying _vendor/archive_r/src/entry.cc -> archive_r_python-0.1.2/_vendor/archive_r/src
PF6 (MinGW) Windows Build & Test	Build and Test (MinGW)	2025-12-04T05:26:35.6515682Z copying _vendor/archive_r/src/entry_fault.cc -> archive_r_python-0.1.2/_vendor/archive_r/src
PF6 (MinGW) Windows Build & Test	Build and Test (MinGW)	2025-12-04T05:26:35.6520500Z copying _vendor/archive_r/src/entry_fault_error.cc -> archive_r_python-0.1.2/_vendor/archive_r/src
PF6 (MinGW) Windows Build & Test	Build and Test (MinGW)	2025-12-04T05:26:35.6525363Z copying _vendor/archive_r/src/entry_fault_error.h -> archive_r_python-0.1.2/_vendor/archive_r/src
PF6 (MinGW) Windows Build & Test	Build and Test (MinGW)	2025-12-04T05:26:35.6530200Z copying _vendor/archive_r/src/entry_impl.h -> archive_r_python-0.1.2/_vendor/archive_r/src
PF6 (MinGW) Windows Build & Test	Build and Test (MinGW)	2025-12-04T05:26:35.6535026Z copying _vendor/archive_r/src/multi_volume_manager.cc -> archive_r_python-0.1.2/_vendor/archive_r/src
PF6 (MinGW) Windows Build & Test	Build and Test (MinGW)	2025-12-04T05:26:35.6539835Z copying _vendor/archive_r/src/multi_volume_manager.h -> archive_r_python-0.1.2/_vendor/archive_r/src
PF6 (MinGW) Windows Build & Test	Build and Test (MinGW)	2025-12-04T05:26:35.6545612Z copying _vendor/archive_r/src/multi_volume_stream_base.cc -> archive_r_python-0.1.2/_vendor/archive_r/src
PF6 (MinGW) Windows Build & Test	Build and Test (MinGW)	2025-12-04T05:26:35.6550740Z copying _vendor/archive_r/src/path_hierarchy.cc -> archive_r_python-0.1.2/_vendor/archive_r/src
PF6 (MinGW) Windows Build & Test	Build and Test (MinGW)	2025-12-04T05:26:35.6555535Z copying _vendor/archive_r/src/path_hierarchy_utils.cc -> archive_r_python-0.1.2/_vendor/archive_r/src
PF6 (MinGW) Windows Build & Test	Build and Test (MinGW)	2025-12-04T05:26:35.6560496Z copying _vendor/archive_r/src/simple_profiler.h -> archive_r_python-0.1.2/_vendor/archive_r/src
PF6 (MinGW) Windows Build & Test	Build and Test (MinGW)	2025-12-04T05:26:35.6565415Z copying _vendor/archive_r/src/system_file_stream.cc -> archive_r_python-0.1.2/_vendor/archive_r/src
PF6 (MinGW) Windows Build & Test	Build and Test (MinGW)	2025-12-04T05:26:35.6570272Z copying _vendor/archive_r/src/system_file_stream.h -> archive_r_python-0.1.2/_vendor/archive_r/src
PF6 (MinGW) Windows Build & Test	Build and Test (MinGW)	2025-12-04T05:26:35.6575055Z copying _vendor/archive_r/src/traverser.cc -> archive_r_python-0.1.2/_vendor/archive_r/src
PF6 (MinGW) Windows Build & Test	Build and Test (MinGW)	2025-12-04T05:26:35.6579904Z copying archive_r_python.egg-info/PKG-INFO -> archive_r_python-0.1.2/archive_r_python.egg-info
PF6 (MinGW) Windows Build & Test	Build and Test (MinGW)	2025-12-04T05:26:35.6585070Z copying archive_r_python.egg-info/SOURCES.txt -> archive_r_python-0.1.2/archive_r_python.egg-info
PF6 (MinGW) Windows Build & Test	Build and Test (MinGW)	2025-12-04T05:26:35.6589838Z copying archive_r_python.egg-info/dependency_links.txt -> archive_r_python-0.1.2/archive_r_python.egg-info
PF6 (MinGW) Windows Build & Test	Build and Test (MinGW)	2025-12-04T05:26:35.6594410Z copying archive_r_python.egg-info/not-zip-safe -> archive_r_python-0.1.2/archive_r_python.egg-info
PF6 (MinGW) Windows Build & Test	Build and Test (MinGW)	2025-12-04T05:26:35.6599002Z copying archive_r_python.egg-info/top_level.txt -> archive_r_python-0.1.2/archive_r_python.egg-info
PF6 (MinGW) Windows Build & Test	Build and Test (MinGW)	2025-12-04T05:26:35.6603501Z copying examples/traverse_archive.py -> archive_r_python-0.1.2/examples
PF6 (MinGW) Windows Build & Test	Build and Test (MinGW)	2025-12-04T05:26:35.6608363Z copying src/archive_r_py.cc -> archive_r_python-0.1.2/src
PF6 (MinGW) Windows Build & Test	Build and Test (MinGW)	2025-12-04T05:26:35.6613565Z copying test/test_traverser.py -> archive_r_python-0.1.2/test
PF6 (MinGW) Windows Build & Test	Build and Test (MinGW)	2025-12-04T05:26:35.6619486Z copying archive_r_python.egg-info/SOURCES.txt -> archive_r_python-0.1.2/archive_r_python.egg-info
PF6 (MinGW) Windows Build & Test	Build and Test (MinGW)	2025-12-04T05:26:35.6634589Z Writing archive_r_python-0.1.2/setup.cfg
PF6 (MinGW) Windows Build & Test	Build and Test (MinGW)	2025-12-04T05:26:35.6638935Z Creating tar archive
PF6 (MinGW) Windows Build & Test	Build and Test (MinGW)	2025-12-04T05:26:35.6904137Z removing 'archive_r_python-0.1.2' (and everything under it)
PF6 (MinGW) Windows Build & Test	Build and Test (MinGW)	2025-12-04T05:26:35.7278992Z * Getting build dependencies for wheel...
PF6 (MinGW) Windows Build & Test	Build and Test (MinGW)	2025-12-04T05:26:35.9952177Z DEBUG: system_name=windows, os.name=nt, sys.platform=win32
PF6 (MinGW) Windows Build & Test	Build and Test (MinGW)	2025-12-04T05:26:35.9952895Z Using pre-built archive_r library: D:/a/archive_r/archive_r/build/libarchive_r_core.a
PF6 (MinGW) Windows Build & Test	Build and Test (MinGW)	2025-12-04T05:26:36.0094937Z running egg_info
PF6 (MinGW) Windows Build & Test	Build and Test (MinGW)	2025-12-04T05:26:36.0179996Z writing archive_r_python.egg-info/PKG-INFO
PF6 (MinGW) Windows Build & Test	Build and Test (MinGW)	2025-12-04T05:26:36.0190382Z writing dependency_links to archive_r_python.egg-info/dependency_links.txt
PF6 (MinGW) Windows Build & Test	Build and Test (MinGW)	2025-12-04T05:26:36.0194991Z writing top-level names to archive_r_python.egg-info/top_level.txt
PF6 (MinGW) Windows Build & Test	Build and Test (MinGW)	2025-12-04T05:26:36.0340598Z reading manifest file 'archive_r_python.egg-info/SOURCES.txt'
PF6 (MinGW) Windows Build & Test	Build and Test (MinGW)	2025-12-04T05:26:36.0361079Z reading manifest template 'MANIFEST.in'
PF6 (MinGW) Windows Build & Test	Build and Test (MinGW)	2025-12-04T05:26:36.0375227Z warning: no files found matching '*.h' under directory 'src'
PF6 (MinGW) Windows Build & Test	Build and Test (MinGW)	2025-12-04T05:26:36.0410586Z adding license file 'LICENSE.txt'
PF6 (MinGW) Windows Build & Test	Build and Test (MinGW)	2025-12-04T05:26:36.0433668Z writing manifest file 'archive_r_python.egg-info/SOURCES.txt'
PF6 (MinGW) Windows Build & Test	Build and Test (MinGW)	2025-12-04T05:26:36.0863910Z * Building wheel...
PF6 (MinGW) Windows Build & Test	Build and Test (MinGW)	2025-12-04T05:26:36.3522809Z DEBUG: system_name=windows, os.name=nt, sys.platform=win32
PF6 (MinGW) Windows Build & Test	Build and Test (MinGW)	2025-12-04T05:26:36.3523538Z Using pre-built archive_r library: D:/a/archive_r/archive_r/build/libarchive_r_core.a
PF6 (MinGW) Windows Build & Test	Build and Test (MinGW)	2025-12-04T05:26:36.3661790Z running bdist_wheel
PF6 (MinGW) Windows Build & Test	Build and Test (MinGW)	2025-12-04T05:26:36.3948948Z running build
PF6 (MinGW) Windows Build & Test	Build and Test (MinGW)	2025-12-04T05:26:36.3949312Z running build_ext
PF6 (MinGW) Windows Build & Test	Build and Test (MinGW)	2025-12-04T05:26:36.4065399Z building 'archive_r' extension
PF6 (MinGW) Windows Build & Test	Build and Test (MinGW)	2025-12-04T05:26:36.4070616Z creating build/temp.mingw_x86_64_ucrt_gnu-cpython-312/src
PF6 (MinGW) Windows Build & Test	Build and Test (MinGW)	2025-12-04T05:26:36.4077427Z g++ -fno-strict-overflow -Wsign-compare -DNDEBUG -g -O3 -Wall -march=nocona -msahf -mtune=generic -O2 -pipe -Wp,-D_FORTIFY_SOURCE=2 -fstack-protector-strong -Wp,-D__USE_MINGW_ANSI_STDIO=1 -O3 -march=nocona -msahf -mtune=generic -O2 -pipe -Wp,-D_FORTIFY_SOURCE=2 -fstack-protector-strong -Wp,-D__USE_MINGW_ANSI_STDIO=1 -O3 -DARCHIVE_R_VERSION=\"0.1.2\" -ID:/a/_temp/msys64/ucrt64/lib/python3.12/site-packages/pybind11/include -ID:/a/archive_r/archive_r/include -ID:/a/archive_r/archive_r/src -ID:/a/_temp/msys64/ucrt64/include/python3.12 -c src/archive_r_py.cc -o build/temp.mingw_x86_64_ucrt_gnu-cpython-312/src/archive_r_py.o -std=c++17 -fvisibility=hidden
PF6 (MinGW) Windows Build & Test	Build and Test (MinGW)	2025-12-04T05:27:02.4437756Z writing build/temp.mingw_x86_64_ucrt_gnu-cpython-312/src/archive_r.cp312-mingw_x86_64_ucrt_gnu.def
PF6 (MinGW) Windows Build & Test	Build and Test (MinGW)	2025-12-04T05:27:02.4442273Z creating build/lib.mingw_x86_64_ucrt_gnu-cpython-312
PF6 (MinGW) Windows Build & Test	Build and Test (MinGW)	2025-12-04T05:27:02.4447235Z g++ -fno-strict-overflow -Wsign-compare -DNDEBUG -g -O3 -Wall -march=nocona -msahf -mtune=generic -O2 -pipe -Wp,-D_FORTIFY_SOURCE=2 -fstack-protector-strong -Wp,-D__USE_MINGW_ANSI_STDIO=1 -O3 -march=nocona -msahf -mtune=generic -O2 -pipe -Wp,-D_FORTIFY_SOURCE=2 -fstack-protector-strong -Wp,-D__USE_MINGW_ANSI_STDIO=1 -O3 -shared -Wl,--enable-auto-image-base -s build/temp.mingw_x86_64_ucrt_gnu-cpython-312/src/archive_r_py.o D:/a/archive_r/archive_r/build/libarchive_r_core.a build/temp.mingw_x86_64_ucrt_gnu-cpython-312/src/archive_r.cp312-mingw_x86_64_ucrt_gnu.def -LD:/a/_temp/msys64/ucrt64/lib -larchive -lpython3.12 -o build/lib.mingw_x86_64_ucrt_gnu-cpython-312/archive_r.cp312-mingw_x86_64_ucrt_gnu.pyd
PF6 (MinGW) Windows Build & Test	Build and Test (MinGW)	2025-12-04T05:27:02.5789284Z installing to build/bdist.mingw_x86_64_ucrt_gnu/wheel
PF6 (MinGW) Windows Build & Test	Build and Test (MinGW)	2025-12-04T05:27:02.5789797Z running install
PF6 (MinGW) Windows Build & Test	Build and Test (MinGW)	2025-12-04T05:27:02.5902417Z running install_lib
PF6 (MinGW) Windows Build & Test	Build and Test (MinGW)	2025-12-04T05:27:02.5982198Z creating build/bdist.mingw_x86_64_ucrt_gnu/wheel
PF6 (MinGW) Windows Build & Test	Build and Test (MinGW)	2025-12-04T05:27:02.5986389Z copying build/lib.mingw_x86_64_ucrt_gnu-cpython-312/archive_r.cp312-mingw_x86_64_ucrt_gnu.pyd -> build/bdist.mingw_x86_64_ucrt_gnu/wheel/.
PF6 (MinGW) Windows Build & Test	Build and Test (MinGW)	2025-12-04T05:27:02.5995006Z running install_egg_info
PF6 (MinGW) Windows Build & Test	Build and Test (MinGW)	2025-12-04T05:27:02.6079333Z running egg_info
PF6 (MinGW) Windows Build & Test	Build and Test (MinGW)	2025-12-04T05:27:02.6146168Z writing archive_r_python.egg-info/PKG-INFO
PF6 (MinGW) Windows Build & Test	Build and Test (MinGW)	2025-12-04T05:27:02.6155995Z writing dependency_links to archive_r_python.egg-info/dependency_links.txt
PF6 (MinGW) Windows Build & Test	Build and Test (MinGW)	2025-12-04T05:27:02.6160494Z writing top-level names to archive_r_python.egg-info/top_level.txt
PF6 (MinGW) Windows Build & Test	Build and Test (MinGW)	2025-12-04T05:27:02.6240136Z reading manifest file 'archive_r_python.egg-info/SOURCES.txt'
PF6 (MinGW) Windows Build & Test	Build and Test (MinGW)	2025-12-04T05:27:02.6260411Z reading manifest template 'MANIFEST.in'
PF6 (MinGW) Windows Build & Test	Build and Test (MinGW)	2025-12-04T05:27:02.6274752Z warning: no files found matching '*.h' under directory 'src'
PF6 (MinGW) Windows Build & Test	Build and Test (MinGW)	2025-12-04T05:27:02.6309352Z adding license file 'LICENSE.txt'
PF6 (MinGW) Windows Build & Test	Build and Test (MinGW)	2025-12-04T05:27:02.6332459Z writing manifest file 'archive_r_python.egg-info/SOURCES.txt'
PF6 (MinGW) Windows Build & Test	Build and Test (MinGW)	2025-12-04T05:27:02.6336285Z Copying archive_r_python.egg-info to build/bdist.mingw_x86_64_ucrt_gnu/wheel/./archive_r_python-0.1.2-py3.12.egg-info
PF6 (MinGW) Windows Build & Test	Build and Test (MinGW)	2025-12-04T05:27:02.6361807Z running install_scripts
PF6 (MinGW) Windows Build & Test	Build and Test (MinGW)	2025-12-04T05:27:02.6393673Z creating build/bdist.mingw_x86_64_ucrt_gnu/wheel/archive_r_python-0.1.2.dist-info/WHEEL
PF6 (MinGW) Windows Build & Test	Build and Test (MinGW)	2025-12-04T05:27:02.6400820Z creating 'D:/a/archive_r/archive_r/build/bindings/python/dist/.tmp-6w1rf11z/archive_r_python-0.1.2-cp312-cp312-mingw_x86_64_ucrt_gnu.whl' and adding 'build/bdist.mingw_x86_64_ucrt_gnu/wheel' to it
PF6 (MinGW) Windows Build & Test	Build and Test (MinGW)	2025-12-04T05:27:02.6727182Z adding 'archive_r.cp312-mingw_x86_64_ucrt_gnu.pyd'
PF6 (MinGW) Windows Build & Test	Build and Test (MinGW)	2025-12-04T05:27:02.6739735Z adding 'archive_r_python-0.1.2.dist-info/licenses/LICENSE.txt'
PF6 (MinGW) Windows Build & Test	Build and Test (MinGW)	2025-12-04T05:27:02.6747188Z adding 'archive_r_python-0.1.2.dist-info/METADATA'
PF6 (MinGW) Windows Build & Test	Build and Test (MinGW)	2025-12-04T05:27:02.6749898Z adding 'archive_r_python-0.1.2.dist-info/WHEEL'
PF6 (MinGW) Windows Build & Test	Build and Test (MinGW)	2025-12-04T05:27:02.6752460Z adding 'archive_r_python-0.1.2.dist-info/top_level.txt'
PF6 (MinGW) Windows Build & Test	Build and Test (MinGW)	2025-12-04T05:27:02.6755092Z adding 'archive_r_python-0.1.2.dist-info/RECORD'
PF6 (MinGW) Windows Build & Test	Build and Test (MinGW)	2025-12-04T05:27:02.6757000Z removing build/bdist.mingw_x86_64_ucrt_gnu/wheel
PF6 (MinGW) Windows Build & Test	Build and Test (MinGW)	2025-12-04T05:27:02.7073310Z Successfully built archive_r_python-0.1.2.tar.gz and archive_r_python-0.1.2-cp312-cp312-mingw_x86_64_ucrt_gnu.whl
PF6 (MinGW) Windows Build & Test	Build and Test (MinGW)	2025-12-04T05:27:02.7614533Z [0;34mâ¶[0m Running twine check on built artifacts...
PF6 (MinGW) Windows Build & Test	Build and Test (MinGW)	2025-12-04T05:27:03.1604124Z Checking 
PF6 (MinGW) Windows Build & Test	Build and Test (MinGW)	2025-12-04T05:27:03.1604739Z D:/a/archive_r/archive_r/build/bindings/python/dist/archive_r_python-0.1.2-cp31
PF6 (MinGW) Windows Build & Test	Build and Test (MinGW)	2025-12-04T05:27:03.1644043Z 2-cp312-mingw_x86_64_ucrt_gnu.whl: PASSED
PF6 (MinGW) Windows Build & Test	Build and Test (MinGW)	2025-12-04T05:27:03.1647468Z Checking 
PF6 (MinGW) Windows Build & Test	Build and Test (MinGW)	2025-12-04T05:27:03.1648009Z D:/a/archive_r/archive_r/build/bindings/python/dist/archive_r_python-0.1.2.tar.
PF6 (MinGW) Windows Build & Test	Build and Test (MinGW)	2025-12-04T05:27:03.1738321Z gz: PASSED
PF6 (MinGW) Windows Build & Test	Build and Test (MinGW)	2025-12-04T05:27:03.2150418Z [0;34mâ¶[0m Verifying Python wheel inside temporary virtual environment...
PF6 (MinGW) Windows Build & Test	Build and Test (MinGW)	2025-12-04T05:27:07.2355899Z Requirement already satisfied: pip in d:/a/archive_r/archive_r/build/bindings/python/package_test_env/lib/python3.12/site-packages (25.0.1)
PF6 (MinGW) Windows Build & Test	Build and Test (MinGW)	2025-12-04T05:27:07.3331101Z Collecting pip
PF6 (MinGW) Windows Build & Test	Build and Test (MinGW)	2025-12-04T05:27:07.3588327Z   Downloading pip-25.3-py3-none-any.whl.metadata (4.7 kB)
PF6 (MinGW) Windows Build & Test	Build and Test (MinGW)	2025-12-04T05:27:07.3855021Z Downloading pip-25.3-py3-none-any.whl (1.8 MB)
PF6 (MinGW) Windows Build & Test	Build and Test (MinGW)	2025-12-04T05:27:07.4430537Z    ---------------------------------------- 1.8/1.8 MB 32.3 MB/s eta 0:00:00
PF6 (MinGW) Windows Build & Test	Build and Test (MinGW)	2025-12-04T05:27:07.5607822Z 
PF6 (MinGW) Windows Build & Test	Build and Test (MinGW)	2025-12-04T05:27:07.5610133Z [notice] A new release of pip is available: 25.0.1 -> 25.3
PF6 (MinGW) Windows Build & Test	Build and Test (MinGW)	2025-12-04T05:27:07.5611182Z [notice] To update, run: D:/a/archive_r/archive_r/build/bindings/python/package_test_env/bin/python3.exe -m pip install --upgrade pip
PF6 (MinGW) Windows Build & Test	Build and Test (MinGW)	2025-12-04T05:27:07.5618197Z ERROR: To modify pip, please run the following command:
PF6 (MinGW) Windows Build & Test	Build and Test (MinGW)	2025-12-04T05:27:07.5618939Z D:/a/archive_r/archive_r/build/bindings/python/package_test_env/bin/python3.exe -m pip install --upgrade pip
PF6 (MinGW) Windows Build & Test	Build and Test (MinGW)	2025-12-04T05:27:08.1880809Z Processing d:/a/archive_r/archive_r/build/bindings/python/dist/archive_r_python-0.1.2-cp312-cp312-mingw_x86_64_ucrt_gnu.whl
PF6 (MinGW) Windows Build & Test	Build and Test (MinGW)	2025-12-04T05:27:08.2149979Z Installing collected packages: archive-r-python
PF6 (MinGW) Windows Build & Test	Build and Test (MinGW)	2025-12-04T05:27:08.2279619Z Successfully installed archive-r-python-0.1.2
PF6 (MinGW) Windows Build & Test	Build and Test (MinGW)	2025-12-04T05:27:08.2433766Z 
PF6 (MinGW) Windows Build & Test	Build and Test (MinGW)	2025-12-04T05:27:08.2436285Z [notice] A new release of pip is available: 25.0.1 -> 25.3
PF6 (MinGW) Windows Build & Test	Build and Test (MinGW)	2025-12-04T05:27:08.2437486Z [notice] To update, run: D:/a/archive_r/archive_r/build/bindings/python/package_test_env/bin/python3.exe -m pip install --upgrade pip
PF6 (MinGW) Windows Build & Test	Build and Test (MinGW)	2025-12-04T05:27:08.4584879Z .............................
PF6 (MinGW) Windows Build & Test	Build and Test (MinGW)	2025-12-04T05:27:08.4585375Z ----------------------------------------------------------------------
PF6 (MinGW) Windows Build & Test	Build and Test (MinGW)	2025-12-04T05:27:08.4585724Z Ran 29 tests in 0.042s
PF6 (MinGW) Windows Build & Test	Build and Test (MinGW)	2025-12-04T05:27:08.4585864Z 
PF6 (MinGW) Windows Build & Test	Build and Test (MinGW)	2025-12-04T05:27:08.4586011Z OK
PF6 (MinGW) Windows Build & Test	Build and Test (MinGW)	2025-12-04T05:27:08.4743071Z [0;32mâ[0m Python wheel installation verified (/d/a/archive_r/archive_r/build/bindings/python/package_test_env)
PF6 (MinGW) Windows Build & Test	Build and Test (MinGW)	2025-12-04T05:27:08.4745866Z [0;32mâ[0m Python packages built and verified: /d/a/archive_r/archive_r/build/bindings/python/dist
PF6 (MinGW) Windows Build & Test	Build and Test (MinGW)	2025-12-04T05:27:08.4746545Z 
PF6 (MinGW) Windows Build & Test	Build and Test (MinGW)	2025-12-04T05:27:08.4746882Z [0;32mâ[0m Build process completed!
PF6 (MinGW) Windows Build & Test	Build and Test (MinGW)	2025-12-04T05:27:08.5592872Z Windows Subsystem for Linux has no installed distributions.
PF6 (MinGW) Windows Build & Test	Build and Test (MinGW)	2025-12-04T05:27:08.5593318Z 
PF6 (MinGW) Windows Build & Test	Build and Test (MinGW)	2025-12-04T05:27:08.5593597Z Distributions can be installed by visiting the Microsoft Store:
PF6 (MinGW) Windows Build & Test	Build and Test (MinGW)	2025-12-04T05:27:08.5594057Z 
PF6 (MinGW) Windows Build & Test	Build and Test (MinGW)	2025-12-04T05:27:08.5594211Z https://aka.ms/wslstore
PF6 (MinGW) Windows Build & Test	Build and Test (MinGW)	2025-12-04T05:27:08.5595075Z 
PF6 (MinGW) Windows Build & Test	Build and Test (MinGW)	2025-12-04T05:27:08.5722535Z ##[error]Process completed with exit code 1.
PF6 (MinGW) Windows Build & Test	Upload PF6 artifacts	ï»¿2025-12-04T05:27:08.5941664Z ##[group]Run actions/upload-artifact@v4
PF6 (MinGW) Windows Build & Test	Upload PF6 artifacts	2025-12-04T05:27:08.5942075Z with:
PF6 (MinGW) Windows Build & Test	Upload PF6 artifacts	2025-12-04T05:27:08.5942368Z   name: archive-r-pf6-d78a10f76fe8482fd728cbb90a9b7858a2dc79d4
PF6 (MinGW) Windows Build & Test	Upload PF6 artifacts	2025-12-04T05:27:08.5942894Z   path: build/bindings/python/dist/*.whl
PF6 (MinGW) Windows Build & Test	Upload PF6 artifacts	build/bindings/ruby/*.gem
PF6 (MinGW) Windows Build & Test	Upload PF6 artifacts	build/logs/**/*.log
PF6 (MinGW) Windows Build & Test	Upload PF6 artifacts	
PF6 (MinGW) Windows Build & Test	Upload PF6 artifacts	2025-12-04T05:27:08.5943334Z   if-no-files-found: ignore
PF6 (MinGW) Windows Build & Test	Upload PF6 artifacts	2025-12-04T05:27:08.5943564Z   retention-days: 7
PF6 (MinGW) Windows Build & Test	Upload PF6 artifacts	2025-12-04T05:27:08.5943770Z   compression-level: 6
PF6 (MinGW) Windows Build & Test	Upload PF6 artifacts	2025-12-04T05:27:08.5944008Z   overwrite: false
PF6 (MinGW) Windows Build & Test	Upload PF6 artifacts	2025-12-04T05:27:08.5944234Z   include-hidden-files: false
PF6 (MinGW) Windows Build & Test	Upload PF6 artifacts	2025-12-04T05:27:08.5944454Z env:
PF6 (MinGW) Windows Build & Test	Upload PF6 artifacts	2025-12-04T05:27:08.5944648Z   MSYSTEM: UCRT64
PF6 (MinGW) Windows Build & Test	Upload PF6 artifacts	2025-12-04T05:27:08.5944866Z ##[endgroup]
PF6 (MinGW) Windows Build & Test	Upload PF6 artifacts	2025-12-04T05:27:08.8819951Z Multiple search paths detected. Calculating the least common ancestor of all paths
PF6 (MinGW) Windows Build & Test	Upload PF6 artifacts	2025-12-04T05:27:08.8825757Z The least common ancestor is D:\a\archive_r\archive_r\build. This will be the root directory of the artifact
PF6 (MinGW) Windows Build & Test	Upload PF6 artifacts	2025-12-04T05:27:08.8826703Z With the provided path, there will be 2 files uploaded
PF6 (MinGW) Windows Build & Test	Upload PF6 artifacts	2025-12-04T05:27:08.8832757Z Artifact name is valid!
PF6 (MinGW) Windows Build & Test	Upload PF6 artifacts	2025-12-04T05:27:08.8836636Z Root directory input is valid!
PF6 (MinGW) Windows Build & Test	Upload PF6 artifacts	2025-12-04T05:27:09.0271766Z Beginning upload of artifact content to blob storage
PF6 (MinGW) Windows Build & Test	Upload PF6 artifacts	2025-12-04T05:27:09.1408477Z Uploaded bytes 298052
PF6 (MinGW) Windows Build & Test	Upload PF6 artifacts	2025-12-04T05:27:09.1623143Z Finished uploading artifact content to blob storage!
PF6 (MinGW) Windows Build & Test	Upload PF6 artifacts	2025-12-04T05:27:09.1627351Z SHA256 digest of uploaded artifact zip is eb16e588af7f7586d4825821ff999a105245131fdf06477cb600a360ecfd2c92
PF6 (MinGW) Windows Build & Test	Upload PF6 artifacts	2025-12-04T05:27:09.1629806Z Finalizing artifact upload
PF6 (MinGW) Windows Build & Test	Upload PF6 artifacts	2025-12-04T05:27:09.2515209Z Artifact archive-r-pf6-d78a10f76fe8482fd728cbb90a9b7858a2dc79d4.zip successfully finalized. Artifact ID 4760182562
PF6 (MinGW) Windows Build & Test	Upload PF6 artifacts	2025-12-04T05:27:09.2516451Z Artifact archive-r-pf6-d78a10f76fe8482fd728cbb90a9b7858a2dc79d4 has been successfully uploaded! Final size is 298052 bytes. Artifact ID is 4760182562
PF6 (MinGW) Windows Build & Test	Upload PF6 artifacts	2025-12-04T05:27:09.2526624Z Artifact download URL: https://github.com/Raizo-TCS/archive_r/actions/runs/19918549118/artifacts/4760182562
PF6 (MinGW) Windows Build & Test	Post Checkout repository	ï»¿2025-12-04T05:27:09.2800680Z Post job cleanup.
PF6 (MinGW) Windows Build & Test	Post Checkout repository	2025-12-04T05:27:09.4975500Z [command]"C:\Program Files\Git\bin\git.exe" version
PF6 (MinGW) Windows Build & Test	Post Checkout repository	2025-12-04T05:27:09.5185523Z git version 2.52.0.windows.1
PF6 (MinGW) Windows Build & Test	Post Checkout repository	2025-12-04T05:27:09.5248857Z Temporarily overriding HOME='D:\a\_temp\76a57d6d-4567-4909-b7fa-48037841502f' before making global git config changes
PF6 (MinGW) Windows Build & Test	Post Checkout repository	2025-12-04T05:27:09.5249517Z Adding repository directory to the temporary git global config as a safe directory
PF6 (MinGW) Windows Build & Test	Post Checkout repository	2025-12-04T05:27:09.5259621Z [command]"C:\Program Files\Git\bin\git.exe" config --global --add safe.directory D:\a\archive_r\archive_r
PF6 (MinGW) Windows Build & Test	Post Checkout repository	2025-12-04T05:27:09.5485679Z [command]"C:\Program Files\Git\bin\git.exe" config --local --name-only --get-regexp core\.sshCommand
PF6 (MinGW) Windows Build & Test	Post Checkout repository	2025-12-04T05:27:09.5706796Z [command]"C:\Program Files\Git\bin\git.exe" submodule foreach --recursive "sh -c \"git config --local --name-only --get-regexp 'core\.sshCommand' && git config --local --unset-all 'core.sshCommand' || :\""
PF6 (MinGW) Windows Build & Test	Post Checkout repository	2025-12-04T05:27:09.9878247Z [command]"C:\Program Files\Git\bin\git.exe" config --local --name-only --get-regexp http\.https\:\/\/github\.com\/\.extraheader
PF6 (MinGW) Windows Build & Test	Post Checkout repository	2025-12-04T05:27:10.0082989Z http.https://github.com/.extraheader
PF6 (MinGW) Windows Build & Test	Post Checkout repository	2025-12-04T05:27:10.0117282Z [command]"C:\Program Files\Git\bin\git.exe" config --local --unset-all http.https://github.com/.extraheader
PF6 (MinGW) Windows Build & Test	Post Checkout repository	2025-12-04T05:27:10.0339477Z [command]"C:\Program Files\Git\bin\git.exe" submodule foreach --recursive "sh -c \"git config --local --name-only --get-regexp 'http\.https\:\/\/github\.com\/\.extraheader' && git config --local --unset-all 'http.https://github.com/.extraheader' || :\""
PF6 (MinGW) Windows Build & Test	Post Checkout repository	2025-12-04T05:27:10.4387914Z [command]"C:\Program Files\Git\bin\git.exe" config --local --name-only --get-regexp ^includeIf\.gitdir:
PF6 (MinGW) Windows Build & Test	Post Checkout repository	2025-12-04T05:27:10.4619325Z [command]"C:\Program Files\Git\bin\git.exe" submodule foreach --recursive "git config --local --show-origin --name-only --get-regexp remote.origin.url"
PF6 (MinGW) Windows Build & Test	Complete job	ï»¿2025-12-04T05:27:10.9258366Z Cleaning up orphan processes
