build-windows-wheels (3.12)	Set up job	ï»¿2025-12-03T09:55:10.2593268Z Current runner version: '2.329.0'
build-windows-wheels (3.12)	Set up job	2025-12-03T09:55:10.2638640Z ##[group]Runner Image Provisioner
build-windows-wheels (3.12)	Set up job	2025-12-03T09:55:10.2639348Z Hosted Compute Agent
build-windows-wheels (3.12)	Set up job	2025-12-03T09:55:10.2639860Z Version: 20251016.436
build-windows-wheels (3.12)	Set up job	2025-12-03T09:55:10.2640374Z Commit: 8ab8ac8bfd662a3739dab9fe09456aba92132568
build-windows-wheels (3.12)	Set up job	2025-12-03T09:55:10.2641004Z Build Date: 2025-10-15T20:44:12Z
build-windows-wheels (3.12)	Set up job	2025-12-03T09:55:10.2641505Z ##[endgroup]
build-windows-wheels (3.12)	Set up job	2025-12-03T09:55:10.2641976Z ##[group]Operating System
build-windows-wheels (3.12)	Set up job	2025-12-03T09:55:10.2642491Z Microsoft Windows Server 2022
build-windows-wheels (3.12)	Set up job	2025-12-03T09:55:10.2642980Z 10.0.20348
build-windows-wheels (3.12)	Set up job	2025-12-03T09:55:10.2643409Z Datacenter
build-windows-wheels (3.12)	Set up job	2025-12-03T09:55:10.2643783Z ##[endgroup]
build-windows-wheels (3.12)	Set up job	2025-12-03T09:55:10.2644206Z ##[group]Runner Image
build-windows-wheels (3.12)	Set up job	2025-12-03T09:55:10.2644662Z Image: windows-2022
build-windows-wheels (3.12)	Set up job	2025-12-03T09:55:10.2645106Z Version: 20251102.87.1
build-windows-wheels (3.12)	Set up job	2025-12-03T09:55:10.2646009Z Included Software: https://github.com/actions/runner-images/blob/win22/20251102.87/images/windows/Windows2022-Readme.md
build-windows-wheels (3.12)	Set up job	2025-12-03T09:55:10.2647292Z Image Release: https://github.com/actions/runner-images/releases/tag/win22%2F20251102.87
build-windows-wheels (3.12)	Set up job	2025-12-03T09:55:10.2648512Z ##[endgroup]
build-windows-wheels (3.12)	Set up job	2025-12-03T09:55:10.2649413Z ##[group]GITHUB_TOKEN Permissions
build-windows-wheels (3.12)	Set up job	2025-12-03T09:55:10.2651535Z Contents: read
build-windows-wheels (3.12)	Set up job	2025-12-03T09:55:10.2652062Z Metadata: read
build-windows-wheels (3.12)	Set up job	2025-12-03T09:55:10.2652493Z ##[endgroup]
build-windows-wheels (3.12)	Set up job	2025-12-03T09:55:10.2654454Z Secret source: Actions
build-windows-wheels (3.12)	Set up job	2025-12-03T09:55:10.2655084Z Prepare workflow directory
build-windows-wheels (3.12)	Set up job	2025-12-03T09:55:10.2969174Z Prepare all required actions
build-windows-wheels (3.12)	Set up job	2025-12-03T09:55:10.3023534Z Getting action download info
build-windows-wheels (3.12)	Set up job	2025-12-03T09:55:10.7064846Z Download action repository 'actions/checkout@v4' (SHA:34e114876b0b11c390a56381ad16ebd13914f8d5)
build-windows-wheels (3.12)	Set up job	2025-12-03T09:55:11.4346263Z Download action repository 'actions/setup-python@v5' (SHA:a26af69be951a213d495a4c3e4e4022e16d87065)
build-windows-wheels (3.12)	Set up job	2025-12-03T09:55:11.5662557Z Download action repository 'actions/upload-artifact@v4' (SHA:ea165f8d65b6e75b540449e92b4886f43607fa02)
build-windows-wheels (3.12)	Set up job	2025-12-03T09:55:11.8886595Z Complete job name: build-windows-wheels (3.12)
build-windows-wheels (3.12)	Checkout repository	ï»¿2025-12-03T09:55:12.0579925Z ##[group]Run actions/checkout@v4
build-windows-wheels (3.12)	Checkout repository	2025-12-03T09:55:12.0581392Z with:
build-windows-wheels (3.12)	Checkout repository	2025-12-03T09:55:12.0582139Z   repository: Raizo-TCS/archive_r
build-windows-wheels (3.12)	Checkout repository	2025-12-03T09:55:12.0583321Z   token: ***
build-windows-wheels (3.12)	Checkout repository	2025-12-03T09:55:12.0584063Z   ssh-strict: true
build-windows-wheels (3.12)	Checkout repository	2025-12-03T09:55:12.0584819Z   ssh-user: git
build-windows-wheels (3.12)	Checkout repository	2025-12-03T09:55:12.0585593Z   persist-credentials: true
build-windows-wheels (3.12)	Checkout repository	2025-12-03T09:55:12.0586446Z   clean: true
build-windows-wheels (3.12)	Checkout repository	2025-12-03T09:55:12.0587226Z   sparse-checkout-cone-mode: true
build-windows-wheels (3.12)	Checkout repository	2025-12-03T09:55:12.0588141Z   fetch-depth: 1
build-windows-wheels (3.12)	Checkout repository	2025-12-03T09:55:12.0588888Z   fetch-tags: false
build-windows-wheels (3.12)	Checkout repository	2025-12-03T09:55:12.0589662Z   show-progress: true
build-windows-wheels (3.12)	Checkout repository	2025-12-03T09:55:12.0590427Z   lfs: false
build-windows-wheels (3.12)	Checkout repository	2025-12-03T09:55:12.0591133Z   submodules: false
build-windows-wheels (3.12)	Checkout repository	2025-12-03T09:55:12.0591911Z   set-safe-directory: true
build-windows-wheels (3.12)	Checkout repository	2025-12-03T09:55:12.0592937Z ##[endgroup]
build-windows-wheels (3.12)	Checkout repository	2025-12-03T09:55:12.2204927Z Syncing repository: Raizo-TCS/archive_r
build-windows-wheels (3.12)	Checkout repository	2025-12-03T09:55:12.2207401Z ##[group]Getting Git version info
build-windows-wheels (3.12)	Checkout repository	2025-12-03T09:55:12.2208499Z Working directory is 'D:\a\archive_r\archive_r'
build-windows-wheels (3.12)	Checkout repository	2025-12-03T09:55:12.3224352Z [command]"C:\Program Files\Git\bin\git.exe" version
build-windows-wheels (3.12)	Checkout repository	2025-12-03T09:55:12.7345820Z git version 2.51.2.windows.1
build-windows-wheels (3.12)	Checkout repository	2025-12-03T09:55:12.7392900Z ##[endgroup]
build-windows-wheels (3.12)	Checkout repository	2025-12-03T09:55:12.7412850Z Temporarily overriding HOME='D:\a\_temp\75ee8bb1-1a97-4810-abed-1e692fd3e44f' before making global git config changes
build-windows-wheels (3.12)	Checkout repository	2025-12-03T09:55:12.7415189Z Adding repository directory to the temporary git global config as a safe directory
build-windows-wheels (3.12)	Checkout repository	2025-12-03T09:55:12.7423925Z [command]"C:\Program Files\Git\bin\git.exe" config --global --add safe.directory D:\a\archive_r\archive_r
build-windows-wheels (3.12)	Checkout repository	2025-12-03T09:55:12.7952501Z Deleting the contents of 'D:\a\archive_r\archive_r'
build-windows-wheels (3.12)	Checkout repository	2025-12-03T09:55:12.7958083Z ##[group]Initializing the repository
build-windows-wheels (3.12)	Checkout repository	2025-12-03T09:55:12.7966949Z [command]"C:\Program Files\Git\bin\git.exe" init D:\a\archive_r\archive_r
build-windows-wheels (3.12)	Checkout repository	2025-12-03T09:55:12.8600414Z Initialized empty Git repository in D:/a/archive_r/archive_r/.git/
build-windows-wheels (3.12)	Checkout repository	2025-12-03T09:55:12.8633617Z [command]"C:\Program Files\Git\bin\git.exe" remote add origin https://github.com/Raizo-TCS/archive_r
build-windows-wheels (3.12)	Checkout repository	2025-12-03T09:55:12.9127821Z ##[endgroup]
build-windows-wheels (3.12)	Checkout repository	2025-12-03T09:55:12.9129176Z ##[group]Disabling automatic garbage collection
build-windows-wheels (3.12)	Checkout repository	2025-12-03T09:55:12.9136423Z [command]"C:\Program Files\Git\bin\git.exe" config --local gc.auto 0
build-windows-wheels (3.12)	Checkout repository	2025-12-03T09:55:12.9359996Z ##[endgroup]
build-windows-wheels (3.12)	Checkout repository	2025-12-03T09:55:12.9361868Z ##[group]Setting up auth
build-windows-wheels (3.12)	Checkout repository	2025-12-03T09:55:12.9379081Z [command]"C:\Program Files\Git\bin\git.exe" config --local --name-only --get-regexp core\.sshCommand
build-windows-wheels (3.12)	Checkout repository	2025-12-03T09:55:12.9625121Z [command]"C:\Program Files\Git\bin\git.exe" submodule foreach --recursive "sh -c \"git config --local --name-only --get-regexp 'core\.sshCommand' && git config --local --unset-all 'core.sshCommand' || :\""
build-windows-wheels (3.12)	Checkout repository	2025-12-03T09:55:14.3136838Z [command]"C:\Program Files\Git\bin\git.exe" config --local --name-only --get-regexp http\.https\:\/\/github\.com\/\.extraheader
build-windows-wheels (3.12)	Checkout repository	2025-12-03T09:55:14.3358542Z [command]"C:\Program Files\Git\bin\git.exe" submodule foreach --recursive "sh -c \"git config --local --name-only --get-regexp 'http\.https\:\/\/github\.com\/\.extraheader' && git config --local --unset-all 'http.https://github.com/.extraheader' || :\""
build-windows-wheels (3.12)	Checkout repository	2025-12-03T09:55:14.7653869Z [command]"C:\Program Files\Git\bin\git.exe" config --local --name-only --get-regexp ^includeIf\.gitdir:
build-windows-wheels (3.12)	Checkout repository	2025-12-03T09:55:14.7899066Z [command]"C:\Program Files\Git\bin\git.exe" submodule foreach --recursive "git config --local --show-origin --name-only --get-regexp remote.origin.url"
build-windows-wheels (3.12)	Checkout repository	2025-12-03T09:55:15.2196743Z [command]"C:\Program Files\Git\bin\git.exe" config --local http.https://github.com/.extraheader "AUTHORIZATION: basic ***"
build-windows-wheels (3.12)	Checkout repository	2025-12-03T09:55:15.2435620Z ##[endgroup]
build-windows-wheels (3.12)	Checkout repository	2025-12-03T09:55:15.2436088Z ##[group]Fetching the repository
build-windows-wheels (3.12)	Checkout repository	2025-12-03T09:55:15.2454487Z [command]"C:\Program Files\Git\bin\git.exe" -c protocol.version=2 fetch --no-tags --prune --no-recurse-submodules --depth=1 origin +786d44cd9578fe1e0f263e5d80b89c8bb2013373:refs/remotes/pull/2/merge
build-windows-wheels (3.12)	Checkout repository	2025-12-03T09:55:16.5285224Z From https://github.com/Raizo-TCS/archive_r
build-windows-wheels (3.12)	Checkout repository	2025-12-03T09:55:16.5286117Z  * [new ref]         786d44cd9578fe1e0f263e5d80b89c8bb2013373 -> pull/2/merge
build-windows-wheels (3.12)	Checkout repository	2025-12-03T09:55:16.5557411Z ##[endgroup]
build-windows-wheels (3.12)	Checkout repository	2025-12-03T09:55:16.5557981Z ##[group]Determining the checkout info
build-windows-wheels (3.12)	Checkout repository	2025-12-03T09:55:16.5560433Z ##[endgroup]
build-windows-wheels (3.12)	Checkout repository	2025-12-03T09:55:16.5574477Z [command]"C:\Program Files\Git\bin\git.exe" sparse-checkout disable
build-windows-wheels (3.12)	Checkout repository	2025-12-03T09:55:16.5940143Z [command]"C:\Program Files\Git\bin\git.exe" config --local --unset-all extensions.worktreeConfig
build-windows-wheels (3.12)	Checkout repository	2025-12-03T09:55:16.6154302Z ##[group]Checking out the ref
build-windows-wheels (3.12)	Checkout repository	2025-12-03T09:55:16.6163116Z [command]"C:\Program Files\Git\bin\git.exe" checkout --progress --force refs/remotes/pull/2/merge
build-windows-wheels (3.12)	Checkout repository	2025-12-03T09:55:16.6885296Z Note: switching to 'refs/remotes/pull/2/merge'.
build-windows-wheels (3.12)	Checkout repository	2025-12-03T09:55:16.6885655Z 
build-windows-wheels (3.12)	Checkout repository	2025-12-03T09:55:16.6886122Z You are in 'detached HEAD' state. You can look around, make experimental
build-windows-wheels (3.12)	Checkout repository	2025-12-03T09:55:16.6886705Z changes and commit them, and you can discard any commits you make in this
build-windows-wheels (3.12)	Checkout repository	2025-12-03T09:55:16.6887124Z state without impacting any branches by switching back to a branch.
build-windows-wheels (3.12)	Checkout repository	2025-12-03T09:55:16.6887453Z 
build-windows-wheels (3.12)	Checkout repository	2025-12-03T09:55:16.6887617Z If you want to create a new branch to retain commits you create, you may
build-windows-wheels (3.12)	Checkout repository	2025-12-03T09:55:16.6888082Z do so (now or later) by using -c with the switch command. Example:
build-windows-wheels (3.12)	Checkout repository	2025-12-03T09:55:16.6888311Z 
build-windows-wheels (3.12)	Checkout repository	2025-12-03T09:55:16.6888444Z   git switch -c <new-branch-name>
build-windows-wheels (3.12)	Checkout repository	2025-12-03T09:55:16.6888606Z 
build-windows-wheels (3.12)	Checkout repository	2025-12-03T09:55:16.6888693Z Or undo this operation with:
build-windows-wheels (3.12)	Checkout repository	2025-12-03T09:55:16.6888880Z 
build-windows-wheels (3.12)	Checkout repository	2025-12-03T09:55:16.6888963Z   git switch -
build-windows-wheels (3.12)	Checkout repository	2025-12-03T09:55:16.6889084Z 
build-windows-wheels (3.12)	Checkout repository	2025-12-03T09:55:16.6889271Z Turn off this advice by setting config variable advice.detachedHead to false
build-windows-wheels (3.12)	Checkout repository	2025-12-03T09:55:16.6889542Z 
build-windows-wheels (3.12)	Checkout repository	2025-12-03T09:55:16.6889847Z HEAD is now at 786d44c Merge daf636abe24aabe724bdb64901a5809c14fff37c into def6b5a7e993ee929d6903771f283eb2ebe02e2b
build-windows-wheels (3.12)	Checkout repository	2025-12-03T09:55:16.6909187Z ##[endgroup]
build-windows-wheels (3.12)	Checkout repository	2025-12-03T09:55:16.7247635Z [command]"C:\Program Files\Git\bin\git.exe" log -1 --format=%H
build-windows-wheels (3.12)	Checkout repository	2025-12-03T09:55:16.7442014Z 786d44cd9578fe1e0f263e5d80b89c8bb2013373
build-windows-wheels (3.12)	Set up Python 3.12	ï»¿2025-12-03T09:55:16.7799029Z ##[group]Run actions/setup-python@v5
build-windows-wheels (3.12)	Set up Python 3.12	2025-12-03T09:55:16.7799370Z with:
build-windows-wheels (3.12)	Set up Python 3.12	2025-12-03T09:55:16.7799556Z   python-version: 3.12
build-windows-wheels (3.12)	Set up Python 3.12	2025-12-03T09:55:16.7799756Z   architecture: x64
build-windows-wheels (3.12)	Set up Python 3.12	2025-12-03T09:55:16.7799933Z   check-latest: false
build-windows-wheels (3.12)	Set up Python 3.12	2025-12-03T09:55:16.7800254Z   token: ***
build-windows-wheels (3.12)	Set up Python 3.12	2025-12-03T09:55:16.7800433Z   update-environment: true
build-windows-wheels (3.12)	Set up Python 3.12	2025-12-03T09:55:16.7800640Z   allow-prereleases: false
build-windows-wheels (3.12)	Set up Python 3.12	2025-12-03T09:55:16.7800827Z   freethreaded: false
build-windows-wheels (3.12)	Set up Python 3.12	2025-12-03T09:55:16.7801005Z ##[endgroup]
build-windows-wheels (3.12)	Set up Python 3.12	2025-12-03T09:55:17.0109588Z ##[group]Installed versions
build-windows-wheels (3.12)	Set up Python 3.12	2025-12-03T09:55:17.0405128Z Successfully set up CPython (3.12.10)
build-windows-wheels (3.12)	Set up Python 3.12	2025-12-03T09:55:17.0406832Z ##[endgroup]
build-windows-wheels (3.12)	Install libarchive via vcpkg	ï»¿2025-12-03T09:55:17.0657283Z ##[group]Run $ErrorActionPreference = 'Stop'
build-windows-wheels (3.12)	Install libarchive via vcpkg	2025-12-03T09:55:17.0657712Z [36;1m$ErrorActionPreference = 'Stop'[0m
build-windows-wheels (3.12)	Install libarchive via vcpkg	2025-12-03T09:55:17.0658016Z [36;1mif (-not $env:VCPKG_INSTALLATION_ROOT) {[0m
build-windows-wheels (3.12)	Install libarchive via vcpkg	2025-12-03T09:55:17.0658319Z [36;1m  $env:VCPKG_INSTALLATION_ROOT = 'C:\\vcpkg'[0m
build-windows-wheels (3.12)	Install libarchive via vcpkg	2025-12-03T09:55:17.0658570Z [36;1m}[0m
build-windows-wheels (3.12)	Install libarchive via vcpkg	2025-12-03T09:55:17.0658765Z [36;1mvcpkg integrate install[0m
build-windows-wheels (3.12)	Install libarchive via vcpkg	2025-12-03T09:55:17.0659019Z [36;1mvcpkg install libarchive:x64-windows[0m
build-windows-wheels (3.12)	Install libarchive via vcpkg	2025-12-03T09:55:17.0659385Z [36;1m$prefix = Join-Path $env:VCPKG_INSTALLATION_ROOT 'installed\x64-windows'[0m
build-windows-wheels (3.12)	Install libarchive via vcpkg	2025-12-03T09:55:17.0659746Z [36;1m$binPath = Join-Path $prefix 'bin'[0m
build-windows-wheels (3.12)	Install libarchive via vcpkg	2025-12-03T09:55:17.0660020Z [36;1m$includePath = Join-Path $prefix 'include'[0m
build-windows-wheels (3.12)	Install libarchive via vcpkg	2025-12-03T09:55:17.0719731Z [36;1m$libPath = Join-Path $prefix 'lib'[0m
build-windows-wheels (3.12)	Install libarchive via vcpkg	2025-12-03T09:55:17.0720134Z [36;1m$pkgConfigPath = Join-Path $libPath 'pkgconfig'[0m
build-windows-wheels (3.12)	Install libarchive via vcpkg	2025-12-03T09:55:17.0720620Z [36;1mAdd-Content -Path $env:GITHUB_ENV -Value "LIBARCHIVE_ROOT=$prefix" -Encoding utf8[0m
build-windows-wheels (3.12)	Install libarchive via vcpkg	2025-12-03T09:55:17.0721298Z [36;1mAdd-Content -Path $env:GITHUB_ENV -Value "CMAKE_PREFIX_PATH=$prefix" -Encoding utf8[0m
build-windows-wheels (3.12)	Install libarchive via vcpkg	2025-12-03T09:55:17.0722150Z [36;1mAdd-Content -Path $env:GITHUB_ENV -Value "CPPFLAGS=-I$includePath" -Encoding utf8[0m
build-windows-wheels (3.12)	Install libarchive via vcpkg	2025-12-03T09:55:17.0722952Z [36;1mAdd-Content -Path $env:GITHUB_ENV -Value "LDFLAGS=-L$libPath" -Encoding utf8[0m
build-windows-wheels (3.12)	Install libarchive via vcpkg	2025-12-03T09:55:17.0723780Z [36;1mAdd-Content -Path $env:GITHUB_ENV -Value "PKG_CONFIG_PATH=$pkgConfigPath" -Encoding utf8[0m
build-windows-wheels (3.12)	Install libarchive via vcpkg	2025-12-03T09:55:17.0724296Z [36;1mAdd-Content -Path $env:GITHUB_ENV -Value "PATH=$binPath;$env:PATH" -Encoding utf8[0m
build-windows-wheels (3.12)	Install libarchive via vcpkg	2025-12-03T09:55:17.0940859Z shell: C:\Program Files\PowerShell\7\pwsh.EXE -command ". '{0}'"
build-windows-wheels (3.12)	Install libarchive via vcpkg	2025-12-03T09:55:17.0941180Z env:
build-windows-wheels (3.12)	Install libarchive via vcpkg	2025-12-03T09:55:17.0941424Z   pythonLocation: C:\hostedtoolcache\windows\Python\3.12.10\x64
build-windows-wheels (3.12)	Install libarchive via vcpkg	2025-12-03T09:55:17.0941836Z   PKG_CONFIG_PATH: C:\hostedtoolcache\windows\Python\3.12.10\x64/lib/pkgconfig
build-windows-wheels (3.12)	Install libarchive via vcpkg	2025-12-03T09:55:17.0942233Z   Python_ROOT_DIR: C:\hostedtoolcache\windows\Python\3.12.10\x64
build-windows-wheels (3.12)	Install libarchive via vcpkg	2025-12-03T09:55:17.0942598Z   Python2_ROOT_DIR: C:\hostedtoolcache\windows\Python\3.12.10\x64
build-windows-wheels (3.12)	Install libarchive via vcpkg	2025-12-03T09:55:17.0942946Z   Python3_ROOT_DIR: C:\hostedtoolcache\windows\Python\3.12.10\x64
build-windows-wheels (3.12)	Install libarchive via vcpkg	2025-12-03T09:55:17.0943229Z ##[endgroup]
build-windows-wheels (3.12)	Install libarchive via vcpkg	2025-12-03T09:55:22.4055827Z Applied user-wide integration for this vcpkg root.
build-windows-wheels (3.12)	Install libarchive via vcpkg	2025-12-03T09:55:22.4056926Z CMake projects should use: "-DCMAKE_TOOLCHAIN_FILE=C:/vcpkg/scripts/buildsystems/vcpkg.cmake"
build-windows-wheels (3.12)	Install libarchive via vcpkg	2025-12-03T09:55:22.4057616Z 
build-windows-wheels (3.12)	Install libarchive via vcpkg	2025-12-03T09:55:22.4058608Z All MSBuild C++ projects can now #include any installed libraries. Linking will be handled automatically. Installing new libraries will make them instantly available.
build-windows-wheels (3.12)	Install libarchive via vcpkg	2025-12-03T09:55:22.7325720Z Computing installation plan...
build-windows-wheels (3.12)	Install libarchive via vcpkg	2025-12-03T09:55:23.6949085Z The following packages will be built and installed:
build-windows-wheels (3.12)	Install libarchive via vcpkg	2025-12-03T09:55:23.6949586Z   * bzip2[core,tool]:x64-windows@1.0.8#6
build-windows-wheels (3.12)	Install libarchive via vcpkg	2025-12-03T09:55:23.6950146Z     libarchive[bzip2,core,crypto,lz4,lzma,xar,zstd]:x64-windows@3.8.2
build-windows-wheels (3.12)	Install libarchive via vcpkg	2025-12-03T09:55:23.6950732Z   * liblzma:x64-windows@5.8.1
build-windows-wheels (3.12)	Install libarchive via vcpkg	2025-12-03T09:55:23.6951087Z   * lz4:x64-windows@1.10.0
build-windows-wheels (3.12)	Install libarchive via vcpkg	2025-12-03T09:55:23.6951661Z   * openssl:x64-windows@3.6.0#2
build-windows-wheels (3.12)	Install libarchive via vcpkg	2025-12-03T09:55:23.6952033Z   * vcpkg-cmake:x64-windows@2024-04-23
build-windows-wheels (3.12)	Install libarchive via vcpkg	2025-12-03T09:55:23.6952316Z   * vcpkg-cmake-config:x64-windows@2024-05-23
build-windows-wheels (3.12)	Install libarchive via vcpkg	2025-12-03T09:55:23.6952811Z   * vcpkg-cmake-get-vars:x64-windows@2025-05-29
build-windows-wheels (3.12)	Install libarchive via vcpkg	2025-12-03T09:55:23.6953063Z   * zlib:x64-windows@1.3.1
build-windows-wheels (3.12)	Install libarchive via vcpkg	2025-12-03T09:55:23.6953256Z   * zstd:x64-windows@1.5.7
build-windows-wheels (3.12)	Install libarchive via vcpkg	2025-12-03T09:55:23.6953543Z Additional packages (*) will be modified to complete this operation.
build-windows-wheels (3.12)	Install libarchive via vcpkg	2025-12-03T09:55:24.0265809Z Detecting compiler hash for triplet x64-windows...
build-windows-wheels (3.12)	Install libarchive via vcpkg	2025-12-03T09:55:24.1604977Z A suitable version of powershell-core was not found (required v7.5.3).
build-windows-wheels (3.12)	Install libarchive via vcpkg	2025-12-03T09:55:24.1605875Z Downloading https://github.com/PowerShell/PowerShell/releases/download/v7.5.3/PowerShell-7.5.3-win-x64.zip -> PowerShell-7.5.3-win-x64.zip
build-windows-wheels (3.12)	Install libarchive via vcpkg	2025-12-03T09:55:25.1353870Z Successfully downloaded PowerShell-7.5.3-win-x64.zip
build-windows-wheels (3.12)	Install libarchive via vcpkg	2025-12-03T09:55:25.1357524Z Extracting powershell-core...
build-windows-wheels (3.12)	Install libarchive via vcpkg	2025-12-03T09:55:38.9359888Z Compiler found: C:/Program Files/Microsoft Visual Studio/2022/Enterprise/VC/Tools/MSVC/14.44.35207/bin/Hostx64/x64/cl.exe
build-windows-wheels (3.12)	Install libarchive via vcpkg	2025-12-03T09:55:39.0228983Z Restored 0 package(s) from C:\Users\runneradmin\AppData\Local\vcpkg\archives in 204 us. Use --debug to see more details.
build-windows-wheels (3.12)	Install libarchive via vcpkg	2025-12-03T09:55:39.0229625Z Installing 1/10 vcpkg-cmake:x64-windows@2024-04-23...
build-windows-wheels (3.12)	Install libarchive via vcpkg	2025-12-03T09:55:39.0229939Z Building vcpkg-cmake:x64-windows@2024-04-23...
build-windows-wheels (3.12)	Install libarchive via vcpkg	2025-12-03T09:55:39.0548336Z -- Installing: C:/vcpkg/packages/vcpkg-cmake_x64-windows/share/vcpkg-cmake/vcpkg_cmake_configure.cmake
build-windows-wheels (3.12)	Install libarchive via vcpkg	2025-12-03T09:55:39.0558704Z -- Installing: C:/vcpkg/packages/vcpkg-cmake_x64-windows/share/vcpkg-cmake/vcpkg_cmake_build.cmake
build-windows-wheels (3.12)	Install libarchive via vcpkg	2025-12-03T09:55:39.0570381Z -- Installing: C:/vcpkg/packages/vcpkg-cmake_x64-windows/share/vcpkg-cmake/vcpkg_cmake_install.cmake
build-windows-wheels (3.12)	Install libarchive via vcpkg	2025-12-03T09:55:39.0601818Z -- Installing: C:/vcpkg/packages/vcpkg-cmake_x64-windows/share/vcpkg-cmake/vcpkg-port-config.cmake
build-windows-wheels (3.12)	Install libarchive via vcpkg	2025-12-03T09:55:39.0618016Z -- Installing: C:/vcpkg/packages/vcpkg-cmake_x64-windows/share/vcpkg-cmake/copyright
build-windows-wheels (3.12)	Install libarchive via vcpkg	2025-12-03T09:55:39.0766133Z -- Performing post-build validation
build-windows-wheels (3.12)	Install libarchive via vcpkg	2025-12-03T09:55:39.0866334Z Starting submission of vcpkg-cmake:x64-windows@2024-04-23 to 1 binary cache(s) in the background
build-windows-wheels (3.12)	Install libarchive via vcpkg	2025-12-03T09:55:39.0867102Z Elapsed time to handle vcpkg-cmake:x64-windows: 63.8 ms
build-windows-wheels (3.12)	Install libarchive via vcpkg	2025-12-03T09:55:39.0867624Z vcpkg-cmake:x64-windows package ABI: 9166f346df2b3177170e5afd71b0fc5b6e69700ab2aa359accfc507f0c4280b2
build-windows-wheels (3.12)	Install libarchive via vcpkg	2025-12-03T09:55:39.0868095Z Installing 2/10 bzip2[core,tool]:x64-windows@1.0.8#6...
build-windows-wheels (3.12)	Install libarchive via vcpkg	2025-12-03T09:55:39.0868391Z Building bzip2[core,tool]:x64-windows@1.0.8#6...
build-windows-wheels (3.12)	Install libarchive via vcpkg	2025-12-03T09:55:39.1324653Z Downloading bzip2-1.0.8.tar.gz, trying https://sourceware.org/pub/bzip2/bzip2-1.0.8.tar.gz
build-windows-wheels (3.12)	Install libarchive via vcpkg	2025-12-03T09:55:39.6484537Z Successfully downloaded bzip2-1.0.8.tar.gz
build-windows-wheels (3.12)	Install libarchive via vcpkg	2025-12-03T09:55:39.6610716Z -- Extracting source C:/vcpkg/downloads/bzip2-1.0.8.tar.gz
build-windows-wheels (3.12)	Install libarchive via vcpkg	2025-12-03T09:55:39.8288028Z -- Applying patch fix-import-export-macros.patch
build-windows-wheels (3.12)	Install libarchive via vcpkg	2025-12-03T09:55:39.8561377Z -- Using source at C:/vcpkg/buildtrees/bzip2/src/bzip2-1-336d4794a3.clean
build-windows-wheels (3.12)	Install libarchive via vcpkg	2025-12-03T09:55:39.8631066Z -- Configuring x64-windows
build-windows-wheels (3.12)	Install libarchive via vcpkg	2025-12-03T09:55:41.5925138Z -- Building x64-windows-dbg
build-windows-wheels (3.12)	Install libarchive via vcpkg	2025-12-03T09:55:42.3675823Z -- Building x64-windows-rel
build-windows-wheels (3.12)	Install libarchive via vcpkg	2025-12-03T09:55:46.3408634Z -- Fixing pkgconfig file: C:/vcpkg/packages/bzip2_x64-windows/lib/pkgconfig/bzip2.pc
build-windows-wheels (3.12)	Install libarchive via vcpkg	2025-12-03T09:55:46.3602648Z Downloading msys2-mingw-w64-x86_64-pkgconf-1~2.4.3-1-any.pkg.tar.zst, trying https://mirror.msys2.org/mingw/mingw64/mingw-w64-x86_64-pkgconf-1~2.4.3-1-any.pkg.tar.zst
build-windows-wheels (3.12)	Install libarchive via vcpkg	2025-12-03T09:55:48.1810904Z Successfully downloaded msys2-mingw-w64-x86_64-pkgconf-1~2.4.3-1-any.pkg.tar.zst
build-windows-wheels (3.12)	Install libarchive via vcpkg	2025-12-03T09:55:48.1999471Z Downloading msys2-msys2-runtime-3.6.2-2-x86_64.pkg.tar.zst, trying https://mirror.msys2.org/msys/x86_64/msys2-runtime-3.6.2-2-x86_64.pkg.tar.zst
build-windows-wheels (3.12)	Install libarchive via vcpkg	2025-12-03T09:55:49.7858530Z Successfully downloaded msys2-msys2-runtime-3.6.2-2-x86_64.pkg.tar.zst
build-windows-wheels (3.12)	Install libarchive via vcpkg	2025-12-03T09:55:49.9799365Z -- Using msys root at C:/vcpkg/downloads/tools/msys2/9272adbcaf19caef
build-windows-wheels (3.12)	Install libarchive via vcpkg	2025-12-03T09:55:49.9986831Z -- Fixing pkgconfig file: C:/vcpkg/packages/bzip2_x64-windows/debug/lib/pkgconfig/bzip2.pc
build-windows-wheels (3.12)	Install libarchive via vcpkg	2025-12-03T09:55:50.0124196Z -- Installing: C:/vcpkg/packages/bzip2_x64-windows/share/bzip2/copyright
build-windows-wheels (3.12)	Install libarchive via vcpkg	2025-12-03T09:55:50.0185991Z -- Performing post-build validation
build-windows-wheels (3.12)	Install libarchive via vcpkg	2025-12-03T09:55:50.0411687Z Starting submission of bzip2[core,tool]:x64-windows@1.0.8#6 to 1 binary cache(s) in the background
build-windows-wheels (3.12)	Install libarchive via vcpkg	2025-12-03T09:55:50.0412203Z Elapsed time to handle bzip2:x64-windows: 11 s
build-windows-wheels (3.12)	Install libarchive via vcpkg	2025-12-03T09:55:50.0412661Z bzip2:x64-windows package ABI: 083a4e50a48c30d3d280331452782479f4f03677dab81c917a6a858b293e82d8
build-windows-wheels (3.12)	Install libarchive via vcpkg	2025-12-03T09:55:50.0413204Z Completed submission of vcpkg-cmake:x64-windows@2024-04-23 to 1 binary cache(s) in 67.1 ms
build-windows-wheels (3.12)	Install libarchive via vcpkg	2025-12-03T09:55:50.0413666Z Installing 3/10 vcpkg-cmake-config:x64-windows@2024-05-23...
build-windows-wheels (3.12)	Install libarchive via vcpkg	2025-12-03T09:55:50.0414023Z Building vcpkg-cmake-config:x64-windows@2024-05-23...
build-windows-wheels (3.12)	Install libarchive via vcpkg	2025-12-03T09:55:50.0758490Z -- Installing: C:/vcpkg/packages/vcpkg-cmake-config_x64-windows/share/vcpkg-cmake-config/vcpkg_cmake_config_fixup.cmake
build-windows-wheels (3.12)	Install libarchive via vcpkg	2025-12-03T09:55:50.0771850Z -- Installing: C:/vcpkg/packages/vcpkg-cmake-config_x64-windows/share/vcpkg-cmake-config/vcpkg-port-config.cmake
build-windows-wheels (3.12)	Install libarchive via vcpkg	2025-12-03T09:55:50.0783135Z -- Installing: C:/vcpkg/packages/vcpkg-cmake-config_x64-windows/share/vcpkg-cmake-config/copyright
build-windows-wheels (3.12)	Install libarchive via vcpkg	2025-12-03T09:55:50.1006124Z -- Skipping post-build validation due to VCPKG_POLICY_EMPTY_PACKAGE
build-windows-wheels (3.12)	Install libarchive via vcpkg	2025-12-03T09:55:50.1150613Z Starting submission of vcpkg-cmake-config:x64-windows@2024-05-23 to 1 binary cache(s) in the background
build-windows-wheels (3.12)	Install libarchive via vcpkg	2025-12-03T09:55:50.1151783Z Elapsed time to handle vcpkg-cmake-config:x64-windows: 73.9 ms
build-windows-wheels (3.12)	Install libarchive via vcpkg	2025-12-03T09:55:50.1152707Z vcpkg-cmake-config:x64-windows package ABI: 8194faf66d24d9db6f92359de3f22ebf4bc918fa8489124f5f4e44c5efd4197d
build-windows-wheels (3.12)	Install libarchive via vcpkg	2025-12-03T09:55:50.1153542Z Installing 4/10 liblzma:x64-windows@5.8.1...
build-windows-wheels (3.12)	Install libarchive via vcpkg	2025-12-03T09:55:50.1154094Z Building liblzma:x64-windows@5.8.1...
build-windows-wheels (3.12)	Install libarchive via vcpkg	2025-12-03T09:55:50.1602126Z Downloading https://github.com/tukaani-project/xz/archive/v5.8.1.tar.gz -> tukaani-project-xz-v5.8.1.tar.gz
build-windows-wheels (3.12)	Install libarchive via vcpkg	2025-12-03T09:55:50.7892952Z Successfully downloaded tukaani-project-xz-v5.8.1.tar.gz
build-windows-wheels (3.12)	Install libarchive via vcpkg	2025-12-03T09:55:50.8070775Z -- Extracting source C:/vcpkg/downloads/tukaani-project-xz-v5.8.1.tar.gz
build-windows-wheels (3.12)	Install libarchive via vcpkg	2025-12-03T09:55:51.3380808Z -- Applying patch build-tools.patch
build-windows-wheels (3.12)	Install libarchive via vcpkg	2025-12-03T09:55:51.3634624Z -- Using source at C:/vcpkg/buildtrees/liblzma/src/v5.8.1-7ed4ee158b.clean
build-windows-wheels (3.12)	Install libarchive via vcpkg	2025-12-03T09:55:51.3738321Z -- Configuring x64-windows
build-windows-wheels (3.12)	Install libarchive via vcpkg	2025-12-03T09:55:58.8144816Z -- Building x64-windows-dbg
build-windows-wheels (3.12)	Install libarchive via vcpkg	2025-12-03T09:56:06.6543594Z -- Building x64-windows-rel
build-windows-wheels (3.12)	Install libarchive via vcpkg	2025-12-03T09:56:15.0468647Z -- Fixing pkgconfig file: C:/vcpkg/packages/liblzma_x64-windows/lib/pkgconfig/liblzma.pc
build-windows-wheels (3.12)	Install libarchive via vcpkg	2025-12-03T09:56:15.0575894Z -- Using cached msys2-mingw-w64-x86_64-pkgconf-1~2.4.3-1-any.pkg.tar.zst
build-windows-wheels (3.12)	Install libarchive via vcpkg	2025-12-03T09:56:15.0652326Z -- Using cached msys2-msys2-runtime-3.6.2-2-x86_64.pkg.tar.zst
build-windows-wheels (3.12)	Install libarchive via vcpkg	2025-12-03T09:56:15.0657151Z -- Using msys root at C:/vcpkg/downloads/tools/msys2/9272adbcaf19caef
build-windows-wheels (3.12)	Install libarchive via vcpkg	2025-12-03T09:56:15.0723996Z -- Fixing pkgconfig file: C:/vcpkg/packages/liblzma_x64-windows/debug/lib/pkgconfig/liblzma.pc
build-windows-wheels (3.12)	Install libarchive via vcpkg	2025-12-03T09:56:15.1031341Z -- Installing: C:/vcpkg/packages/liblzma_x64-windows/share/liblzma/copyright
build-windows-wheels (3.12)	Install libarchive via vcpkg	2025-12-03T09:56:15.1107742Z -- Performing post-build validation
build-windows-wheels (3.12)	Install libarchive via vcpkg	2025-12-03T09:56:15.1499639Z Starting submission of liblzma:x64-windows@5.8.1 to 1 binary cache(s) in the background
build-windows-wheels (3.12)	Install libarchive via vcpkg	2025-12-03T09:56:15.1500390Z Elapsed time to handle liblzma:x64-windows: 25 s
build-windows-wheels (3.12)	Install libarchive via vcpkg	2025-12-03T09:56:15.1501158Z liblzma:x64-windows package ABI: 0446ba0d0dd69c79064f9effc1db55d5854b0854d728bdf3e353ebbe6829095c
build-windows-wheels (3.12)	Install libarchive via vcpkg	2025-12-03T09:56:15.1502057Z Completed submission of bzip2[core,tool]:x64-windows@1.0.8#6 to 1 binary cache(s) in 120 ms
build-windows-wheels (3.12)	Install libarchive via vcpkg	2025-12-03T09:56:15.1502949Z Completed submission of vcpkg-cmake-config:x64-windows@2024-05-23 to 1 binary cache(s) in 44 ms
build-windows-wheels (3.12)	Install libarchive via vcpkg	2025-12-03T09:56:15.1503891Z Installing 5/10 lz4:x64-windows@1.10.0...
build-windows-wheels (3.12)	Install libarchive via vcpkg	2025-12-03T09:56:15.1504538Z Building lz4:x64-windows@1.10.0...
build-windows-wheels (3.12)	Install libarchive via vcpkg	2025-12-03T09:56:15.2551275Z Downloading https://github.com/lz4/lz4/archive/v1.10.0.tar.gz -> lz4-lz4-v1.10.0.tar.gz
build-windows-wheels (3.12)	Install libarchive via vcpkg	2025-12-03T09:56:15.9577286Z Successfully downloaded lz4-lz4-v1.10.0.tar.gz
build-windows-wheels (3.12)	Install libarchive via vcpkg	2025-12-03T09:56:15.9689147Z -- Extracting source C:/vcpkg/downloads/lz4-lz4-v1.10.0.tar.gz
build-windows-wheels (3.12)	Install libarchive via vcpkg	2025-12-03T09:56:16.3346041Z -- Applying patch target-lz4-lz4.diff
build-windows-wheels (3.12)	Install libarchive via vcpkg	2025-12-03T09:56:16.3562728Z -- Using source at C:/vcpkg/buildtrees/lz4/src/v1.10.0-61bd08d80e.clean
build-windows-wheels (3.12)	Install libarchive via vcpkg	2025-12-03T09:56:16.3616924Z -- Configuring x64-windows
build-windows-wheels (3.12)	Install libarchive via vcpkg	2025-12-03T09:56:17.4262881Z -- Building x64-windows-dbg
build-windows-wheels (3.12)	Install libarchive via vcpkg	2025-12-03T09:56:17.8655965Z -- Building x64-windows-rel
build-windows-wheels (3.12)	Install libarchive via vcpkg	2025-12-03T09:56:21.5153993Z -- Fixing pkgconfig file: C:/vcpkg/packages/lz4_x64-windows/lib/pkgconfig/liblz4.pc
build-windows-wheels (3.12)	Install libarchive via vcpkg	2025-12-03T09:56:21.5262921Z -- Using cached msys2-mingw-w64-x86_64-pkgconf-1~2.4.3-1-any.pkg.tar.zst
build-windows-wheels (3.12)	Install libarchive via vcpkg	2025-12-03T09:56:21.5335035Z -- Using cached msys2-msys2-runtime-3.6.2-2-x86_64.pkg.tar.zst
build-windows-wheels (3.12)	Install libarchive via vcpkg	2025-12-03T09:56:21.5350990Z -- Using msys root at C:/vcpkg/downloads/tools/msys2/9272adbcaf19caef
build-windows-wheels (3.12)	Install libarchive via vcpkg	2025-12-03T09:56:21.5408412Z -- Fixing pkgconfig file: C:/vcpkg/packages/lz4_x64-windows/debug/lib/pkgconfig/liblz4.pc
build-windows-wheels (3.12)	Install libarchive via vcpkg	2025-12-03T09:56:21.5493315Z -- Installing: C:/vcpkg/packages/lz4_x64-windows/share/lz4/usage
build-windows-wheels (3.12)	Install libarchive via vcpkg	2025-12-03T09:56:21.5503489Z -- Installing: C:/vcpkg/packages/lz4_x64-windows/share/lz4/copyright
build-windows-wheels (3.12)	Install libarchive via vcpkg	2025-12-03T09:56:21.5577364Z -- Performing post-build validation
build-windows-wheels (3.12)	Install libarchive via vcpkg	2025-12-03T09:56:21.5789179Z Starting submission of lz4:x64-windows@1.10.0 to 1 binary cache(s) in the background
build-windows-wheels (3.12)	Install libarchive via vcpkg	2025-12-03T09:56:21.5789906Z Elapsed time to handle lz4:x64-windows: 6.4 s
build-windows-wheels (3.12)	Install libarchive via vcpkg	2025-12-03T09:56:21.5790664Z lz4:x64-windows package ABI: 0e156cb958b3c876bd4e0490bfe176ac0f9e41735c51a06da0eaab88b5ed48e7
build-windows-wheels (3.12)	Install libarchive via vcpkg	2025-12-03T09:56:21.5791612Z Completed submission of liblzma:x64-windows@5.8.1 to 1 binary cache(s) in 229 ms
build-windows-wheels (3.12)	Install libarchive via vcpkg	2025-12-03T09:56:21.5792370Z Installing 6/10 vcpkg-cmake-get-vars:x64-windows@2025-05-29...
build-windows-wheels (3.12)	Install libarchive via vcpkg	2025-12-03T09:56:21.5793017Z Building vcpkg-cmake-get-vars:x64-windows@2025-05-29...
build-windows-wheels (3.12)	Install libarchive via vcpkg	2025-12-03T09:56:21.6204229Z -- Installing: C:/vcpkg/packages/vcpkg-cmake-get-vars_x64-windows/share/vcpkg-cmake-get-vars/vcpkg_cmake_get_vars.cmake
build-windows-wheels (3.12)	Install libarchive via vcpkg	2025-12-03T09:56:21.6509606Z -- Installing: C:/vcpkg/packages/vcpkg-cmake-get-vars_x64-windows/share/vcpkg-cmake-get-vars/cmake_get_vars
build-windows-wheels (3.12)	Install libarchive via vcpkg	2025-12-03T09:56:21.6518016Z -- Installing: C:/vcpkg/packages/vcpkg-cmake-get-vars_x64-windows/share/vcpkg-cmake-get-vars/cmake_get_vars/CMakeLists.txt
build-windows-wheels (3.12)	Install libarchive via vcpkg	2025-12-03T09:56:21.6528775Z -- Installing: C:/vcpkg/packages/vcpkg-cmake-get-vars_x64-windows/share/vcpkg-cmake-get-vars/cmake-get-vars.cmake.in
build-windows-wheels (3.12)	Install libarchive via vcpkg	2025-12-03T09:56:21.6555990Z -- Installing: C:/vcpkg/packages/vcpkg-cmake-get-vars_x64-windows/share/vcpkg-cmake-get-vars/vcpkg-port-config.cmake
build-windows-wheels (3.12)	Install libarchive via vcpkg	2025-12-03T09:56:21.6571044Z -- Installing: C:/vcpkg/packages/vcpkg-cmake-get-vars_x64-windows/share/vcpkg-cmake-get-vars/copyright
build-windows-wheels (3.12)	Install libarchive via vcpkg	2025-12-03T09:56:21.6629365Z -- Performing post-build validation
build-windows-wheels (3.12)	Install libarchive via vcpkg	2025-12-03T09:56:21.6754837Z Starting submission of vcpkg-cmake-get-vars:x64-windows@2025-05-29 to 1 binary cache(s) in the background
build-windows-wheels (3.12)	Install libarchive via vcpkg	2025-12-03T09:56:21.6755740Z Elapsed time to handle vcpkg-cmake-get-vars:x64-windows: 96.6 ms
build-windows-wheels (3.12)	Install libarchive via vcpkg	2025-12-03T09:56:21.6756667Z vcpkg-cmake-get-vars:x64-windows package ABI: d61e2eed052d1b1a88a5effff2d43504843700e32f43760d682bae8ff71e532e
build-windows-wheels (3.12)	Install libarchive via vcpkg	2025-12-03T09:56:21.6757522Z Installing 7/10 openssl:x64-windows@3.6.0#2...
build-windows-wheels (3.12)	Install libarchive via vcpkg	2025-12-03T09:56:21.6757956Z Building openssl:x64-windows@3.6.0#2...
build-windows-wheels (3.12)	Install libarchive via vcpkg	2025-12-03T09:56:21.7237871Z Downloading https://github.com/openssl/openssl/archive/openssl-3.6.0.tar.gz -> openssl-openssl-openssl-3.6.0.tar.gz
build-windows-wheels (3.12)	Install libarchive via vcpkg	2025-12-03T09:56:26.8971264Z Successfully downloaded openssl-openssl-openssl-3.6.0.tar.gz
build-windows-wheels (3.12)	Install libarchive via vcpkg	2025-12-03T09:56:27.1003724Z -- Extracting source C:/vcpkg/downloads/openssl-openssl-openssl-3.6.0.tar.gz
build-windows-wheels (3.12)	Install libarchive via vcpkg	2025-12-03T09:56:33.7491349Z -- Applying patch cmake-config.patch
build-windows-wheels (3.12)	Install libarchive via vcpkg	2025-12-03T09:56:33.7725144Z -- Applying patch command-line-length.patch
build-windows-wheels (3.12)	Install libarchive via vcpkg	2025-12-03T09:56:33.7942196Z -- Applying patch script-prefix.patch
build-windows-wheels (3.12)	Install libarchive via vcpkg	2025-12-03T09:56:33.8149563Z -- Applying patch aes_cfb128_vaes_encdec_wrapper.diff
build-windows-wheels (3.12)	Install libarchive via vcpkg	2025-12-03T09:56:33.8362627Z -- Applying patch windows/install-layout.patch
build-windows-wheels (3.12)	Install libarchive via vcpkg	2025-12-03T09:56:33.8572022Z -- Applying patch windows/install-pdbs.patch
build-windows-wheels (3.12)	Install libarchive via vcpkg	2025-12-03T09:56:33.8784932Z -- Applying patch windows/install-programs.diff
build-windows-wheels (3.12)	Install libarchive via vcpkg	2025-12-03T09:56:33.9014015Z -- Applying patch unix/android-cc.patch
build-windows-wheels (3.12)	Install libarchive via vcpkg	2025-12-03T09:56:33.9248018Z -- Applying patch unix/move-openssldir.patch
build-windows-wheels (3.12)	Install libarchive via vcpkg	2025-12-03T09:56:33.9454060Z -- Applying patch unix/no-empty-dirs.patch
build-windows-wheels (3.12)	Install libarchive via vcpkg	2025-12-03T09:56:33.9665942Z -- Applying patch unix/no-static-libs-for-shared.patch
build-windows-wheels (3.12)	Install libarchive via vcpkg	2025-12-03T09:56:33.9926479Z -- Using source at C:/vcpkg/buildtrees/openssl/src/nssl-3.6.0-e5f21250ea.clean
build-windows-wheels (3.12)	Install libarchive via vcpkg	2025-12-03T09:56:33.9978164Z -- Getting CMake variables for x64-windows
build-windows-wheels (3.12)	Install libarchive via vcpkg	2025-12-03T09:56:35.7602488Z -- Loading CMake variables from C:/vcpkg/buildtrees/openssl/cmake-get-vars_C_CXX-x64-windows.cmake.log
build-windows-wheels (3.12)	Install libarchive via vcpkg	2025-12-03T09:56:35.7827427Z Downloading https://github.com/StrawberryPerl/Perl-Dist-Strawberry/releases/download/SP_54201_64bit/strawberry-perl-5.42.0.1-64bit-portable.zip -> strawberry-perl-5.42.0.1-64bit-portable.zip
build-windows-wheels (3.12)	Install libarchive via vcpkg	2025-12-03T09:56:37.5914799Z Successfully downloaded strawberry-perl-5.42.0.1-64bit-portable.zip
build-windows-wheels (3.12)	Install libarchive via vcpkg	2025-12-03T09:56:59.4317264Z Downloading nasm-2.16.03-win64.zip, trying https://www.nasm.us/pub/nasm/releasebuilds/2.16.03/win64/nasm-2.16.03-win64.zip
build-windows-wheels (3.12)	Install libarchive via vcpkg	2025-12-03T09:57:00.0955240Z Successfully downloaded nasm-2.16.03-win64.zip
build-windows-wheels (3.12)	Install libarchive via vcpkg	2025-12-03T09:57:00.2695907Z -- Getting CMake variables for x64-windows
build-windows-wheels (3.12)	Install libarchive via vcpkg	2025-12-03T09:57:01.8207471Z Downloading jom_1_1_4.zip, trying https://download.qt.io/official_releases/jom/jom_1_1_4.zip
build-windows-wheels (3.12)	Install libarchive via vcpkg	2025-12-03T09:57:04.4203842Z Successfully downloaded jom_1_1_4.zip
build-windows-wheels (3.12)	Install libarchive via vcpkg	2025-12-03T09:57:12.9640057Z -- Prerunning x64-windows-dbg
build-windows-wheels (3.12)	Install libarchive via vcpkg	2025-12-03T09:57:32.6309739Z -- Building x64-windows-dbg
build-windows-wheels (3.12)	Install libarchive via vcpkg	2025-12-03T10:00:11.5723548Z -- Prerunning x64-windows-rel
build-windows-wheels (3.12)	Install libarchive via vcpkg	2025-12-03T10:00:30.8753345Z -- Building x64-windows-rel
build-windows-wheels (3.12)	Install libarchive via vcpkg	2025-12-03T10:03:42.0879568Z -- Fixing pkgconfig file: C:/vcpkg/packages/openssl_x64-windows/lib/pkgconfig/libcrypto.pc
build-windows-wheels (3.12)	Install libarchive via vcpkg	2025-12-03T10:03:42.0886473Z -- Fixing pkgconfig file: C:/vcpkg/packages/openssl_x64-windows/lib/pkgconfig/libssl.pc
build-windows-wheels (3.12)	Install libarchive via vcpkg	2025-12-03T10:03:42.0892867Z -- Fixing pkgconfig file: C:/vcpkg/packages/openssl_x64-windows/lib/pkgconfig/openssl.pc
build-windows-wheels (3.12)	Install libarchive via vcpkg	2025-12-03T10:03:42.1025194Z -- Using cached msys2-mingw-w64-x86_64-pkgconf-1~2.4.3-1-any.pkg.tar.zst
build-windows-wheels (3.12)	Install libarchive via vcpkg	2025-12-03T10:03:42.1111006Z -- Using cached msys2-msys2-runtime-3.6.2-2-x86_64.pkg.tar.zst
build-windows-wheels (3.12)	Install libarchive via vcpkg	2025-12-03T10:03:42.1116491Z -- Using msys root at C:/vcpkg/downloads/tools/msys2/9272adbcaf19caef
build-windows-wheels (3.12)	Install libarchive via vcpkg	2025-12-03T10:03:42.1314847Z -- Fixing pkgconfig file: C:/vcpkg/packages/openssl_x64-windows/debug/lib/pkgconfig/libcrypto.pc
build-windows-wheels (3.12)	Install libarchive via vcpkg	2025-12-03T10:03:42.1321349Z -- Fixing pkgconfig file: C:/vcpkg/packages/openssl_x64-windows/debug/lib/pkgconfig/libssl.pc
build-windows-wheels (3.12)	Install libarchive via vcpkg	2025-12-03T10:03:42.1327873Z -- Fixing pkgconfig file: C:/vcpkg/packages/openssl_x64-windows/debug/lib/pkgconfig/openssl.pc
build-windows-wheels (3.12)	Install libarchive via vcpkg	2025-12-03T10:03:42.1516650Z -- Installing: C:/vcpkg/packages/openssl_x64-windows/share/openssl/usage
build-windows-wheels (3.12)	Install libarchive via vcpkg	2025-12-03T10:03:42.1557492Z -- Installing: C:/vcpkg/packages/openssl_x64-windows/share/openssl/copyright
build-windows-wheels (3.12)	Install libarchive via vcpkg	2025-12-03T10:03:42.1621609Z -- Performing post-build validation
build-windows-wheels (3.12)	Install libarchive via vcpkg	2025-12-03T10:03:42.3397847Z Starting submission of openssl:x64-windows@3.6.0#2 to 1 binary cache(s) in the background
build-windows-wheels (3.12)	Install libarchive via vcpkg	2025-12-03T10:03:42.3400236Z Elapsed time to handle openssl:x64-windows: 7.3 min
build-windows-wheels (3.12)	Install libarchive via vcpkg	2025-12-03T10:03:42.3402084Z openssl:x64-windows package ABI: 799aa8e9e34d86973826951a82d1b9b07ce4f468e584838ab17cb06080b9d0bb
build-windows-wheels (3.12)	Install libarchive via vcpkg	2025-12-03T10:03:42.3403480Z Completed submission of lz4:x64-windows@1.10.0 to 1 binary cache(s) in 137 ms
build-windows-wheels (3.12)	Install libarchive via vcpkg	2025-12-03T10:03:42.3404464Z Completed submission of vcpkg-cmake-get-vars:x64-windows@2025-05-29 to 1 binary cache(s) in 45.5 ms
build-windows-wheels (3.12)	Install libarchive via vcpkg	2025-12-03T10:03:42.3405624Z Installing 8/10 zlib:x64-windows@1.3.1...
build-windows-wheels (3.12)	Install libarchive via vcpkg	2025-12-03T10:03:42.3406095Z Building zlib:x64-windows@1.3.1...
build-windows-wheels (3.12)	Install libarchive via vcpkg	2025-12-03T10:03:42.4676348Z Downloading https://github.com/madler/zlib/archive/v1.3.1.tar.gz -> madler-zlib-v1.3.1.tar.gz
build-windows-wheels (3.12)	Install libarchive via vcpkg	2025-12-03T10:03:43.6250136Z Successfully downloaded madler-zlib-v1.3.1.tar.gz
build-windows-wheels (3.12)	Install libarchive via vcpkg	2025-12-03T10:03:43.7648891Z -- Extracting source C:/vcpkg/downloads/madler-zlib-v1.3.1.tar.gz
build-windows-wheels (3.12)	Install libarchive via vcpkg	2025-12-03T10:03:44.1150937Z -- Applying patch 0001-Prevent-invalid-inclusions-when-HAVE_-is-set-to-0.patch
build-windows-wheels (3.12)	Install libarchive via vcpkg	2025-12-03T10:03:44.1448540Z -- Applying patch 0002-build-static-or-shared-not-both.patch
build-windows-wheels (3.12)	Install libarchive via vcpkg	2025-12-03T10:03:44.1730325Z -- Applying patch 0003-android-and-mingw-fixes.patch
build-windows-wheels (3.12)	Install libarchive via vcpkg	2025-12-03T10:03:44.2031074Z -- Using source at C:/vcpkg/buildtrees/zlib/src/v1.3.1-2e5db616bf.clean
build-windows-wheels (3.12)	Install libarchive via vcpkg	2025-12-03T10:03:44.2110914Z -- Configuring x64-windows
build-windows-wheels (3.12)	Install libarchive via vcpkg	2025-12-03T10:03:46.5866941Z -- Building x64-windows-dbg
build-windows-wheels (3.12)	Install libarchive via vcpkg	2025-12-03T10:03:47.1380183Z -- Building x64-windows-rel
build-windows-wheels (3.12)	Install libarchive via vcpkg	2025-12-03T10:03:48.1222495Z -- Installing: C:/vcpkg/packages/zlib_x64-windows/share/zlib/vcpkg-cmake-wrapper.cmake
build-windows-wheels (3.12)	Install libarchive via vcpkg	2025-12-03T10:03:48.1267035Z -- Fixing pkgconfig file: C:/vcpkg/packages/zlib_x64-windows/lib/pkgconfig/zlib.pc
build-windows-wheels (3.12)	Install libarchive via vcpkg	2025-12-03T10:03:48.1375920Z -- Using cached msys2-mingw-w64-x86_64-pkgconf-1~2.4.3-1-any.pkg.tar.zst
build-windows-wheels (3.12)	Install libarchive via vcpkg	2025-12-03T10:03:48.1447836Z -- Using cached msys2-msys2-runtime-3.6.2-2-x86_64.pkg.tar.zst
build-windows-wheels (3.12)	Install libarchive via vcpkg	2025-12-03T10:03:48.1452803Z -- Using msys root at C:/vcpkg/downloads/tools/msys2/9272adbcaf19caef
build-windows-wheels (3.12)	Install libarchive via vcpkg	2025-12-03T10:03:48.1519454Z -- Fixing pkgconfig file: C:/vcpkg/packages/zlib_x64-windows/debug/lib/pkgconfig/zlib.pc
build-windows-wheels (3.12)	Install libarchive via vcpkg	2025-12-03T10:03:48.1959086Z -- Installing: C:/vcpkg/packages/zlib_x64-windows/share/zlib/copyright
build-windows-wheels (3.12)	Install libarchive via vcpkg	2025-12-03T10:03:48.2035741Z -- Performing post-build validation
build-windows-wheels (3.12)	Install libarchive via vcpkg	2025-12-03T10:03:48.2209932Z Starting submission of zlib:x64-windows@1.3.1 to 1 binary cache(s) in the background
build-windows-wheels (3.12)	Install libarchive via vcpkg	2025-12-03T10:03:48.2210786Z Elapsed time to handle zlib:x64-windows: 5.9 s
build-windows-wheels (3.12)	Install libarchive via vcpkg	2025-12-03T10:03:48.2211632Z zlib:x64-windows package ABI: 76d87e778e01b244dd1cdee6c8b6a30d552633479937e76613bcf11f8af3f854
build-windows-wheels (3.12)	Install libarchive via vcpkg	2025-12-03T10:03:48.2212539Z Completed submission of openssl:x64-windows@3.6.0#2 to 1 binary cache(s) in 3.1 s
build-windows-wheels (3.12)	Install libarchive via vcpkg	2025-12-03T10:03:48.2213388Z Installing 9/10 zstd:x64-windows@1.5.7...
build-windows-wheels (3.12)	Install libarchive via vcpkg	2025-12-03T10:03:48.2213963Z Building zstd:x64-windows@1.5.7...
build-windows-wheels (3.12)	Install libarchive via vcpkg	2025-12-03T10:03:48.2970093Z Downloading https://github.com/facebook/zstd/archive/v1.5.7.tar.gz -> facebook-zstd-v1.5.7.tar.gz
build-windows-wheels (3.12)	Install libarchive via vcpkg	2025-12-03T10:03:48.9691792Z Successfully downloaded facebook-zstd-v1.5.7.tar.gz
build-windows-wheels (3.12)	Install libarchive via vcpkg	2025-12-03T10:03:48.9912209Z -- Extracting source C:/vcpkg/downloads/facebook-zstd-v1.5.7.tar.gz
build-windows-wheels (3.12)	Install libarchive via vcpkg	2025-12-03T10:03:49.5966370Z -- Applying patch no-static-suffix.patch
build-windows-wheels (3.12)	Install libarchive via vcpkg	2025-12-03T10:03:49.6183697Z -- Applying patch fix-emscripten-and-clang-cl.patch
build-windows-wheels (3.12)	Install libarchive via vcpkg	2025-12-03T10:03:49.6384908Z -- Applying patch fix-windows-rc-compile.patch
build-windows-wheels (3.12)	Install libarchive via vcpkg	2025-12-03T10:03:49.6604297Z -- Using source at C:/vcpkg/buildtrees/zstd/src/v1.5.7-bb6cae2b2e.clean
build-windows-wheels (3.12)	Install libarchive via vcpkg	2025-12-03T10:03:49.6664239Z -- Configuring x64-windows
build-windows-wheels (3.12)	Install libarchive via vcpkg	2025-12-03T10:03:53.4040616Z -- Building x64-windows-dbg
build-windows-wheels (3.12)	Install libarchive via vcpkg	2025-12-03T10:03:55.2330551Z -- Building x64-windows-rel
build-windows-wheels (3.12)	Install libarchive via vcpkg	2025-12-03T10:04:04.3261208Z -- Fixing pkgconfig file: C:/vcpkg/packages/zstd_x64-windows/lib/pkgconfig/libzstd.pc
build-windows-wheels (3.12)	Install libarchive via vcpkg	2025-12-03T10:04:04.3369021Z -- Using cached msys2-mingw-w64-x86_64-pkgconf-1~2.4.3-1-any.pkg.tar.zst
build-windows-wheels (3.12)	Install libarchive via vcpkg	2025-12-03T10:04:04.3439947Z -- Using cached msys2-msys2-runtime-3.6.2-2-x86_64.pkg.tar.zst
build-windows-wheels (3.12)	Install libarchive via vcpkg	2025-12-03T10:04:04.3444732Z -- Using msys root at C:/vcpkg/downloads/tools/msys2/9272adbcaf19caef
build-windows-wheels (3.12)	Install libarchive via vcpkg	2025-12-03T10:04:04.3509354Z -- Fixing pkgconfig file: C:/vcpkg/packages/zstd_x64-windows/debug/lib/pkgconfig/libzstd.pc
build-windows-wheels (3.12)	Install libarchive via vcpkg	2025-12-03T10:04:04.3635953Z -- Installing: C:/vcpkg/packages/zstd_x64-windows/share/zstd/usage
build-windows-wheels (3.12)	Install libarchive via vcpkg	2025-12-03T10:04:04.3720549Z -- Performing post-build validation
build-windows-wheels (3.12)	Install libarchive via vcpkg	2025-12-03T10:04:04.3980031Z Starting submission of zstd:x64-windows@1.5.7 to 1 binary cache(s) in the background
build-windows-wheels (3.12)	Install libarchive via vcpkg	2025-12-03T10:04:04.3980739Z Elapsed time to handle zstd:x64-windows: 16 s
build-windows-wheels (3.12)	Install libarchive via vcpkg	2025-12-03T10:04:04.3981241Z zstd:x64-windows package ABI: e09967f9edb8e848f80e96d85ad3d9c3ca57fccb161c77deaeffeccce291802f
build-windows-wheels (3.12)	Install libarchive via vcpkg	2025-12-03T10:04:04.3981804Z Completed submission of zlib:x64-windows@1.3.1 to 1 binary cache(s) in 135 ms
build-windows-wheels (3.12)	Install libarchive via vcpkg	2025-12-03T10:04:04.3982371Z Installing 10/10 libarchive[bzip2,core,crypto,lz4,lzma,xar,zstd]:x64-windows@3.8.2...
build-windows-wheels (3.12)	Install libarchive via vcpkg	2025-12-03T10:04:04.3982917Z Building libarchive[bzip2,core,crypto,lz4,lzma,xar,zstd]:x64-windows@3.8.2...
build-windows-wheels (3.12)	Install libarchive via vcpkg	2025-12-03T10:04:04.5255524Z Downloading https://github.com/libarchive/libarchive/archive/v3.8.2.tar.gz -> libarchive-libarchive-v3.8.2.tar.gz
build-windows-wheels (3.12)	Install libarchive via vcpkg	2025-12-03T10:04:05.6723718Z Successfully downloaded libarchive-libarchive-v3.8.2.tar.gz
build-windows-wheels (3.12)	Install libarchive via vcpkg	2025-12-03T10:04:05.7054503Z -- Extracting source C:/vcpkg/downloads/libarchive-libarchive-v3.8.2.tar.gz
build-windows-wheels (3.12)	Install libarchive via vcpkg	2025-12-03T10:04:06.5454843Z -- Applying patch fix-buildsystem.patch
build-windows-wheels (3.12)	Install libarchive via vcpkg	2025-12-03T10:04:06.5678685Z -- Applying patch fix-deps.patch
build-windows-wheels (3.12)	Install libarchive via vcpkg	2025-12-03T10:04:06.5915110Z -- Using source at C:/vcpkg/buildtrees/libarchive/src/v3.8.2-4ab340fc06.clean
build-windows-wheels (3.12)	Install libarchive via vcpkg	2025-12-03T10:04:06.6030669Z -- Configuring x64-windows
build-windows-wheels (3.12)	Install libarchive via vcpkg	2025-12-03T10:05:22.1859403Z -- Building x64-windows-dbg
build-windows-wheels (3.12)	Install libarchive via vcpkg	2025-12-03T10:05:47.1974027Z -- Building x64-windows-rel
build-windows-wheels (3.12)	Install libarchive via vcpkg	2025-12-03T10:06:24.3633240Z -- Fixing pkgconfig file: C:/vcpkg/packages/libarchive_x64-windows/lib/pkgconfig/libarchive.pc
build-windows-wheels (3.12)	Install libarchive via vcpkg	2025-12-03T10:06:24.3742822Z -- Using cached msys2-mingw-w64-x86_64-pkgconf-1~2.4.3-1-any.pkg.tar.zst
build-windows-wheels (3.12)	Install libarchive via vcpkg	2025-12-03T10:06:24.3815889Z -- Using cached msys2-msys2-runtime-3.6.2-2-x86_64.pkg.tar.zst
build-windows-wheels (3.12)	Install libarchive via vcpkg	2025-12-03T10:06:24.3820421Z -- Using msys root at C:/vcpkg/downloads/tools/msys2/9272adbcaf19caef
build-windows-wheels (3.12)	Install libarchive via vcpkg	2025-12-03T10:06:24.3906683Z -- Fixing pkgconfig file: C:/vcpkg/packages/libarchive_x64-windows/debug/lib/pkgconfig/libarchive.pc
build-windows-wheels (3.12)	Install libarchive via vcpkg	2025-12-03T10:06:24.4723499Z -- Installing: C:/vcpkg/packages/libarchive_x64-windows/share/libarchive/usage
build-windows-wheels (3.12)	Install libarchive via vcpkg	2025-12-03T10:06:24.4731911Z -- Installing: C:/vcpkg/packages/libarchive_x64-windows/share/libarchive/copyright
build-windows-wheels (3.12)	Install libarchive via vcpkg	2025-12-03T10:06:24.4812893Z -- Performing post-build validation
build-windows-wheels (3.12)	Install libarchive via vcpkg	2025-12-03T10:06:24.5150615Z Starting submission of libarchive[bzip2,core,crypto,lz4,lzma,xar,zstd]:x64-windows@3.8.2 to 1 binary cache(s) in the background
build-windows-wheels (3.12)	Install libarchive via vcpkg	2025-12-03T10:06:24.5151753Z Elapsed time to handle libarchive:x64-windows: 2.3 min
build-windows-wheels (3.12)	Install libarchive via vcpkg	2025-12-03T10:06:24.5152822Z libarchive:x64-windows package ABI: 61515535b3772bdf6171ddf5099a870a472460c6eff7df48b8ebca63fe4ff036
build-windows-wheels (3.12)	Install libarchive via vcpkg	2025-12-03T10:06:24.5222418Z Total install time: 11 min
build-windows-wheels (3.12)	Install libarchive via vcpkg	2025-12-03T10:06:24.5223339Z Installed contents are licensed to you by owners. Microsoft is not responsible for, nor does it grant any licenses to, third-party packages.
build-windows-wheels (3.12)	Install libarchive via vcpkg	2025-12-03T10:06:24.5224911Z Some packages did not declare an SPDX license. Check the `copyright` file for each package for more information about their licensing.
build-windows-wheels (3.12)	Install libarchive via vcpkg	2025-12-03T10:06:24.5226030Z Packages installed in this vcpkg installation declare the following licenses:
build-windows-wheels (3.12)	Install libarchive via vcpkg	2025-12-03T10:06:24.5226676Z (BSD-3-Clause OR GPL-2.0-only)
build-windows-wheels (3.12)	Install libarchive via vcpkg	2025-12-03T10:06:24.5226960Z Apache-2.0
build-windows-wheels (3.12)	Install libarchive via vcpkg	2025-12-03T10:06:24.5227148Z BSD-2-Clause
build-windows-wheels (3.12)	Install libarchive via vcpkg	2025-12-03T10:06:24.5227350Z MIT
build-windows-wheels (3.12)	Install libarchive via vcpkg	2025-12-03T10:06:24.5227512Z Zlib
build-windows-wheels (3.12)	Install libarchive via vcpkg	2025-12-03T10:06:24.5227707Z bzip2-1.0.6
build-windows-wheels (3.12)	Install libarchive via vcpkg	2025-12-03T10:06:24.5227980Z libarchive is compatible with the CMake Find Module:
build-windows-wheels (3.12)	Install libarchive via vcpkg	2025-12-03T10:06:24.5228200Z 
build-windows-wheels (3.12)	Install libarchive via vcpkg	2025-12-03T10:06:24.5228302Z   find_package(LibArchive REQUIRED)
build-windows-wheels (3.12)	Install libarchive via vcpkg	2025-12-03T10:06:24.5228864Z   target_link_libraries(main PRIVATE LibArchive::LibArchive) # since CMake 3.17
build-windows-wheels (3.12)	Install libarchive via vcpkg	2025-12-03T10:06:24.5229154Z 
build-windows-wheels (3.12)	Install libarchive via vcpkg	2025-12-03T10:06:24.5229264Z libarchive provides pkg-config modules:
build-windows-wheels (3.12)	Install libarchive via vcpkg	2025-12-03T10:06:24.5229468Z 
build-windows-wheels (3.12)	Install libarchive via vcpkg	2025-12-03T10:06:24.5229645Z   # library that can create and read several streaming archive formats
build-windows-wheels (3.12)	Install libarchive via vcpkg	2025-12-03T10:06:24.5230009Z   libarchive
build-windows-wheels (3.12)	Install libarchive via vcpkg	2025-12-03T10:06:24.5230122Z 
build-windows-wheels (3.12)	Install libarchive via vcpkg	2025-12-03T10:06:24.5230324Z Completed submission of zstd:x64-windows@1.5.7 to 1 binary cache(s) in 359 ms
build-windows-wheels (3.12)	Install libarchive via vcpkg	2025-12-03T10:06:24.5230751Z Waiting for 1 remaining binary cache submissions...
build-windows-wheels (3.12)	Install libarchive via vcpkg	2025-12-03T10:06:24.9449041Z Completed submission of libarchive[bzip2,core,crypto,lz4,lzma,xar,zstd]:x64-windows@3.8.2 to 1 binary cache(s) in 430 ms (1/1)
build-windows-wheels (3.12)	Install libarchive via vcpkg	2025-12-03T10:06:24.9450180Z All requested installations completed successfully in: 11 min
build-windows-wheels (3.12)	Build and repair Windows wheel	ï»¿2025-12-03T10:06:25.5714951Z ##[group]Run $ErrorActionPreference = 'Stop'
build-windows-wheels (3.12)	Build and repair Windows wheel	2025-12-03T10:06:25.5715407Z [36;1m$ErrorActionPreference = 'Stop'[0m
build-windows-wheels (3.12)	Build and repair Windows wheel	2025-12-03T10:06:25.5715696Z [36;1mcd bindings\python[0m
build-windows-wheels (3.12)	Build and repair Windows wheel	2025-12-03T10:06:25.5716105Z [36;1mpython -m pip install --upgrade pip setuptools wheel pybind11 build delvewheel[0m
build-windows-wheels (3.12)	Build and repair Windows wheel	2025-12-03T10:06:25.5716566Z [36;1m$targetDir = "dist\windows-${env:PY_VERSION}"[0m
build-windows-wheels (3.12)	Build and repair Windows wheel	2025-12-03T10:06:25.5716962Z [36;1mif (Test-Path $targetDir) { Remove-Item $targetDir -Recurse -Force }[0m
build-windows-wheels (3.12)	Build and repair Windows wheel	2025-12-03T10:06:25.5718254Z [36;1mNew-Item -ItemType Directory -Path $targetDir | Out-Null[0m
build-windows-wheels (3.12)	Build and repair Windows wheel	2025-12-03T10:06:25.5718641Z [36;1mpython -m pip wheel . -w $targetDir --no-deps[0m
build-windows-wheels (3.12)	Build and repair Windows wheel	2025-12-03T10:06:25.5719079Z [36;1m$original = Get-ChildItem $targetDir -Filter *.whl | Select-Object -First 1[0m
build-windows-wheels (3.12)	Build and repair Windows wheel	2025-12-03T10:06:25.5719649Z [36;1mdelvewheel repair $original.FullName -w $targetDir --add-path "$env:LIBARCHIVE_ROOT\bin"[0m
build-windows-wheels (3.12)	Build and repair Windows wheel	2025-12-03T10:06:25.5720276Z [36;1m$repaired = Get-ChildItem $targetDir -Filter *.whl | Sort-Object LastWriteTime | Select-Object -Last 1[0m
build-windows-wheels (3.12)	Build and repair Windows wheel	2025-12-03T10:06:25.5721049Z [36;1mGet-ChildItem $targetDir -Filter *.whl | Where-Object { $_.FullName -ne $repaired.FullName } | Remove-Item -Force[0m
build-windows-wheels (3.12)	Build and repair Windows wheel	2025-12-03T10:06:25.5721567Z [36;1mpython -m venv .venv[0m
build-windows-wheels (3.12)	Build and repair Windows wheel	2025-12-03T10:06:25.5721875Z [36;1m.\.venv\Scripts\pip install $repaired.FullName[0m
build-windows-wheels (3.12)	Build and repair Windows wheel	2025-12-03T10:06:25.5722318Z [36;1m.\.venv\Scripts\python -c "import archive_r; print(f'validated {archive_r.__version__}')"[0m
build-windows-wheels (3.12)	Build and repair Windows wheel	2025-12-03T10:06:25.5754331Z shell: C:\Program Files\PowerShell\7\pwsh.EXE -command ". '{0}'"
build-windows-wheels (3.12)	Build and repair Windows wheel	2025-12-03T10:06:25.5754690Z env:
build-windows-wheels (3.12)	Build and repair Windows wheel	2025-12-03T10:06:25.5755011Z   pythonLocation: C:\hostedtoolcache\windows\Python\3.12.10\x64
build-windows-wheels (3.12)	Build and repair Windows wheel	2025-12-03T10:06:25.5755412Z   PKG_CONFIG_PATH: C:\vcpkg\installed\x64-windows\lib\pkgconfig
build-windows-wheels (3.12)	Build and repair Windows wheel	2025-12-03T10:06:25.5755830Z   Python_ROOT_DIR: C:\hostedtoolcache\windows\Python\3.12.10\x64
build-windows-wheels (3.12)	Build and repair Windows wheel	2025-12-03T10:06:25.5756221Z   Python2_ROOT_DIR: C:\hostedtoolcache\windows\Python\3.12.10\x64
build-windows-wheels (3.12)	Build and repair Windows wheel	2025-12-03T10:06:25.5756626Z   Python3_ROOT_DIR: C:\hostedtoolcache\windows\Python\3.12.10\x64
build-windows-wheels (3.12)	Build and repair Windows wheel	2025-12-03T10:06:25.5756992Z   LIBARCHIVE_ROOT: C:\vcpkg\installed\x64-windows
build-windows-wheels (3.12)	Build and repair Windows wheel	2025-12-03T10:06:25.5757338Z   CMAKE_PREFIX_PATH: C:\vcpkg\installed\x64-windows
build-windows-wheels (3.12)	Build and repair Windows wheel	2025-12-03T10:06:25.5757686Z   CPPFLAGS: -IC:\vcpkg\installed\x64-windows\include
build-windows-wheels (3.12)	Build and repair Windows wheel	2025-12-03T10:06:25.5757999Z   LDFLAGS: -LC:\vcpkg\installed\x64-windows\lib
build-windows-wheels (3.12)	Build and repair Windows wheel	2025-12-03T10:06:25.5766181Z   PATH: C:\vcpkg\installed\x64-windows\bin;C:\Program Files\PowerShell\7;C:\Users\runneradmin\AppData\Roaming\Python\Python312\Scripts;C:\hostedtoolcache\windows\Python\3.12.10\x64\Scripts;C:\hostedtoolcache\windows\Python\3.12.10\x64;C:\Program Files\MongoDB\Server\7.0\bin;C:\aliyun-cli;C:\vcpkg;C:\Program Files (x86)\NSIS\;C:\tools\zstd;C:\Program Files\Mercurial\;C:\hostedtoolcache\windows\stack\3.7.1\x64;C:\cabal\bin;C:\\ghcup\bin;C:\mingw64\bin;C:\Program Files\dotnet;C:\Program Files\MySQL\MySQL Server 8.0\bin;C:\Program Files\R\R-4.5.2\bin\x64;C:\SeleniumWebDrivers\GeckoDriver;C:\SeleniumWebDrivers\EdgeDriver\;C:\SeleniumWebDrivers\ChromeDriver;C:\Program Files (x86)\sbt\bin;C:\Program Files (x86)\GitHub CLI;C:\Program Files\Git\bin;C:\Program Files (x86)\pipx_bin;C:\npm\prefix;C:\hostedtoolcache\windows\go\1.24.9\x64\bin;C:\hostedtoolcache\windows\Python\3.9.13\x64\Scripts;C:\hostedtoolcache\windows\Python\3.9.13\x64;C:\hostedtoolcache\windows\Ruby\3.3.10\x64\bin;C:\Program Files\OpenSSL\bin;C:\tools\kotlinc\bin;C:\hostedtoolcache\windows\Java_Temurin-Hotspot_jdk\8.0.472-8\x64\bin;C:\Program Files\ImageMagick-7.1.2-Q16-HDRI;C:\Program Files\Microsoft SDKs\Azure\CLI2\wbin;C:\ProgramData\kind;C:\ProgramData\Chocolatey\bin;C:\Windows\system32;C:\Windows;C:\Windows\System32\Wbem;C:\Windows\System32\WindowsPowerShell\v1.0\;C:\Windows\System32\OpenSSH\;C:\Program Files\dotnet\;C:\Program Files\PowerShell\7\;C:\Program Files\Microsoft\Web Platform Installer\;C:\Program Files\TortoiseSVN\bin;C:\Program Files\Microsoft SQL Server\Client SDK\ODBC\170\Tools\Binn\;C:\Program Files\Microsoft SQL Server\150\Tools\Binn\;C:\Program Files (x86)\Windows Kits\10\Windows Performance Toolkit\;C:\Program Files (x86)\WiX Toolset v3.14\bin;C:\Program Files\Microsoft SQL Server\130\DTS\Binn\;C:\Program Files\Microsoft SQL Server\140\DTS\Binn\;C:\Program Files\Microsoft SQL Server\150\DTS\Binn\;C:\Program Files\Microsoft SQL Server\160\DTS\Binn\;C:\Program Files\Microsoft SQL Server\170\DTS\Binn\;C:\Strawberry\c\bin;C:\Strawberry\perl\site\bin;C:\Strawberry\perl\bin;C:\ProgramData\chocolatey\lib\pulumi\tools\Pulumi\bin;C:\Program Files\CMake\bin;C:\ProgramData\chocolatey\lib\maven\apache-maven-3.9.11\bin;C:\Program Files\Microsoft Service Fabric\bin\Fabric\Fabric.Code;C:\Program Files\Microsoft SDKs\Service Fabric\Tools\ServiceFabricLocalClusterManager;C:\Program Files\nodejs\;C:\Program Files\Git\cmd;C:\Program Files\Git\mingw64\bin;C:\Program Files\Git\usr\bin;C:\Program Files\GitHub CLI\;c:\tools\php;C:\Program Files (x86)\sbt\bin;C:\Program Files\Amazon\AWSCLIV2\;C:\Program Files\Amazon\SessionManagerPlugin\bin\;C:\Program Files\Amazon\AWSSAMCLI\bin\;C:\Program Files\Microsoft SQL Server\130\Tools\Binn\;C:\Program Files\mongosh\;C:\Program Files\LLVM\bin;C:\Program Files (x86)\LLVM\bin;C:\Users\runneradmin\.dotnet\tools;C:\Users\runneradmin\.cargo\bin;C:\Users\runneradmin\AppData\Local\Microsoft\WindowsApps
build-windows-wheels (3.12)	Build and repair Windows wheel	2025-12-03T10:06:25.5776465Z   PY_VERSION: 3.12
build-windows-wheels (3.12)	Build and repair Windows wheel	2025-12-03T10:06:25.5776682Z ##[endgroup]
build-windows-wheels (3.12)	Build and repair Windows wheel	2025-12-03T10:06:30.2046206Z Requirement already satisfied: pip in c:\hostedtoolcache\windows\python\3.12.10\x64\lib\site-packages (25.3)
build-windows-wheels (3.12)	Build and repair Windows wheel	2025-12-03T10:06:30.7966744Z Collecting setuptools
build-windows-wheels (3.12)	Build and repair Windows wheel	2025-12-03T10:06:31.0285014Z   Downloading setuptools-80.9.0-py3-none-any.whl.metadata (6.6 kB)
build-windows-wheels (3.12)	Build and repair Windows wheel	2025-12-03T10:06:31.1013118Z Collecting wheel
build-windows-wheels (3.12)	Build and repair Windows wheel	2025-12-03T10:06:31.1210659Z   Downloading wheel-0.45.1-py3-none-any.whl.metadata (2.3 kB)
build-windows-wheels (3.12)	Build and repair Windows wheel	2025-12-03T10:06:31.1852698Z Collecting pybind11
build-windows-wheels (3.12)	Build and repair Windows wheel	2025-12-03T10:06:31.2052721Z   Downloading pybind11-3.0.1-py3-none-any.whl.metadata (10.0 kB)
build-windows-wheels (3.12)	Build and repair Windows wheel	2025-12-03T10:06:31.2723217Z Collecting build
build-windows-wheels (3.12)	Build and repair Windows wheel	2025-12-03T10:06:31.2922563Z   Downloading build-1.3.0-py3-none-any.whl.metadata (5.6 kB)
build-windows-wheels (3.12)	Build and repair Windows wheel	2025-12-03T10:06:31.3635604Z Collecting delvewheel
build-windows-wheels (3.12)	Build and repair Windows wheel	2025-12-03T10:06:31.3842465Z   Downloading delvewheel-1.11.2-py3-none-any.whl.metadata (19 kB)
build-windows-wheels (3.12)	Build and repair Windows wheel	2025-12-03T10:06:31.4751455Z Collecting packaging>=19.1 (from build)
build-windows-wheels (3.12)	Build and repair Windows wheel	2025-12-03T10:06:31.4955312Z   Downloading packaging-25.0-py3-none-any.whl.metadata (3.3 kB)
build-windows-wheels (3.12)	Build and repair Windows wheel	2025-12-03T10:06:31.5494874Z Collecting pyproject_hooks (from build)
build-windows-wheels (3.12)	Build and repair Windows wheel	2025-12-03T10:06:31.5695120Z   Downloading pyproject_hooks-1.2.0-py3-none-any.whl.metadata (1.3 kB)
build-windows-wheels (3.12)	Build and repair Windows wheel	2025-12-03T10:06:31.6278459Z Collecting colorama (from build)
build-windows-wheels (3.12)	Build and repair Windows wheel	2025-12-03T10:06:31.6478495Z   Downloading colorama-0.4.6-py2.py3-none-any.whl.metadata (17 kB)
build-windows-wheels (3.12)	Build and repair Windows wheel	2025-12-03T10:06:31.7153443Z Collecting pefile>=2024.8.26 (from delvewheel)
build-windows-wheels (3.12)	Build and repair Windows wheel	2025-12-03T10:06:31.7359282Z   Downloading pefile-2024.8.26-py3-none-any.whl.metadata (1.4 kB)
build-windows-wheels (3.12)	Build and repair Windows wheel	2025-12-03T10:06:31.7835947Z Downloading setuptools-80.9.0-py3-none-any.whl (1.2 MB)
build-windows-wheels (3.12)	Build and repair Windows wheel	2025-12-03T10:06:31.8863667Z    ---------------------------------------- 1.2/1.2 MB 14.9 MB/s  0:00:00
build-windows-wheels (3.12)	Build and repair Windows wheel	2025-12-03T10:06:31.9064417Z Downloading wheel-0.45.1-py3-none-any.whl (72 kB)
build-windows-wheels (3.12)	Build and repair Windows wheel	2025-12-03T10:06:31.9417115Z Downloading pybind11-3.0.1-py3-none-any.whl (293 kB)
build-windows-wheels (3.12)	Build and repair Windows wheel	2025-12-03T10:06:31.9787267Z Downloading build-1.3.0-py3-none-any.whl (23 kB)
build-windows-wheels (3.12)	Build and repair Windows wheel	2025-12-03T10:06:32.0140170Z Downloading delvewheel-1.11.2-py3-none-any.whl (59 kB)
build-windows-wheels (3.12)	Build and repair Windows wheel	2025-12-03T10:06:32.0501412Z Downloading packaging-25.0-py3-none-any.whl (66 kB)
build-windows-wheels (3.12)	Build and repair Windows wheel	2025-12-03T10:06:32.0896286Z Downloading pefile-2024.8.26-py3-none-any.whl (74 kB)
build-windows-wheels (3.12)	Build and repair Windows wheel	2025-12-03T10:06:32.1323933Z Downloading colorama-0.4.6-py2.py3-none-any.whl (25 kB)
build-windows-wheels (3.12)	Build and repair Windows wheel	2025-12-03T10:06:32.1663659Z Downloading pyproject_hooks-1.2.0-py3-none-any.whl (10 kB)
build-windows-wheels (3.12)	Build and repair Windows wheel	2025-12-03T10:06:32.2364817Z Installing collected packages: wheel, setuptools, pyproject_hooks, pybind11, pefile, packaging, colorama, delvewheel, build
build-windows-wheels (3.12)	Build and repair Windows wheel	2025-12-03T10:06:34.5558245Z 
build-windows-wheels (3.12)	Build and repair Windows wheel	2025-12-03T10:06:34.5575860Z Successfully installed build-1.3.0 colorama-0.4.6 delvewheel-1.11.2 packaging-25.0 pefile-2024.8.26 pybind11-3.0.1 pyproject_hooks-1.2.0 setuptools-80.9.0 wheel-0.45.1
build-windows-wheels (3.12)	Build and repair Windows wheel	2025-12-03T10:06:36.0029328Z Processing d:\a\archive_r\archive_r\bindings\python
build-windows-wheels (3.12)	Build and repair Windows wheel	2025-12-03T10:06:36.0063608Z   Installing build dependencies: started
build-windows-wheels (3.12)	Build and repair Windows wheel	2025-12-03T10:06:38.2799273Z   Installing build dependencies: finished with status 'done'
build-windows-wheels (3.12)	Build and repair Windows wheel	2025-12-03T10:06:38.2814673Z   Getting requirements to build wheel: started
build-windows-wheels (3.12)	Build and repair Windows wheel	2025-12-03T10:06:38.9281218Z   Getting requirements to build wheel: finished with status 'done'
build-windows-wheels (3.12)	Build and repair Windows wheel	2025-12-03T10:06:38.9308407Z   Preparing metadata (pyproject.toml): started
build-windows-wheels (3.12)	Build and repair Windows wheel	2025-12-03T10:06:39.2478795Z   Preparing metadata (pyproject.toml): finished with status 'done'
build-windows-wheels (3.12)	Build and repair Windows wheel	2025-12-03T10:06:39.2524719Z Building wheels for collected packages: archive_r_python
build-windows-wheels (3.12)	Build and repair Windows wheel	2025-12-03T10:06:39.2554616Z   Building wheel for archive_r_python (pyproject.toml): started
build-windows-wheels (3.12)	Build and repair Windows wheel	2025-12-03T10:06:44.5993591Z   Building wheel for archive_r_python (pyproject.toml): finished with status 'error'
build-windows-wheels (3.12)	Build and repair Windows wheel	2025-12-03T10:06:44.6037830Z   error: subprocess-exited-with-error
build-windows-wheels (3.12)	Build and repair Windows wheel	2025-12-03T10:06:44.6038464Z   
build-windows-wheels (3.12)	Build and repair Windows wheel	2025-12-03T10:06:44.6039020Z   Building wheel for archive_r_python (pyproject.toml) did not run successfully.
build-windows-wheels (3.12)	Build and repair Windows wheel	2025-12-03T10:06:44.6039736Z   exit code: 1
build-windows-wheels (3.12)	Build and repair Windows wheel	2025-12-03T10:06:44.6040074Z   
build-windows-wheels (3.12)	Build and repair Windows wheel	2025-12-03T10:06:44.6040457Z   [55 lines of output]
build-windows-wheels (3.12)	Build and repair Windows wheel	2025-12-03T10:06:44.6040979Z   Pre-built library not found, will compile from source
build-windows-wheels (3.12)	Build and repair Windows wheel	2025-12-03T10:06:44.6041547Z   running bdist_wheel
build-windows-wheels (3.12)	Build and repair Windows wheel	2025-12-03T10:06:44.6071273Z   running build
build-windows-wheels (3.12)	Build and repair Windows wheel	2025-12-03T10:06:44.6071806Z   running build_ext
build-windows-wheels (3.12)	Build and repair Windows wheel	2025-12-03T10:06:44.6072159Z   building 'archive_r' extension
build-windows-wheels (3.12)	Build and repair Windows wheel	2025-12-03T10:06:44.6072781Z   creating build\temp.win-amd64-cpython-312\Release\a\archive_r\archive_r\src
build-windows-wheels (3.12)	Build and repair Windows wheel	2025-12-03T10:06:44.6073668Z   creating build\temp.win-amd64-cpython-312\Release\src
build-windows-wheels (3.12)	Build and repair Windows wheel	2025-12-03T10:06:44.6078328Z   "C:\Program Files\Microsoft Visual Studio\2022\Enterprise\VC\Tools\MSVC\14.44.35207\bin\HostX86\x64\cl.exe" /c /nologo /O2 /W3 /GL /DNDEBUG /MD -DARCHIVE_R_VERSION=\"0.1.2\" -IC:\Users\runneradmin\AppData\Local\Temp\pip-build-env-byktwsdb\overlay\Lib\site-packages\pybind11\include -ID:\a\archive_r\archive_r\include -ID:\a\archive_r\archive_r\src -IC:\hostedtoolcache\windows\Python\3.12.10\x64\include -IC:\hostedtoolcache\windows\Python\3.12.10\x64\Include "-IC:\Program Files\Microsoft Visual Studio\2022\Enterprise\VC\Tools\MSVC\14.44.35207\include" "-IC:\Program Files\Microsoft Visual Studio\2022\Enterprise\VC\Tools\MSVC\14.44.35207\ATLMFC\include" "-IC:\Program Files\Microsoft Visual Studio\2022\Enterprise\VC\Auxiliary\VS\include" "-IC:\Program Files (x86)\Windows Kits\10\include\10.0.26100.0\ucrt" "-IC:\Program Files (x86)\Windows Kits\10\\include\10.0.26100.0\\um" "-IC:\Program Files (x86)\Windows Kits\10\\include\10.0.26100.0\\shared" "-IC:\Program Files (x86)\Windows Kits\10\\include\10.0.26100.0\\winrt" "-IC:\Program Files (x86)\Windows Kits\10\\include\10.0.26100.0\\cppwinrt" "-IC:\Program Files (x86)\Windows Kits\NETFXSDK\4.8\include\um" /EHsc /TpD:\a\archive_r\archive_r\src\archive_stack_cursor.cc /Fobuild\temp.win-amd64-cpython-312\Release\a\archive_r\archive_r\src\archive_stack_cursor.obj -std=c++17
build-windows-wheels (3.12)	Build and repair Windows wheel	2025-12-03T10:06:44.6082630Z   cl : Command line warning D9002 : ignoring unknown option '-std=c++17'
build-windows-wheels (3.12)	Build and repair Windows wheel	2025-12-03T10:06:44.6082986Z   archive_stack_cursor.cc
build-windows-wheels (3.12)	Build and repair Windows wheel	2025-12-03T10:06:44.6083624Z   C:\Program Files\Microsoft Visual Studio\2022\Enterprise\VC\Tools\MSVC\14.44.35207\include\variant(12): warning STL4038: The contents of <variant> are available only with C++17 or later.
build-windows-wheels (3.12)	Build and repair Windows wheel	2025-12-03T10:06:44.6084647Z   D:\a\archive_r\archive_r\include\archive_r/path_hierarchy.h(70): error C2039: 'variant': is not a member of 'std'
build-windows-wheels (3.12)	Build and repair Windows wheel	2025-12-03T10:06:44.6085360Z   C:\Program Files\Microsoft Visual Studio\2022\Enterprise\VC\Tools\MSVC\14.44.35207\include\vector(29): note: see declaration of 'std'
build-windows-wheels (3.12)	Build and repair Windows wheel	2025-12-03T10:06:44.6086084Z   D:\a\archive_r\archive_r\include\archive_r/path_hierarchy.h(70): error C2143: syntax error: missing ';' before '<'
build-windows-wheels (3.12)	Build and repair Windows wheel	2025-12-03T10:06:44.6086854Z   D:\a\archive_r\archive_r\include\archive_r/path_hierarchy.h(70): error C4430: missing type specifier - int assumed. Note: C++ does not support default-int
build-windows-wheels (3.12)	Build and repair Windows wheel	2025-12-03T10:06:44.6087861Z   D:\a\archive_r\archive_r\include\archive_r/path_hierarchy.h(70): error C2238: unexpected token(s) preceding ';'
build-windows-wheels (3.12)	Build and repair Windows wheel	2025-12-03T10:06:44.6089083Z   D:\a\archive_r\archive_r\include\archive_r/path_hierarchy.h(35): error C2614: 'archive_r::PathEntry': illegal member initialization: '_value' is not a base or member
build-windows-wheels (3.12)	Build and repair Windows wheel	2025-12-03T10:06:44.6090794Z   D:\a\archive_r\archive_r\include\archive_r/path_hierarchy.h(38): error C2614: 'archive_r::PathEntry': illegal member initialization: '_value' is not a base or member
build-windows-wheels (3.12)	Build and repair Windows wheel	2025-12-03T10:06:44.6091768Z   D:\a\archive_r\archive_r\include\archive_r/path_hierarchy.h(41): error C2614: 'archive_r::PathEntry': illegal member initialization: '_value' is not a base or member
build-windows-wheels (3.12)	Build and repair Windows wheel	2025-12-03T10:06:44.6092602Z   D:\a\archive_r\archive_r\include\archive_r/path_hierarchy.h(60): error C2039: 'holds_alternative': is not a member of 'std'
build-windows-wheels (3.12)	Build and repair Windows wheel	2025-12-03T10:06:44.6093335Z   C:\Program Files\Microsoft Visual Studio\2022\Enterprise\VC\Tools\MSVC\14.44.35207\include\vector(29): note: see declaration of 'std'
build-windows-wheels (3.12)	Build and repair Windows wheel	2025-12-03T10:06:44.6094084Z   D:\a\archive_r\archive_r\include\archive_r/path_hierarchy.h(60): error C2065: 'holds_alternative': undeclared identifier
build-windows-wheels (3.12)	Build and repair Windows wheel	2025-12-03T10:06:44.6094827Z   D:\a\archive_r\archive_r\include\archive_r/path_hierarchy.h(60): error C2275: 'std::string': expected an expression instead of a type
build-windows-wheels (3.12)	Build and repair Windows wheel	2025-12-03T10:06:44.6095507Z   D:\a\archive_r\archive_r\include\archive_r/path_hierarchy.h(60): error C2065: '_value': undeclared identifier
build-windows-wheels (3.12)	Build and repair Windows wheel	2025-12-03T10:06:44.6096166Z   D:\a\archive_r\archive_r\include\archive_r/path_hierarchy.h(61): error C2039: 'holds_alternative': is not a member of 'std'
build-windows-wheels (3.12)	Build and repair Windows wheel	2025-12-03T10:06:44.6096849Z   C:\Program Files\Microsoft Visual Studio\2022\Enterprise\VC\Tools\MSVC\14.44.35207\include\vector(29): note: see declaration of 'std'
build-windows-wheels (3.12)	Build and repair Windows wheel	2025-12-03T10:06:44.6097577Z   D:\a\archive_r\archive_r\include\archive_r/path_hierarchy.h(61): error C2065: 'holds_alternative': undeclared identifier
build-windows-wheels (3.12)	Build and repair Windows wheel	2025-12-03T10:06:44.6098346Z   D:\a\archive_r\archive_r\include\archive_r/path_hierarchy.h(61): error C2275: 'archive_r::PathEntry::Parts': expected an expression instead of a type
build-windows-wheels (3.12)	Build and repair Windows wheel	2025-12-03T10:06:44.6099094Z   D:\a\archive_r\archive_r\include\archive_r/path_hierarchy.h(61): error C2065: '_value': undeclared identifier
build-windows-wheels (3.12)	Build and repair Windows wheel	2025-12-03T10:06:44.6099737Z   D:\a\archive_r\archive_r\include\archive_r/path_hierarchy.h(62): error C2039: 'holds_alternative': is not a member of 'std'
build-windows-wheels (3.12)	Build and repair Windows wheel	2025-12-03T10:06:44.6100432Z   C:\Program Files\Microsoft Visual Studio\2022\Enterprise\VC\Tools\MSVC\14.44.35207\include\vector(29): note: see declaration of 'std'
build-windows-wheels (3.12)	Build and repair Windows wheel	2025-12-03T10:06:44.6101111Z   D:\a\archive_r\archive_r\include\archive_r/path_hierarchy.h(62): error C2065: 'holds_alternative': undeclared identifier
build-windows-wheels (3.12)	Build and repair Windows wheel	2025-12-03T10:06:44.6101844Z   D:\a\archive_r\archive_r\include\archive_r/path_hierarchy.h(62): error C2275: 'archive_r::PathEntry::NodeList': expected an expression instead of a type
build-windows-wheels (3.12)	Build and repair Windows wheel	2025-12-03T10:06:44.6102602Z   D:\a\archive_r\archive_r\include\archive_r/path_hierarchy.h(62): error C2065: '_value': undeclared identifier
build-windows-wheels (3.12)	Build and repair Windows wheel	2025-12-03T10:06:44.6103217Z   D:\a\archive_r\archive_r\include\archive_r/path_hierarchy.h(63): error C2065: '_value': undeclared identifier
build-windows-wheels (3.12)	Build and repair Windows wheel	2025-12-03T10:06:44.6103858Z   D:\a\archive_r\archive_r\include\archive_r/path_hierarchy.h(64): error C2065: '_value': undeclared identifier
build-windows-wheels (3.12)	Build and repair Windows wheel	2025-12-03T10:06:44.6104494Z   D:\a\archive_r\archive_r\include\archive_r/path_hierarchy.h(65): error C2065: '_value': undeclared identifier
build-windows-wheels (3.12)	Build and repair Windows wheel	2025-12-03T10:06:44.6105105Z   D:\a\archive_r\archive_r\include\archive_r/path_hierarchy.h(66): error C2065: '_value': undeclared identifier
build-windows-wheels (3.12)	Build and repair Windows wheel	2025-12-03T10:06:44.6105726Z   D:\a\archive_r\archive_r\include\archive_r/path_hierarchy.h(67): error C2065: '_value': undeclared identifier
build-windows-wheels (3.12)	Build and repair Windows wheel	2025-12-03T10:06:44.6106335Z   D:\a\archive_r\archive_r\include\archive_r/data_stream.h(20): error C3646: 'read': unknown override specifier
build-windows-wheels (3.12)	Build and repair Windows wheel	2025-12-03T10:06:44.6107067Z   D:\a\archive_r\archive_r\include\archive_r/data_stream.h(20): error C2062: type 'void' unexpected
build-windows-wheels (3.12)	Build and repair Windows wheel	2025-12-03T10:06:44.6107701Z   D:\a\archive_r\archive_r\include\archive_r/data_stream.h(20): error C2238: unexpected token(s) preceding ';'
build-windows-wheels (3.12)	Build and repair Windows wheel	2025-12-03T10:06:44.6108319Z   D:\a\archive_r\archive_r\include\archive_r/entry_metadata.h(50): error C2039: 'variant': is not a member of 'std'
build-windows-wheels (3.12)	Build and repair Windows wheel	2025-12-03T10:06:44.6109074Z   C:\Program Files\Microsoft Visual Studio\2022\Enterprise\VC\Tools\MSVC\14.44.35207\include\unordered_map(23): note: see declaration of 'std'
build-windows-wheels (3.12)	Build and repair Windows wheel	2025-12-03T10:06:44.6109864Z   D:\a\archive_r\archive_r\include\archive_r/entry_metadata.h(50): error C2061: syntax error: identifier 'variant'
build-windows-wheels (3.12)	Build and repair Windows wheel	2025-12-03T10:06:44.6110507Z   D:\a\archive_r\archive_r\include\archive_r/entry_metadata.h(50): error C2039: 'monostate': is not a member of 'std'
build-windows-wheels (3.12)	Build and repair Windows wheel	2025-12-03T10:06:44.6111262Z   C:\Program Files\Microsoft Visual Studio\2022\Enterprise\VC\Tools\MSVC\14.44.35207\include\unordered_map(23): note: see declaration of 'std'
build-windows-wheels (3.12)	Build and repair Windows wheel	2025-12-03T10:06:44.6111953Z   D:\a\archive_r\archive_r\include\archive_r/entry_metadata.h(51): error C2059: syntax error: '>'
build-windows-wheels (3.12)	Build and repair Windows wheel	2025-12-03T10:06:44.6112614Z   D:\a\archive_r\archive_r\include\archive_r/entry_metadata.h(54): error C2065: 'EntryMetadataValue': undeclared identifier
build-windows-wheels (3.12)	Build and repair Windows wheel	2025-12-03T10:06:44.6113496Z   D:\a\archive_r\archive_r\include\archive_r/entry_metadata.h(54): error C2923: 'std::unordered_map': 'EntryMetadataValue' is not a valid template type argument for parameter '_Ty'
build-windows-wheels (3.12)	Build and repair Windows wheel	2025-12-03T10:06:44.6114318Z   D:\a\archive_r\archive_r\include\archive_r/entry_metadata.h(54): note: see declaration of 'EntryMetadataValue'
build-windows-wheels (3.12)	Build and repair Windows wheel	2025-12-03T10:06:44.6115027Z   D:\a\archive_r\archive_r\include\archive_r/entry_metadata.h(54): error C2976: 'std::unordered_map': too few template arguments
build-windows-wheels (3.12)	Build and repair Windows wheel	2025-12-03T10:06:44.6115830Z   C:\Program Files\Microsoft Visual Studio\2022\Enterprise\VC\Tools\MSVC\14.44.35207\include\unordered_map(61): note: see declaration of 'std::unordered_map'
build-windows-wheels (3.12)	Build and repair Windows wheel	2025-12-03T10:06:44.6116650Z   D:\a\archive_r\archive_r\src\archive_type.h(8): fatal error C1083: Cannot open include file: 'archive.h': No such file or directory
build-windows-wheels (3.12)	Build and repair Windows wheel	2025-12-03T10:06:44.6117471Z   error: command 'C:\\Program Files\\Microsoft Visual Studio\\2022\\Enterprise\\VC\\Tools\\MSVC\\14.44.35207\\bin\\HostX86\\x64\\cl.exe' failed with exit code 2
build-windows-wheels (3.12)	Build and repair Windows wheel	2025-12-03T10:06:44.6118020Z   [end of output]
build-windows-wheels (3.12)	Build and repair Windows wheel	2025-12-03T10:06:44.6118228Z   
build-windows-wheels (3.12)	Build and repair Windows wheel	2025-12-03T10:06:44.6118537Z   note: This error originates from a subprocess, and is likely not a problem with pip.
build-windows-wheels (3.12)	Build and repair Windows wheel	2025-12-03T10:06:44.6118985Z   ERROR: Failed building wheel for archive_r_python
build-windows-wheels (3.12)	Build and repair Windows wheel	2025-12-03T10:06:44.6119321Z Failed to build archive_r_python
build-windows-wheels (3.12)	Build and repair Windows wheel	2025-12-03T10:06:44.6140082Z ERROR: Failed to build one or more wheels
build-windows-wheels (3.12)	Build and repair Windows wheel	2025-12-03T10:06:44.9397899Z usage: delvewheel repair [-h] [--add-path PATHS] [--include DLLS]
build-windows-wheels (3.12)	Build and repair Windows wheel	2025-12-03T10:06:44.9398633Z                          [--exclude DLLS] [--ignore-existing]
build-windows-wheels (3.12)	Build and repair Windows wheel	2025-12-03T10:06:44.9399040Z                          [--analyze-existing] [--analyze-existing-exes] [-v]
build-windows-wheels (3.12)	Build and repair Windows wheel	2025-12-03T10:06:44.9399423Z                          [-w TARGET] [--no-mangle DLLS]
build-windows-wheels (3.12)	Build and repair Windows wheel	2025-12-03T10:06:44.9399795Z                          [--no-mangle-all | --with-mangle] [--strip]
build-windows-wheels (3.12)	Build and repair Windows wheel	2025-12-03T10:06:44.9400176Z                          [-L LIB_SDIR] [--namespace-pkg PKGS | --custom-patch]
build-windows-wheels (3.12)	Build and repair Windows wheel	2025-12-03T10:06:44.9400540Z                          [--include-symbols] [--include-imports]
build-windows-wheels (3.12)	Build and repair Windows wheel	2025-12-03T10:06:44.9400858Z                          wheel [wheel ...]
build-windows-wheels (3.12)	Build and repair Windows wheel	2025-12-03T10:06:44.9401253Z delvewheel repair: error: the following arguments are required: wheel
build-windows-wheels (3.12)	Build and repair Windows wheel	2025-12-03T10:06:50.6452421Z 
build-windows-wheels (3.12)	Build and repair Windows wheel	2025-12-03T10:06:50.6454756Z [notice] A new release of pip is available: 25.0.1 -> 25.3
build-windows-wheels (3.12)	Build and repair Windows wheel	2025-12-03T10:06:50.6455661Z [notice] To update, run: D:\a\archive_r\archive_r\bindings\python\.venv\Scripts\python.exe -m pip install --upgrade pip
build-windows-wheels (3.12)	Build and repair Windows wheel	2025-12-03T10:06:50.6460583Z ERROR: You must give at least one requirement to install (see "pip help install")
build-windows-wheels (3.12)	Build and repair Windows wheel	2025-12-03T10:06:50.7156082Z Traceback (most recent call last):
build-windows-wheels (3.12)	Build and repair Windows wheel	2025-12-03T10:06:50.7167124Z   File "<string>", line 1, in <module>
build-windows-wheels (3.12)	Build and repair Windows wheel	2025-12-03T10:06:50.7167599Z ModuleNotFoundError: No module named 'archive_r'
build-windows-wheels (3.12)	Build and repair Windows wheel	2025-12-03T10:06:50.7460622Z ##[error]Process completed with exit code 1.
build-windows-wheels (3.12)	Post Checkout repository	ï»¿2025-12-03T10:06:50.7653477Z Post job cleanup.
build-windows-wheels (3.12)	Post Checkout repository	2025-12-03T10:06:51.0152290Z [command]"C:\Program Files\Git\bin\git.exe" version
build-windows-wheels (3.12)	Post Checkout repository	2025-12-03T10:06:51.0399902Z git version 2.51.2.windows.1
build-windows-wheels (3.12)	Post Checkout repository	2025-12-03T10:06:51.0472126Z Temporarily overriding HOME='D:\a\_temp\b7ca7614-3c33-4d09-b5ca-5a8f7004f75f' before making global git config changes
build-windows-wheels (3.12)	Post Checkout repository	2025-12-03T10:06:51.0473232Z Adding repository directory to the temporary git global config as a safe directory
build-windows-wheels (3.12)	Post Checkout repository	2025-12-03T10:06:51.0483862Z [command]"C:\Program Files\Git\bin\git.exe" config --global --add safe.directory D:\a\archive_r\archive_r
build-windows-wheels (3.12)	Post Checkout repository	2025-12-03T10:06:51.0730328Z [command]"C:\Program Files\Git\bin\git.exe" config --local --name-only --get-regexp core\.sshCommand
build-windows-wheels (3.12)	Post Checkout repository	2025-12-03T10:06:51.0966975Z [command]"C:\Program Files\Git\bin\git.exe" submodule foreach --recursive "sh -c \"git config --local --name-only --get-regexp 'core\.sshCommand' && git config --local --unset-all 'core.sshCommand' || :\""
build-windows-wheels (3.12)	Post Checkout repository	2025-12-03T10:06:51.5374502Z [command]"C:\Program Files\Git\bin\git.exe" config --local --name-only --get-regexp http\.https\:\/\/github\.com\/\.extraheader
build-windows-wheels (3.12)	Post Checkout repository	2025-12-03T10:06:51.5561746Z http.https://github.com/.extraheader
build-windows-wheels (3.12)	Post Checkout repository	2025-12-03T10:06:51.5593935Z [command]"C:\Program Files\Git\bin\git.exe" config --local --unset-all http.https://github.com/.extraheader
build-windows-wheels (3.12)	Post Checkout repository	2025-12-03T10:06:51.5824343Z [command]"C:\Program Files\Git\bin\git.exe" submodule foreach --recursive "sh -c \"git config --local --name-only --get-regexp 'http\.https\:\/\/github\.com\/\.extraheader' && git config --local --unset-all 'http.https://github.com/.extraheader' || :\""
build-windows-wheels (3.12)	Post Checkout repository	2025-12-03T10:06:52.0089465Z [command]"C:\Program Files\Git\bin\git.exe" config --local --name-only --get-regexp ^includeIf\.gitdir:
build-windows-wheels (3.12)	Post Checkout repository	2025-12-03T10:06:52.0311955Z [command]"C:\Program Files\Git\bin\git.exe" submodule foreach --recursive "git config --local --show-origin --name-only --get-regexp remote.origin.url"
build-windows-wheels (3.12)	Complete job	ï»¿2025-12-03T10:06:52.4956054Z Cleaning up orphan processes
build-windows-wheels (3.12)	Complete job	2025-12-03T10:06:52.5252869Z Terminate orphan process: pid (7008) (vctip)
